2025-10-21 00:50:49 - INFO - ================================================================================
2025-10-21 00:50:49 - INFO - INICIO DE EJECUCIÓN - Algoritmo Genético España
2025-10-21 00:50:49 - INFO - Log guardado en: logs\21_00_50_ga_desde_sa.log
2025-10-21 00:50:49 - INFO - ================================================================================
2025-10-21 00:50:49 - INFO - ⏳ Ejecutando GA por 2 hora(s)...
2025-10-21 00:50:49 - INFO -    (Esto puede tardar. Si se cuelga, usa Ctrl+C y ejecuta modo 1)
2025-10-21 00:50:49 - INFO - 
2025-10-21 00:50:49 - INFO - 
================================================================================
2025-10-21 00:50:49 - INFO - ALGORITMO GENÉTICO
2025-10-21 00:50:49 - INFO - ================================================================================
2025-10-21 00:50:49 - INFO - Días: 20
2025-10-21 00:50:49 - INFO - Lugares/día: 12
2025-10-21 00:50:49 - INFO - Población: 750
2025-10-21 00:50:49 - INFO - Tiempo límite: 2h 0m (2.00h)
2025-10-21 00:50:49 - INFO - Elitismo: 10%
2025-10-21 00:50:49 - INFO - Reparación probabilística: 70% (30% mantienen diversidad)
2025-10-21 00:50:49 - INFO - Dataset: 2237 lugares en 20 ciudades
2025-10-21 00:50:49 - INFO - 💡 Presiona 'q' + ENTER en cualquier momento para detener y guardar el mejor resultado
2025-10-21 00:50:49 - INFO - ================================================================================

2025-10-21 00:50:49 - INFO - Creando población inicial
2025-10-21 00:55:21 - INFO - Evaluando población inicial
2025-10-21 00:55:25 - INFO - 
Iniciando evolución (hasta 7200s)...

2025-10-21 00:56:29 - INFO -   Gen    9 | Tiempo:    5.6m (resta: 114m) | Fitness:    126.9 | Puntos: 16637 | Dist:   153.3km
2025-10-21 00:57:32 - INFO -   Gen   20 | Tiempo:    6.6m (resta: 113m) | Fitness:    131.2 | Puntos: 16962 | Dist:   158.6km
2025-10-21 00:58:32 - INFO -   Gen   30 | Tiempo:    7.6m (resta: 112m) | Fitness:    134.6 | Puntos: 16658 | Dist:   163.4km
2025-10-21 00:59:36 - INFO -   Gen   40 | Tiempo:    8.7m (resta: 111m) | Fitness:    138.3 | Puntos: 16772 | Dist:   148.8km
2025-10-21 01:00:26 - INFO -   Gen   50 | Tiempo:    9.5m (resta: 110m) | Fitness:    140.1 | Puntos: 17020 | Dist:   169.5km
2025-10-21 01:01:27 - INFO -   Gen   63 | Tiempo:   10.6m (resta: 109m) | Fitness:    141.0 | Puntos: 17307 | Dist:   152.2km
2025-10-21 01:02:29 - INFO -   Gen   76 | Tiempo:   11.6m (resta: 108m) | Fitness:    144.3 | Puntos: 17195 | Dist:   137.5km
2025-10-21 01:03:31 - INFO -   Gen   89 | Tiempo:   12.6m (resta: 107m) | Fitness:    148.2 | Puntos: 17231 | Dist:   143.4km
2025-10-21 01:04:19 - INFO -   Gen  100 | Tiempo:   13.4m (resta: 106m) | Fitness:    148.3 | Puntos: 17365 | Dist:   147.6km
2025-10-21 01:05:20 - INFO -   Gen  114 | Tiempo:   14.5m (resta: 105m) | Fitness:    149.8 | Puntos: 17221 | Dist:   129.8km
2025-10-21 01:06:21 - INFO -   Gen  128 | Tiempo:   15.5m (resta: 104m) | Fitness:    151.6 | Puntos: 17308 | Dist:   149.7km
2025-10-21 01:07:24 - INFO -   Gen  143 | Tiempo:   16.5m (resta: 103m) | Fitness:    152.9 | Puntos: 17535 | Dist:   141.3km
2025-10-21 01:07:54 - INFO -   Gen  150 | Tiempo:   17.0m (resta: 102m) | Fitness:    153.5 | Puntos: 17498 | Dist:   151.2km
2025-10-21 01:08:57 - INFO -   Gen  165 | Tiempo:   18.1m (resta: 101m) | Fitness:    153.5 | Puntos: 17498 | Dist:   151.2km
2025-10-21 01:09:59 - INFO -   Gen  180 | Tiempo:   19.1m (resta: 100m) | Fitness:    153.9 | Puntos: 17253 | Dist:   146.7km
2025-10-21 01:11:00 - INFO -   Gen  195 | Tiempo:   20.1m (resta: 99m) | Fitness:    154.1 | Puntos: 17409 | Dist:   140.0km
2025-10-21 01:11:20 - INFO -   Gen  200 | Tiempo:   20.5m (resta: 99m) | Fitness:    154.4 | Puntos: 17494 | Dist:   150.8km
2025-10-21 01:12:22 - INFO -   Gen  215 | Tiempo:   21.5m (resta: 98m) | Fitness:    154.4 | Puntos: 17494 | Dist:   150.8km
2025-10-21 01:13:23 - INFO -   Gen  230 | Tiempo:   22.5m (resta: 97m) | Fitness:    155.7 | Puntos: 17473 | Dist:   142.4km
2025-10-21 01:14:24 - INFO -   Gen  245 | Tiempo:   23.5m (resta: 96m) | Fitness:    155.7 | Puntos: 17473 | Dist:   142.4km
2025-10-21 01:14:45 - INFO -   Gen  250 | Tiempo:   23.9m (resta: 96m) | Fitness:    155.7 | Puntos: 17473 | Dist:   142.4km
2025-10-21 01:15:46 - INFO -   Gen  265 | Tiempo:   24.9m (resta: 95m) | Fitness:    155.9 | Puntos: 17427 | Dist:   136.6km
2025-10-21 01:16:49 - INFO -   Gen  280 | Tiempo:   25.9m (resta: 94m) | Fitness:    156.2 | Puntos: 17431 | Dist:   139.9km
2025-10-21 01:17:51 - INFO -   Gen  295 | Tiempo:   27.0m (resta: 93m) | Fitness:    156.3 | Puntos: 17458 | Dist:   134.7km
2025-10-21 01:18:12 - INFO -   Gen  300 | Tiempo:   27.3m (resta: 92m) | Fitness:    156.3 | Puntos: 17458 | Dist:   134.7km
2025-10-21 01:19:15 - INFO -   Gen  315 | Tiempo:   28.4m (resta: 91m) | Fitness:    156.7 | Puntos: 17463 | Dist:   131.2km
2025-10-21 01:20:17 - INFO -   Gen  330 | Tiempo:   29.4m (resta: 90m) | Fitness:    156.7 | Puntos: 17463 | Dist:   130.4km
2025-10-21 01:21:21 - INFO -   Gen  345 | Tiempo:   30.5m (resta: 89m) | Fitness:    157.0 | Puntos: 17453 | Dist:   136.0km
2025-10-21 01:21:42 - INFO -   Gen  350 | Tiempo:   30.8m (resta: 89m) | Fitness:    157.0 | Puntos: 17453 | Dist:   136.0km
2025-10-21 01:22:46 - INFO -   Gen  365 | Tiempo:   31.9m (resta: 88m) | Fitness:    157.6 | Puntos: 17519 | Dist:   134.8km
2025-10-21 01:23:46 - INFO -   Gen  379 | Tiempo:   32.9m (resta: 87m) | Fitness:    157.9 | Puntos: 17505 | Dist:   135.1km
2025-10-21 01:24:49 - INFO -   Gen  393 | Tiempo:   33.9m (resta: 86m) | Fitness:    157.9 | Puntos: 17505 | Dist:   135.1km
2025-10-21 01:25:20 - INFO -   Gen  400 | Tiempo:   34.4m (resta: 85m) | Fitness:    157.9 | Puntos: 17505 | Dist:   135.1km
2025-10-21 01:26:23 - INFO -   Gen  414 | Tiempo:   35.5m (resta: 84m) | Fitness:    157.9 | Puntos: 17505 | Dist:   135.1km
2025-10-21 01:27:26 - INFO -   Gen  428 | Tiempo:   36.5m (resta: 83m) | Fitness:    157.9 | Puntos: 17505 | Dist:   133.7km
2025-10-21 01:28:29 - INFO -   Gen  442 | Tiempo:   37.6m (resta: 82m) | Fitness:    157.9 | Puntos: 17526 | Dist:   130.1km
2025-10-21 01:29:04 - INFO -   Gen  450 | Tiempo:   38.2m (resta: 81m) | Fitness:    158.3 | Puntos: 17463 | Dist:   130.5km
2025-10-21 01:30:05 - INFO -   Gen  464 | Tiempo:   39.2m (resta: 80m) | Fitness:    158.4 | Puntos: 17457 | Dist:   144.3km
2025-10-21 01:31:05 - INFO -   Gen  478 | Tiempo:   40.2m (resta: 79m) | Fitness:    158.4 | Puntos: 17454 | Dist:   142.5km
2025-10-21 01:32:07 - INFO -   Gen  492 | Tiempo:   41.2m (resta: 78m) | Fitness:    158.4 | Puntos: 17529 | Dist:   127.6km
2025-10-21 01:32:42 - INFO -   Gen  500 | Tiempo:   41.8m (resta: 78m) | Fitness:    158.7 | Puntos: 17507 | Dist:   130.4km
2025-10-21 01:33:42 - INFO -   Gen  514 | Tiempo:   42.8m (resta: 77m) | Fitness:    158.7 | Puntos: 17512 | Dist:   128.6km
2025-10-21 01:34:44 - INFO -   Gen  528 | Tiempo:   43.9m (resta: 76m) | Fitness:    159.2 | Puntos: 17440 | Dist:   141.0km
2025-10-21 01:35:45 - INFO -   Gen  542 | Tiempo:   44.9m (resta: 75m) | Fitness:    159.2 | Puntos: 17440 | Dist:   141.0km
2025-10-21 01:36:20 - INFO -   Gen  550 | Tiempo:   45.5m (resta: 74m) | Fitness:    159.2 | Puntos: 17437 | Dist:   138.3km
2025-10-21 01:37:23 - INFO -   Gen  564 | Tiempo:   46.5m (resta: 73m) | Fitness:    159.3 | Puntos: 17424 | Dist:   134.3km
2025-10-21 01:38:25 - INFO -   Gen  578 | Tiempo:   47.5m (resta: 72m) | Fitness:    159.6 | Puntos: 17632 | Dist:   135.5km
2025-10-21 01:39:26 - INFO -   Gen  592 | Tiempo:   48.6m (resta: 71m) | Fitness:    159.6 | Puntos: 17632 | Dist:   135.5km
2025-10-21 01:40:02 - INFO -   Gen  600 | Tiempo:   49.1m (resta: 70m) | Fitness:    159.6 | Puntos: 17632 | Dist:   135.5km
2025-10-21 01:41:04 - INFO -   Gen  614 | Tiempo:   50.2m (resta: 69m) | Fitness:    159.6 | Puntos: 17632 | Dist:   135.5km
2025-10-21 01:42:06 - INFO -   Gen  628 | Tiempo:   51.2m (resta: 68m) | Fitness:    159.8 | Puntos: 17633 | Dist:   145.3km
2025-10-21 01:43:09 - INFO -   Gen  642 | Tiempo:   52.3m (resta: 67m) | Fitness:    159.8 | Puntos: 17633 | Dist:   145.3km
2025-10-21 01:43:44 - INFO -   Gen  650 | Tiempo:   52.9m (resta: 67m) | Fitness:    159.8 | Puntos: 17633 | Dist:   145.3km
2025-10-21 01:44:47 - INFO -   Gen  664 | Tiempo:   53.9m (resta: 66m) | Fitness:    160.0 | Puntos: 17623 | Dist:   135.8km
2025-10-21 01:45:49 - INFO -   Gen  678 | Tiempo:   54.9m (resta: 65m) | Fitness:    160.6 | Puntos: 17606 | Dist:   142.8km
2025-10-21 01:46:52 - INFO -   Gen  692 | Tiempo:   56.0m (resta: 64m) | Fitness:    160.6 | Puntos: 17606 | Dist:   142.8km
2025-10-21 01:47:27 - INFO -   Gen  700 | Tiempo:   56.6m (resta: 63m) | Fitness:    160.6 | Puntos: 17606 | Dist:   142.8km
2025-10-21 01:48:28 - INFO -   Gen  714 | Tiempo:   57.6m (resta: 62m) | Fitness:    160.6 | Puntos: 17575 | Dist:   141.6km
2025-10-21 01:49:29 - INFO -   Gen  728 | Tiempo:   58.6m (resta: 61m) | Fitness:    160.6 | Puntos: 17575 | Dist:   141.6km
2025-10-21 01:50:31 - INFO -   Gen  743 | Tiempo:   59.6m (resta: 60m) | Fitness:    160.6 | Puntos: 17575 | Dist:   141.6km
2025-10-21 01:51:00 - INFO -   Gen  750 | Tiempo:   60.1m (resta: 59m) | Fitness:    160.6 | Puntos: 17575 | Dist:   141.6km
2025-10-21 01:52:00 - INFO -   Gen  765 | Tiempo:   61.1m (resta: 58m) | Fitness:    160.8 | Puntos: 17622 | Dist:   144.6km
2025-10-21 01:53:01 - INFO -   Gen  780 | Tiempo:   62.1m (resta: 57m) | Fitness:    160.8 | Puntos: 17622 | Dist:   144.6km
2025-10-21 01:54:01 - INFO -   Gen  795 | Tiempo:   63.1m (resta: 56m) | Fitness:    160.8 | Puntos: 17622 | Dist:   144.6km
2025-10-21 01:54:21 - INFO -   Gen  800 | Tiempo:   63.5m (resta: 56m) | Fitness:    160.8 | Puntos: 17622 | Dist:   144.6km
2025-10-21 01:55:21 - INFO -   Gen  815 | Tiempo:   64.5m (resta: 55m) | Fitness:    160.9 | Puntos: 17644 | Dist:   144.3km
2025-10-21 01:56:22 - INFO -   Gen  830 | Tiempo:   65.5m (resta: 54m) | Fitness:    160.9 | Puntos: 17644 | Dist:   144.3km
2025-10-21 01:57:24 - INFO -   Gen  845 | Tiempo:   66.5m (resta: 53m) | Fitness:    161.2 | Puntos: 17641 | Dist:   132.6km
2025-10-21 01:57:45 - INFO -   Gen  850 | Tiempo:   66.9m (resta: 53m) | Fitness:    161.2 | Puntos: 17641 | Dist:   132.6km
2025-10-21 01:58:46 - INFO -   Gen  865 | Tiempo:   67.9m (resta: 52m) | Fitness:    161.8 | Puntos: 17604 | Dist:   138.5km
2025-10-21 01:59:47 - INFO -   Gen  880 | Tiempo:   68.9m (resta: 51m) | Fitness:    161.8 | Puntos: 17604 | Dist:   138.5km
2025-10-21 02:00:50 - INFO -   Gen  895 | Tiempo:   70.0m (resta: 50m) | Fitness:    161.8 | Puntos: 17604 | Dist:   138.5km
2025-10-21 02:01:12 - INFO -   Gen  900 | Tiempo:   70.3m (resta: 49m) | Fitness:    161.8 | Puntos: 17604 | Dist:   138.5km
2025-10-21 02:02:16 - INFO -   Gen  915 | Tiempo:   71.4m (resta: 48m) | Fitness:    162.0 | Puntos: 17616 | Dist:   137.5km
2025-10-21 02:03:19 - INFO -   Gen  930 | Tiempo:   72.4m (resta: 47m) | Fitness:    162.0 | Puntos: 17616 | Dist:   137.5km
2025-10-21 02:04:22 - INFO -   Gen  945 | Tiempo:   73.5m (resta: 46m) | Fitness:    162.0 | Puntos: 17616 | Dist:   137.5km
2025-10-21 02:04:44 - INFO -   Gen  950 | Tiempo:   73.8m (resta: 46m) | Fitness:    162.0 | Puntos: 17616 | Dist:   137.5km
2025-10-21 02:05:45 - INFO -   Gen  965 | Tiempo:   74.9m (resta: 45m) | Fitness:    162.1 | Puntos: 17632 | Dist:   138.7km
2025-10-21 02:06:47 - INFO -   Gen  980 | Tiempo:   75.9m (resta: 44m) | Fitness:    162.1 | Puntos: 17632 | Dist:   138.7km
2025-10-21 02:07:47 - INFO -   Gen  995 | Tiempo:   76.9m (resta: 43m) | Fitness:    162.1 | Puntos: 17632 | Dist:   138.7km
2025-10-21 02:08:08 - INFO -   Gen 1000 | Tiempo:   77.3m (resta: 42m) | Fitness:    162.1 | Puntos: 17632 | Dist:   138.7km
2025-10-21 02:09:09 - INFO -   Gen 1015 | Tiempo:   78.3m (resta: 41m) | Fitness:    162.3 | Puntos: 17650 | Dist:   138.6km
