2025-10-17 16:47:54 - INFO - ================================================================================
2025-10-17 16:47:54 - INFO - INICIO DE EJECUCIÓN - Algoritmo Genético España
2025-10-17 16:47:54 - INFO - Log guardado en: logs\ag_espana_17_16_47.log
2025-10-17 16:47:54 - INFO - ================================================================================
2025-10-17 16:47:54 - INFO - 
================================================================================
2025-10-17 16:47:54 - INFO - CONFIGURACIÓN SELECCIONADA: Modo 3
2025-10-17 16:47:54 - INFO - Nombre: ULTRA-COMPLEJA (1.5-2 horas)
2025-10-17 16:47:54 - INFO - Descripción: Máxima calidad de solución
2025-10-17 16:47:54 - INFO - ================================================================================

2025-10-17 16:47:54 - INFO - 
================================================================================
2025-10-17 16:47:54 - INFO - ALGORITMO GENÉTICO
2025-10-17 16:47:54 - INFO - ================================================================================
2025-10-17 16:47:54 - INFO - Días: 30
2025-10-17 16:47:54 - INFO - Lugares/día: 12
2025-10-17 16:47:54 - INFO - Población: 100
2025-10-17 16:47:54 - INFO - Generaciones: 100
2025-10-17 16:47:54 - INFO - Elitismo: 10%
2025-10-17 16:47:54 - INFO - Dataset: 2237 lugares en 10 ciudades
2025-10-17 16:47:54 - INFO - ================================================================================

2025-10-17 16:47:54 - INFO - Creando población inicial
2025-10-17 16:48:48 - INFO - Evaluando población inicial
2025-10-17 16:48:50 - INFO - 
Iniciando evolución (100 generaciones)...

2025-10-17 16:49:25 - INFO -   Gen   50/100 | Mejor fitness:    165.9 | Puntos: 22355 | Tiempo:  322.6h | Dist:   201.6km
2025-10-17 16:49:58 - INFO -   Gen  100/100 | Mejor fitness:    172.9 | Puntos: 22256 | Tiempo:  328.4h | Dist:   219.2km
2025-10-17 16:49:58 - INFO - 
✅ Evolución completada!
2025-10-17 16:49:58 - INFO - 🏆 Mejor fitness global: 172.9
2025-10-17 16:49:58 - INFO - 📊 Generaciones ejecutadas: 100
2025-10-17 16:49:58 - INFO - ⏱️  Tiempo total: 124.04s (2.07m)
2025-10-17 16:49:58 - INFO - 
================================================================================
2025-10-17 16:49:58 - INFO - ANÁLISIS DE LA MEJOR SOLUCIÓN
2025-10-17 16:49:58 - INFO - ================================================================================

2025-10-17 16:49:58 - INFO - Métricas Globales:
2025-10-17 16:49:58 - INFO - - Fitness total: 172.9
2025-10-17 16:49:58 - INFO - - Puntos totales: 22256
2025-10-17 16:49:58 - INFO - - Tiempo total: 328.4 horas (19703 minutos)
2025-10-17 16:49:58 - INFO - - Tiempo promedio/día: 10.9 horas
2025-10-17 16:49:58 - INFO - - Distancia total: 219.2 km
2025-10-17 16:49:58 - INFO - - Ciudades visitadas: 14
2025-10-17 16:49:58 - INFO - 
ITINERARIO DETALLADO POR DÍAS:
2025-10-17 16:49:58 - INFO - ================================================================================

2025-10-17 16:49:58 - INFO - ────────────────────────────────────────────────────────────────────────────────
2025-10-17 16:49:58 - INFO - DÍA 1 - MADRID
2025-10-17 16:49:58 - INFO - ────────────────────────────────────────────────────────────────────────────────
2025-10-17 16:49:58 - INFO - 📊 Resumen: 5 lugares | 470 puntos | 10.68h (641 min) | 8.4 km | 💰 95€ / 200€
2025-10-17 16:49:58 - INFO - 
2025-10-17 16:49:58 - INFO -    1. 09:00 - 11:30 │ Palacio Real de Madrid                      │ turistico    │ 100 pts │ 10€
2025-10-17 16:49:58 - INFO -    2. 12:08 - 13:08 │ Mercado de la Paz                           │ tienda       │  70 pts │ 10€
2025-10-17 16:49:58 - INFO -                     └─ Tránsito: 38 min
2025-10-17 16:49:58 - INFO -    3. 13:33 - 15:03 │ Ojalá                                       │ restaurante  │  75 pts │ 25€ COMIDA
2025-10-17 16:49:58 - INFO -                     └─ Tránsito: 25 min
2025-10-17 16:49:58 - INFO -    4. 15:26 - 17:26 │ Don Giovanni                                │ restaurante  │ 140 pts │ 25€
2025-10-17 16:49:58 - INFO -                     └─ Tránsito: 24 min
2025-10-17 16:49:58 - INFO -    5. 17:40 - 19:40 │ Habanera                                    │ restaurante  │  85 pts │ 25€
2025-10-17 16:49:58 - INFO -                     └─ Tránsito: 14 min
2025-10-17 16:49:58 - INFO - 
  ✅ DÍA FINALIZADO: 19:40 | Dentro del límite (14h)
2025-10-17 16:49:58 - INFO - 
2025-10-17 16:49:58 - INFO - ────────────────────────────────────────────────────────────────────────────────
2025-10-17 16:49:58 - INFO - DÍA 2 - TOLEDO
2025-10-17 16:49:58 - INFO - ────────────────────────────────────────────────────────────────────────────────
2025-10-17 16:49:58 - INFO - 🚄 Transporte: Madrid → Toledo | TREN (33 min, 15€)
2025-10-17 16:49:58 - INFO - 
2025-10-17 16:49:58 - INFO - 📊 Resumen: 6 lugares | 302 puntos | 3.26h (196 min) | 1.7 km | 💰 43€ / 200€
2025-10-17 16:49:58 - INFO - 
2025-10-17 16:49:58 - INFO -    1. 09:00 - 09:30 │ Paseo del Carmen                            │ parque       │  53 pts │  0€
2025-10-17 16:49:58 - INFO -    2. 09:38 - 10:08 │ Calle Ancha                                 │ turistico    │  58 pts │ 10€
2025-10-17 16:49:58 - INFO -                     └─ Tránsito: 8 min
2025-10-17 16:49:58 - INFO -    3. 10:08 - 10:53 │ Cuevas de Hércules                          │ museo        │  50 pts │ 15€
2025-10-17 16:49:58 - INFO -                     └─ Tránsito: 0 min
2025-10-17 16:49:58 - INFO -    4. 10:56 - 11:16 │ Plaza de San Vicente                        │ plaza        │  38 pts │  0€
2025-10-17 16:49:58 - INFO -                     └─ Tránsito: 3 min
2025-10-17 16:49:58 - INFO -    5. 11:17 - 11:47 │ Convento de Santa Úrsula                    │ catedral     │  59 pts │  8€
2025-10-17 16:49:58 - INFO -                     └─ Tránsito: 1 min
2025-10-17 16:49:58 - INFO -    6. 11:55 - 12:15 │ Bajada de San Martín                        │ turistico    │  44 pts │ 10€
2025-10-17 16:49:58 - INFO -                     └─ Tránsito: 8 min
2025-10-17 16:49:58 - INFO - 
  ✅ DÍA FINALIZADO: 12:15 | Dentro del límite (14h)
2025-10-17 16:49:58 - INFO - 
2025-10-17 16:49:58 - INFO - ────────────────────────────────────────────────────────────────────────────────
2025-10-17 16:49:58 - INFO - DÍA 3 - SEGOVIA
2025-10-17 16:49:58 - INFO - ────────────────────────────────────────────────────────────────────────────────
2025-10-17 16:49:58 - INFO - 🚄 Transporte: Toledo → Segovia | TREN (0 min, 0€)
2025-10-17 16:49:58 - INFO - 
2025-10-17 16:49:58 - INFO - 📊 Resumen: 12 lugares | 891 puntos | 11.58h (695 min) | 10.0 km | 💰 112€ / 200€
2025-10-17 16:49:58 - INFO - 
2025-10-17 16:49:58 - INFO -    1. 09:00 - 10:00 │ Monasterio del Parral                       │ catedral     │  76 pts │  8€
2025-10-17 16:49:58 - INFO -    2. 10:12 - 11:12 │ Museo Zuloaga                               │ museo        │  74 pts │ 15€
2025-10-17 16:49:58 - INFO -                     └─ Tránsito: 12 min
2025-10-17 16:49:58 - INFO -    3. 11:12 - 12:27 │ Museo de Segovia                            │ museo        │  77 pts │ 15€
2025-10-17 16:49:58 - INFO -                     └─ Tránsito: 0 min
2025-10-17 16:49:58 - INFO -    4. 12:35 - 13:05 │ Calle Infanta Isabel                        │ turistico    │  70 pts │ 10€
2025-10-17 16:49:58 - INFO -                     └─ Tránsito: 7 min
2025-10-17 16:49:58 - INFO -    5. 13:06 - 13:51 │ Casa-Museo de los Tiros                     │ museo        │  70 pts │ 15€
2025-10-17 16:49:58 - INFO -                     └─ Tránsito: 1 min
2025-10-17 16:49:58 - INFO -    6. 14:04 - 15:04 │ Convento de San Antonio el Real             │ catedral     │  80 pts │  8€
2025-10-17 16:49:58 - INFO -                     └─ Tránsito: 14 min
2025-10-17 16:49:58 - INFO -    7. 15:19 - 16:19 │ Limonería                                   │ bar          │  75 pts │  8€
2025-10-17 16:49:58 - INFO -                     └─ Tránsito: 14 min
2025-10-17 16:49:58 - INFO -    8. 16:33 - 17:33 │ Valle del Eresma                            │ parque       │  74 pts │  0€
2025-10-17 16:49:58 - INFO -                     └─ Tránsito: 14 min
2025-10-17 16:49:58 - INFO -    9. 17:34 - 17:54 │ Mirador de la Pradera de San Marcos         │ mirador      │  81 pts │  5€
2025-10-17 16:49:58 - INFO -                     └─ Tránsito: 2 min
2025-10-17 16:49:58 - INFO -   10. 18:11 - 18:41 │ Tienda de Ponche Segoviano                  │ tienda       │  74 pts │ 10€
2025-10-17 16:49:58 - INFO -                     └─ Tránsito: 17 min
2025-10-17 16:49:58 - INFO -   11. 18:59 - 19:29 │ Ermita de San Marcos                        │ catedral     │  70 pts │  8€
2025-10-17 16:49:58 - INFO -                     └─ Tránsito: 18 min
2025-10-17 16:49:58 - INFO -   12. 19:49 - 20:34 │ Mercado Municipal                           │ tienda       │  70 pts │ 10€
2025-10-17 16:49:58 - INFO -                     └─ Tránsito: 20 min
2025-10-17 16:49:58 - INFO - 
  ✅ DÍA FINALIZADO: 20:34 | Dentro del límite (14h)
2025-10-17 16:49:58 - INFO - 
2025-10-17 16:49:58 - INFO - ────────────────────────────────────────────────────────────────────────────────
2025-10-17 16:49:58 - INFO - DÍA 4 - SANTIAGO
2025-10-17 16:49:58 - INFO - ────────────────────────────────────────────────────────────────────────────────
2025-10-17 16:49:58 - INFO - 🚄 Transporte: Segovia → Santiago | TREN (0 min, 0€)
2025-10-17 16:49:58 - INFO - 
2025-10-17 16:49:58 - INFO - 📊 Resumen: 12 lugares | 609 puntos | 10.59h (636 min) | 5.1 km | 💰 99€ / 200€
2025-10-17 16:49:58 - INFO - 
2025-10-17 16:49:58 - INFO -    1. 09:00 - 09:45 │ Convento de Santa Clara                     │ catedral     │  55 pts │  8€
2025-10-17 16:49:58 - INFO -    2. 09:53 - 10:38 │ Claustro Catedral                           │ catedral     │  78 pts │  8€
2025-10-17 16:49:58 - INFO -                     └─ Tránsito: 8 min
2025-10-17 16:49:58 - INFO -    3. 10:46 - 11:06 │ Palomar de la Alameda                       │ turistico    │  41 pts │ 10€
2025-10-17 16:49:58 - INFO -                     └─ Tránsito: 9 min
2025-10-17 16:49:58 - INFO -    4. 11:13 - 11:43 │ Praza de Fonseca Jardines                   │ plaza        │  54 pts │  0€
2025-10-17 16:49:58 - INFO -                     └─ Tránsito: 7 min
2025-10-17 16:49:58 - INFO -    5. 11:46 - 13:16 │ Museo Catedral                              │ museo        │  65 pts │ 15€
2025-10-17 16:49:58 - INFO -                     └─ Tránsito: 3 min
2025-10-17 16:49:58 - INFO -    6. 13:21 - 13:36 │ Plaza de Mazarelos                          │ plaza        │  39 pts │  0€
2025-10-17 16:49:58 - INFO -                     └─ Tránsito: 6 min
2025-10-17 16:49:58 - INFO -    7. 13:42 - 14:12 │ Plaza del Obradoiro                         │ plaza        │  96 pts │  0€
2025-10-17 16:49:58 - INFO -                     └─ Tránsito: 5 min
2025-10-17 16:49:58 - INFO -    8. 14:12 - 15:12 │ Pórtico de la Gloria                        │ catedral     │  44 pts │  8€
2025-10-17 16:49:58 - INFO -                     └─ Tránsito: 0 min
2025-10-17 16:49:58 - INFO -    9. 15:14 - 16:44 │ Restaurante O Curro da Parra                │ restaurante  │  32 pts │ 25€
2025-10-17 16:49:58 - INFO -                     └─ Tránsito: 2 min
2025-10-17 16:49:58 - INFO -   10. 16:53 - 17:23 │ Paseo de la Herradura                       │ parque       │  44 pts │  0€
2025-10-17 16:49:58 - INFO -                     └─ Tránsito: 9 min
2025-10-17 16:49:58 - INFO -   11. 17:30 - 19:00 │ Restaurante Abastos 2.0                     │ restaurante  │  25 pts │ 25€
2025-10-17 16:49:58 - INFO -                     └─ Tránsito: 7 min
2025-10-17 16:49:58 - INFO -   12. 19:05 - 19:35 │ Plaza de Quintana                           │ plaza        │  36 pts │  0€
2025-10-17 16:49:58 - INFO -                     └─ Tránsito: 5 min
2025-10-17 16:49:58 - INFO - 
  ✅ DÍA FINALIZADO: 19:35 | Dentro del límite (14h)
2025-10-17 16:49:58 - INFO - 
2025-10-17 16:49:58 - INFO - ────────────────────────────────────────────────────────────────────────────────
2025-10-17 16:49:58 - INFO - DÍA 5 - SANTIAGO
2025-10-17 16:49:58 - INFO - ────────────────────────────────────────────────────────────────────────────────
2025-10-17 16:49:58 - INFO - 📊 Resumen: 12 lugares | 589 puntos | 13.70h (822 min) | 11.8 km | 💰 110€ / 200€
2025-10-17 16:49:58 - INFO - 
2025-10-17 16:49:58 - INFO -    1. 09:00 - 09:30 │ Paseo do Espolón                            │ turistico    │  41 pts │ 10€
2025-10-17 16:49:58 - INFO -    2. 09:49 - 10:34 │ Parque de Vista Alegre                      │ parque       │  44 pts │  0€
2025-10-17 16:49:58 - INFO -                     └─ Tránsito: 19 min
2025-10-17 16:49:58 - INFO -    3. 10:44 - 11:29 │ Biblioteca Xeral                            │ museo        │  42 pts │ 15€
2025-10-17 16:49:58 - INFO -                     └─ Tránsito: 10 min
2025-10-17 16:49:58 - INFO -    4. 11:31 - 12:31 │ Parque de la Alameda                        │ parque       │  47 pts │  0€
2025-10-17 16:49:58 - INFO -                     └─ Tránsito: 3 min
2025-10-17 16:49:58 - INFO -    5. 12:41 - 13:56 │ Museo Catedralicio                          │ museo        │  65 pts │ 15€
2025-10-17 16:49:58 - INFO -                     └─ Tránsito: 10 min
2025-10-17 16:49:58 - INFO -    6. 13:56 - 15:11 │ Cubiertas de la Catedral                    │ turistico    │  73 pts │ 10€
2025-10-17 16:49:58 - INFO -                     └─ Tránsito: 0 min
2025-10-17 16:49:58 - INFO -    7. 15:14 - 16:29 │ O Dezaseis                                  │ restaurante  │  43 pts │ 25€
2025-10-17 16:49:58 - INFO -                     └─ Tránsito: 2 min
2025-10-17 16:49:58 - INFO -    8. 16:31 - 17:16 │ Hostal de los Reyes Católicos               │ palacio      │  53 pts │ 12€
2025-10-17 16:49:58 - INFO -                     └─ Tránsito: 2 min
2025-10-17 16:49:58 - INFO -    9. 17:26 - 18:56 │ Auditorio de Galicia                        │ turistico    │  40 pts │ 10€
2025-10-17 16:49:58 - INFO -                     └─ Tránsito: 10 min
2025-10-17 16:49:58 - INFO -   10. 19:36 - 20:36 │ Monte del Gozo                              │ mirador      │  51 pts │  5€
2025-10-17 16:49:58 - INFO -                     └─ Tránsito: 40 min
2025-10-17 16:49:58 - INFO -   11. 21:20 - 22:20 │ Tapería A Maceta                            │ bar          │  49 pts │  8€ CENA
2025-10-17 16:49:58 - INFO -                     └─ Tránsito: 44 min
2025-10-17 16:49:58 - INFO -   12. 22:22 - 22:42 │ Plaza de Cervantes                          │ plaza        │  41 pts │  0€
2025-10-17 16:49:58 - INFO -                     └─ Tránsito: 2 min
2025-10-17 16:49:58 - INFO - 
  ✅ DÍA FINALIZADO: 22:42 | Dentro del límite (14h)
2025-10-17 16:49:58 - INFO - 
2025-10-17 16:49:58 - INFO - ────────────────────────────────────────────────────────────────────────────────
2025-10-17 16:49:58 - INFO - DÍA 6 - OVIEDO
2025-10-17 16:49:58 - INFO - ────────────────────────────────────────────────────────────────────────────────
2025-10-17 16:49:58 - INFO - ✈️ Transporte: Santiago → Oviedo | AVION (210 min, 20€)
2025-10-17 16:49:58 - INFO - 
2025-10-17 16:49:58 - INFO - 📊 Resumen: 9 lugares | 670 puntos | 7.36h (442 min) | 6.0 km | 💰 75€ / 200€
2025-10-17 16:49:58 - INFO - 
2025-10-17 16:49:58 - INFO -    1. 09:00 - 09:45 │ Calle Uría                                  │ turistico    │  72 pts │ 10€
2025-10-17 16:49:58 - INFO -    2. 09:49 - 10:34 │ Cafetería Rialto                            │ cafetería    │  71 pts │  5€ DESAYUNO
2025-10-17 16:49:58 - INFO -                     └─ Tránsito: 5 min
2025-10-17 16:49:58 - INFO -    3. 10:36 - 11:21 │ Casa de la Moneda                           │ museo        │  69 pts │ 15€
2025-10-17 16:49:58 - INFO -                     └─ Tránsito: 1 min
2025-10-17 16:49:58 - INFO -    4. 11:22 - 11:52 │ Palacio Conde Toreno                        │ palacio      │  72 pts │ 12€
2025-10-17 16:49:58 - INFO -                     └─ Tránsito: 2 min
2025-10-17 16:49:58 - INFO -    5. 12:19 - 13:04 │ San Miguel de Lillo                         │ catedral     │  86 pts │  8€
2025-10-17 16:49:58 - INFO -                     └─ Tránsito: 27 min
2025-10-17 16:49:58 - INFO -    6. 13:32 - 13:52 │ Plaza de la Constitución                    │ plaza        │  75 pts │  0€
2025-10-17 16:49:58 - INFO -                     └─ Tránsito: 28 min
2025-10-17 16:49:58 - INFO -    7. 13:56 - 14:16 │ Plaza de la Escandalera                     │ plaza        │  74 pts │  0€
2025-10-17 16:49:58 - INFO -                     └─ Tránsito: 4 min
2025-10-17 16:49:58 - INFO -    8. 14:21 - 15:51 │ Sidrería Tierra Astur                       │ restaurante  │  78 pts │ 25€ COMIDA
2025-10-17 16:49:58 - INFO -                     └─ Tránsito: 5 min
2025-10-17 16:49:58 - INFO -    9. 15:51 - 16:21 │ Plaza del Fontán                            │ plaza        │  73 pts │  0€
2025-10-17 16:49:58 - INFO - 
  ✅ DÍA FINALIZADO: 16:21 | Dentro del límite (14h)
2025-10-17 16:49:58 - INFO - 
2025-10-17 16:49:58 - INFO - ────────────────────────────────────────────────────────────────────────────────
2025-10-17 16:49:58 - INFO - DÍA 7 - SALAMANCA
2025-10-17 16:49:58 - INFO - ────────────────────────────────────────────────────────────────────────────────
2025-10-17 16:49:58 - INFO - 🚄 Transporte: Oviedo → Salamanca | TREN (0 min, 0€)
2025-10-17 16:49:58 - INFO - 
2025-10-17 16:49:58 - INFO - 📊 Resumen: 12 lugares | 863 puntos | 12.21h (732 min) | 6.0 km | 💰 97€ / 200€
2025-10-17 16:49:58 - INFO - 
2025-10-17 16:49:58 - INFO -    1. 09:00 - 10:00 │ Café Novelty                                │ cafetería    │  76 pts │  5€ DESAYUNO
2025-10-17 16:49:58 - INFO -    2. 10:00 - 11:30 │ Teatro Liceo                                │ turistico    │  74 pts │ 10€
2025-10-17 16:49:58 - INFO -                     └─ Tránsito: 1 min
2025-10-17 16:49:58 - INFO -    3. 11:34 - 12:19 │ Biblioteca Pública Casa de las Conchas      │ museo        │  71 pts │ 15€
2025-10-17 16:49:58 - INFO -                     └─ Tránsito: 4 min
2025-10-17 16:49:58 - INFO -    4. 12:22 - 13:07 │ Palacio de Anaya                            │ palacio      │  76 pts │ 12€
2025-10-17 16:49:58 - INFO -                     └─ Tránsito: 3 min
2025-10-17 16:49:58 - INFO -    5. 13:13 - 13:58 │ Café Bretón                                 │ cafetería    │  72 pts │  5€ COMIDA
2025-10-17 16:49:58 - INFO -                     └─ Tránsito: 6 min
2025-10-17 16:49:58 - INFO -    6. 14:01 - 14:46 │ Colegio Arzobispo Fonseca                   │ palacio      │  72 pts │ 12€
2025-10-17 16:49:58 - INFO -                     └─ Tránsito: 4 min
2025-10-17 16:49:58 - INFO -    7. 14:56 - 15:56 │ Barrio del Oeste                            │ turistico    │  62 pts │ 10€
2025-10-17 16:49:58 - INFO -                     └─ Tránsito: 9 min
2025-10-17 16:49:58 - INFO -    8. 16:12 - 16:57 │ Parque de la Alamedilla                     │ parque       │  68 pts │  0€
2025-10-17 16:49:58 - INFO -                     └─ Tránsito: 16 min
2025-10-17 16:49:58 - INFO -    9. 17:05 - 17:50 │ Barrio de Tejares                           │ turistico    │  60 pts │ 10€
2025-10-17 16:49:58 - INFO -                     └─ Tránsito: 8 min
2025-10-17 16:49:58 - INFO -   10. 17:55 - 18:25 │ Puente Romano                               │ turistico    │  78 pts │ 10€
2025-10-17 16:49:58 - INFO -                     └─ Tránsito: 5 min
2025-10-17 16:49:58 - INFO -   11. 18:30 - 19:30 │ Clerecía de Salamanca                       │ catedral     │  86 pts │  8€
2025-10-17 16:49:58 - INFO -                     └─ Tránsito: 6 min
2025-10-17 16:49:58 - INFO -   12. 19:42 - 21:12 │ Isla del Soto                               │ parque       │  68 pts │  0€
2025-10-17 16:49:58 - INFO -                     └─ Tránsito: 12 min
2025-10-17 16:49:58 - INFO - 
  ✅ DÍA FINALIZADO: 21:12 | Dentro del límite (14h)
2025-10-17 16:49:58 - INFO - 
2025-10-17 16:49:58 - INFO - ────────────────────────────────────────────────────────────────────────────────
2025-10-17 16:49:58 - INFO - DÍA 8 - SALAMANCA
2025-10-17 16:49:58 - INFO - ────────────────────────────────────────────────────────────────────────────────
2025-10-17 16:49:58 - INFO - 📊 Resumen: 12 lugares | 894 puntos | 8.17h (490 min) | 4.2 km | 💰 116€ / 200€
2025-10-17 16:49:58 - INFO - 
2025-10-17 16:49:58 - INFO -    1. 09:00 - 09:30 │ Iglesia de San Benito                       │ catedral     │  70 pts │  8€
2025-10-17 16:49:58 - INFO -    2. 09:32 - 10:47 │ Catedral Nueva                              │ catedral     │  90 pts │  8€
2025-10-17 16:49:58 - INFO -                     └─ Tránsito: 3 min
2025-10-17 16:49:58 - INFO -    3. 10:49 - 11:19 │ Colegio de Calatrava                        │ palacio      │  66 pts │ 12€
2025-10-17 16:49:58 - INFO -                     └─ Tránsito: 2 min
2025-10-17 16:49:58 - INFO -    4. 11:21 - 11:51 │ Casa de las Conchas                         │ palacio      │  82 pts │ 12€
2025-10-17 16:49:58 - INFO -                     └─ Tránsito: 2 min
2025-10-17 16:49:58 - INFO -    5. 11:52 - 12:37 │ Palacio de Fonseca                          │ palacio      │  78 pts │ 12€
2025-10-17 16:49:58 - INFO -                     └─ Tránsito: 1 min
2025-10-17 16:49:58 - INFO -    6. 12:42 - 13:42 │ Palacio de Monterrey                        │ palacio      │  83 pts │ 12€
2025-10-17 16:49:58 - INFO -                     └─ Tránsito: 5 min
2025-10-17 16:49:58 - INFO -    7. 13:47 - 14:17 │ Calle Libreros                              │ turistico    │  70 pts │ 10€
2025-10-17 16:49:58 - INFO -                     └─ Tránsito: 5 min
2025-10-17 16:49:58 - INFO -    8. 14:26 - 14:41 │ Puente Enrique Estevan                      │ turistico    │  62 pts │ 10€
2025-10-17 16:49:58 - INFO -                     └─ Tránsito: 9 min
2025-10-17 16:49:58 - INFO -    9. 14:47 - 15:07 │ Mirador del Puente Romano                   │ mirador      │  77 pts │  5€
2025-10-17 16:49:58 - INFO -                     └─ Tránsito: 6 min
2025-10-17 16:49:58 - INFO -   10. 15:16 - 15:46 │ Torre del Clavero                           │ palacio      │  72 pts │ 12€
2025-10-17 16:49:58 - INFO -                     └─ Tránsito: 9 min
2025-10-17 16:49:58 - INFO -   11. 15:47 - 16:32 │ Museo Comercio                              │ museo        │  71 pts │ 15€
2025-10-17 16:49:58 - INFO -                     └─ Tránsito: 1 min
2025-10-17 16:49:58 - INFO -   12. 16:40 - 17:10 │ Huerto de Calixto y Melibea                 │ parque       │  73 pts │  0€
2025-10-17 16:49:58 - INFO -                     └─ Tránsito: 8 min
2025-10-17 16:49:58 - INFO - 
  ✅ DÍA FINALIZADO: 17:10 | Dentro del límite (14h)
2025-10-17 16:49:58 - INFO - 
2025-10-17 16:49:58 - INFO - ────────────────────────────────────────────────────────────────────────────────
2025-10-17 16:49:58 - INFO - DÍA 9 - SALAMANCA
2025-10-17 16:49:58 - INFO - ────────────────────────────────────────────────────────────────────────────────
2025-10-17 16:49:58 - INFO - 📊 Resumen: 10 lugares | 749 puntos | 11.55h (693 min) | 5.3 km | 💰 92€ / 200€
2025-10-17 16:49:58 - INFO - 
2025-10-17 16:49:58 - INFO -    1. 09:00 - 10:00 │ Catedral Vieja                              │ catedral     │  88 pts │  8€
2025-10-17 16:49:58 - INFO -    2. 10:07 - 11:22 │ DA2 Domus Artium                            │ museo        │  76 pts │ 15€
2025-10-17 16:49:58 - INFO -                     └─ Tránsito: 8 min
2025-10-17 16:49:58 - INFO -    3. 11:31 - 12:01 │ Jardín de la Merced                         │ parque       │  64 pts │  0€
2025-10-17 16:49:58 - INFO -                     └─ Tránsito: 9 min
2025-10-17 16:49:58 - INFO -    4. 12:04 - 13:34 │ Universidad de Salamanca                    │ turistico    │  95 pts │ 10€
2025-10-17 16:49:58 - INFO -                     └─ Tránsito: 3 min
2025-10-17 16:49:58 - INFO -    5. 13:39 - 15:09 │ El Alquimista                               │ restaurante  │  73 pts │ 25€ COMIDA
2025-10-17 16:49:58 - INFO -                     └─ Tránsito: 5 min
2025-10-17 16:49:58 - INFO -    6. 15:10 - 15:25 │ Plaza del Corrillo                          │ plaza        │  68 pts │  0€
2025-10-17 16:49:58 - INFO -                     └─ Tránsito: 1 min
2025-10-17 16:49:58 - INFO -    7. 15:28 - 16:13 │ Convento de las Úrsulas                     │ catedral     │  74 pts │  8€
2025-10-17 16:49:58 - INFO -                     └─ Tránsito: 3 min
2025-10-17 16:49:58 - INFO -    8. 16:30 - 18:00 │ Auditorio Calatrava                         │ turistico    │  72 pts │ 10€
2025-10-17 16:49:58 - INFO -                     └─ Tránsito: 18 min
2025-10-17 16:49:58 - INFO -    9. 18:16 - 19:31 │ La Hoja 21                                  │ bar          │  71 pts │  8€
2025-10-17 16:49:58 - INFO -                     └─ Tránsito: 16 min
2025-10-17 16:49:58 - INFO -   10. 19:33 - 20:33 │ Bar Bambú                                   │ bar          │  68 pts │  8€
2025-10-17 16:49:58 - INFO -                     └─ Tránsito: 1 min
2025-10-17 16:49:58 - INFO - 
  ✅ DÍA FINALIZADO: 20:33 | Dentro del límite (14h)
2025-10-17 16:49:58 - INFO - 
2025-10-17 16:49:58 - INFO - ────────────────────────────────────────────────────────────────────────────────
2025-10-17 16:49:58 - INFO - DÍA 10 - SALAMANCA
2025-10-17 16:49:58 - INFO - ────────────────────────────────────────────────────────────────────────────────
2025-10-17 16:49:58 - INFO - 📊 Resumen: 12 lugares | 853 puntos | 10.00h (600 min) | 6.7 km | 💰 113€ / 200€
2025-10-17 16:49:58 - INFO - 
2025-10-17 16:49:58 - INFO -    1. 09:00 - 10:00 │ Calatrava Centro de Congresos               │ turistico    │  71 pts │ 10€
2025-10-17 16:49:58 - INFO -    2. 10:11 - 11:26 │ Museo de Salamanca                          │ museo        │  77 pts │ 15€
2025-10-17 16:49:58 - INFO -                     └─ Tránsito: 12 min
2025-10-17 16:49:58 - INFO -    3. 11:38 - 13:08 │ Museo de Historia de la Automoción          │ museo        │  80 pts │ 15€
2025-10-17 16:49:58 - INFO -                     └─ Tránsito: 12 min
2025-10-17 16:49:58 - INFO -    4. 13:21 - 13:51 │ Iglesia de la Purísima                      │ catedral     │  73 pts │  8€
2025-10-17 16:49:58 - INFO -                     └─ Tránsito: 14 min
2025-10-17 16:49:58 - INFO -    5. 13:57 - 14:12 │ Puerta de Zamora                            │ turistico    │  64 pts │ 10€
2025-10-17 16:49:58 - INFO -                     └─ Tránsito: 6 min
2025-10-17 16:49:58 - INFO -    6. 14:23 - 14:38 │ Puerta de San Pablo                         │ turistico    │  66 pts │ 10€
2025-10-17 16:49:58 - INFO -                     └─ Tránsito: 10 min
2025-10-17 16:49:58 - INFO -    7. 14:40 - 15:00 │ Plaza de Anaya                              │ plaza        │  75 pts │  0€
2025-10-17 16:49:58 - INFO -                     └─ Tránsito: 2 min
2025-10-17 16:49:58 - INFO -    8. 15:10 - 16:25 │ Centro Documental de la Memoria Históric... │ museo        │  69 pts │ 15€
2025-10-17 16:49:58 - INFO -                     └─ Tránsito: 11 min
2025-10-17 16:49:58 - INFO -    9. 16:28 - 16:48 │ Plaza de Colón                              │ plaza        │  67 pts │  0€
2025-10-17 16:49:58 - INFO -                     └─ Tránsito: 3 min
2025-10-17 16:49:58 - INFO -   10. 16:49 - 17:49 │ Mercado Central                             │ tienda       │  69 pts │ 10€
2025-10-17 16:49:58 - INFO -                     └─ Tránsito: 1 min
2025-10-17 16:49:58 - INFO -   11. 17:51 - 18:36 │ Calle Rúa Mayor                             │ turistico    │  74 pts │ 10€
2025-10-17 16:49:58 - INFO -                     └─ Tránsito: 2 min
2025-10-17 16:49:58 - INFO -   12. 18:44 - 18:59 │ Verraco Ibérico                             │ turistico    │  68 pts │ 10€
2025-10-17 16:49:58 - INFO -                     └─ Tránsito: 8 min
2025-10-17 16:49:58 - INFO - 
  ✅ DÍA FINALIZADO: 18:59 | Dentro del límite (14h)
2025-10-17 16:49:58 - INFO - 
2025-10-17 16:49:58 - INFO - ────────────────────────────────────────────────────────────────────────────────
2025-10-17 16:49:58 - INFO - DÍA 11 - SEGOVIA
2025-10-17 16:49:58 - INFO - ────────────────────────────────────────────────────────────────────────────────
2025-10-17 16:49:58 - INFO - ✈️ Transporte: Salamanca → Segovia | AVION (150 min, 15€)
2025-10-17 16:49:58 - INFO - 
2025-10-17 16:49:58 - INFO - 📊 Resumen: 12 lugares | 891 puntos | 10.74h (644 min) | 5.8 km | 💰 106€ / 200€
2025-10-17 16:49:58 - INFO - 
2025-10-17 16:49:58 - INFO -    1. 09:00 - 10:00 │ Centro Cultural Mercado de los Abastos      │ turistico    │  71 pts │ 10€
2025-10-17 16:49:58 - INFO -    2. 10:02 - 10:47 │ Cafetería La Colonial                       │ cafetería    │  71 pts │  5€
2025-10-17 16:49:58 - INFO -                     └─ Tránsito: 3 min
2025-10-17 16:49:58 - INFO -    3. 10:47 - 11:17 │ Palacio del Conde de Alpuente               │ palacio      │  72 pts │ 12€
2025-10-17 16:49:58 - INFO -    4. 11:18 - 12:18 │ Museo Gastronómico de Segovia               │ museo        │  72 pts │ 15€
2025-10-17 16:49:58 - INFO -                     └─ Tránsito: 0 min
2025-10-17 16:49:58 - INFO -    5. 12:32 - 13:32 │ Casa de la Moneda                           │ museo        │  77 pts │ 15€
2025-10-17 16:49:58 - INFO -                     └─ Tránsito: 14 min
2025-10-17 16:49:58 - INFO -    6. 13:46 - 14:16 │ Iglesia de San Miguel                       │ catedral     │  71 pts │  8€
2025-10-17 16:49:58 - INFO -                     └─ Tránsito: 14 min
2025-10-17 16:49:58 - INFO -    7. 14:17 - 14:37 │ Plaza de Medina del Campo                   │ plaza        │  74 pts │  0€
2025-10-17 16:49:58 - INFO -                     └─ Tránsito: 1 min
2025-10-17 16:49:58 - INFO -    8. 14:48 - 15:48 │ Valle del Clamores                          │ parque       │  73 pts │  0€
2025-10-17 16:49:58 - INFO -                     └─ Tránsito: 11 min
2025-10-17 16:49:58 - INFO -    9. 16:01 - 16:31 │ Plaza del Azoguejo                          │ plaza        │  82 pts │  0€
2025-10-17 16:49:58 - INFO -                     └─ Tránsito: 13 min
2025-10-17 16:49:58 - INFO -   10. 16:34 - 17:19 │ Iglesia de San Martín                       │ catedral     │  79 pts │  8€
2025-10-17 16:49:58 - INFO -                     └─ Tránsito: 3 min
2025-10-17 16:49:58 - INFO -   11. 17:22 - 18:52 │ Restaurante El Fogón Sefardí                │ restaurante  │  80 pts │ 25€
2025-10-17 16:49:58 - INFO -                     └─ Tránsito: 3 min
2025-10-17 16:49:58 - INFO -   12. 18:59 - 19:44 │ Cueva de San Pascual                        │ bar          │  69 pts │  8€
2025-10-17 16:49:58 - INFO -                     └─ Tránsito: 7 min
2025-10-17 16:49:58 - INFO - 
  ✅ DÍA FINALIZADO: 19:44 | Dentro del límite (14h)
2025-10-17 16:49:58 - INFO - 
2025-10-17 16:49:58 - INFO - ────────────────────────────────────────────────────────────────────────────────
2025-10-17 16:49:58 - INFO - DÍA 12 - BURGOS
2025-10-17 16:49:58 - INFO - ────────────────────────────────────────────────────────────────────────────────
2025-10-17 16:49:58 - INFO - ✈️ Transporte: Segovia → Burgos | AVION (150 min, 15€)
2025-10-17 16:49:58 - INFO - 
2025-10-17 16:49:58 - INFO - 📊 Resumen: 12 lugares | 914 puntos | 9.35h (561 min) | 4.7 km | 💰 108€ / 200€
2025-10-17 16:49:58 - INFO - 
2025-10-17 16:49:58 - INFO -    1. 09:00 - 09:45 │ Convento de Santa Dorotea                   │ catedral     │  71 pts │  8€
2025-10-17 16:49:58 - INFO -    2. 09:47 - 10:17 │ Escalera Dorada de la Catedral              │ catedral     │  86 pts │  8€
2025-10-17 16:49:58 - INFO -                     └─ Tránsito: 2 min
2025-10-17 16:49:58 - INFO -    3. 10:19 - 11:19 │ Centro de Interpretación del Cid            │ museo        │  72 pts │ 15€
2025-10-17 16:49:58 - INFO -                     └─ Tránsito: 2 min
2025-10-17 16:49:58 - INFO -    4. 11:22 - 12:22 │ Museo del Libro Fadrique de Basilea         │ museo        │  73 pts │ 15€
2025-10-17 16:49:58 - INFO -                     └─ Tránsito: 3 min
2025-10-17 16:49:58 - INFO -    5. 12:24 - 13:09 │ Archivo Municipal de Burgos                 │ museo        │  67 pts │ 15€
2025-10-17 16:49:58 - INFO -                     └─ Tránsito: 1 min
2025-10-17 16:49:58 - INFO -    6. 13:24 - 14:24 │ Hospital del Rey                            │ palacio      │  78 pts │ 12€
2025-10-17 16:49:58 - INFO -                     └─ Tránsito: 15 min
2025-10-17 16:49:58 - INFO -    7. 14:38 - 15:23 │ Casa del Cordón                             │ palacio      │  78 pts │ 12€
2025-10-17 16:49:58 - INFO -                     └─ Tránsito: 15 min
2025-10-17 16:49:58 - INFO -    8. 15:26 - 16:26 │ Murallas Medievales                         │ turistico    │  77 pts │ 10€
2025-10-17 16:49:58 - INFO -                     └─ Tránsito: 3 min
2025-10-17 16:49:58 - INFO -    9. 16:29 - 17:14 │ Sala Capitular de la Catedral               │ catedral     │  84 pts │  8€
2025-10-17 16:49:58 - INFO -                     └─ Tránsito: 3 min
2025-10-17 16:49:58 - INFO -   10. 17:20 - 17:35 │ Plaza de España Burgos                      │ plaza        │  70 pts │  0€
2025-10-17 16:49:58 - INFO -                     └─ Tránsito: 6 min
2025-10-17 16:49:58 - INFO -   11. 17:39 - 17:59 │ Mirador del Castillo                        │ mirador      │  85 pts │  5€
2025-10-17 16:49:58 - INFO -                     └─ Tránsito: 3 min
2025-10-17 16:49:58 - INFO -   12. 18:01 - 18:21 │ Plaza del Mío Cid                           │ plaza        │  73 pts │  0€
2025-10-17 16:49:58 - INFO -                     └─ Tránsito: 2 min
2025-10-17 16:49:58 - INFO - 
  ✅ DÍA FINALIZADO: 18:21 | Dentro del límite (14h)
2025-10-17 16:49:58 - INFO - 
2025-10-17 16:49:58 - INFO - ────────────────────────────────────────────────────────────────────────────────
2025-10-17 16:49:58 - INFO - DÍA 13 - TOLEDO
2025-10-17 16:49:58 - INFO - ────────────────────────────────────────────────────────────────────────────────
2025-10-17 16:49:58 - INFO - 🚄 Transporte: Burgos → Toledo | TREN (0 min, 0€)
2025-10-17 16:49:58 - INFO - 
2025-10-17 16:49:58 - INFO - 📊 Resumen: 12 lugares | 557 puntos | 9.01h (540 min) | 5.0 km | 💰 109€ / 200€
2025-10-17 16:49:58 - INFO - 
2025-10-17 16:49:58 - INFO -    1. 09:00 - 09:45 │ Convento de Santa Clara                     │ catedral     │  51 pts │  8€
2025-10-17 16:49:58 - INFO -    2. 09:46 - 10:06 │ Plaza de la Magdalena                       │ plaza        │  36 pts │  0€
2025-10-17 16:49:58 - INFO -                     └─ Tránsito: 2 min
2025-10-17 16:49:58 - INFO -    3. 10:08 - 10:53 │ Iglesia de San Ildefonso                    │ catedral     │  50 pts │  8€
2025-10-17 16:49:58 - INFO -                     └─ Tránsito: 2 min
2025-10-17 16:49:58 - INFO -    4. 10:58 - 11:18 │ Puerta del Sol                              │ turistico    │  49 pts │ 10€
2025-10-17 16:49:58 - INFO -                     └─ Tránsito: 4 min
2025-10-17 16:49:58 - INFO -    5. 11:30 - 12:00 │ Puente de San Martín                        │ turistico    │  45 pts │ 10€
2025-10-17 16:49:58 - INFO -                     └─ Tránsito: 12 min
2025-10-17 16:49:58 - INFO -    6. 12:12 - 13:27 │ Bar Ludeña                                  │ bar          │  28 pts │  8€
2025-10-17 16:49:58 - INFO -                     └─ Tránsito: 12 min
2025-10-17 16:49:58 - INFO -    7. 13:30 - 14:00 │ Casa de Mesa                                │ palacio      │  45 pts │ 12€
2025-10-17 16:49:58 - INFO -                     └─ Tránsito: 4 min
2025-10-17 16:49:58 - INFO -    8. 14:02 - 15:02 │ Museo Visigodo                              │ museo        │  56 pts │ 15€
2025-10-17 16:49:58 - INFO -                     └─ Tránsito: 2 min
2025-10-17 16:49:58 - INFO -    9. 15:08 - 16:08 │ Sinagoga del Tránsito                       │ catedral     │  42 pts │  8€
2025-10-17 16:49:58 - INFO -                     └─ Tránsito: 5 min
2025-10-17 16:49:58 - INFO -   10. 16:09 - 16:54 │ Baños del Cenizal                           │ museo        │  46 pts │ 15€
2025-10-17 16:49:58 - INFO -                     └─ Tránsito: 2 min
2025-10-17 16:49:58 - INFO -   11. 17:02 - 17:22 │ Cuesta de Carlos V                          │ turistico    │  50 pts │ 10€
2025-10-17 16:49:58 - INFO -                     └─ Tránsito: 8 min
2025-10-17 16:49:58 - INFO -   12. 17:30 - 18:00 │ Pastelería Santo Tomé                       │ cafetería    │  59 pts │  5€
2025-10-17 16:49:58 - INFO -                     └─ Tránsito: 8 min
2025-10-17 16:49:58 - INFO - 
  ✅ DÍA FINALIZADO: 18:00 | Dentro del límite (14h)
2025-10-17 16:49:58 - INFO - 
2025-10-17 16:49:58 - INFO - ────────────────────────────────────────────────────────────────────────────────
2025-10-17 16:49:58 - INFO - DÍA 14 - TOLEDO
2025-10-17 16:49:58 - INFO - ────────────────────────────────────────────────────────────────────────────────
2025-10-17 16:49:58 - INFO - 📊 Resumen: 12 lugares | 615 puntos | 9.13h (548 min) | 7.3 km | 💰 80€ / 200€
2025-10-17 16:49:58 - INFO - 
2025-10-17 16:49:58 - INFO -    1. 09:00 - 09:45 │ Sala Capitular                              │ catedral     │  59 pts │  8€
2025-10-17 16:49:58 - INFO -    2. 09:48 - 10:18 │ Plaza de Zocodover                          │ plaza        │  34 pts │  0€
2025-10-17 16:49:58 - INFO -                     └─ Tránsito: 4 min
2025-10-17 16:49:58 - INFO -    3. 10:26 - 10:41 │ Plaza de los Carmelitas                     │ plaza        │  43 pts │  0€
2025-10-17 16:49:58 - INFO -                     └─ Tránsito: 8 min
2025-10-17 16:49:58 - INFO -    4. 10:47 - 11:17 │ Capilla Mozárabe                            │ catedral     │  56 pts │  8€
2025-10-17 16:49:58 - INFO -                     └─ Tránsito: 5 min
2025-10-17 16:49:58 - INFO -    5. 11:20 - 12:35 │ Cervecería El Trébol                        │ bar          │  54 pts │  8€
2025-10-17 16:49:58 - INFO -                     └─ Tránsito: 3 min
2025-10-17 16:49:58 - INFO -    6. 12:43 - 13:43 │ Monasterio San Juan de los Reyes            │ catedral     │  40 pts │  8€
2025-10-17 16:49:58 - INFO -                     └─ Tránsito: 9 min
2025-10-17 16:49:58 - INFO -    7. 13:45 - 15:00 │ Museo del Greco                             │ museo        │  54 pts │ 15€
2025-10-17 16:49:58 - INFO -                     └─ Tránsito: 2 min
2025-10-17 16:49:58 - INFO -    8. 15:20 - 15:50 │ Mirador San Cristóbal                       │ mirador      │  63 pts │  5€
2025-10-17 16:49:58 - INFO -                     └─ Tránsito: 19 min
2025-10-17 16:49:58 - INFO -    9. 16:01 - 16:21 │ Puerta de Bisagra                           │ turistico    │  53 pts │ 10€
2025-10-17 16:49:58 - INFO -                     └─ Tránsito: 11 min
2025-10-17 16:49:58 - INFO -   10. 16:33 - 16:53 │ Puerta de Alfonso VI                        │ turistico    │  46 pts │ 10€
2025-10-17 16:49:58 - INFO -                     └─ Tránsito: 13 min
2025-10-17 16:49:58 - INFO -   11. 17:01 - 17:31 │ Iglesia de San Andrés                       │ catedral     │  59 pts │  8€
2025-10-17 16:49:58 - INFO -                     └─ Tránsito: 8 min
2025-10-17 16:49:58 - INFO -   12. 17:37 - 18:07 │ Jardín del Tránsito                         │ parque       │  54 pts │  0€
2025-10-17 16:49:58 - INFO -                     └─ Tránsito: 6 min
2025-10-17 16:49:58 - INFO - 
  ✅ DÍA FINALIZADO: 18:07 | Dentro del límite (14h)
2025-10-17 16:49:58 - INFO - 
2025-10-17 16:49:58 - INFO - ────────────────────────────────────────────────────────────────────────────────
2025-10-17 16:49:58 - INFO - DÍA 15 - ZARAGOZA
2025-10-17 16:49:58 - INFO - ────────────────────────────────────────────────────────────────────────────────
2025-10-17 16:49:58 - INFO - 🚄 Transporte: Toledo → Zaragoza | TREN (0 min, 0€)
2025-10-17 16:49:58 - INFO - 
2025-10-17 16:49:58 - INFO - 📊 Resumen: 12 lugares | 874 puntos | 12.74h (764 min) | 2.4 km | 💰 132€ / 200€
2025-10-17 16:49:58 - INFO - 
2025-10-17 16:49:58 - INFO -    1. 09:00 - 10:30 │ El Tubo                                     │ turistico    │  75 pts │ 10€
2025-10-17 16:49:58 - INFO -    2. 10:32 - 11:32 │ Mercado Central                             │ tienda       │  69 pts │ 10€
2025-10-17 16:49:58 - INFO -                     └─ Tránsito: 3 min
2025-10-17 16:49:58 - INFO -    3. 11:37 - 12:22 │ Patio de la Infanta                         │ palacio      │  73 pts │ 12€
2025-10-17 16:49:58 - INFO -                     └─ Tránsito: 4 min
2025-10-17 16:49:58 - INFO -    4. 12:24 - 13:54 │ Basílica del Pilar                          │ catedral     │  97 pts │  8€
2025-10-17 16:49:58 - INFO -                     └─ Tránsito: 3 min
2025-10-17 16:49:58 - INFO -    5. 13:56 - 14:56 │ Bodega Almau                                │ bar          │  69 pts │  8€ COMIDA
2025-10-17 16:49:58 - INFO -                     └─ Tránsito: 2 min
2025-10-17 16:49:58 - INFO -    6. 14:56 - 16:26 │ Restaurante Cancook                         │ restaurante  │  75 pts │ 25€ COMIDA
2025-10-17 16:49:58 - INFO -                     └─ Tránsito: 1 min
2025-10-17 16:49:58 - INFO -    7. 16:28 - 17:28 │ Casa Pascualillo                            │ bar          │  66 pts │  8€
2025-10-17 16:49:58 - INFO -                     └─ Tránsito: 1 min
2025-10-17 16:49:58 - INFO -    8. 17:29 - 18:29 │ Museo del Teatro Romano                     │ museo        │  80 pts │ 15€
2025-10-17 16:49:58 - INFO -                     └─ Tránsito: 2 min
2025-10-17 16:49:58 - INFO -    9. 18:31 - 19:16 │ Murallas Romanas                            │ turistico    │  69 pts │ 10€
2025-10-17 16:49:58 - INFO -                     └─ Tránsito: 2 min
2025-10-17 16:49:58 - INFO -   10. 19:22 - 19:37 │ Puerta del Carmen                           │ turistico    │  66 pts │ 10€
2025-10-17 16:49:58 - INFO -                     └─ Tránsito: 5 min
2025-10-17 16:49:58 - INFO -   11. 19:43 - 20:43 │ Bar La Tiradora                             │ bar          │  68 pts │  8€
2025-10-17 16:49:58 - INFO -                     └─ Tránsito: 6 min
2025-10-17 16:49:58 - INFO -   12. 20:44 - 21:44 │ Bar La Miguería                             │ bar          │  67 pts │  8€ CENA
2025-10-17 16:49:58 - INFO -                     └─ Tránsito: 1 min
2025-10-17 16:49:58 - INFO - 
  ✅ DÍA FINALIZADO: 21:44 | Dentro del límite (14h)
2025-10-17 16:49:58 - INFO - 
2025-10-17 16:49:58 - INFO - ────────────────────────────────────────────────────────────────────────────────
2025-10-17 16:49:58 - INFO - DÍA 16 - ZARAGOZA
2025-10-17 16:49:58 - INFO - ────────────────────────────────────────────────────────────────────────────────
2025-10-17 16:49:58 - INFO - 📊 Resumen: 12 lugares | 862 puntos | 10.64h (638 min) | 7.3 km | 💰 110€ / 200€
2025-10-17 16:49:58 - INFO - 
2025-10-17 16:49:58 - INFO -    1. 09:00 - 09:45 │ Barrio de las Armas                         │ turistico    │  60 pts │ 10€
2025-10-17 16:49:58 - INFO -    2. 09:48 - 10:18 │ Iglesia de la Magdalena                     │ catedral     │  73 pts │  8€
2025-10-17 16:49:58 - INFO -                     └─ Tránsito: 4 min
2025-10-17 16:49:58 - INFO -    3. 10:30 - 11:45 │ CaixaForum Zaragoza                         │ museo        │  77 pts │ 15€
2025-10-17 16:49:58 - INFO -                     └─ Tránsito: 11 min
2025-10-17 16:49:58 - INFO -    4. 11:58 - 12:43 │ Gran Vía Zaragoza                           │ turistico    │  68 pts │ 10€
2025-10-17 16:49:58 - INFO -                     └─ Tránsito: 14 min
2025-10-17 16:49:58 - INFO -    5. 12:51 - 13:51 │ Palacio de Sástago Centro                   │ museo        │  67 pts │ 15€
2025-10-17 16:49:58 - INFO -                     └─ Tránsito: 8 min
2025-10-17 16:49:58 - INFO -    6. 13:57 - 14:57 │ Museo del Fuego                             │ museo        │  70 pts │ 15€
2025-10-17 16:49:58 - INFO -                     └─ Tránsito: 6 min
2025-10-17 16:49:58 - INFO -    7. 15:03 - 15:48 │ Palacio de los Condes de Morata             │ palacio      │  72 pts │ 12€
2025-10-17 16:49:58 - INFO -                     └─ Tránsito: 5 min
2025-10-17 16:49:58 - INFO -    8. 16:03 - 17:33 │ Auditorio de Zaragoza                       │ turistico    │  68 pts │ 10€
2025-10-17 16:49:58 - INFO -                     └─ Tránsito: 15 min
2025-10-17 16:49:58 - INFO -    9. 17:49 - 18:19 │ Plaza del Pilar                             │ plaza        │  83 pts │  0€
2025-10-17 16:49:58 - INFO -                     └─ Tránsito: 16 min
2025-10-17 16:49:58 - INFO -   10. 18:23 - 18:43 │ Plaza del Justicia                          │ plaza        │  66 pts │  0€
2025-10-17 16:49:58 - INFO -                     └─ Tránsito: 4 min
2025-10-17 16:49:58 - INFO -   11. 18:46 - 19:06 │ Puente de Piedra                            │ turistico    │  76 pts │ 10€
2025-10-17 16:49:58 - INFO -                     └─ Tránsito: 4 min
2025-10-17 16:49:58 - INFO -   12. 19:08 - 19:38 │ Mirador Torre Pilar                         │ mirador      │  82 pts │  5€
2025-10-17 16:49:58 - INFO -                     └─ Tránsito: 1 min
2025-10-17 16:49:58 - INFO - 
  ✅ DÍA FINALIZADO: 19:38 | Dentro del límite (14h)
2025-10-17 16:49:58 - INFO - 
2025-10-17 16:49:58 - INFO - ────────────────────────────────────────────────────────────────────────────────
2025-10-17 16:49:58 - INFO - DÍA 17 - ZARAGOZA
2025-10-17 16:49:58 - INFO - ────────────────────────────────────────────────────────────────────────────────
2025-10-17 16:49:58 - INFO - 📊 Resumen: 12 lugares | 844 puntos | 9.97h (598 min) | 6.5 km | 💰 127€ / 200€
2025-10-17 16:49:58 - INFO - 
2025-10-17 16:49:58 - INFO -    1. 09:00 - 09:45 │ Paseo Echegaray y Caballero                 │ turistico    │  64 pts │ 10€
2025-10-17 16:49:58 - INFO -    2. 09:57 - 10:27 │ Iglesia de San Pablo                        │ catedral     │  75 pts │  8€
2025-10-17 16:49:58 - INFO -                     └─ Tránsito: 12 min
2025-10-17 16:49:58 - INFO -    3. 10:30 - 11:15 │ Casino Mercantil                            │ palacio      │  69 pts │ 12€
2025-10-17 16:49:58 - INFO -                     └─ Tránsito: 4 min
2025-10-17 16:49:58 - INFO -    4. 11:18 - 11:48 │ Coso Alto                                   │ turistico    │  65 pts │ 10€
2025-10-17 16:49:58 - INFO -                     └─ Tránsito: 3 min
2025-10-17 16:49:58 - INFO -    5. 11:59 - 12:19 │ Plaza de los Sitios                         │ plaza        │  69 pts │  0€
2025-10-17 16:49:58 - INFO -                     └─ Tránsito: 11 min
2025-10-17 16:49:58 - INFO -    6. 12:33 - 13:18 │ Torreón de la Zuda                          │ palacio      │  74 pts │ 12€
2025-10-17 16:49:58 - INFO -                     └─ Tránsito: 13 min
2025-10-17 16:49:58 - INFO -    7. 13:24 - 14:39 │ Espacio Goya                                │ museo        │  72 pts │ 15€
2025-10-17 16:49:58 - INFO -                     └─ Tránsito: 6 min
2025-10-17 16:49:58 - INFO -    8. 14:44 - 14:54 │ Estatua de Alfonso I                        │ turistico    │  65 pts │ 10€
2025-10-17 16:49:58 - INFO -                     └─ Tránsito: 6 min
2025-10-17 16:49:58 - INFO -    9. 14:56 - 16:11 │ Casa Juanico                                │ restaurante  │  73 pts │ 25€ COMIDA
2025-10-17 16:49:58 - INFO -                     └─ Tránsito: 2 min
2025-10-17 16:49:58 - INFO -   10. 16:13 - 16:58 │ Calle Don Jaime I                           │ turistico    │  69 pts │ 10€
2025-10-17 16:49:58 - INFO -                     └─ Tránsito: 2 min
2025-10-17 16:49:58 - INFO -   11. 17:06 - 18:21 │ Museo de Zaragoza                           │ museo        │  82 pts │ 15€
2025-10-17 16:49:58 - INFO -                     └─ Tránsito: 8 min
2025-10-17 16:49:58 - INFO -   12. 18:33 - 18:58 │ Plaza de Aragón                             │ plaza        │  67 pts │  0€
2025-10-17 16:49:58 - INFO -                     └─ Tránsito: 12 min
2025-10-17 16:49:58 - INFO - 
  ✅ DÍA FINALIZADO: 18:58 | Dentro del límite (14h)
2025-10-17 16:49:58 - INFO - 
2025-10-17 16:49:58 - INFO - ────────────────────────────────────────────────────────────────────────────────
2025-10-17 16:49:58 - INFO - DÍA 18 - MÁLAGA
2025-10-17 16:49:58 - INFO - ────────────────────────────────────────────────────────────────────────────────
2025-10-17 16:49:58 - INFO - 🚄 Transporte: Zaragoza → Málaga | TREN (0 min, 0€)
2025-10-17 16:49:58 - INFO - 
2025-10-17 16:49:58 - INFO - 📊 Resumen: 11 lugares | 796 puntos | 12.34h (741 min) | 12.1 km | 💰 83€ / 200€
2025-10-17 16:49:58 - INFO - 
2025-10-17 16:49:58 - INFO -    1. 09:00 - 09:20 │ Mirador del Paseo del Parque                │ mirador      │  70 pts │  5€
2025-10-17 16:49:58 - INFO -    2. 09:49 - 11:19 │ Barrio de Pedregalejo                       │ turistico    │  68 pts │ 10€
2025-10-17 16:49:58 - INFO -                     └─ Tránsito: 30 min
2025-10-17 16:49:58 - INFO -    3. 11:51 - 12:51 │ La Tranca                                   │ bar          │  67 pts │  8€
2025-10-17 16:49:58 - INFO -                     └─ Tránsito: 32 min
2025-10-17 16:49:58 - INFO -    4. 12:54 - 13:54 │ Palacio de la Aduana                        │ museo        │  75 pts │ 15€
2025-10-17 16:49:58 - INFO -                     └─ Tránsito: 2 min
2025-10-17 16:49:58 - INFO -    5. 14:01 - 14:31 │ Faro de Málaga                              │ turistico    │  70 pts │ 10€
2025-10-17 16:49:58 - INFO -                     └─ Tránsito: 8 min
2025-10-17 16:49:58 - INFO -    6. 14:32 - 14:52 │ Farola de Málaga                            │ turistico    │  68 pts │ 10€
2025-10-17 16:49:58 - INFO -                     └─ Tránsito: 1 min
2025-10-17 16:49:58 - INFO -    7. 14:59 - 16:14 │ Plaza de Toros La Malagueta                 │ turistico    │  75 pts │ 10€
2025-10-17 16:49:58 - INFO -                     └─ Tránsito: 7 min
2025-10-17 16:49:58 - INFO -    8. 16:16 - 17:16 │ Paseo Marítimo Pablo Ruiz Picasso           │ turistico    │  72 pts │ 10€
2025-10-17 16:49:58 - INFO -                     └─ Tránsito: 1 min
2025-10-17 16:49:58 - INFO -    9. 17:24 - 17:54 │ Mirador de Gibralfaro                       │ mirador      │  89 pts │  5€
2025-10-17 16:49:58 - INFO -                     └─ Tránsito: 9 min
2025-10-17 16:49:58 - INFO -   10. 18:05 - 18:35 │ Plaza de la Merced                          │ plaza        │  71 pts │  0€
2025-10-17 16:49:58 - INFO -                     └─ Tránsito: 11 min
2025-10-17 16:49:58 - INFO -   11. 19:20 - 21:20 │ Playa del Palo                              │ playa        │  71 pts │  0€
2025-10-17 16:49:58 - INFO -                     └─ Tránsito: 45 min
2025-10-17 16:49:58 - INFO - 
  ✅ DÍA FINALIZADO: 21:20 | Dentro del límite (14h)
2025-10-17 16:49:58 - INFO - 
2025-10-17 16:49:58 - INFO - ────────────────────────────────────────────────────────────────────────────────
2025-10-17 16:49:58 - INFO - DÍA 19 - MÁLAGA
2025-10-17 16:49:58 - INFO - ────────────────────────────────────────────────────────────────────────────────
2025-10-17 16:49:58 - INFO - 📊 Resumen: 12 lugares | 870 puntos | 13.37h (802 min) | 6.0 km | 💰 105€ / 200€
2025-10-17 16:49:58 - INFO - 
2025-10-17 16:49:58 - INFO -    1. 09:00 - 10:30 │ Sala Unicaja de Conciertos                  │ turistico    │  65 pts │ 10€
2025-10-17 16:49:58 - INFO -    2. 10:33 - 11:18 │ Palmeral de las Sorpresas                   │ parque       │  76 pts │  0€
2025-10-17 16:49:58 - INFO -                     └─ Tránsito: 4 min
2025-10-17 16:49:58 - INFO -    3. 11:24 - 12:54 │ Museo Interactivo de la Música              │ museo        │  74 pts │ 15€
2025-10-17 16:49:58 - INFO -                     └─ Tránsito: 5 min
2025-10-17 16:49:58 - INFO -    4. 12:59 - 13:44 │ Jardines de Pedro Luis Alonso               │ parque       │  64 pts │  0€
2025-10-17 16:49:58 - INFO -                     └─ Tránsito: 6 min
2025-10-17 16:49:58 - INFO -    5. 13:49 - 14:09 │ Plaza del Obispo                            │ plaza        │  68 pts │  0€
2025-10-17 16:49:58 - INFO -                     └─ Tránsito: 5 min
2025-10-17 16:49:58 - INFO -    6. 14:11 - 15:11 │ Centro Cultural MVA                         │ museo        │  67 pts │ 15€
2025-10-17 16:49:58 - INFO -                     └─ Tránsito: 3 min
2025-10-17 16:49:58 - INFO -    7. 15:23 - 16:38 │ Castillo de Gibralfaro                      │ palacio      │  91 pts │ 12€
2025-10-17 16:49:58 - INFO -                     └─ Tránsito: 12 min
2025-10-17 16:49:58 - INFO -    8. 16:52 - 17:37 │ Calle Larios                                │ turistico    │  85 pts │ 10€
2025-10-17 16:49:58 - INFO -                     └─ Tránsito: 14 min
2025-10-17 16:49:58 - INFO -    9. 17:46 - 19:46 │ Restaurante José Carlos García              │ restaurante  │  82 pts │ 25€
2025-10-17 16:49:58 - INFO -                     └─ Tránsito: 9 min
2025-10-17 16:49:58 - INFO -   10. 19:55 - 20:55 │ Mercado Central de Atarazanas               │ tienda       │  68 pts │ 10€
2025-10-17 16:49:58 - INFO -                     └─ Tránsito: 9 min
2025-10-17 16:49:58 - INFO -   11. 20:57 - 21:17 │ Plaza Marina                                │ plaza        │  62 pts │  0€
2025-10-17 16:49:58 - INFO -                     └─ Tránsito: 1 min
2025-10-17 16:49:58 - INFO -   12. 21:22 - 22:22 │ Bar El Tapeo de Cervantes                   │ bar          │  68 pts │  8€ CENA
2025-10-17 16:49:58 - INFO -                     └─ Tránsito: 5 min
2025-10-17 16:49:58 - INFO - 
  ✅ DÍA FINALIZADO: 22:22 | Dentro del límite (14h)
2025-10-17 16:49:58 - INFO - 
2025-10-17 16:49:58 - INFO - ────────────────────────────────────────────────────────────────────────────────
2025-10-17 16:49:58 - INFO - DÍA 20 - GRANADA
2025-10-17 16:49:58 - INFO - ────────────────────────────────────────────────────────────────────────────────
2025-10-17 16:49:58 - INFO - ✈️ Transporte: Málaga → Granada | AVION (90 min, 12€)
2025-10-17 16:49:58 - INFO - 
2025-10-17 16:49:58 - INFO - 📊 Resumen: 9 lugares | 466 puntos | 8.32h (499 min) | 8.3 km | 💰 90€ / 200€
2025-10-17 16:49:58 - INFO - 
2025-10-17 16:49:58 - INFO -    1. 09:00 - 09:30 │ Callejón de las Monjas                      │ turistico    │  42 pts │ 10€
2025-10-17 16:49:58 - INFO -    2. 10:02 - 11:02 │ Observatorio Astronómico                    │ museo        │  44 pts │ 15€
2025-10-17 16:49:58 - INFO -                     └─ Tránsito: 32 min
2025-10-17 16:49:58 - INFO -    3. 11:25 - 12:25 │ Palacio de Carlos V                         │ palacio      │  63 pts │ 12€
2025-10-17 16:49:58 - INFO -                     └─ Tránsito: 23 min
2025-10-17 16:49:58 - INFO -    4. 12:36 - 12:56 │ Puerta Monaita                              │ turistico    │  43 pts │ 10€
2025-10-17 16:49:58 - INFO -                     └─ Tránsito: 11 min
2025-10-17 16:49:58 - INFO -    5. 13:07 - 13:27 │ Puerta del Vino                             │ turistico    │  52 pts │ 10€
2025-10-17 16:49:58 - INFO -                     └─ Tránsito: 11 min
2025-10-17 16:49:58 - INFO -    6. 13:38 - 14:23 │ Gran Vía de Colón                           │ turistico    │  81 pts │ 10€
2025-10-17 16:49:58 - INFO -                     └─ Tránsito: 11 min
2025-10-17 16:49:58 - INFO -    7. 14:28 - 15:13 │ Café 4 Gatos                                │ cafetería    │  47 pts │  5€ COMIDA
2025-10-17 16:49:58 - INFO -                     └─ Tránsito: 4 min
2025-10-17 16:49:58 - INFO -    8. 15:13 - 16:28 │ Los Diamantes                               │ bar          │  48 pts │  8€
2025-10-17 16:49:58 - INFO -                     └─ Tránsito: 1 min
2025-10-17 16:49:58 - INFO -    9. 16:34 - 17:19 │ Bañuelo (Baños Árabes)                      │ turistico    │  46 pts │ 10€
2025-10-17 16:49:58 - INFO -                     └─ Tránsito: 6 min
2025-10-17 16:49:58 - INFO - 
  ✅ DÍA FINALIZADO: 17:19 | Dentro del límite (14h)
2025-10-17 16:49:58 - INFO - 
2025-10-17 16:49:58 - INFO - ────────────────────────────────────────────────────────────────────────────────
2025-10-17 16:49:58 - INFO - DÍA 21 - CÓRDOBA
2025-10-17 16:49:58 - INFO - ────────────────────────────────────────────────────────────────────────────────
2025-10-17 16:49:58 - INFO - ✈️ Transporte: Granada → Córdoba | AVION (150 min, 15€)
2025-10-17 16:49:58 - INFO - 
2025-10-17 16:49:58 - INFO - 📊 Resumen: 12 lugares | 582 puntos | 8.55h (513 min) | 7.7 km | 💰 115€ / 200€
2025-10-17 16:49:58 - INFO - 
2025-10-17 16:49:58 - INFO -    1. 09:00 - 09:15 │ Estatua de Averroes                         │ turistico    │  43 pts │ 10€
2025-10-17 16:49:58 - INFO -    2. 09:26 - 09:41 │ Estatua de Séneca                           │ turistico    │  41 pts │ 10€
2025-10-17 16:49:58 - INFO -                     └─ Tránsito: 12 min
2025-10-17 16:49:58 - INFO -    3. 09:54 - 10:09 │ Plaza de las Doblas                         │ plaza        │  32 pts │  0€
2025-10-17 16:49:58 - INFO -                     └─ Tránsito: 12 min
2025-10-17 16:49:58 - INFO -    4. 10:12 - 10:27 │ Calleja del Pañuelo                         │ turistico    │  54 pts │ 10€
2025-10-17 16:49:58 - INFO -                     └─ Tránsito: 3 min
2025-10-17 16:49:58 - INFO -    5. 10:28 - 11:28 │ Museo Diocesano                             │ museo        │  56 pts │ 15€
2025-10-17 16:49:58 - INFO -                     └─ Tránsito: 1 min
2025-10-17 16:49:58 - INFO -    6. 11:52 - 12:22 │ Avenida del Brillante                       │ turistico    │  53 pts │ 10€
2025-10-17 16:49:58 - INFO -                     └─ Tránsito: 24 min
2025-10-17 16:49:58 - INFO -    7. 12:46 - 13:46 │ Boulevard Gran Capitán                      │ turistico    │  56 pts │ 10€
2025-10-17 16:49:58 - INFO -                     └─ Tránsito: 24 min
2025-10-17 16:49:58 - INFO -    8. 13:54 - 14:39 │ Café Bar Sociedad de Plateros               │ cafetería    │  29 pts │  5€ COMIDA
2025-10-17 16:49:58 - INFO -                     └─ Tránsito: 9 min
2025-10-17 16:49:58 - INFO -    9. 14:40 - 14:55 │ Puerta del Perdón                           │ turistico    │  55 pts │ 10€
2025-10-17 16:49:58 - INFO -                     └─ Tránsito: 1 min
2025-10-17 16:49:58 - INFO -   10. 14:58 - 16:13 │ Museo de Bellas Artes                       │ museo        │  48 pts │ 15€
2025-10-17 16:49:58 - INFO -                     └─ Tránsito: 3 min
2025-10-17 16:49:58 - INFO -   11. 16:16 - 16:46 │ Patio de los Naranjos                       │ turistico    │  58 pts │ 10€
2025-10-17 16:49:58 - INFO -                     └─ Tránsito: 3 min
2025-10-17 16:49:58 - INFO -   12. 16:47 - 17:32 │ Zoco Municipal                              │ tienda       │  57 pts │ 10€
2025-10-17 16:49:58 - INFO -                     └─ Tránsito: 2 min
2025-10-17 16:49:58 - INFO - 
  ✅ DÍA FINALIZADO: 17:32 | Dentro del límite (14h)
2025-10-17 16:49:58 - INFO - 
2025-10-17 16:49:58 - INFO - ────────────────────────────────────────────────────────────────────────────────
2025-10-17 16:49:58 - INFO - DÍA 22 - BURGOS
2025-10-17 16:49:58 - INFO - ────────────────────────────────────────────────────────────────────────────────
2025-10-17 16:49:58 - INFO - 🚄 Transporte: Córdoba → Burgos | TREN (0 min, 0€)
2025-10-17 16:49:58 - INFO - 
2025-10-17 16:49:58 - INFO - 📊 Resumen: 12 lugares | 875 puntos | 8.40h (504 min) | 4.1 km | 💰 113€ / 200€
2025-10-17 16:49:58 - INFO - 
2025-10-17 16:49:58 - INFO -    1. 09:00 - 09:15 │ Arco de San Juan                            │ turistico    │  72 pts │ 10€
2025-10-17 16:49:58 - INFO -    2. 09:18 - 09:48 │ Pastelería Viena Capellanes                 │ cafetería    │  71 pts │  5€ DESAYUNO
2025-10-17 16:49:58 - INFO -                     └─ Tránsito: 3 min
2025-10-17 16:49:58 - INFO -    3. 09:55 - 10:25 │ Ermita del Cementerio                       │ catedral     │  70 pts │  8€
2025-10-17 16:49:58 - INFO -                     └─ Tránsito: 7 min
2025-10-17 16:49:58 - INFO -    4. 10:35 - 11:50 │ Centro de Arte Caja de Burgos (CAB)         │ museo        │  77 pts │ 15€
2025-10-17 16:49:58 - INFO -                     └─ Tránsito: 10 min
2025-10-17 16:49:58 - INFO -    5. 11:53 - 12:53 │ Casa Museo Marceliano Santa María           │ museo        │  74 pts │ 15€
2025-10-17 16:49:58 - INFO -                     └─ Tránsito: 4 min
2025-10-17 16:49:58 - INFO -    6. 12:58 - 13:58 │ Parque del Castillo                         │ parque       │  70 pts │  0€
2025-10-17 16:49:58 - INFO -                     └─ Tránsito: 5 min
2025-10-17 16:49:58 - INFO -    7. 14:02 - 14:32 │ Arco de Santa María                         │ turistico    │  80 pts │ 10€
2025-10-17 16:49:58 - INFO -                     └─ Tránsito: 4 min
2025-10-17 16:49:58 - INFO -    8. 14:35 - 15:35 │ Mercado Norte                               │ tienda       │  70 pts │ 10€
2025-10-17 16:49:58 - INFO -                     └─ Tránsito: 4 min
2025-10-17 16:49:58 - INFO -    9. 15:41 - 16:01 │ Puente de San Pablo                         │ turistico    │  74 pts │ 10€
2025-10-17 16:49:58 - INFO -                     └─ Tránsito: 5 min
2025-10-17 16:49:58 - INFO -   10. 16:04 - 16:34 │ Iglesia de San Lesmes                       │ catedral     │  74 pts │  8€
2025-10-17 16:49:58 - INFO -                     └─ Tránsito: 3 min
2025-10-17 16:49:58 - INFO -   11. 16:36 - 17:06 │ Ayuntamiento de Burgos                      │ palacio      │  73 pts │ 12€
2025-10-17 16:49:58 - INFO -                     └─ Tránsito: 3 min
2025-10-17 16:49:58 - INFO -   12. 17:09 - 17:24 │ Puerta de San Gil                           │ turistico    │  70 pts │ 10€
2025-10-17 16:49:58 - INFO -                     └─ Tránsito: 2 min
2025-10-17 16:49:58 - INFO - 
  ✅ DÍA FINALIZADO: 17:24 | Dentro del límite (14h)
2025-10-17 16:49:58 - INFO - 
2025-10-17 16:49:58 - INFO - ────────────────────────────────────────────────────────────────────────────────
2025-10-17 16:49:58 - INFO - DÍA 23 - BURGOS
2025-10-17 16:49:58 - INFO - ────────────────────────────────────────────────────────────────────────────────
2025-10-17 16:49:58 - INFO - 📊 Resumen: 12 lugares | 921 puntos | 13.67h (820 min) | 10.8 km | 💰 106€ / 200€
2025-10-17 16:49:58 - INFO - 
2025-10-17 16:49:58 - INFO -    1. 09:00 - 09:30 │ Iglesia de San Nicolás                      │ catedral     │  76 pts │  8€
2025-10-17 16:49:58 - INFO -    2. 10:01 - 11:31 │ Parque de Fuentes Blancas                   │ parque       │  72 pts │  0€
2025-10-17 16:49:58 - INFO -                     └─ Tránsito: 32 min
2025-10-17 16:49:58 - INFO -    3. 12:04 - 12:49 │ Cafetería Gambrinus                         │ cafetería    │  72 pts │  5€
2025-10-17 16:49:58 - INFO -                     └─ Tránsito: 33 min
2025-10-17 16:49:58 - INFO -    4. 12:50 - 13:20 │ Consulado del Mar                           │ palacio      │  73 pts │ 12€
2025-10-17 16:49:58 - INFO -                     └─ Tránsito: 1 min
2025-10-17 16:49:58 - INFO -    5. 13:21 - 13:36 │ Mirador del Arco de Santa María             │ mirador      │  80 pts │  5€
2025-10-17 16:49:58 - INFO -                     └─ Tránsito: 1 min
2025-10-17 16:49:58 - INFO -    6. 13:38 - 13:53 │ Estatua del Cid                             │ turistico    │  76 pts │ 10€
2025-10-17 16:49:58 - INFO -                     └─ Tránsito: 2 min
2025-10-17 16:49:58 - INFO -    7. 13:54 - 14:54 │ Centro Cultural Cordón                      │ museo        │  71 pts │ 15€
2025-10-17 16:49:58 - INFO -                     └─ Tránsito: 1 min
2025-10-17 16:49:58 - INFO -    8. 14:55 - 16:25 │ Catedral de Burgos                          │ catedral     │  97 pts │  8€
2025-10-17 16:49:58 - INFO -                     └─ Tránsito: 1 min
2025-10-17 16:49:58 - INFO -    9. 16:38 - 18:08 │ Estadio El Plantío                          │ turistico    │  70 pts │ 10€
2025-10-17 16:49:58 - INFO -                     └─ Tránsito: 13 min
2025-10-17 16:49:58 - INFO -   10. 18:28 - 19:13 │ Claustr del Monasterio de las Huelgas       │ catedral     │  82 pts │  8€
2025-10-17 16:49:58 - INFO -                     └─ Tránsito: 20 min
2025-10-17 16:49:58 - INFO -   11. 19:31 - 20:31 │ Parque de la Quinta                         │ parque       │  68 pts │  0€
2025-10-17 16:49:58 - INFO -                     └─ Tránsito: 18 min
2025-10-17 16:49:58 - INFO -   12. 20:39 - 22:39 │ Restaurante Casa Ojeda                      │ restaurante  │  84 pts │ 25€ CENA
2025-10-17 16:49:58 - INFO -                     └─ Tránsito: 9 min
2025-10-17 16:49:58 - INFO - 
  ✅ DÍA FINALIZADO: 22:39 | Dentro del límite (14h)
2025-10-17 16:49:58 - INFO - 
2025-10-17 16:49:58 - INFO - ────────────────────────────────────────────────────────────────────────────────
2025-10-17 16:49:58 - INFO - DÍA 24 - BURGOS
2025-10-17 16:49:58 - INFO - ────────────────────────────────────────────────────────────────────────────────
2025-10-17 16:49:58 - INFO - 📊 Resumen: 12 lugares | 893 puntos | 7.53h (452 min) | 3.9 km | 💰 84€ / 200€
2025-10-17 16:49:58 - INFO - 
2025-10-17 16:49:58 - INFO -    1. 09:00 - 09:15 │ Papamoscas (reloj catedral)                 │ turistico    │  79 pts │ 10€
2025-10-17 16:49:58 - INFO -    2. 09:16 - 09:31 │ Arco de San Esteban                         │ turistico    │  71 pts │ 10€
2025-10-17 16:49:58 - INFO -                     └─ Tránsito: 1 min
2025-10-17 16:49:58 - INFO -    3. 09:34 - 10:04 │ Iglesia de San Lorenzo                      │ catedral     │  75 pts │  8€
2025-10-17 16:49:58 - INFO -                     └─ Tránsito: 3 min
2025-10-17 16:49:58 - INFO -    4. 10:16 - 10:46 │ Capilla de la Presentación                  │ catedral     │  74 pts │  8€
2025-10-17 16:49:58 - INFO -                     └─ Tránsito: 12 min
2025-10-17 16:49:58 - INFO -    5. 10:55 - 11:55 │ Museo del Retablo                           │ museo        │  76 pts │ 15€
2025-10-17 16:49:58 - INFO -                     └─ Tránsito: 9 min
2025-10-17 16:49:58 - INFO -    6. 12:00 - 13:00 │ Paseo de la Isla                            │ parque       │  76 pts │  0€
2025-10-17 16:49:58 - INFO -                     └─ Tránsito: 5 min
2025-10-17 16:49:58 - INFO -    7. 13:01 - 13:46 │ Isla del Padre Luís                         │ parque       │  69 pts │  0€
2025-10-17 16:49:58 - INFO -                     └─ Tránsito: 0 min
2025-10-17 16:49:58 - INFO -    8. 13:52 - 14:52 │ Bar España                                  │ bar          │  75 pts │  8€ COMIDA
2025-10-17 16:49:58 - INFO -                     └─ Tránsito: 6 min
2025-10-17 16:49:58 - INFO -    9. 14:52 - 15:22 │ Calle Santander                             │ turistico    │  70 pts │ 10€
2025-10-17 16:49:58 - INFO -                     └─ Tránsito: 0 min
2025-10-17 16:49:58 - INFO -   10. 15:25 - 15:40 │ Arco de San Martín                          │ turistico    │  73 pts │ 10€
2025-10-17 16:49:58 - INFO -                     └─ Tránsito: 4 min
2025-10-17 16:49:58 - INFO -   11. 15:44 - 16:14 │ Plaza Mayor Burgos                          │ plaza        │  74 pts │  0€
2025-10-17 16:49:58 - INFO -                     └─ Tránsito: 3 min
2025-10-17 16:49:58 - INFO -   12. 16:16 - 16:31 │ Mirador de San Miguel                       │ mirador      │  81 pts │  5€
2025-10-17 16:49:58 - INFO -                     └─ Tránsito: 3 min
2025-10-17 16:49:58 - INFO - 
  ✅ DÍA FINALIZADO: 16:31 | Dentro del límite (14h)
2025-10-17 16:49:58 - INFO - 
2025-10-17 16:49:58 - INFO - ────────────────────────────────────────────────────────────────────────────────
2025-10-17 16:49:58 - INFO - DÍA 25 - BURGOS
2025-10-17 16:49:58 - INFO - ────────────────────────────────────────────────────────────────────────────────
2025-10-17 16:49:58 - INFO - 📊 Resumen: 12 lugares | 938 puntos | 13.05h (783 min) | 2.3 km | 💰 139€ / 200€
2025-10-17 16:49:58 - INFO - 
2025-10-17 16:49:58 - INFO -    1. 09:00 - 11:00 │ Camino de Santiago (tramo Burgos)           │ turistico    │  85 pts │ 10€
2025-10-17 16:49:58 - INFO -    2. 11:02 - 11:47 │ Convento de Santa Clara                     │ catedral     │  72 pts │  8€
2025-10-17 16:49:58 - INFO -                     └─ Tránsito: 2 min
2025-10-17 16:49:58 - INFO -    3. 11:49 - 12:34 │ Iglesia de San Esteban                      │ catedral     │  78 pts │  8€
2025-10-17 16:49:58 - INFO -                     └─ Tránsito: 2 min
2025-10-17 16:49:58 - INFO -    4. 12:37 - 14:37 │ Museo de la Evolución Humana                │ museo        │  91 pts │ 15€
2025-10-17 16:49:58 - INFO -                     └─ Tránsito: 4 min
2025-10-17 16:49:58 - INFO -    5. 14:40 - 14:55 │ Puerta de San Martín                        │ turistico    │  71 pts │ 10€
2025-10-17 16:49:58 - INFO -                     └─ Tránsito: 2 min
2025-10-17 16:49:58 - INFO -    6. 14:57 - 15:42 │ Capilla del Condestable                     │ catedral     │  88 pts │  8€
2025-10-17 16:49:58 - INFO -                     └─ Tránsito: 2 min
2025-10-17 16:49:58 - INFO -    7. 15:44 - 16:04 │ Plaza de Vega                               │ plaza        │  71 pts │  0€
2025-10-17 16:49:58 - INFO -                     └─ Tránsito: 2 min
2025-10-17 16:49:58 - INFO -    8. 16:06 - 17:36 │ Teatro Principal                            │ turistico    │  76 pts │ 10€
2025-10-17 16:49:58 - INFO -                     └─ Tránsito: 2 min
2025-10-17 16:49:58 - INFO -    9. 17:38 - 18:08 │ Calle Vitoria                               │ turistico    │  69 pts │ 10€
2025-10-17 16:49:58 - INFO -                     └─ Tránsito: 1 min
2025-10-17 16:49:58 - INFO -   10. 18:09 - 18:54 │ Calle Fernán González                       │ turistico    │  72 pts │ 10€
2025-10-17 16:49:58 - INFO -                     └─ Tránsito: 1 min
2025-10-17 16:49:58 - INFO -   11. 18:59 - 20:29 │ Restaurante El Huerto de Roque              │ restaurante  │  82 pts │ 25€
2025-10-17 16:49:58 - INFO -                     └─ Tránsito: 5 min
2025-10-17 16:49:58 - INFO -   12. 20:33 - 22:03 │ Asador de Aranda                            │ restaurante  │  83 pts │ 25€ CENA
2025-10-17 16:49:58 - INFO -                     └─ Tránsito: 4 min
2025-10-17 16:49:58 - INFO - 
  ✅ DÍA FINALIZADO: 22:03 | Dentro del límite (14h)
2025-10-17 16:49:58 - INFO - 
2025-10-17 16:49:58 - INFO - ────────────────────────────────────────────────────────────────────────────────
2025-10-17 16:49:58 - INFO - DÍA 26 - ALICANTE
2025-10-17 16:49:58 - INFO - ────────────────────────────────────────────────────────────────────────────────
2025-10-17 16:49:58 - INFO - 🚄 Transporte: Burgos → Alicante | TREN (0 min, 0€)
2025-10-17 16:49:58 - INFO - 
2025-10-17 16:49:58 - INFO - 📊 Resumen: 11 lugares | 809 puntos | 13.72h (823 min) | 18.2 km | 💰 78€ / 200€
2025-10-17 16:49:58 - INFO - 
2025-10-17 16:49:58 - INFO -    1. 09:00 - 10:00 │ Paseo Marítimo                              │ turistico    │  75 pts │ 10€
2025-10-17 16:49:58 - INFO -    2. 10:07 - 10:52 │ Calle Mayor                                 │ turistico    │  71 pts │ 10€
2025-10-17 16:49:58 - INFO -                     └─ Tránsito: 7 min
2025-10-17 16:49:58 - INFO -    3. 10:55 - 11:25 │ Paseo Gomiz                                 │ parque       │  67 pts │  0€
2025-10-17 16:49:58 - INFO -                     └─ Tránsito: 3 min
2025-10-17 16:49:58 - INFO -    4. 11:29 - 11:59 │ Iglesia de San Francisco                    │ catedral     │  75 pts │  8€
2025-10-17 16:49:58 - INFO -                     └─ Tránsito: 4 min
2025-10-17 16:49:58 - INFO -    5. 12:00 - 12:30 │ Torre Provincial                            │ palacio      │  70 pts │ 12€
2025-10-17 16:49:58 - INFO -                     └─ Tránsito: 1 min
2025-10-17 16:49:58 - INFO -    6. 12:31 - 12:51 │ Plaza de Gabriel Miró                       │ plaza        │  72 pts │  0€
2025-10-17 16:49:58 - INFO -                     └─ Tránsito: 1 min
2025-10-17 16:49:58 - INFO -    7. 12:56 - 13:41 │ Parque de la Ereta                          │ parque       │  72 pts │  0€
2025-10-17 16:49:58 - INFO -                     └─ Tránsito: 5 min
2025-10-17 16:49:58 - INFO -    8. 13:45 - 14:30 │ Cafetería Almirante                         │ cafetería    │  71 pts │  5€ COMIDA
2025-10-17 16:49:58 - INFO -                     └─ Tránsito: 4 min
2025-10-17 16:49:58 - INFO -    9. 15:55 - 18:25 │ Playa de San Juan                           │ playa        │  85 pts │  0€
2025-10-17 16:49:58 - INFO -                     └─ Tránsito: 1.4h (85 min)
2025-10-17 16:49:58 - INFO -   10. 20:00 - 21:30 │ Restaurante Dársena                         │ restaurante  │  79 pts │ 25€ CENA
2025-10-17 16:49:58 - INFO -                     └─ Tránsito: 1.6h (95 min)
2025-10-17 16:49:58 - INFO -   11. 21:43 - 22:43 │ Bar El Portal                               │ bar          │  72 pts │  8€ CENA
2025-10-17 16:49:58 - INFO -                     └─ Tránsito: 13 min
2025-10-17 16:49:58 - INFO - 
  ✅ DÍA FINALIZADO: 22:43 | Dentro del límite (14h)
2025-10-17 16:49:58 - INFO - 
2025-10-17 16:49:58 - INFO - ────────────────────────────────────────────────────────────────────────────────
2025-10-17 16:49:58 - INFO - DÍA 27 - ALICANTE
2025-10-17 16:49:58 - INFO - ────────────────────────────────────────────────────────────────────────────────
2025-10-17 16:49:58 - INFO - 📊 Resumen: 11 lugares | 810 puntos | 12.18h (731 min) | 5.9 km | 💰 118€ / 200€
2025-10-17 16:49:58 - INFO - 
2025-10-17 16:49:58 - INFO -    1. 09:00 - 10:00 │ Marina Deportiva                            │ turistico    │  72 pts │ 10€
2025-10-17 16:49:58 - INFO -    2. 10:10 - 11:10 │ Museo de Fogueres                           │ museo        │  74 pts │ 15€
2025-10-17 16:49:58 - INFO -                     └─ Tránsito: 11 min
2025-10-17 16:49:58 - INFO -    3. 11:12 - 11:57 │ Parque Canalejas                            │ parque       │  71 pts │  0€
2025-10-17 16:49:58 - INFO -                     └─ Tránsito: 2 min
2025-10-17 16:49:58 - INFO -    4. 12:11 - 13:41 │ Centro Comercial Plaza Mar 2                │ tienda       │  67 pts │ 10€
2025-10-17 16:49:58 - INFO -                     └─ Tránsito: 14 min
2025-10-17 16:49:58 - INFO -    5. 13:55 - 15:10 │ Museo de Arte Contemporáneo (MACA)          │ museo        │  80 pts │ 15€
2025-10-17 16:49:58 - INFO -                     └─ Tránsito: 14 min
2025-10-17 16:49:58 - INFO -    6. 15:12 - 15:57 │ Concatedral de San Nicolás                  │ catedral     │  81 pts │  8€
2025-10-17 16:49:58 - INFO -                     └─ Tránsito: 2 min
2025-10-17 16:49:58 - INFO -    7. 15:59 - 16:44 │ Casa de la Asegurada                        │ museo        │  73 pts │ 15€
2025-10-17 16:49:58 - INFO -                     └─ Tránsito: 2 min
2025-10-17 16:49:58 - INFO -    8. 16:54 - 17:39 │ Paseo del Puerto                            │ turistico    │  70 pts │ 10€
2025-10-17 16:49:58 - INFO -                     └─ Tránsito: 10 min
2025-10-17 16:49:58 - INFO -    9. 17:39 - 18:54 │ Barrio del Puerto                           │ turistico    │  69 pts │ 10€
2025-10-17 16:49:58 - INFO -                     └─ Tránsito: 1 min
2025-10-17 16:49:58 - INFO -   10. 19:07 - 20:37 │ Restaurante Piripi                          │ restaurante  │  78 pts │ 25€
2025-10-17 16:49:58 - INFO -                     └─ Tránsito: 13 min
2025-10-17 16:49:58 - INFO -   11. 20:40 - 21:10 │ Plaza del Ayuntamiento                      │ plaza        │  75 pts │  0€
2025-10-17 16:49:58 - INFO -                     └─ Tránsito: 3 min
2025-10-17 16:49:58 - INFO - 
  ✅ DÍA FINALIZADO: 21:10 | Dentro del límite (14h)
2025-10-17 16:49:58 - INFO - 
2025-10-17 16:49:58 - INFO - ────────────────────────────────────────────────────────────────────────────────
2025-10-17 16:49:58 - INFO - DÍA 28 - ALICANTE
2025-10-17 16:49:58 - INFO - ────────────────────────────────────────────────────────────────────────────────
2025-10-17 16:49:58 - INFO - 📊 Resumen: 11 lugares | 778 puntos | 10.05h (603 min) | 7.3 km | 💰 85€ / 200€
2025-10-17 16:49:58 - INFO - 
2025-10-17 16:49:58 - INFO -    1. 09:00 - 10:00 │ Parque Lo Morant                            │ parque       │  66 pts │  0€
2025-10-17 16:49:58 - INFO -    2. 10:17 - 11:17 │ Centro Cultural Las Cigarreras              │ museo        │  72 pts │ 15€
2025-10-17 16:49:58 - INFO -                     └─ Tránsito: 18 min
2025-10-17 16:49:58 - INFO -    3. 11:24 - 12:09 │ Convento de las Monjas de la Sangre         │ catedral     │  73 pts │  8€
2025-10-17 16:49:58 - INFO -                     └─ Tránsito: 7 min
2025-10-17 16:49:58 - INFO -    4. 12:12 - 13:12 │ Casa de Cultura                             │ museo        │  69 pts │ 15€
2025-10-17 16:49:58 - INFO -                     └─ Tránsito: 2 min
2025-10-17 16:49:58 - INFO -    5. 13:22 - 13:52 │ Lonja del Pescado                           │ turistico    │  70 pts │ 10€
2025-10-17 16:49:58 - INFO -                     └─ Tránsito: 10 min
2025-10-17 16:49:58 - INFO -    6. 14:06 - 15:06 │ Barrio de Benalúa                           │ turistico    │  68 pts │ 10€
2025-10-17 16:49:58 - INFO -                     └─ Tránsito: 14 min
2025-10-17 16:49:58 - INFO -    7. 15:18 - 16:18 │ Castillo de San Fernando                    │ palacio      │  75 pts │ 12€
2025-10-17 16:49:58 - INFO -                     └─ Tránsito: 12 min
2025-10-17 16:49:58 - INFO -    8. 16:33 - 17:03 │ Heladería Alicante                          │ cafetería    │  73 pts │  5€
2025-10-17 16:49:58 - INFO -                     └─ Tránsito: 15 min
2025-10-17 16:49:58 - INFO -    9. 17:05 - 18:05 │ Mercado Central                             │ tienda       │  70 pts │ 10€
2025-10-17 16:49:58 - INFO -                     └─ Tránsito: 2 min
2025-10-17 16:49:58 - INFO -   10. 18:08 - 18:38 │ Jardines de Alfonso X El Sabio              │ parque       │  68 pts │  0€
2025-10-17 16:49:58 - INFO -                     └─ Tránsito: 3 min
2025-10-17 16:49:58 - INFO -   11. 18:43 - 19:03 │ Plaza de los Luceros                        │ plaza        │  74 pts │  0€
2025-10-17 16:49:58 - INFO -                     └─ Tránsito: 4 min
2025-10-17 16:49:58 - INFO - 
  ✅ DÍA FINALIZADO: 19:03 | Dentro del límite (14h)
2025-10-17 16:49:58 - INFO - 
2025-10-17 16:49:58 - INFO - ────────────────────────────────────────────────────────────────────────────────
2025-10-17 16:49:58 - INFO - DÍA 29 - VALENCIA
2025-10-17 16:49:58 - INFO - ────────────────────────────────────────────────────────────────────────────────
2025-10-17 16:49:58 - INFO - ✈️ Transporte: Alicante → Valencia | AVION (120 min, 12€)
2025-10-17 16:49:58 - INFO - 
2025-10-17 16:49:58 - INFO - 📊 Resumen: 4 lugares | 166 puntos | 9.79h (588 min) | 19.0 km | 💰 28€ / 200€
2025-10-17 16:49:58 - INFO - 
2025-10-17 16:49:58 - INFO -    1. 09:00 - 10:30 │ Barrio del Carmen                           │ turistico    │  28 pts │ 10€
2025-10-17 16:49:58 - INFO -    2. 10:45 - 11:45 │ Plaza de Toros Valencia                     │ turistico    │  44 pts │ 10€
2025-10-17 16:49:58 - INFO -                     └─ Tránsito: 15 min
2025-10-17 16:49:58 - INFO -    3. 12:00 - 12:30 │ Parroquia Santa Cruz                        │ catedral     │  44 pts │  8€
2025-10-17 16:49:58 - INFO -                     └─ Tránsito: 15 min
2025-10-17 16:49:58 - INFO -    4. 15:47 - 18:47 │ Albufera de Valencia                        │ parque       │  50 pts │  0€
2025-10-17 16:49:58 - INFO -                     └─ Tránsito: 3.3h (197 min)
2025-10-17 16:49:58 - INFO - 
  ✅ DÍA FINALIZADO: 18:47 | Dentro del límite (14h)
2025-10-17 16:49:58 - INFO - 
2025-10-17 16:49:58 - INFO - ────────────────────────────────────────────────────────────────────────────────
2025-10-17 16:49:58 - INFO - DÍA 30 - LEÓN
2025-10-17 16:49:58 - INFO - ────────────────────────────────────────────────────────────────────────────────
2025-10-17 16:49:58 - INFO - 🚄 Transporte: Valencia → León | TREN (0 min, 0€)
2025-10-17 16:49:58 - INFO - 
2025-10-17 16:49:58 - INFO - 📊 Resumen: 12 lugares | 905 puntos | 11.67h (700 min) | 9.2 km | 💰 88€ / 200€
2025-10-17 16:49:58 - INFO - 
2025-10-17 16:49:58 - INFO -    1. 09:00 - 09:30 │ Iglesia del Mercado                         │ catedral     │  75 pts │  8€
2025-10-17 16:49:58 - INFO -    2. 09:31 - 10:31 │ Panteón Real de San Isidoro                 │ catedral     │  94 pts │  8€
2025-10-17 16:49:58 - INFO -                     └─ Tránsito: 2 min
2025-10-17 16:49:58 - INFO -    3. 10:31 - 11:31 │ Museo de San Isidoro                        │ museo        │  86 pts │ 15€
2025-10-17 16:49:58 - INFO -    4. 11:33 - 11:53 │ Plaza de Santa María del Camino             │ plaza        │  70 pts │  0€
2025-10-17 16:49:58 - INFO -                     └─ Tránsito: 2 min
2025-10-17 16:49:58 - INFO -    5. 11:54 - 12:54 │ Museo Sierra-Pambley                        │ museo        │  77 pts │ 15€
2025-10-17 16:49:58 - INFO -                     └─ Tránsito: 1 min
2025-10-17 16:49:58 - INFO -    6. 12:55 - 13:40 │ Palacio de los Condes de Luna               │ palacio      │  78 pts │ 12€
2025-10-17 16:49:58 - INFO -                     └─ Tránsito: 1 min
2025-10-17 16:49:58 - INFO -    7. 13:57 - 14:42 │ Parque de Eras de Renueva                   │ parque       │  68 pts │  0€
2025-10-17 16:49:58 - INFO -                     └─ Tránsito: 17 min
2025-10-17 16:49:58 - INFO -    8. 15:00 - 15:45 │ Calle Ancha                                 │ turistico    │  73 pts │ 10€
2025-10-17 16:49:58 - INFO -                     └─ Tránsito: 18 min
2025-10-17 16:49:58 - INFO -    9. 15:47 - 16:32 │ Termas Romanas                              │ museo        │  75 pts │ 15€
2025-10-17 16:49:58 - INFO -                     └─ Tránsito: 2 min
2025-10-17 16:49:58 - INFO -   10. 16:35 - 17:20 │ Cafetería Europa                            │ cafetería    │  69 pts │  5€
2025-10-17 16:49:58 - INFO -                     └─ Tránsito: 3 min
2025-10-17 16:49:58 - INFO -   11. 17:49 - 19:19 │ Jardín Botánico Carbajal                    │ parque       │  73 pts │  0€
2025-10-17 16:49:58 - INFO -                     └─ Tránsito: 29 min
2025-10-17 16:49:58 - INFO -   12. 19:55 - 20:40 │ Paseo del Parque                            │ parque       │  67 pts │  0€
2025-10-17 16:49:58 - INFO -                     └─ Tránsito: 36 min
2025-10-17 16:49:58 - INFO - 
  ✅ DÍA FINALIZADO: 20:40 | Dentro del límite (14h)
2025-10-17 16:49:58 - INFO - 
2025-10-17 16:49:58 - INFO - ================================================================================
2025-10-17 16:49:58 - INFO - 🚊 RESUMEN DE TRANSPORTES INTERCITY
2025-10-17 16:49:58 - INFO - ================================================================================

2025-10-17 16:49:58 - INFO - 📊 Estadísticas:
2025-10-17 16:49:58 - INFO -   ✈️  Avión: 6 viajes
2025-10-17 16:49:58 - INFO -   🚄 Tren:  10 viajes
2025-10-17 16:49:58 - INFO -   🚌 Bus:   0 viajes
2025-10-17 16:49:58 - INFO - 
💰 Costo total transportes: 104€
2025-10-17 16:49:58 - INFO - ⏱️  Tiempo total transportes: 903 min (15.1h)
2025-10-17 16:49:58 - INFO - 
2025-10-17 16:49:58 - INFO - ================================================================================
2025-10-17 16:49:58 - INFO - ✅ ANÁLISIS COMPLETO
2025-10-17 16:49:58 - INFO - ================================================================================

2025-10-17 16:49:58 - INFO - 💾 Resultados exportados a: ag_3.json
2025-10-17 16:49:58 - INFO - 
================================================================================
2025-10-17 16:49:58 - INFO - EJECUCIÓN COMPLETADA - Log guardado en: logs\ag_espana_17_16_47.log
2025-10-17 16:49:58 - INFO - ================================================================================
