2025-10-17 02:48:34 - INFO - ================================================================================
2025-10-17 02:48:34 - INFO - INICIO DE EJECUCIÓN - Algoritmo Genético España
2025-10-17 02:48:34 - INFO - Log guardado en: logs\Pob_5000_17_02_48.log
2025-10-17 02:48:34 - INFO - ================================================================================
2025-10-17 02:48:34 - INFO - 
================================================================================
2025-10-17 02:48:34 - INFO - ALGORITMO GENÉTICO
2025-10-17 02:48:34 - INFO - ================================================================================
2025-10-17 02:48:34 - INFO - Días: 20
2025-10-17 02:48:34 - INFO - Lugares/día: 12
2025-10-17 02:48:34 - INFO - Población: 5000
2025-10-17 02:48:34 - INFO - Tiempo límite: 0h 0m (0.01h)
2025-10-17 02:48:34 - INFO - Elitismo: 15%
2025-10-17 02:48:34 - INFO - Dataset: 1367 lugares en 10 ciudades
2025-10-17 02:48:34 - INFO - ================================================================================

2025-10-17 02:48:34 - INFO - Creando población inicial
2025-10-17 02:48:38 - INFO - Evaluando población inicial
2025-10-17 02:48:41 - INFO - 
Iniciando evolución (hasta 36s)...

2025-10-17 02:49:13 - INFO - 
⏱️  Tiempo límite alcanzado: 38.8s
2025-10-17 02:49:13 - INFO - 
✅ Evolución completada!
2025-10-17 02:49:13 - INFO - 🏆 Mejor fitness global: -157270.0
2025-10-17 02:49:13 - INFO - 📊 Generaciones ejecutadas: 4
2025-10-17 02:49:13 - INFO - ⏱️  Tiempo total: 38.76s (0.65m)
