2025-10-17 03:18:05 - INFO - ================================================================================
2025-10-17 03:18:05 - INFO - INICIO DE EJECUCIÓN - Algoritmo Genético España
2025-10-17 03:18:05 - INFO - Log guardado en: logs\Pob_3000_17_03_18.log
2025-10-17 03:18:05 - INFO - ================================================================================
2025-10-17 03:18:05 - INFO - 
================================================================================
2025-10-17 03:18:05 - INFO - ALGORITMO GENÉTICO
2025-10-17 03:18:05 - INFO - ================================================================================
2025-10-17 03:18:05 - INFO - Días: 20
2025-10-17 03:18:05 - INFO - Lugares/día: 12
2025-10-17 03:18:05 - INFO - Población: 3000
2025-10-17 03:18:05 - INFO - Tiempo límite: 8h 0m (8.00h)
2025-10-17 03:18:05 - INFO - Elitismo: 15%
2025-10-17 03:18:05 - INFO - Dataset: 1367 lugares en 10 ciudades
2025-10-17 03:18:05 - INFO - ================================================================================

2025-10-17 03:18:05 - INFO - Creando población inicial
2025-10-17 03:18:14 - INFO - Evaluando población inicial
2025-10-17 03:19:50 - INFO - 
Iniciando evolución (hasta 28800s)...

2025-10-17 03:21:38 - INFO -   Gen    1 | Tiempo:    1.7m (resta: 478m) | Fitness: -32025.8 | Puntos: 11936 | Dist:   303.0km
2025-10-17 03:23:35 - INFO -   Gen    2 | Tiempo:    3.5m (resta: 476m) | Fitness: -16553.8 | Puntos: 11883 | Dist:   287.4km
2025-10-17 03:25:34 - INFO -   Gen    3 | Tiempo:    5.5m (resta: 474m) | Fitness: -16553.8 | Puntos: 11883 | Dist:   287.4km
2025-10-17 03:27:32 - INFO -   Gen    4 | Tiempo:    7.5m (resta: 472m) | Fitness: -16553.8 | Puntos: 11883 | Dist:   287.4km
2025-10-17 03:29:27 - INFO -   Gen    5 | Tiempo:    9.4m (resta: 470m) | Fitness: -16553.8 | Puntos: 11883 | Dist:   287.4km
2025-10-17 03:31:19 - INFO -   Gen    6 | Tiempo:   11.4m (resta: 468m) | Fitness: -16124.7 | Puntos: 12019 | Dist:   308.7km
2025-10-17 03:33:09 - INFO -   Gen    7 | Tiempo:   13.2m (resta: 466m) | Fitness: -13427.8 | Puntos: 11937 | Dist:   305.6km
2025-10-17 03:34:58 - INFO -   Gen    8 | Tiempo:   15.1m (resta: 464m) | Fitness: -13427.8 | Puntos: 11937 | Dist:   305.6km
2025-10-17 03:36:42 - INFO -   Gen    9 | Tiempo:   16.9m (resta: 463m) | Fitness: -10570.8 | Puntos: 11775 | Dist:   285.0km
2025-10-17 03:38:23 - INFO -   Gen   10 | Tiempo:   18.6m (resta: 461m) | Fitness: -10570.8 | Puntos: 11775 | Dist:   285.0km
2025-10-17 03:40:01 - INFO -   Gen   11 | Tiempo:   20.3m (resta: 459m) | Fitness: -10570.8 | Puntos: 11775 | Dist:   285.0km
2025-10-17 03:41:35 - INFO -   Gen   12 | Tiempo:   21.9m (resta: 458m) | Fitness:  -2812.1 | Puntos: 11755 | Dist:   223.6km
2025-10-17 03:43:07 - INFO -   Gen   13 | Tiempo:   23.5m (resta: 456m) | Fitness:  -2812.1 | Puntos: 11755 | Dist:   223.6km
2025-10-17 03:44:34 - INFO -   Gen   14 | Tiempo:   25.0m (resta: 454m) | Fitness:   6710.1 | Puntos: 11677 | Dist:   223.1km
2025-10-17 03:46:02 - INFO -   Gen   15 | Tiempo:   26.5m (resta: 453m) | Fitness:   7019.6 | Puntos: 11687 | Dist:   224.5km
2025-10-17 03:47:27 - INFO -   Gen   16 | Tiempo:   27.9m (resta: 452m) | Fitness:   7019.6 | Puntos: 11687 | Dist:   224.5km
2025-10-17 03:48:46 - INFO -   Gen   17 | Tiempo:   29.4m (resta: 450m) | Fitness:   7019.6 | Puntos: 11687 | Dist:   224.5km
2025-10-17 03:50:03 - INFO -   Gen   18 | Tiempo:   30.7m (resta: 449m) | Fitness:   7331.5 | Puntos: 11877 | Dist:   243.1km
2025-10-17 03:51:17 - INFO -   Gen   19 | Tiempo:   32.0m (resta: 448m) | Fitness:   7331.5 | Puntos: 11877 | Dist:   243.1km
2025-10-17 03:52:26 - INFO -   Gen   20 | Tiempo:   33.2m (resta: 446m) | Fitness:   7331.5 | Puntos: 11877 | Dist:   243.1km
2025-10-17 03:53:32 - INFO -   Gen   21 | Tiempo:   34.4m (resta: 445m) | Fitness:   7355.6 | Puntos: 11821 | Dist:   217.9km
2025-10-17 03:54:36 - INFO -   Gen   22 | Tiempo:   35.5m (resta: 444m) | Fitness:   7534.4 | Puntos: 11907 | Dist:   241.9km
2025-10-17 03:55:39 - INFO -   Gen   23 | Tiempo:   36.5m (resta: 443m) | Fitness:   7534.4 | Puntos: 11907 | Dist:   241.9km
2025-10-17 03:56:41 - INFO -   Gen   24 | Tiempo:   37.6m (resta: 442m) | Fitness:   7534.4 | Puntos: 11907 | Dist:   241.9km
2025-10-17 03:57:42 - INFO -   Gen   25 | Tiempo:   38.6m (resta: 441m) | Fitness:   7582.1 | Puntos: 11955 | Dist:   243.2km
2025-10-17 03:59:39 - INFO -   Gen   27 | Tiempo:   40.6m (resta: 439m) | Fitness:   7582.1 | Puntos: 11955 | Dist:   243.2km
2025-10-17 04:01:32 - INFO -   Gen   29 | Tiempo:   42.5m (resta: 437m) | Fitness:   7582.1 | Puntos: 11955 | Dist:   243.2km
2025-10-17 04:03:18 - INFO -   Gen   31 | Tiempo:   44.3m (resta: 435m) | Fitness:   7768.6 | Puntos: 12033 | Dist:   214.6km
2025-10-17 04:04:54 - INFO -   Gen   33 | Tiempo:   46.0m (resta: 433m) | Fitness:   8359.1 | Puntos: 12424 | Dist:   216.4km
2025-10-17 04:06:17 - INFO -   Gen   35 | Tiempo:   47.5m (resta: 432m) | Fitness:   8359.1 | Puntos: 12424 | Dist:   216.4km
2025-10-17 04:07:30 - INFO -   Gen   37 | Tiempo:   48.8m (resta: 431m) | Fitness:   8359.1 | Puntos: 12424 | Dist:   216.4km
2025-10-17 04:08:41 - INFO -   Gen   39 | Tiempo:   50.0m (resta: 429m) | Fitness:   8359.1 | Puntos: 12424 | Dist:   216.4km
2025-10-17 04:09:47 - INFO -   Gen   41 | Tiempo:   51.2m (resta: 428m) | Fitness:   8359.1 | Puntos: 12424 | Dist:   216.4km
2025-10-17 04:10:53 - INFO -   Gen   43 | Tiempo:   52.3m (resta: 427m) | Fitness:   8529.3 | Puntos: 12491 | Dist:   205.6km
2025-10-17 04:12:01 - INFO -   Gen   45 | Tiempo:   53.4m (resta: 426m) | Fitness:   8529.3 | Puntos: 12491 | Dist:   205.6km
2025-10-17 04:13:13 - INFO -   Gen   47 | Tiempo:   54.5m (resta: 425m) | Fitness:   8529.3 | Puntos: 12491 | Dist:   205.6km
2025-10-17 04:14:28 - INFO -   Gen   49 | Tiempo:   55.7m (resta: 424m) | Fitness:   8529.3 | Puntos: 12491 | Dist:   205.6km
2025-10-17 04:15:05 - INFO -   Gen   50 | Tiempo:   56.4m (resta: 423m) | Fitness:   8529.3 | Puntos: 12491 | Dist:   205.6km
2025-10-17 04:16:18 - INFO -   Gen   52 | Tiempo:   57.6m (resta: 422m) | Fitness:   8529.3 | Puntos: 12491 | Dist:   205.6km
2025-10-17 04:17:28 - INFO -   Gen   54 | Tiempo:   58.8m (resta: 421m) | Fitness:   8529.3 | Puntos: 12491 | Dist:   205.6km
2025-10-17 04:18:39 - INFO -   Gen   56 | Tiempo:   60.0m (resta: 420m) | Fitness:   8529.3 | Puntos: 12491 | Dist:   205.6km
2025-10-17 04:19:51 - INFO -   Gen   58 | Tiempo:   61.2m (resta: 418m) | Fitness:   8705.7 | Puntos: 12376 | Dist:   234.3km
2025-10-17 04:21:03 - INFO -   Gen   60 | Tiempo:   62.4m (resta: 417m) | Fitness:   8705.7 | Puntos: 12376 | Dist:   234.3km
2025-10-17 04:22:13 - INFO -   Gen   62 | Tiempo:   63.5m (resta: 416m) | Fitness:   8705.7 | Puntos: 12376 | Dist:   234.3km
2025-10-17 04:23:26 - INFO -   Gen   64 | Tiempo:   64.7m (resta: 415m) | Fitness:   8705.7 | Puntos: 12376 | Dist:   234.3km
2025-10-17 04:24:37 - INFO -   Gen   66 | Tiempo:   65.9m (resta: 414m) | Fitness:   8705.7 | Puntos: 12376 | Dist:   234.3km
2025-10-17 04:25:50 - INFO -   Gen   68 | Tiempo:   67.1m (resta: 412m) | Fitness:   8705.7 | Puntos: 12376 | Dist:   234.3km
2025-10-17 04:27:04 - INFO -   Gen   70 | Tiempo:   68.4m (resta: 411m) | Fitness:   8705.7 | Puntos: 12376 | Dist:   234.3km
2025-10-17 04:28:18 - INFO -   Gen   72 | Tiempo:   69.6m (resta: 410m) | Fitness:   8705.7 | Puntos: 12376 | Dist:   234.3km
2025-10-17 04:29:32 - INFO -   Gen   74 | Tiempo:   70.8m (resta: 409m) | Fitness:   8824.9 | Puntos: 12488 | Dist:   210.2km
2025-10-17 04:30:50 - INFO -   Gen   76 | Tiempo:   72.1m (resta: 407m) | Fitness:   8824.9 | Puntos: 12488 | Dist:   210.2km
2025-10-17 04:32:09 - INFO -   Gen   78 | Tiempo:   73.4m (resta: 406m) | Fitness:   8824.9 | Puntos: 12488 | Dist:   210.2km
2025-10-17 04:33:26 - INFO -   Gen   80 | Tiempo:   74.7m (resta: 405m) | Fitness:   8824.9 | Puntos: 12488 | Dist:   210.2km
2025-10-17 04:34:44 - INFO -   Gen   82 | Tiempo:   76.0m (resta: 404m) | Fitness:   8873.7 | Puntos: 12335 | Dist:   204.4km
2025-10-17 04:36:01 - INFO -   Gen   84 | Tiempo:   77.3m (resta: 402m) | Fitness:   8873.7 | Puntos: 12335 | Dist:   204.4km
2025-10-17 04:37:20 - INFO -   Gen   86 | Tiempo:   78.6m (resta: 401m) | Fitness:   8873.7 | Puntos: 12335 | Dist:   204.4km
2025-10-17 04:38:37 - INFO -   Gen   88 | Tiempo:   79.9m (resta: 400m) | Fitness:   8873.7 | Puntos: 12335 | Dist:   204.4km
2025-10-17 04:39:54 - INFO -   Gen   90 | Tiempo:   81.2m (resta: 398m) | Fitness:   9049.8 | Puntos: 12614 | Dist:   213.9km
2025-10-17 04:41:12 - INFO -   Gen   92 | Tiempo:   82.4m (resta: 397m) | Fitness:   9049.8 | Puntos: 12614 | Dist:   213.9km
2025-10-17 04:42:32 - INFO -   Gen   94 | Tiempo:   83.8m (resta: 396m) | Fitness:   9049.8 | Puntos: 12614 | Dist:   213.9km
2025-10-17 04:43:54 - INFO -   Gen   96 | Tiempo:   85.1m (resta: 394m) | Fitness:   9049.8 | Puntos: 12614 | Dist:   213.9km
2025-10-17 04:45:14 - INFO -   Gen   98 | Tiempo:   86.5m (resta: 393m) | Fitness:   9049.8 | Puntos: 12614 | Dist:   213.9km
2025-10-17 04:46:34 - INFO -   Gen  100 | Tiempo:   87.8m (resta: 392m) | Fitness:   9101.1 | Puntos: 12462 | Dist:   202.9km
2025-10-17 04:47:52 - INFO -   Gen  102 | Tiempo:   89.1m (resta: 390m) | Fitness:   9187.7 | Puntos: 12748 | Dist:   201.1km
2025-10-17 04:49:09 - INFO -   Gen  104 | Tiempo:   90.4m (resta: 389m) | Fitness:   9187.7 | Puntos: 12748 | Dist:   201.1km
2025-10-17 04:50:28 - INFO -   Gen  106 | Tiempo:   91.7m (resta: 388m) | Fitness:   9187.7 | Puntos: 12748 | Dist:   201.1km
2025-10-17 04:51:46 - INFO -   Gen  108 | Tiempo:   93.0m (resta: 386m) | Fitness:   9283.1 | Puntos: 12643 | Dist:   199.8km
2025-10-17 04:52:58 - INFO -   Gen  110 | Tiempo:   94.3m (resta: 385m) | Fitness:   9283.1 | Puntos: 12643 | Dist:   199.8km
2025-10-17 04:54:09 - INFO -   Gen  112 | Tiempo:   95.5m (resta: 384m) | Fitness:   9283.1 | Puntos: 12643 | Dist:   199.8km
2025-10-17 04:55:18 - INFO -   Gen  114 | Tiempo:   96.6m (resta: 383m) | Fitness:   9283.1 | Puntos: 12643 | Dist:   199.8km
2025-10-17 04:56:24 - INFO -   Gen  116 | Tiempo:   97.8m (resta: 382m) | Fitness:   9302.2 | Puntos: 12674 | Dist:   239.5km
2025-10-17 04:57:29 - INFO -   Gen  118 | Tiempo:   98.9m (resta: 381m) | Fitness:   9302.2 | Puntos: 12674 | Dist:   239.5km
2025-10-17 04:58:34 - INFO -   Gen  120 | Tiempo:   99.9m (resta: 380m) | Fitness:   9302.2 | Puntos: 12674 | Dist:   239.5km
2025-10-17 04:59:37 - INFO -   Gen  122 | Tiempo:  101.0m (resta: 378m) | Fitness:   9302.2 | Puntos: 12674 | Dist:   239.5km
2025-10-17 05:00:38 - INFO -   Gen  124 | Tiempo:  102.1m (resta: 377m) | Fitness:   9377.4 | Puntos: 12647 | Dist:   232.1km
2025-10-17 05:02:06 - INFO -   Gen  127 | Tiempo:  103.5m (resta: 376m) | Fitness:   9377.4 | Puntos: 12647 | Dist:   232.1km
2025-10-17 05:03:33 - INFO -   Gen  130 | Tiempo:  105.0m (resta: 375m) | Fitness:   9377.4 | Puntos: 12647 | Dist:   232.1km
2025-10-17 05:04:59 - INFO -   Gen  133 | Tiempo:  106.4m (resta: 373m) | Fitness:   9377.4 | Puntos: 12647 | Dist:   232.1km
2025-10-17 05:06:23 - INFO -   Gen  136 | Tiempo:  107.8m (resta: 372m) | Fitness:   9409.3 | Puntos: 12773 | Dist:   212.4km
2025-10-17 05:07:45 - INFO -   Gen  139 | Tiempo:  109.2m (resta: 370m) | Fitness:   9487.0 | Puntos: 12656 | Dist:   230.1km
2025-10-17 05:09:09 - INFO -   Gen  142 | Tiempo:  110.6m (resta: 369m) | Fitness:   9487.0 | Puntos: 12656 | Dist:   230.1km
2025-10-17 05:10:32 - INFO -   Gen  145 | Tiempo:  112.0m (resta: 368m) | Fitness:   9487.0 | Puntos: 12656 | Dist:   230.1km
2025-10-17 05:11:55 - INFO -   Gen  148 | Tiempo:  113.4m (resta: 366m) | Fitness:   9487.0 | Puntos: 12656 | Dist:   230.1km
2025-10-17 05:12:50 - INFO -   Gen  150 | Tiempo:  114.3m (resta: 365m) | Fitness:   9487.0 | Puntos: 12656 | Dist:   230.1km
2025-10-17 05:14:12 - INFO -   Gen  153 | Tiempo:  115.6m (resta: 364m) | Fitness:   9487.0 | Puntos: 12656 | Dist:   230.1km
2025-10-17 05:15:35 - INFO -   Gen  156 | Tiempo:  117.0m (resta: 362m) | Fitness:   9714.4 | Puntos: 12875 | Dist:   202.0km
2025-10-17 05:16:56 - INFO -   Gen  159 | Tiempo:  118.4m (resta: 361m) | Fitness:   9714.4 | Puntos: 12875 | Dist:   202.0km
2025-10-17 05:18:17 - INFO -   Gen  162 | Tiempo:  119.8m (resta: 360m) | Fitness:   9714.4 | Puntos: 12875 | Dist:   202.0km
2025-10-17 05:19:39 - INFO -   Gen  165 | Tiempo:  121.1m (resta: 358m) | Fitness:   9714.4 | Puntos: 12875 | Dist:   202.0km
2025-10-17 05:21:00 - INFO -   Gen  168 | Tiempo:  122.5m (resta: 357m) | Fitness:   9714.4 | Puntos: 12875 | Dist:   202.0km
2025-10-17 05:22:22 - INFO -   Gen  171 | Tiempo:  123.8m (resta: 356m) | Fitness:   9756.1 | Puntos: 13018 | Dist:   206.3km
2025-10-17 05:23:43 - INFO -   Gen  174 | Tiempo:  125.2m (resta: 354m) | Fitness:   9756.1 | Puntos: 13018 | Dist:   206.3km
2025-10-17 05:25:03 - INFO -   Gen  177 | Tiempo:  126.5m (resta: 353m) | Fitness:   9756.1 | Puntos: 13018 | Dist:   206.3km
2025-10-17 05:26:24 - INFO -   Gen  180 | Tiempo:  127.9m (resta: 352m) | Fitness:   9756.4 | Puntos: 13122 | Dist:   218.8km
2025-10-17 05:27:45 - INFO -   Gen  183 | Tiempo:  129.2m (resta: 350m) | Fitness:   9757.3 | Puntos: 13020 | Dist:   209.1km
2025-10-17 05:29:06 - INFO -   Gen  186 | Tiempo:  130.6m (resta: 349m) | Fitness:   9757.3 | Puntos: 13020 | Dist:   209.1km
2025-10-17 05:30:26 - INFO -   Gen  189 | Tiempo:  131.9m (resta: 348m) | Fitness:   9757.5 | Puntos: 12820 | Dist:   208.3km
2025-10-17 05:31:47 - INFO -   Gen  192 | Tiempo:  133.3m (resta: 346m) | Fitness:   9809.8 | Puntos: 12977 | Dist:   223.9km
2025-10-17 05:33:07 - INFO -   Gen  195 | Tiempo:  134.6m (resta: 345m) | Fitness:   9835.1 | Puntos: 13100 | Dist:   216.3km
2025-10-17 05:34:28 - INFO -   Gen  198 | Tiempo:  135.9m (resta: 344m) | Fitness:   9897.9 | Puntos: 12961 | Dist:   210.4km
2025-10-17 05:35:22 - INFO -   Gen  200 | Tiempo:  136.8m (resta: 343m) | Fitness:   9898.9 | Puntos: 12961 | Dist:   207.1km
2025-10-17 05:36:42 - INFO -   Gen  203 | Tiempo:  138.2m (resta: 341m) | Fitness:   9898.9 | Puntos: 12961 | Dist:   207.1km
2025-10-17 05:38:02 - INFO -   Gen  206 | Tiempo:  139.5m (resta: 340m) | Fitness:   9898.9 | Puntos: 12961 | Dist:   207.1km
2025-10-17 05:39:22 - INFO -   Gen  209 | Tiempo:  140.8m (resta: 339m) | Fitness:  10009.8 | Puntos: 12869 | Dist:   197.2km
2025-10-17 05:40:42 - INFO -   Gen  212 | Tiempo:  142.2m (resta: 337m) | Fitness:  10009.8 | Puntos: 12869 | Dist:   197.2km
2025-10-17 05:42:02 - INFO -   Gen  215 | Tiempo:  143.5m (resta: 336m) | Fitness:  10009.8 | Puntos: 12869 | Dist:   197.2km
2025-10-17 05:43:21 - INFO -   Gen  218 | Tiempo:  144.8m (resta: 335m) | Fitness:  10009.8 | Puntos: 12869 | Dist:   197.2km
2025-10-17 05:44:42 - INFO -   Gen  221 | Tiempo:  146.2m (resta: 333m) | Fitness:  10025.4 | Puntos: 13097 | Dist:   238.7km
2025-10-17 05:46:06 - INFO -   Gen  224 | Tiempo:  147.5m (resta: 332m) | Fitness:  10110.6 | Puntos: 12970 | Dist:   198.1km
2025-10-17 05:47:28 - INFO -   Gen  227 | Tiempo:  148.9m (resta: 331m) | Fitness:  10110.6 | Puntos: 12970 | Dist:   198.1km
2025-10-17 05:48:49 - INFO -   Gen  230 | Tiempo:  150.3m (resta: 329m) | Fitness:  10110.6 | Puntos: 12970 | Dist:   198.1km
2025-10-17 05:50:11 - INFO -   Gen  233 | Tiempo:  151.6m (resta: 328m) | Fitness:  10124.4 | Puntos: 12984 | Dist:   198.7km
2025-10-17 05:51:33 - INFO -   Gen  236 | Tiempo:  153.0m (resta: 326m) | Fitness:  10124.4 | Puntos: 12984 | Dist:   198.7km
2025-10-17 05:52:55 - INFO -   Gen  239 | Tiempo:  154.4m (resta: 325m) | Fitness:  10124.4 | Puntos: 12984 | Dist:   198.7km
2025-10-17 05:54:17 - INFO -   Gen  242 | Tiempo:  155.7m (resta: 324m) | Fitness:  10124.4 | Puntos: 12984 | Dist:   198.7km
2025-10-17 05:55:39 - INFO -   Gen  245 | Tiempo:  157.1m (resta: 322m) | Fitness:  10124.4 | Puntos: 12984 | Dist:   198.7km
2025-10-17 05:57:01 - INFO -   Gen  248 | Tiempo:  158.5m (resta: 321m) | Fitness:  10124.4 | Puntos: 12984 | Dist:   198.7km
2025-10-17 05:57:54 - INFO -   Gen  250 | Tiempo:  159.4m (resta: 320m) | Fitness:  10124.4 | Puntos: 12984 | Dist:   198.7km
2025-10-17 05:59:16 - INFO -   Gen  253 | Tiempo:  160.7m (resta: 319m) | Fitness:  10124.4 | Puntos: 12984 | Dist:   198.7km
2025-10-17 06:00:40 - INFO -   Gen  256 | Tiempo:  162.1m (resta: 317m) | Fitness:  10124.4 | Puntos: 12984 | Dist:   198.7km
2025-10-17 06:02:02 - INFO -   Gen  259 | Tiempo:  163.5m (resta: 316m) | Fitness:  10124.4 | Puntos: 12984 | Dist:   198.7km
2025-10-17 06:03:25 - INFO -   Gen  262 | Tiempo:  164.9m (resta: 315m) | Fitness:  10124.4 | Puntos: 12984 | Dist:   198.7km
2025-10-17 06:04:49 - INFO -   Gen  265 | Tiempo:  166.3m (resta: 313m) | Fitness:  10172.5 | Puntos: 13234 | Dist:   205.1km
2025-10-17 06:06:12 - INFO -   Gen  268 | Tiempo:  167.7m (resta: 312m) | Fitness:  10172.5 | Puntos: 13234 | Dist:   205.1km
2025-10-17 06:07:34 - INFO -   Gen  271 | Tiempo:  169.0m (resta: 310m) | Fitness:  10172.5 | Puntos: 13234 | Dist:   205.1km
2025-10-17 06:08:56 - INFO -   Gen  274 | Tiempo:  170.4m (resta: 309m) | Fitness:  10172.5 | Puntos: 13234 | Dist:   205.1km
2025-10-17 06:10:18 - INFO -   Gen  277 | Tiempo:  171.8m (resta: 308m) | Fitness:  10172.5 | Puntos: 13234 | Dist:   205.1km
2025-10-17 06:11:40 - INFO -   Gen  280 | Tiempo:  173.1m (resta: 306m) | Fitness:  10172.5 | Puntos: 13234 | Dist:   205.1km
2025-10-17 06:13:02 - INFO -   Gen  283 | Tiempo:  174.5m (resta: 305m) | Fitness:  10226.4 | Puntos: 13191 | Dist:   215.4km
2025-10-17 06:14:24 - INFO -   Gen  286 | Tiempo:  175.9m (resta: 304m) | Fitness:  10226.4 | Puntos: 13191 | Dist:   215.4km
2025-10-17 06:15:46 - INFO -   Gen  289 | Tiempo:  177.2m (resta: 302m) | Fitness:  10322.2 | Puntos: 13183 | Dist:   202.7km
2025-10-17 06:17:09 - INFO -   Gen  292 | Tiempo:  178.6m (resta: 301m) | Fitness:  10322.2 | Puntos: 13183 | Dist:   202.7km
2025-10-17 06:18:30 - INFO -   Gen  295 | Tiempo:  180.0m (resta: 300m) | Fitness:  10322.2 | Puntos: 13183 | Dist:   202.7km
2025-10-17 06:19:52 - INFO -   Gen  298 | Tiempo:  181.3m (resta: 298m) | Fitness:  10322.2 | Puntos: 13183 | Dist:   202.7km
2025-10-17 06:20:46 - INFO -   Gen  300 | Tiempo:  182.2m (resta: 297m) | Fitness:  10322.2 | Puntos: 13183 | Dist:   202.7km
2025-10-17 06:22:08 - INFO -   Gen  303 | Tiempo:  183.6m (resta: 296m) | Fitness:  10422.1 | Puntos: 13183 | Dist:   203.1km
2025-10-17 06:23:31 - INFO -   Gen  306 | Tiempo:  185.0m (resta: 295m) | Fitness:  10422.1 | Puntos: 13183 | Dist:   203.1km
2025-10-17 06:24:53 - INFO -   Gen  309 | Tiempo:  186.3m (resta: 293m) | Fitness:  10422.1 | Puntos: 13183 | Dist:   203.1km
2025-10-17 06:26:15 - INFO -   Gen  312 | Tiempo:  187.7m (resta: 292m) | Fitness:  10422.1 | Puntos: 13183 | Dist:   203.1km
2025-10-17 06:27:37 - INFO -   Gen  315 | Tiempo:  189.1m (resta: 290m) | Fitness:  10422.1 | Puntos: 13183 | Dist:   203.1km
2025-10-17 06:28:59 - INFO -   Gen  318 | Tiempo:  190.4m (resta: 289m) | Fitness:  10422.1 | Puntos: 13183 | Dist:   203.1km
2025-10-17 06:30:21 - INFO -   Gen  321 | Tiempo:  191.8m (resta: 288m) | Fitness:  10422.1 | Puntos: 13183 | Dist:   203.1km
2025-10-17 06:31:42 - INFO -   Gen  324 | Tiempo:  193.2m (resta: 286m) | Fitness:  10422.1 | Puntos: 13183 | Dist:   203.1km
2025-10-17 06:33:03 - INFO -   Gen  327 | Tiempo:  194.5m (resta: 285m) | Fitness:  10422.1 | Puntos: 13183 | Dist:   203.1km
2025-10-17 06:34:23 - INFO -   Gen  330 | Tiempo:  195.8m (resta: 284m) | Fitness:  10422.1 | Puntos: 13183 | Dist:   203.1km
2025-10-17 06:35:45 - INFO -   Gen  333 | Tiempo:  197.2m (resta: 282m) | Fitness:  10422.1 | Puntos: 13183 | Dist:   203.1km
2025-10-17 06:37:08 - INFO -   Gen  336 | Tiempo:  198.6m (resta: 281m) | Fitness:  10422.1 | Puntos: 13183 | Dist:   203.1km
2025-10-17 06:38:30 - INFO -   Gen  339 | Tiempo:  200.0m (resta: 280m) | Fitness:  10422.1 | Puntos: 13183 | Dist:   203.1km
2025-10-17 06:39:52 - INFO -   Gen  342 | Tiempo:  201.3m (resta: 278m) | Fitness:  10485.7 | Puntos: 13248 | Dist:   207.7km
2025-10-17 06:41:13 - INFO -   Gen  345 | Tiempo:  202.7m (resta: 277m) | Fitness:  10485.7 | Puntos: 13248 | Dist:   207.7km
2025-10-17 06:42:35 - INFO -   Gen  348 | Tiempo:  204.0m (resta: 275m) | Fitness:  10485.7 | Puntos: 13248 | Dist:   207.7km
2025-10-17 06:43:29 - INFO -   Gen  350 | Tiempo:  204.9m (resta: 275m) | Fitness:  10485.7 | Puntos: 13248 | Dist:   207.7km
2025-10-17 06:44:50 - INFO -   Gen  353 | Tiempo:  206.3m (resta: 273m) | Fitness:  10485.7 | Puntos: 13248 | Dist:   207.7km
2025-10-17 06:46:11 - INFO -   Gen  356 | Tiempo:  207.7m (resta: 272m) | Fitness:  10485.7 | Puntos: 13248 | Dist:   207.7km
2025-10-17 06:47:32 - INFO -   Gen  359 | Tiempo:  209.0m (resta: 271m) | Fitness:  10485.7 | Puntos: 13248 | Dist:   207.7km
2025-10-17 06:48:53 - INFO -   Gen  362 | Tiempo:  210.3m (resta: 269m) | Fitness:  10485.7 | Puntos: 13248 | Dist:   207.7km
2025-10-17 06:50:16 - INFO -   Gen  365 | Tiempo:  211.7m (resta: 268m) | Fitness:  10485.7 | Puntos: 13248 | Dist:   207.7km
2025-10-17 06:51:36 - INFO -   Gen  368 | Tiempo:  213.1m (resta: 266m) | Fitness:  10496.7 | Puntos: 13257 | Dist:   201.0km
2025-10-17 06:52:58 - INFO -   Gen  371 | Tiempo:  214.4m (resta: 265m) | Fitness:  10496.7 | Puntos: 13257 | Dist:   201.0km
2025-10-17 06:54:21 - INFO -   Gen  374 | Tiempo:  215.8m (resta: 264m) | Fitness:  10496.7 | Puntos: 13257 | Dist:   201.0km
2025-10-17 06:55:43 - INFO -   Gen  377 | Tiempo:  217.2m (resta: 262m) | Fitness:  10496.7 | Puntos: 13257 | Dist:   201.0km
2025-10-17 06:57:06 - INFO -   Gen  380 | Tiempo:  218.5m (resta: 261m) | Fitness:  10501.1 | Puntos: 13259 | Dist:   192.9km
2025-10-17 06:58:29 - INFO -   Gen  383 | Tiempo:  219.9m (resta: 260m) | Fitness:  10501.5 | Puntos: 13259 | Dist:   191.8km
2025-10-17 06:59:52 - INFO -   Gen  386 | Tiempo:  221.3m (resta: 258m) | Fitness:  10501.5 | Puntos: 13259 | Dist:   191.8km
2025-10-17 07:01:14 - INFO -   Gen  389 | Tiempo:  222.7m (resta: 257m) | Fitness:  10565.9 | Puntos: 13219 | Dist:   176.9km
2025-10-17 07:02:38 - INFO -   Gen  392 | Tiempo:  224.1m (resta: 255m) | Fitness:  10565.9 | Puntos: 13219 | Dist:   176.9km
2025-10-17 07:04:02 - INFO -   Gen  395 | Tiempo:  225.5m (resta: 254m) | Fitness:  10565.9 | Puntos: 13219 | Dist:   176.9km
2025-10-17 07:05:23 - INFO -   Gen  398 | Tiempo:  226.8m (resta: 253m) | Fitness:  10565.9 | Puntos: 13219 | Dist:   176.9km
2025-10-17 07:06:19 - INFO -   Gen  400 | Tiempo:  227.8m (resta: 252m) | Fitness:  10565.9 | Puntos: 13219 | Dist:   176.9km
2025-10-17 07:07:41 - INFO -   Gen  403 | Tiempo:  229.1m (resta: 250m) | Fitness:  10565.9 | Puntos: 13219 | Dist:   176.9km
2025-10-17 07:09:05 - INFO -   Gen  406 | Tiempo:  230.5m (resta: 249m) | Fitness:  10565.9 | Puntos: 13219 | Dist:   176.9km
2025-10-17 07:10:27 - INFO -   Gen  409 | Tiempo:  231.9m (resta: 248m) | Fitness:  10697.9 | Puntos: 13251 | Dist:   176.9km
2025-10-17 07:11:50 - INFO -   Gen  412 | Tiempo:  233.3m (resta: 246m) | Fitness:  10697.9 | Puntos: 13251 | Dist:   176.9km
2025-10-17 07:13:14 - INFO -   Gen  415 | Tiempo:  234.7m (resta: 245m) | Fitness:  10697.9 | Puntos: 13251 | Dist:   176.9km
2025-10-17 07:14:36 - INFO -   Gen  418 | Tiempo:  236.1m (resta: 243m) | Fitness:  10697.9 | Puntos: 13251 | Dist:   176.9km
2025-10-17 07:15:58 - INFO -   Gen  421 | Tiempo:  237.4m (resta: 242m) | Fitness:  10697.9 | Puntos: 13251 | Dist:   176.9km
2025-10-17 07:17:21 - INFO -   Gen  424 | Tiempo:  238.8m (resta: 241m) | Fitness:  10697.9 | Puntos: 13251 | Dist:   176.9km
2025-10-17 07:18:44 - INFO -   Gen  427 | Tiempo:  240.2m (resta: 239m) | Fitness:  10697.9 | Puntos: 13251 | Dist:   176.9km
2025-10-17 07:20:05 - INFO -   Gen  430 | Tiempo:  241.6m (resta: 238m) | Fitness:  10697.9 | Puntos: 13251 | Dist:   176.9km
2025-10-17 07:21:28 - INFO -   Gen  433 | Tiempo:  242.9m (resta: 237m) | Fitness:  10697.9 | Puntos: 13251 | Dist:   176.9km
2025-10-17 07:22:50 - INFO -   Gen  436 | Tiempo:  244.3m (resta: 235m) | Fitness:  10697.9 | Puntos: 13251 | Dist:   176.9km
2025-10-17 07:24:12 - INFO -   Gen  439 | Tiempo:  245.7m (resta: 234m) | Fitness:  10697.9 | Puntos: 13251 | Dist:   176.9km
2025-10-17 07:25:33 - INFO -   Gen  442 | Tiempo:  247.0m (resta: 232m) | Fitness:  10697.9 | Puntos: 13251 | Dist:   176.9km
2025-10-17 07:26:57 - INFO -   Gen  445 | Tiempo:  248.4m (resta: 231m) | Fitness:  10697.9 | Puntos: 13251 | Dist:   176.9km
2025-10-17 07:28:20 - INFO -   Gen  448 | Tiempo:  249.8m (resta: 230m) | Fitness:  10697.9 | Puntos: 13251 | Dist:   176.9km
2025-10-17 07:29:14 - INFO -   Gen  450 | Tiempo:  250.7m (resta: 229m) | Fitness:  10697.9 | Puntos: 13251 | Dist:   176.9km
2025-10-17 07:30:38 - INFO -   Gen  453 | Tiempo:  252.1m (resta: 227m) | Fitness:  10697.9 | Puntos: 13251 | Dist:   176.9km
2025-10-17 07:32:00 - INFO -   Gen  456 | Tiempo:  253.5m (resta: 226m) | Fitness:  10697.9 | Puntos: 13251 | Dist:   176.9km
2025-10-17 07:33:22 - INFO -   Gen  459 | Tiempo:  254.8m (resta: 225m) | Fitness:  10697.9 | Puntos: 13251 | Dist:   176.9km
2025-10-17 07:34:43 - INFO -   Gen  462 | Tiempo:  256.2m (resta: 223m) | Fitness:  10697.9 | Puntos: 13251 | Dist:   176.9km
2025-10-17 07:36:07 - INFO -   Gen  465 | Tiempo:  257.6m (resta: 222m) | Fitness:  10697.9 | Puntos: 13251 | Dist:   176.9km
2025-10-17 07:37:28 - INFO -   Gen  468 | Tiempo:  258.9m (resta: 221m) | Fitness:  10697.9 | Puntos: 13251 | Dist:   176.9km
2025-10-17 07:38:50 - INFO -   Gen  471 | Tiempo:  260.3m (resta: 219m) | Fitness:  10738.2 | Puntos: 13290 | Dist:   172.8km
2025-10-17 07:40:12 - INFO -   Gen  474 | Tiempo:  261.7m (resta: 218m) | Fitness:  10738.2 | Puntos: 13290 | Dist:   172.8km
2025-10-17 07:41:33 - INFO -   Gen  477 | Tiempo:  263.0m (resta: 216m) | Fitness:  10738.2 | Puntos: 13290 | Dist:   172.8km
2025-10-17 07:42:56 - INFO -   Gen  480 | Tiempo:  264.4m (resta: 215m) | Fitness:  10738.2 | Puntos: 13290 | Dist:   172.8km
2025-10-17 07:44:18 - INFO -   Gen  483 | Tiempo:  265.8m (resta: 214m) | Fitness:  10738.2 | Puntos: 13290 | Dist:   172.8km
2025-10-17 07:45:40 - INFO -   Gen  486 | Tiempo:  267.1m (resta: 212m) | Fitness:  10738.2 | Puntos: 13290 | Dist:   172.8km
2025-10-17 07:47:02 - INFO -   Gen  489 | Tiempo:  268.5m (resta: 211m) | Fitness:  10738.2 | Puntos: 13290 | Dist:   172.8km
2025-10-17 07:48:24 - INFO -   Gen  492 | Tiempo:  269.9m (resta: 210m) | Fitness:  10738.2 | Puntos: 13290 | Dist:   172.8km
2025-10-17 07:49:46 - INFO -   Gen  495 | Tiempo:  271.2m (resta: 208m) | Fitness:  10738.2 | Puntos: 13290 | Dist:   172.8km
2025-10-17 07:51:08 - INFO -   Gen  498 | Tiempo:  272.6m (resta: 207m) | Fitness:  10738.2 | Puntos: 13290 | Dist:   172.8km
2025-10-17 07:52:02 - INFO -   Gen  500 | Tiempo:  273.5m (resta: 206m) | Fitness:  10738.2 | Puntos: 13290 | Dist:   172.8km
2025-10-17 07:53:24 - INFO -   Gen  503 | Tiempo:  274.9m (resta: 205m) | Fitness:  10738.2 | Puntos: 13290 | Dist:   172.8km
2025-10-17 07:54:46 - INFO -   Gen  506 | Tiempo:  276.2m (resta: 203m) | Fitness:  10783.6 | Puntos: 13235 | Dist:   171.4km
2025-10-17 07:56:08 - INFO -   Gen  509 | Tiempo:  277.6m (resta: 202m) | Fitness:  10783.6 | Puntos: 13235 | Dist:   171.4km
2025-10-17 07:57:29 - INFO -   Gen  512 | Tiempo:  278.9m (resta: 201m) | Fitness:  10783.6 | Puntos: 13235 | Dist:   171.4km
2025-10-17 07:58:50 - INFO -   Gen  515 | Tiempo:  280.3m (resta: 199m) | Fitness:  10783.6 | Puntos: 13235 | Dist:   171.4km
2025-10-17 08:00:12 - INFO -   Gen  518 | Tiempo:  281.7m (resta: 198m) | Fitness:  10783.6 | Puntos: 13235 | Dist:   171.4km
2025-10-17 08:01:32 - INFO -   Gen  521 | Tiempo:  283.0m (resta: 197m) | Fitness:  10783.6 | Puntos: 13235 | Dist:   171.4km
2025-10-17 08:02:53 - INFO -   Gen  524 | Tiempo:  284.3m (resta: 195m) | Fitness:  10783.6 | Puntos: 13235 | Dist:   171.4km
2025-10-17 08:04:15 - INFO -   Gen  527 | Tiempo:  285.7m (resta: 194m) | Fitness:  10783.6 | Puntos: 13235 | Dist:   171.4km
2025-10-17 08:05:36 - INFO -   Gen  530 | Tiempo:  287.1m (resta: 192m) | Fitness:  10828.4 | Puntos: 13380 | Dist:   172.0km
2025-10-17 08:06:58 - INFO -   Gen  533 | Tiempo:  288.4m (resta: 191m) | Fitness:  10828.4 | Puntos: 13380 | Dist:   172.0km
2025-10-17 08:08:19 - INFO -   Gen  536 | Tiempo:  289.8m (resta: 190m) | Fitness:  10828.4 | Puntos: 13380 | Dist:   172.0km
2025-10-17 08:09:41 - INFO -   Gen  539 | Tiempo:  291.1m (resta: 188m) | Fitness:  10828.4 | Puntos: 13380 | Dist:   172.0km
2025-10-17 08:11:02 - INFO -   Gen  542 | Tiempo:  292.5m (resta: 187m) | Fitness:  10828.4 | Puntos: 13380 | Dist:   172.0km
2025-10-17 08:12:23 - INFO -   Gen  545 | Tiempo:  293.8m (resta: 186m) | Fitness:  10828.4 | Puntos: 13380 | Dist:   172.0km
2025-10-17 08:13:43 - INFO -   Gen  548 | Tiempo:  295.2m (resta: 184m) | Fitness:  10828.4 | Puntos: 13380 | Dist:   172.0km
2025-10-17 08:14:36 - INFO -   Gen  550 | Tiempo:  296.1m (resta: 183m) | Fitness:  10828.4 | Puntos: 13380 | Dist:   172.0km
2025-10-17 08:15:56 - INFO -   Gen  553 | Tiempo:  297.4m (resta: 182m) | Fitness:  10887.5 | Puntos: 13339 | Dist:   171.8km
2025-10-17 08:17:16 - INFO -   Gen  556 | Tiempo:  298.7m (resta: 181m) | Fitness:  10887.5 | Puntos: 13339 | Dist:   171.8km
2025-10-17 08:18:35 - INFO -   Gen  559 | Tiempo:  300.1m (resta: 179m) | Fitness:  10887.5 | Puntos: 13339 | Dist:   171.8km
2025-10-17 08:19:56 - INFO -   Gen  562 | Tiempo:  301.4m (resta: 178m) | Fitness:  10887.5 | Puntos: 13339 | Dist:   171.8km
2025-10-17 08:21:16 - INFO -   Gen  565 | Tiempo:  302.7m (resta: 177m) | Fitness:  10887.5 | Puntos: 13339 | Dist:   171.8km
2025-10-17 08:22:34 - INFO -   Gen  568 | Tiempo:  304.1m (resta: 175m) | Fitness:  10887.5 | Puntos: 13339 | Dist:   171.8km
2025-10-17 08:23:54 - INFO -   Gen  571 | Tiempo:  305.4m (resta: 174m) | Fitness:  10887.5 | Puntos: 13339 | Dist:   171.8km
2025-10-17 08:25:13 - INFO -   Gen  574 | Tiempo:  306.7m (resta: 173m) | Fitness:  10887.5 | Puntos: 13339 | Dist:   171.8km
2025-10-17 08:26:31 - INFO -   Gen  577 | Tiempo:  308.0m (resta: 172m) | Fitness:  10887.5 | Puntos: 13339 | Dist:   171.8km
2025-10-17 08:27:50 - INFO -   Gen  580 | Tiempo:  309.3m (resta: 170m) | Fitness:  10887.5 | Puntos: 13339 | Dist:   171.8km
2025-10-17 08:29:09 - INFO -   Gen  583 | Tiempo:  310.6m (resta: 169m) | Fitness:  10887.5 | Puntos: 13339 | Dist:   171.8km
2025-10-17 08:30:27 - INFO -   Gen  586 | Tiempo:  311.9m (resta: 168m) | Fitness:  10930.7 | Puntos: 13383 | Dist:   174.2km
2025-10-17 08:31:47 - INFO -   Gen  589 | Tiempo:  313.3m (resta: 166m) | Fitness:  10930.7 | Puntos: 13383 | Dist:   174.2km
2025-10-17 08:33:04 - INFO -   Gen  592 | Tiempo:  314.6m (resta: 165m) | Fitness:  10930.7 | Puntos: 13383 | Dist:   174.2km
2025-10-17 08:34:22 - INFO -   Gen  595 | Tiempo:  315.8m (resta: 164m) | Fitness:  10930.7 | Puntos: 13383 | Dist:   174.2km
2025-10-17 08:35:40 - INFO -   Gen  598 | Tiempo:  317.1m (resta: 162m) | Fitness:  10930.7 | Puntos: 13383 | Dist:   174.2km
2025-10-17 08:36:32 - INFO -   Gen  600 | Tiempo:  318.0m (resta: 161m) | Fitness:  10930.7 | Puntos: 13383 | Dist:   174.2km
2025-10-17 08:37:49 - INFO -   Gen  603 | Tiempo:  319.3m (resta: 160m) | Fitness:  10930.7 | Puntos: 13383 | Dist:   174.2km
2025-10-17 08:39:07 - INFO -   Gen  606 | Tiempo:  320.6m (resta: 159m) | Fitness:  11034.9 | Puntos: 13388 | Dist:   176.9km
2025-10-17 08:40:24 - INFO -   Gen  609 | Tiempo:  321.9m (resta: 158m) | Fitness:  11034.9 | Puntos: 13388 | Dist:   176.9km
2025-10-17 08:41:40 - INFO -   Gen  612 | Tiempo:  323.2m (resta: 156m) | Fitness:  11034.9 | Puntos: 13388 | Dist:   176.9km
2025-10-17 08:42:58 - INFO -   Gen  615 | Tiempo:  324.5m (resta: 155m) | Fitness:  11034.9 | Puntos: 13388 | Dist:   176.9km
2025-10-17 08:44:16 - INFO -   Gen  618 | Tiempo:  325.8m (resta: 154m) | Fitness:  11034.9 | Puntos: 13388 | Dist:   176.9km
2025-10-17 08:45:33 - INFO -   Gen  621 | Tiempo:  327.0m (resta: 152m) | Fitness:  11034.9 | Puntos: 13388 | Dist:   176.9km
2025-10-17 08:46:50 - INFO -   Gen  624 | Tiempo:  328.3m (resta: 151m) | Fitness:  11034.9 | Puntos: 13388 | Dist:   176.9km
2025-10-17 08:48:06 - INFO -   Gen  627 | Tiempo:  329.6m (resta: 150m) | Fitness:  11034.9 | Puntos: 13388 | Dist:   176.9km
2025-10-17 08:49:23 - INFO -   Gen  630 | Tiempo:  330.9m (resta: 149m) | Fitness:  11034.9 | Puntos: 13388 | Dist:   176.9km
2025-10-17 08:50:39 - INFO -   Gen  633 | Tiempo:  332.1m (resta: 147m) | Fitness:  11034.9 | Puntos: 13388 | Dist:   176.9km
2025-10-17 08:51:57 - INFO -   Gen  636 | Tiempo:  333.4m (resta: 146m) | Fitness:  11034.9 | Puntos: 13388 | Dist:   176.9km
2025-10-17 08:53:14 - INFO -   Gen  639 | Tiempo:  334.7m (resta: 145m) | Fitness:  11034.9 | Puntos: 13388 | Dist:   176.9km
2025-10-17 08:54:31 - INFO -   Gen  642 | Tiempo:  336.0m (resta: 143m) | Fitness:  11034.9 | Puntos: 13388 | Dist:   176.9km
2025-10-17 08:55:49 - INFO -   Gen  645 | Tiempo:  337.3m (resta: 142m) | Fitness:  11034.9 | Puntos: 13388 | Dist:   176.9km
2025-10-17 08:57:07 - INFO -   Gen  648 | Tiempo:  338.6m (resta: 141m) | Fitness:  11034.9 | Puntos: 13388 | Dist:   176.9km
2025-10-17 08:57:58 - INFO -   Gen  650 | Tiempo:  339.5m (resta: 140m) | Fitness:  11034.9 | Puntos: 13388 | Dist:   176.9km
2025-10-17 08:59:16 - INFO -   Gen  653 | Tiempo:  340.7m (resta: 139m) | Fitness:  11034.9 | Puntos: 13388 | Dist:   176.9km
2025-10-17 09:00:34 - INFO -   Gen  656 | Tiempo:  342.1m (resta: 137m) | Fitness:  11034.9 | Puntos: 13388 | Dist:   176.9km
2025-10-17 09:01:51 - INFO -   Gen  659 | Tiempo:  343.3m (resta: 136m) | Fitness:  11034.9 | Puntos: 13388 | Dist:   176.9km
2025-10-17 09:03:09 - INFO -   Gen  662 | Tiempo:  344.6m (resta: 135m) | Fitness:  11034.9 | Puntos: 13388 | Dist:   176.9km
2025-10-17 09:04:27 - INFO -   Gen  665 | Tiempo:  345.9m (resta: 134m) | Fitness:  11034.9 | Puntos: 13388 | Dist:   176.9km
2025-10-17 09:05:45 - INFO -   Gen  668 | Tiempo:  347.2m (resta: 132m) | Fitness:  11034.9 | Puntos: 13388 | Dist:   176.9km
2025-10-17 09:07:02 - INFO -   Gen  671 | Tiempo:  348.5m (resta: 131m) | Fitness:  11034.9 | Puntos: 13388 | Dist:   176.9km
2025-10-17 09:08:21 - INFO -   Gen  674 | Tiempo:  349.8m (resta: 130m) | Fitness:  11034.9 | Puntos: 13388 | Dist:   176.9km
2025-10-17 09:09:38 - INFO -   Gen  677 | Tiempo:  351.1m (resta: 128m) | Fitness:  11034.9 | Puntos: 13388 | Dist:   176.9km
2025-10-17 09:10:55 - INFO -   Gen  680 | Tiempo:  352.4m (resta: 127m) | Fitness:  11034.9 | Puntos: 13388 | Dist:   176.9km
2025-10-17 09:12:12 - INFO -   Gen  683 | Tiempo:  353.7m (resta: 126m) | Fitness:  11034.9 | Puntos: 13388 | Dist:   176.9km
2025-10-17 09:13:30 - INFO -   Gen  686 | Tiempo:  355.0m (resta: 125m) | Fitness:  11034.9 | Puntos: 13388 | Dist:   176.9km
2025-10-17 09:14:47 - INFO -   Gen  689 | Tiempo:  356.3m (resta: 123m) | Fitness:  11034.9 | Puntos: 13388 | Dist:   176.9km
2025-10-17 09:16:04 - INFO -   Gen  692 | Tiempo:  357.5m (resta: 122m) | Fitness:  11034.9 | Puntos: 13388 | Dist:   176.9km
2025-10-17 09:17:22 - INFO -   Gen  695 | Tiempo:  358.8m (resta: 121m) | Fitness:  11034.9 | Puntos: 13388 | Dist:   176.9km
2025-10-17 09:18:40 - INFO -   Gen  698 | Tiempo:  360.2m (resta: 119m) | Fitness:  11034.9 | Puntos: 13388 | Dist:   176.9km
2025-10-17 09:19:31 - INFO -   Gen  700 | Tiempo:  361.0m (resta: 118m) | Fitness:  11034.9 | Puntos: 13388 | Dist:   176.9km
2025-10-17 09:20:50 - INFO -   Gen  703 | Tiempo:  362.3m (resta: 117m) | Fitness:  11034.9 | Puntos: 13388 | Dist:   176.9km
2025-10-17 09:22:08 - INFO -   Gen  706 | Tiempo:  363.6m (resta: 116m) | Fitness:  11093.0 | Puntos: 13446 | Dist:   176.8km
2025-10-17 09:23:25 - INFO -   Gen  709 | Tiempo:  364.9m (resta: 115m) | Fitness:  11093.0 | Puntos: 13446 | Dist:   176.8km
2025-10-17 09:24:43 - INFO -   Gen  712 | Tiempo:  366.2m (resta: 113m) | Fitness:  11093.0 | Puntos: 13446 | Dist:   176.8km
2025-10-17 09:26:00 - INFO -   Gen  715 | Tiempo:  367.5m (resta: 112m) | Fitness:  11093.0 | Puntos: 13446 | Dist:   176.8km
2025-10-17 09:27:19 - INFO -   Gen  718 | Tiempo:  368.8m (resta: 111m) | Fitness:  11093.0 | Puntos: 13446 | Dist:   176.8km
2025-10-17 09:28:38 - INFO -   Gen  721 | Tiempo:  370.1m (resta: 109m) | Fitness:  11093.0 | Puntos: 13446 | Dist:   176.8km
2025-10-17 09:29:57 - INFO -   Gen  724 | Tiempo:  371.4m (resta: 108m) | Fitness:  11093.0 | Puntos: 13446 | Dist:   176.8km
2025-10-17 09:31:14 - INFO -   Gen  727 | Tiempo:  372.7m (resta: 107m) | Fitness:  11093.0 | Puntos: 13446 | Dist:   176.8km
2025-10-17 09:32:31 - INFO -   Gen  730 | Tiempo:  374.0m (resta: 106m) | Fitness:  11093.0 | Puntos: 13446 | Dist:   176.8km
2025-10-17 09:33:50 - INFO -   Gen  733 | Tiempo:  375.3m (resta: 104m) | Fitness:  11093.0 | Puntos: 13446 | Dist:   176.8km
2025-10-17 09:35:08 - INFO -   Gen  736 | Tiempo:  376.6m (resta: 103m) | Fitness:  11093.0 | Puntos: 13446 | Dist:   176.8km
2025-10-17 09:36:26 - INFO -   Gen  739 | Tiempo:  377.9m (resta: 102m) | Fitness:  11093.0 | Puntos: 13446 | Dist:   176.8km
2025-10-17 09:37:44 - INFO -   Gen  742 | Tiempo:  379.2m (resta: 100m) | Fitness:  11093.0 | Puntos: 13446 | Dist:   176.8km
2025-10-17 09:39:03 - INFO -   Gen  745 | Tiempo:  380.5m (resta: 99m) | Fitness:  11118.0 | Puntos: 13368 | Dist:   166.5km
2025-10-17 09:40:22 - INFO -   Gen  748 | Tiempo:  381.8m (resta: 98m) | Fitness:  11118.0 | Puntos: 13368 | Dist:   166.5km
2025-10-17 09:41:15 - INFO -   Gen  750 | Tiempo:  382.7m (resta: 97m) | Fitness:  11118.0 | Puntos: 13368 | Dist:   166.5km
2025-10-17 09:42:33 - INFO -   Gen  753 | Tiempo:  384.0m (resta: 95m) | Fitness:  11118.2 | Puntos: 13368 | Dist:   166.1km
2025-10-17 09:43:52 - INFO -   Gen  756 | Tiempo:  385.3m (resta: 94m) | Fitness:  11118.2 | Puntos: 13368 | Dist:   166.1km
2025-10-17 09:45:12 - INFO -   Gen  759 | Tiempo:  386.6m (resta: 93m) | Fitness:  11118.2 | Puntos: 13368 | Dist:   166.1km
2025-10-17 09:46:31 - INFO -   Gen  762 | Tiempo:  388.0m (resta: 91m) | Fitness:  11118.2 | Puntos: 13368 | Dist:   166.1km
2025-10-17 09:47:50 - INFO -   Gen  765 | Tiempo:  389.3m (resta: 90m) | Fitness:  11118.2 | Puntos: 13368 | Dist:   166.1km
2025-10-17 09:49:09 - INFO -   Gen  768 | Tiempo:  390.6m (resta: 89m) | Fitness:  11118.2 | Puntos: 13368 | Dist:   166.1km
2025-10-17 09:50:29 - INFO -   Gen  771 | Tiempo:  391.9m (resta: 88m) | Fitness:  11118.2 | Puntos: 13368 | Dist:   166.1km
2025-10-17 09:51:48 - INFO -   Gen  774 | Tiempo:  393.3m (resta: 86m) | Fitness:  11118.2 | Puntos: 13368 | Dist:   166.1km
2025-10-17 09:53:07 - INFO -   Gen  777 | Tiempo:  394.6m (resta: 85m) | Fitness:  11118.9 | Puntos: 13469 | Dist:   167.1km
2025-10-17 09:54:26 - INFO -   Gen  780 | Tiempo:  395.9m (resta: 84m) | Fitness:  11142.2 | Puntos: 13392 | Dist:   165.9km
2025-10-17 09:55:46 - INFO -   Gen  783 | Tiempo:  397.2m (resta: 82m) | Fitness:  11180.6 | Puntos: 13435 | Dist:   181.3km
2025-10-17 09:57:05 - INFO -   Gen  786 | Tiempo:  398.6m (resta: 81m) | Fitness:  11180.6 | Puntos: 13435 | Dist:   181.3km
2025-10-17 09:58:24 - INFO -   Gen  789 | Tiempo:  399.9m (resta: 80m) | Fitness:  11180.6 | Puntos: 13435 | Dist:   181.3km
2025-10-17 09:59:43 - INFO -   Gen  792 | Tiempo:  401.2m (resta: 78m) | Fitness:  11180.6 | Puntos: 13435 | Dist:   181.3km
2025-10-17 10:01:02 - INFO -   Gen  795 | Tiempo:  402.5m (resta: 77m) | Fitness:  11180.6 | Puntos: 13435 | Dist:   181.3km
2025-10-17 10:02:21 - INFO -   Gen  798 | Tiempo:  403.8m (resta: 76m) | Fitness:  11180.6 | Puntos: 13435 | Dist:   181.3km
2025-10-17 10:03:14 - INFO -   Gen  800 | Tiempo:  404.7m (resta: 75m) | Fitness:  11180.6 | Puntos: 13435 | Dist:   181.3km
2025-10-17 10:04:33 - INFO -   Gen  803 | Tiempo:  406.0m (resta: 73m) | Fitness:  11180.6 | Puntos: 13435 | Dist:   181.3km
2025-10-17 10:05:51 - INFO -   Gen  806 | Tiempo:  407.3m (resta: 72m) | Fitness:  11180.6 | Puntos: 13435 | Dist:   181.3km
2025-10-17 10:07:10 - INFO -   Gen  809 | Tiempo:  408.6m (resta: 71m) | Fitness:  11180.6 | Puntos: 13435 | Dist:   181.3km
2025-10-17 10:08:28 - INFO -   Gen  812 | Tiempo:  409.9m (resta: 70m) | Fitness:  11180.6 | Puntos: 13435 | Dist:   181.3km
2025-10-17 10:09:47 - INFO -   Gen  815 | Tiempo:  411.3m (resta: 68m) | Fitness:  11180.6 | Puntos: 13435 | Dist:   181.3km
2025-10-17 10:11:06 - INFO -   Gen  818 | Tiempo:  412.6m (resta: 67m) | Fitness:  11180.6 | Puntos: 13435 | Dist:   181.3km
2025-10-17 10:12:25 - INFO -   Gen  821 | Tiempo:  413.9m (resta: 66m) | Fitness:  11180.6 | Puntos: 13435 | Dist:   181.3km
2025-10-17 10:13:44 - INFO -   Gen  824 | Tiempo:  415.2m (resta: 64m) | Fitness:  11180.6 | Puntos: 13435 | Dist:   181.3km
2025-10-17 10:15:04 - INFO -   Gen  827 | Tiempo:  416.5m (resta: 63m) | Fitness:  11180.6 | Puntos: 13435 | Dist:   181.3km
2025-10-17 10:16:22 - INFO -   Gen  830 | Tiempo:  417.9m (resta: 62m) | Fitness:  11180.6 | Puntos: 13435 | Dist:   181.3km
2025-10-17 10:17:39 - INFO -   Gen  833 | Tiempo:  419.1m (resta: 60m) | Fitness:  11180.6 | Puntos: 13435 | Dist:   181.3km
2025-10-17 10:18:58 - INFO -   Gen  836 | Tiempo:  420.4m (resta: 59m) | Fitness:  11185.1 | Puntos: 13435 | Dist:   166.3km
2025-10-17 10:20:17 - INFO -   Gen  839 | Tiempo:  421.8m (resta: 58m) | Fitness:  11185.1 | Puntos: 13435 | Dist:   166.3km
2025-10-17 10:21:37 - INFO -   Gen  842 | Tiempo:  423.1m (resta: 56m) | Fitness:  11185.1 | Puntos: 13435 | Dist:   166.3km
2025-10-17 10:22:57 - INFO -   Gen  845 | Tiempo:  424.4m (resta: 55m) | Fitness:  11185.1 | Puntos: 13435 | Dist:   166.3km
2025-10-17 10:24:17 - INFO -   Gen  848 | Tiempo:  425.7m (resta: 54m) | Fitness:  11185.1 | Puntos: 13435 | Dist:   166.3km
2025-10-17 10:25:10 - INFO -   Gen  850 | Tiempo:  426.6m (resta: 53m) | Fitness:  11185.1 | Puntos: 13435 | Dist:   166.3km
2025-10-17 10:26:30 - INFO -   Gen  853 | Tiempo:  428.0m (resta: 52m) | Fitness:  11185.1 | Puntos: 13435 | Dist:   166.3km
2025-10-17 10:27:49 - INFO -   Gen  856 | Tiempo:  429.3m (resta: 50m) | Fitness:  11185.1 | Puntos: 13435 | Dist:   166.3km
2025-10-17 10:29:09 - INFO -   Gen  859 | Tiempo:  430.6m (resta: 49m) | Fitness:  11185.1 | Puntos: 13435 | Dist:   166.3km
2025-10-17 10:30:28 - INFO -   Gen  862 | Tiempo:  431.9m (resta: 48m) | Fitness:  11185.1 | Puntos: 13435 | Dist:   166.3km
2025-10-17 10:31:49 - INFO -   Gen  865 | Tiempo:  433.3m (resta: 46m) | Fitness:  11185.1 | Puntos: 13435 | Dist:   166.3km
2025-10-17 10:33:10 - INFO -   Gen  868 | Tiempo:  434.6m (resta: 45m) | Fitness:  11185.1 | Puntos: 13435 | Dist:   166.3km
2025-10-17 10:34:30 - INFO -   Gen  871 | Tiempo:  436.0m (resta: 44m) | Fitness:  11190.1 | Puntos: 13541 | Dist:   169.8km
2025-10-17 10:35:49 - INFO -   Gen  874 | Tiempo:  437.3m (resta: 42m) | Fitness:  11190.1 | Puntos: 13541 | Dist:   169.8km
2025-10-17 10:37:09 - INFO -   Gen  877 | Tiempo:  438.6m (resta: 41m) | Fitness:  11190.1 | Puntos: 13541 | Dist:   169.8km
2025-10-17 10:38:28 - INFO -   Gen  880 | Tiempo:  439.9m (resta: 40m) | Fitness:  11197.1 | Puntos: 13550 | Dist:   176.3km
2025-10-17 10:39:48 - INFO -   Gen  883 | Tiempo:  441.3m (resta: 38m) | Fitness:  11197.1 | Puntos: 13550 | Dist:   176.3km
2025-10-17 10:41:08 - INFO -   Gen  886 | Tiempo:  442.6m (resta: 37m) | Fitness:  11197.1 | Puntos: 13550 | Dist:   176.3km
2025-10-17 10:42:28 - INFO -   Gen  889 | Tiempo:  443.9m (resta: 36m) | Fitness:  11197.1 | Puntos: 13550 | Dist:   176.3km
2025-10-17 10:43:48 - INFO -   Gen  892 | Tiempo:  445.3m (resta: 34m) | Fitness:  11197.1 | Puntos: 13550 | Dist:   176.3km
2025-10-17 10:45:07 - INFO -   Gen  895 | Tiempo:  446.6m (resta: 33m) | Fitness:  11197.1 | Puntos: 13550 | Dist:   176.3km
2025-10-17 10:46:27 - INFO -   Gen  898 | Tiempo:  447.9m (resta: 32m) | Fitness:  11197.1 | Puntos: 13550 | Dist:   176.3km
2025-10-17 10:47:21 - INFO -   Gen  900 | Tiempo:  448.8m (resta: 31m) | Fitness:  11197.1 | Puntos: 13550 | Dist:   176.3km
2025-10-17 10:48:39 - INFO -   Gen  903 | Tiempo:  450.1m (resta: 29m) | Fitness:  11246.6 | Puntos: 13499 | Dist:   174.8km
2025-10-17 10:49:58 - INFO -   Gen  906 | Tiempo:  451.4m (resta: 28m) | Fitness:  11246.6 | Puntos: 13499 | Dist:   174.8km
2025-10-17 10:51:17 - INFO -   Gen  909 | Tiempo:  452.8m (resta: 27m) | Fitness:  11246.6 | Puntos: 13499 | Dist:   174.8km
2025-10-17 10:52:38 - INFO -   Gen  912 | Tiempo:  454.1m (resta: 25m) | Fitness:  11246.6 | Puntos: 13499 | Dist:   174.8km
2025-10-17 10:53:56 - INFO -   Gen  915 | Tiempo:  455.4m (resta: 24m) | Fitness:  11246.6 | Puntos: 13499 | Dist:   174.8km
2025-10-17 10:55:16 - INFO -   Gen  918 | Tiempo:  456.7m (resta: 23m) | Fitness:  11246.6 | Puntos: 13499 | Dist:   174.8km
2025-10-17 10:56:36 - INFO -   Gen  921 | Tiempo:  458.1m (resta: 21m) | Fitness:  11246.6 | Puntos: 13499 | Dist:   174.8km
2025-10-17 10:57:56 - INFO -   Gen  924 | Tiempo:  459.4m (resta: 20m) | Fitness:  11246.6 | Puntos: 13499 | Dist:   174.8km
2025-10-17 10:59:15 - INFO -   Gen  927 | Tiempo:  460.7m (resta: 19m) | Fitness:  11246.6 | Puntos: 13499 | Dist:   174.8km
2025-10-17 11:00:35 - INFO -   Gen  930 | Tiempo:  462.1m (resta: 17m) | Fitness:  11246.6 | Puntos: 13499 | Dist:   174.8km
2025-10-17 11:01:55 - INFO -   Gen  933 | Tiempo:  463.4m (resta: 16m) | Fitness:  11246.6 | Puntos: 13499 | Dist:   174.8km
2025-10-17 11:03:15 - INFO -   Gen  936 | Tiempo:  464.7m (resta: 15m) | Fitness:  11246.6 | Puntos: 13499 | Dist:   174.8km
2025-10-17 11:04:36 - INFO -   Gen  939 | Tiempo:  466.1m (resta: 13m) | Fitness:  11246.6 | Puntos: 13499 | Dist:   174.8km
2025-10-17 11:05:57 - INFO -   Gen  942 | Tiempo:  467.4m (resta: 12m) | Fitness:  11246.6 | Puntos: 13499 | Dist:   174.8km
2025-10-17 11:07:18 - INFO -   Gen  945 | Tiempo:  468.8m (resta: 11m) | Fitness:  11252.8 | Puntos: 13505 | Dist:   174.1km
2025-10-17 11:08:39 - INFO -   Gen  948 | Tiempo:  470.1m (resta: 9m) | Fitness:  11252.8 | Puntos: 13505 | Dist:   174.1km
2025-10-17 11:09:32 - INFO -   Gen  950 | Tiempo:  471.0m (resta: 9m) | Fitness:  11252.8 | Puntos: 13505 | Dist:   174.1km
2025-10-17 11:10:52 - INFO -   Gen  953 | Tiempo:  472.3m (resta: 7m) | Fitness:  11266.2 | Puntos: 13422 | Dist:   185.9km
2025-10-17 11:12:14 - INFO -   Gen  956 | Tiempo:  473.7m (resta: 6m) | Fitness:  11266.2 | Puntos: 13422 | Dist:   185.9km
2025-10-17 11:13:36 - INFO -   Gen  959 | Tiempo:  475.1m (resta: 4m) | Fitness:  11266.2 | Puntos: 13422 | Dist:   185.9km
2025-10-17 11:14:57 - INFO -   Gen  962 | Tiempo:  476.4m (resta: 3m) | Fitness:  11266.2 | Puntos: 13422 | Dist:   185.9km
2025-10-17 11:16:17 - INFO -   Gen  965 | Tiempo:  477.8m (resta: 2m) | Fitness:  11266.2 | Puntos: 13422 | Dist:   185.9km
2025-10-17 11:17:38 - INFO -   Gen  968 | Tiempo:  479.1m (resta: 0m) | Fitness:  11266.2 | Puntos: 13422 | Dist:   185.9km
2025-10-17 11:18:31 - INFO - 
⏱️  Tiempo límite alcanzado: 28825.8s
2025-10-17 11:18:31 - INFO - 
✅ Evolución completada!
2025-10-17 11:18:31 - INFO - 🏆 Mejor fitness global: 11266.2
2025-10-17 11:18:31 - INFO - 📊 Generaciones ejecutadas: 970
2025-10-17 11:18:31 - INFO - ⏱️  Tiempo total: 28825.76s (480.43m)
