2025-10-18 15:37:22,469 - INFO - 📝 Log iniciado: logs\18_15_37_sa.log
2025-10-18 15:37:22,471 - INFO - 🔗 Modo 2: Algoritmo Híbrido (GA + SA)
2025-10-18 15:37:22,471 - INFO - ================================================================================
2025-10-18 15:37:22,471 - INFO - FASE 1: ALGORITMO GENÉTICO (Exploración Global)
2025-10-18 15:37:22,471 - INFO - ================================================================================
2025-10-18 15:43:22,561 - INFO - ================================================================================
2025-10-18 15:43:22,561 - INFO - FASE 2: ENFRIAMIENTO SIMULADO (Refinamiento Local)
2025-10-18 15:43:22,562 - INFO - ================================================================================
2025-10-18 15:43:22,565 - INFO - ================================================================================
2025-10-18 15:43:22,565 - INFO - 🔗 ENFRIAMIENTO SIMULADO DESDE ALGORITMO GENÉTICO (HÍBRIDO GA+SA)
2025-10-18 15:43:22,565 - INFO - ================================================================================
2025-10-18 15:43:22,566 - INFO - 📍 Estrategia: Partir del MEJOR individuo del GA
2025-10-18 15:43:22,566 - INFO - 
2025-10-18 15:43:22,566 - INFO - 💡 Configuración OPTIMIZADA de refinamiento:
2025-10-18 15:43:22,566 - INFO -   • Temperatura inicial: 20 (moderada para refinamiento inteligente)
2025-10-18 15:43:22,567 - INFO -   • Factor α: 0.999 (convergencia balanceada)
2025-10-18 15:43:22,567 - INFO -   • Tiempo máximo: 6.0 minutos (0.1 horas)
2025-10-18 15:43:22,568 - INFO -   • Vecindad adaptativa: 4 tipos de perturbaciones con probabilidades dinámicas
2025-10-18 15:43:22,568 - INFO -   • Estrategia: Perturbaciones conservadoras que preservan calidad
2025-10-18 15:43:22,568 - INFO - ================================================================================
2025-10-18 15:43:22,568 - INFO - 🔥 INICIANDO ENFRIAMIENTO SIMULADO
2025-10-18 15:43:22,569 - INFO - ================================================================================
2025-10-18 15:43:22,569 - INFO - 🚀 Usando solución inicial proporcionada (warm start)...
2025-10-18 15:43:22,569 - INFO -   • Fitness reportado por el GA: 145.5
2025-10-18 15:43:22,570 - INFO -   • Puntos reportados por el GA: 17192
2025-10-18 15:43:22,570 - INFO - Usando solución inicial proporcionada - Fitness: 145.5, Puntos: 17192
2025-10-18 15:43:22,570 - DEBUG -   • Fitness después de copia (sin cambios): 145.5
2025-10-18 15:43:22,571 - DEBUG - Copia profunda realizada - Fitness: 145.5
2025-10-18 15:43:22,571 - INFO -   ✅ La solución del GA es válida (sin duplicados).
2025-10-18 15:43:22,571 - INFO - 📊 Configuración para Enfriamiento Simulado:
2025-10-18 15:43:22,571 - INFO -   • Temperatura inicial: 20.0
2025-10-18 15:43:22,572 - INFO -   • Temperatura mínima: 0.1
2025-10-18 15:43:22,573 - INFO -   • Factor de enfriamiento (α): 0.999
2025-10-18 15:43:22,573 - INFO -   • Máx. tiempo: 6.0 minutos (0.1 horas)
2025-10-18 15:43:22,573 - INFO -   • Máx. iter. sin mejora: 1,000
2025-10-18 15:43:22,573 - INFO -   • Usar optimización 2-opt: ✅ SÍ
2025-10-18 15:43:22,574 - INFO -   • Fitness inicial (REAL): 145.5
2025-10-18 15:43:22,574 - INFO -   • Puntos iniciales (REAL): 17192
2025-10-18 15:43:22,574 - INFO - ================================================================================
2025-10-18 15:43:23,218 - INFO - 🔄 Iniciando búsqueda...
2025-10-18 15:43:23,219 - INFO - Iniciando búsqueda por vecindario
2025-10-18 15:43:23,219 - INFO - Configuración: T_inicial=20, alpha=0.999, max_tiempo=360.0s, usar_2opt=True
2025-10-18 15:43:23,219 - INFO - --- Cambiando a Fase: Inicial (Exploración) (Progreso: 0.2%) ---
2025-10-18 15:43:23,221 - DEBUG - Iter 0: T=20.00, Fitness_actual=145.5, Mejor=145.5
2025-10-18 15:43:23,466 - INFO - 🌟 MEJORA #1 en iter 1: Fitness=145.8 (+0.3), Puntos=17224
2025-10-18 15:43:23,548 - INFO - 🌟 MEJORA #2 en iter 2: Fitness=145.8 (+0.0), Puntos=17224
2025-10-18 15:43:23,841 - INFO - Iter 8: Aceptada solución con delta=-11.1 (T=19.84)
2025-10-18 15:43:23,842 - INFO -   📊 Desglose del cambio:
2025-10-18 15:43:23,842 - INFO -      Puntos: -8 → 17216 total
2025-10-18 15:43:23,842 - INFO -      Tiempo: +390.5min → 14560.1min total
2025-10-18 15:43:23,843 - INFO -      Distancia: -5.0km → 145.4km total
2025-10-18 15:43:27,639 - DEBUG - Iter 100: T=18.10, Fitness_actual=111.9, Mejor=145.8
2025-10-18 15:43:28,602 - INFO - Iter 124: Aceptada solución con delta=+12.9 (T=17.67)
2025-10-18 15:43:28,602 - INFO -   📊 Desglose del cambio:
2025-10-18 15:43:28,602 - INFO -      Puntos: -9 → 17140 total
2025-10-18 15:43:28,602 - INFO -      Tiempo: -41.1min → 13286.0min total
2025-10-18 15:43:28,603 - INFO -      Distancia: -0.1km → 146.7km total
2025-10-18 15:43:31,623 - DEBUG - Iter 200: T=16.37, Fitness_actual=114.9, Mejor=145.8
2025-10-18 15:43:35,366 - DEBUG - Iter 300: T=14.81, Fitness_actual=109.5, Mejor=145.8
2025-10-18 15:43:39,337 - DEBUG - Iter 400: T=13.40, Fitness_actual=123.6, Mejor=145.8
2025-10-18 15:43:42,986 - INFO -   Iter   500 | Tiempo:    0.3min | T =    12.13 | Fitness =    114.1 | Mejor =    145.8 | Aceptación =  96.4%
2025-10-18 15:43:42,987 - INFO - Progreso iter 500: T=12.13, Fitness=114.1, Mejor=145.8, Tasa_acept=96.4%
2025-10-18 15:43:42,988 - DEBUG - Iter 500: T=12.13, Fitness_actual=114.1, Mejor=145.8
2025-10-18 15:43:46,699 - INFO - Iter 597: Aceptada solución con delta=-11.0 (T=11.01)
2025-10-18 15:43:46,700 - INFO -   📊 Desglose del cambio:
2025-10-18 15:43:46,700 - INFO -      Puntos: +0 → 16691 total
2025-10-18 15:43:46,700 - INFO -      Tiempo: -28.9min → 13210.7min total
2025-10-18 15:43:46,700 - INFO -      Distancia: -2.4km → 133.4km total
2025-10-18 15:43:46,827 - DEBUG - Iter 600: T=10.97, Fitness_actual=105.5, Mejor=145.8
2025-10-18 15:43:50,118 - INFO - Iter 680: Aceptada solución con delta=+12.0 (T=10.13)
2025-10-18 15:43:50,118 - INFO -   📊 Desglose del cambio:
2025-10-18 15:43:50,119 - INFO -      Puntos: +0 → 16605 total
2025-10-18 15:43:50,119 - INFO -      Tiempo: +337.4min → 13064.7min total
2025-10-18 15:43:50,119 - INFO -      Distancia: +0.6km → 132.1km total
2025-10-18 15:43:50,958 - DEBUG - Iter 700: T=9.93, Fitness_actual=99.4, Mejor=145.8
2025-10-18 15:43:55,156 - DEBUG - Iter 800: T=8.98, Fitness_actual=107.9, Mejor=145.8
2025-10-18 15:43:59,109 - DEBUG - Iter 900: T=8.13, Fitness_actual=99.5, Mejor=145.8
2025-10-18 15:44:04,159 - INFO -   Iter  1000 | Tiempo:    0.7min | T =     7.35 | Fitness =     95.7 | Mejor =    145.8 | Aceptación =  94.2%
2025-10-18 15:44:04,160 - INFO - Progreso iter 1000: T=7.35, Fitness=95.7, Mejor=145.8, Tasa_acept=94.2%
2025-10-18 15:44:04,162 - DEBUG - Iter 1000: T=7.35, Fitness_actual=95.7, Mejor=145.8
2025-10-18 15:44:04,281 - INFO - ⏸️  Estancamiento detectado: 1000 iteraciones sin mejora
2025-10-18 15:44:04,430 - INFO - 💾 Gráfica guardada: graficas\evolucion_fitness_sa_18_15_44.png
2025-10-18 15:44:21,016 - INFO - ================================================================================
2025-10-18 15:44:21,018 - INFO - ✅ ENFRIAMIENTO SIMULADO COMPLETADO
2025-10-18 15:44:21,018 - INFO - ================================================================================
2025-10-18 15:44:21,020 - INFO - Iteraciones: 1,003
2025-10-18 15:44:21,020 - INFO - Tiempo ejecución: 0.70 minutos
2025-10-18 15:44:21,021 - INFO - Fitness inicial: 145.5
2025-10-18 15:44:21,026 - INFO - Fitness final: 145.8
2025-10-18 15:44:21,028 - INFO - Mejora: +0.3 (+0.22%)
2025-10-18 15:44:21,034 - INFO - Mejoras encontradas: 2
2025-10-18 15:44:21,035 - INFO - Tasa aceptación: 94.22%
2025-10-18 15:44:21,036 - INFO - ================================================================================
2025-10-18 15:44:21,036 - INFO - ================================================================================
2025-10-18 15:44:21,037 - INFO - ✅ ENFRIAMIENTO SIMULADO COMPLETADO
2025-10-18 15:44:21,039 - INFO - ================================================================================
2025-10-18 15:44:21,039 - INFO - 
2025-10-18 15:44:21,039 - INFO - 📈 Estadísticas:
2025-10-18 15:44:21,040 - INFO -   • Iteraciones realizadas: 1,003
2025-10-18 15:44:21,040 - INFO -   • Tiempo de ejecución: 0.70 minutos (0.01 horas)
2025-10-18 15:44:21,040 - INFO -   • Temperatura final: 7.3319
2025-10-18 15:44:21,041 - INFO -   • Total aceptaciones: 945 (94.2%)
2025-10-18 15:44:21,041 - INFO -   • Total rechazos: 58
2025-10-18 15:44:21,042 - INFO -   • Mejoras encontradas: 2
2025-10-18 15:44:21,042 - INFO - 
2025-10-18 15:44:21,042 - INFO - 🏆 Resultados:
2025-10-18 15:44:21,042 - INFO -   • Fitness inicial: 145.5
2025-10-18 15:44:21,043 - INFO -   • Fitness final: 145.8
2025-10-18 15:44:21,043 - INFO -   • Mejora absoluta: +0.3
2025-10-18 15:44:21,043 - INFO -   • Mejora porcentual: +0.22%
2025-10-18 15:44:21,043 - INFO -   • Puntos totales: 17224
2025-10-18 15:44:21,044 - INFO -   • Tiempo total: 235.5h
2025-10-18 15:44:21,044 - INFO -   • Distancia total: 147.1km
2025-10-18 15:44:21,044 - INFO - ================================================================================
2025-10-18 15:44:21,045 - INFO - ================================================================================
2025-10-18 15:44:21,046 - INFO - ⚖️  COMPARACIÓN: ALGORITMO GENÉTICO vs ENFRIAMIENTO SIMULADO
2025-10-18 15:44:21,046 - INFO - ================================================================================
2025-10-18 15:44:21,047 - INFO - Métrica                        GA                   SA                   Diferencia          
2025-10-18 15:44:21,047 - INFO - ------------------------------------------------------------------------------------------
2025-10-18 15:44:21,047 - INFO - Fitness                        145.5                145.8                +0.3 ✅
2025-10-18 15:44:21,048 - INFO - Puntos totales                 17192                17224                +32 ✅
2025-10-18 15:44:21,048 - INFO - Tiempo total (h)               235.4                235.5                +0.1 ⚠️
2025-10-18 15:44:21,048 - INFO - Distancia total (km)           147.8                147.1                -0.7 ✅
2025-10-18 15:44:21,049 - INFO - ------------------------------------------------------------------------------------------
2025-10-18 15:44:21,049 - INFO - 
2025-10-18 15:44:21,049 - INFO - ⏱️  Tiempo de ejecución de algoritmos:
2025-10-18 15:44:21,050 - INFO -   • GA: 0.00 minutos
2025-10-18 15:44:21,050 - INFO -   • SA: 0.70 minutos
2025-10-18 15:44:21,050 - INFO -   • Total híbrido: 0.70 minutos
2025-10-18 15:44:21,050 - INFO - 🏆 El enfriamiento simulado MEJORÓ la solución del GA en 0.22%
2025-10-18 15:44:21,646 - INFO - 💾 Gráfica comparativa guardada: graficas\comparacion_ga_vs_sa_18_15_44.png
2025-10-18 15:44:35,206 - INFO - ================================================================================
2025-10-18 15:44:35,207 - INFO - ================================================================================
2025-10-18 15:44:35,208 - INFO - 📋 ANÁLISIS DE LA SOLUCIÓN FINAL (POST-SA)
2025-10-18 15:44:35,209 - INFO - ================================================================================
2025-10-18 15:44:35,221 - INFO - 💾 Resultados exportados a: resultados_sa_hybrid_20251018_154435.json
2025-10-18 15:44:35,228 - INFO - 
2025-10-18 15:44:35,228 - INFO - ✅ Resultados guardados exitosamente:
2025-10-18 15:44:35,229 - INFO -    • JSON: resultados_sa_hybrid_20251018_154435.json
2025-10-18 15:44:35,230 - INFO -    • Gráfica comparativa: graficas/comparacion_ga_vs_sa_*.png
2025-10-18 15:44:35,236 - INFO -    • Gráfica evolución: graficas/evolucion_fitness_sa_*.png
2025-10-18 15:44:35,243 - INFO -    • Log: logs\18_15_37_sa.log
2025-10-18 15:44:35,243 - INFO - ✅ Ejecución completada exitosamente!
