2025-10-19 05:02:36 - INFO - ================================================================================
2025-10-19 05:02:36 - INFO - INICIO DE EJECUCIÓN - Algoritmo Genético España
2025-10-19 05:02:36 - INFO - Log guardado en: logs\19_05_02_Mut_35.log
2025-10-19 05:02:36 - INFO - ================================================================================
2025-10-19 05:02:36 - INFO - 
================================================================================
2025-10-19 05:02:36 - INFO - ALGORITMO GENÉTICO
2025-10-19 05:02:36 - INFO - ================================================================================
2025-10-19 05:02:36 - INFO - Días: 20
2025-10-19 05:02:36 - INFO - Lugares/día: 12
2025-10-19 05:02:36 - INFO - Población: 1000
2025-10-19 05:02:36 - INFO - Tiempo límite: 1h 30m (1.50h)
2025-10-19 05:02:36 - INFO - Elitismo: 15%
2025-10-19 05:02:36 - INFO - Dataset: 2237 lugares en 20 ciudades
2025-10-19 05:02:36 - INFO - 💡 Presiona 'q' + ENTER en cualquier momento para detener y guardar el mejor resultado
2025-10-19 05:02:36 - INFO - ================================================================================

2025-10-19 05:02:36 - INFO - Creando población inicial
2025-10-19 05:08:41 - INFO - Evaluando población inicial
2025-10-19 05:08:46 - INFO - 
Iniciando evolución (hasta 5400s)...

2025-10-19 05:09:49 - INFO -   Gen    7 | Tiempo:    7.1m (resta: 82m) | Fitness:    120.1 | Puntos: 16064 | Dist:   168.8km
2025-10-19 05:10:55 - INFO -   Gen   17 | Tiempo:    8.2m (resta: 81m) | Fitness:    121.4 | Puntos: 16123 | Dist:   167.7km
2025-10-19 05:11:58 - INFO -   Gen   28 | Tiempo:    9.3m (resta: 80m) | Fitness:    126.3 | Puntos: 16284 | Dist:   179.3km
2025-10-19 05:12:58 - INFO -   Gen   40 | Tiempo:   10.3m (resta: 79m) | Fitness:    128.5 | Puntos: 15900 | Dist:   160.6km
2025-10-19 05:13:48 - INFO -   Gen   50 | Tiempo:   11.1m (resta: 78m) | Fitness:    130.0 | Puntos: 16348 | Dist:   156.0km
2025-10-19 05:14:52 - INFO -   Gen   63 | Tiempo:   12.2m (resta: 77m) | Fitness:    131.1 | Puntos: 16257 | Dist:   152.8km
2025-10-19 05:15:56 - INFO -   Gen   76 | Tiempo:   13.2m (resta: 76m) | Fitness:    133.0 | Puntos: 16241 | Dist:   138.3km
2025-10-19 05:16:59 - INFO -   Gen   89 | Tiempo:   14.3m (resta: 75m) | Fitness:    137.6 | Puntos: 16495 | Dist:   129.3km
2025-10-19 05:17:53 - INFO -   Gen  100 | Tiempo:   15.2m (resta: 74m) | Fitness:    137.6 | Puntos: 16495 | Dist:   129.3km
2025-10-19 05:18:58 - INFO -   Gen  113 | Tiempo:   16.3m (resta: 73m) | Fitness:    138.7 | Puntos: 16508 | Dist:   133.7km
2025-10-19 05:20:01 - INFO -   Gen  126 | Tiempo:   17.3m (resta: 72m) | Fitness:    138.7 | Puntos: 16515 | Dist:   138.3km
2025-10-19 05:21:05 - INFO -   Gen  139 | Tiempo:   18.4m (resta: 71m) | Fitness:    139.0 | Puntos: 16542 | Dist:   135.1km
2025-10-19 05:21:59 - INFO -   Gen  150 | Tiempo:   19.3m (resta: 70m) | Fitness:    140.0 | Puntos: 16536 | Dist:   131.4km
2025-10-19 05:23:04 - INFO -   Gen  163 | Tiempo:   20.4m (resta: 69m) | Fitness:    140.0 | Puntos: 16536 | Dist:   131.4km
2025-10-19 05:24:08 - INFO -   Gen  176 | Tiempo:   21.5m (resta: 68m) | Fitness:    140.2 | Puntos: 16557 | Dist:   124.1km
2025-10-19 05:25:13 - INFO -   Gen  189 | Tiempo:   22.5m (resta: 67m) | Fitness:    140.5 | Puntos: 16499 | Dist:   147.7km
2025-10-19 05:26:08 - INFO -   Gen  200 | Tiempo:   23.4m (resta: 66m) | Fitness:    140.8 | Puntos: 16523 | Dist:   133.6km
2025-10-19 05:27:12 - INFO -   Gen  213 | Tiempo:   24.5m (resta: 65m) | Fitness:    141.9 | Puntos: 16534 | Dist:   138.8km
2025-10-19 05:28:15 - INFO -   Gen  226 | Tiempo:   25.6m (resta: 64m) | Fitness:    142.4 | Puntos: 16477 | Dist:   136.1km
2025-10-19 05:29:17 - INFO -   Gen  239 | Tiempo:   26.6m (resta: 63m) | Fitness:    142.9 | Puntos: 16428 | Dist:   140.4km
2025-10-19 05:30:09 - INFO -   Gen  250 | Tiempo:   27.5m (resta: 62m) | Fitness:    143.2 | Puntos: 16558 | Dist:   136.8km
2025-10-19 05:31:10 - INFO -   Gen  263 | Tiempo:   28.5m (resta: 61m) | Fitness:    144.1 | Puntos: 16454 | Dist:   136.9km
2025-10-19 05:32:12 - INFO -   Gen  276 | Tiempo:   29.5m (resta: 60m) | Fitness:    145.1 | Puntos: 16454 | Dist:   135.8km
2025-10-19 05:33:13 - INFO -   Gen  289 | Tiempo:   30.5m (resta: 59m) | Fitness:    145.4 | Puntos: 16477 | Dist:   137.9km
2025-10-19 05:34:04 - INFO -   Gen  300 | Tiempo:   31.4m (resta: 58m) | Fitness:    145.5 | Puntos: 16493 | Dist:   135.8km
2025-10-19 05:35:05 - INFO -   Gen  313 | Tiempo:   32.4m (resta: 57m) | Fitness:    145.8 | Puntos: 16524 | Dist:   146.1km
2025-10-19 05:36:07 - INFO -   Gen  326 | Tiempo:   33.4m (resta: 56m) | Fitness:    146.1 | Puntos: 16554 | Dist:   147.8km
2025-10-19 05:37:09 - INFO -   Gen  339 | Tiempo:   34.5m (resta: 55m) | Fitness:    146.3 | Puntos: 16572 | Dist:   142.7km
2025-10-19 05:38:02 - INFO -   Gen  350 | Tiempo:   35.3m (resta: 54m) | Fitness:    146.4 | Puntos: 16579 | Dist:   140.5km
2025-10-19 05:39:04 - INFO -   Gen  363 | Tiempo:   36.4m (resta: 53m) | Fitness:    146.4 | Puntos: 16579 | Dist:   140.5km
2025-10-19 05:40:07 - INFO -   Gen  376 | Tiempo:   37.4m (resta: 52m) | Fitness:    146.9 | Puntos: 16627 | Dist:   131.2km
2025-10-19 05:41:10 - INFO -   Gen  389 | Tiempo:   38.5m (resta: 51m) | Fitness:    146.9 | Puntos: 16627 | Dist:   131.2km
2025-10-19 05:42:03 - INFO -   Gen  400 | Tiempo:   39.4m (resta: 50m) | Fitness:    146.9 | Puntos: 16627 | Dist:   131.2km
2025-10-19 05:43:05 - INFO -   Gen  413 | Tiempo:   40.4m (resta: 49m) | Fitness:    146.9 | Puntos: 16633 | Dist:   130.1km
2025-10-19 05:44:07 - INFO -   Gen  426 | Tiempo:   41.4m (resta: 48m) | Fitness:    147.3 | Puntos: 16579 | Dist:   147.6km
2025-10-19 05:45:09 - INFO -   Gen  439 | Tiempo:   42.5m (resta: 47m) | Fitness:    147.6 | Puntos: 16597 | Dist:   139.5km
2025-10-19 05:46:02 - INFO -   Gen  450 | Tiempo:   43.3m (resta: 46m) | Fitness:    147.6 | Puntos: 16597 | Dist:   139.5km
2025-10-19 05:47:04 - INFO -   Gen  463 | Tiempo:   44.4m (resta: 45m) | Fitness:    147.6 | Puntos: 16597 | Dist:   139.5km
2025-10-19 05:48:07 - INFO -   Gen  476 | Tiempo:   45.4m (resta: 44m) | Fitness:    147.7 | Puntos: 16706 | Dist:   123.5km
2025-10-19 05:49:10 - INFO -   Gen  489 | Tiempo:   46.5m (resta: 43m) | Fitness:    147.8 | Puntos: 16713 | Dist:   123.4km
2025-10-19 05:50:03 - INFO -   Gen  500 | Tiempo:   47.4m (resta: 42m) | Fitness:    147.8 | Puntos: 16713 | Dist:   123.4km
2025-10-19 05:51:07 - INFO -   Gen  513 | Tiempo:   48.4m (resta: 41m) | Fitness:    148.0 | Puntos: 16736 | Dist:   124.7km
2025-10-19 05:52:12 - INFO -   Gen  526 | Tiempo:   49.5m (resta: 40m) | Fitness:    148.0 | Puntos: 16736 | Dist:   124.7km
2025-10-19 05:53:16 - INFO -   Gen  539 | Tiempo:   50.6m (resta: 39m) | Fitness:    148.1 | Puntos: 16743 | Dist:   118.9km
2025-10-19 05:54:10 - INFO -   Gen  550 | Tiempo:   51.5m (resta: 38m) | Fitness:    148.1 | Puntos: 16747 | Dist:   121.2km
2025-10-19 05:55:14 - INFO -   Gen  563 | Tiempo:   52.5m (resta: 37m) | Fitness:    148.8 | Puntos: 16715 | Dist:   127.0km
2025-10-19 05:56:16 - INFO -   Gen  576 | Tiempo:   53.6m (resta: 36m) | Fitness:    148.8 | Puntos: 16715 | Dist:   126.6km
2025-10-19 05:57:18 - INFO -   Gen  589 | Tiempo:   54.6m (resta: 35m) | Fitness:    148.8 | Puntos: 16715 | Dist:   126.6km
2025-10-19 05:58:09 - INFO -   Gen  600 | Tiempo:   55.5m (resta: 34m) | Fitness:    148.8 | Puntos: 16715 | Dist:   126.6km
2025-10-19 05:59:09 - INFO -   Gen  613 | Tiempo:   56.5m (resta: 33m) | Fitness:    149.2 | Puntos: 16757 | Dist:   129.2km
2025-10-19 06:00:09 - INFO -   Gen  626 | Tiempo:   57.5m (resta: 32m) | Fitness:    149.2 | Puntos: 16757 | Dist:   129.2km
2025-10-19 06:01:11 - INFO -   Gen  639 | Tiempo:   58.5m (resta: 31m) | Fitness:    149.5 | Puntos: 16782 | Dist:   121.6km
2025-10-19 06:02:03 - INFO -   Gen  650 | Tiempo:   59.4m (resta: 30m) | Fitness:    149.7 | Puntos: 16808 | Dist:   124.1km
2025-10-19 06:03:05 - INFO -   Gen  663 | Tiempo:   60.4m (resta: 29m) | Fitness:    149.7 | Puntos: 16808 | Dist:   124.1km
2025-10-19 06:04:07 - INFO -   Gen  676 | Tiempo:   61.4m (resta: 28m) | Fitness:    149.7 | Puntos: 16808 | Dist:   124.1km
2025-10-19 06:05:10 - INFO -   Gen  689 | Tiempo:   62.5m (resta: 27m) | Fitness:    150.1 | Puntos: 16845 | Dist:   124.7km
2025-10-19 06:06:03 - INFO -   Gen  700 | Tiempo:   63.4m (resta: 26m) | Fitness:    150.1 | Puntos: 16845 | Dist:   124.7km
2025-10-19 06:07:06 - INFO -   Gen  713 | Tiempo:   64.4m (resta: 25m) | Fitness:    150.1 | Puntos: 16845 | Dist:   124.7km
2025-10-19 06:08:09 - INFO -   Gen  726 | Tiempo:   65.5m (resta: 24m) | Fitness:    150.1 | Puntos: 16845 | Dist:   124.7km
2025-10-19 06:09:11 - INFO -   Gen  739 | Tiempo:   66.5m (resta: 23m) | Fitness:    150.1 | Puntos: 16845 | Dist:   124.7km
2025-10-19 06:10:03 - INFO -   Gen  750 | Tiempo:   67.4m (resta: 22m) | Fitness:    150.1 | Puntos: 16845 | Dist:   124.7km
2025-10-19 06:11:05 - INFO -   Gen  763 | Tiempo:   68.4m (resta: 21m) | Fitness:    150.7 | Puntos: 16811 | Dist:   129.8km
2025-10-19 06:12:06 - INFO -   Gen  776 | Tiempo:   69.4m (resta: 20m) | Fitness:    150.7 | Puntos: 16811 | Dist:   129.8km
2025-10-19 06:13:08 - INFO -   Gen  789 | Tiempo:   70.4m (resta: 19m) | Fitness:    150.7 | Puntos: 16811 | Dist:   129.8km
2025-10-19 06:14:00 - INFO -   Gen  800 | Tiempo:   71.3m (resta: 18m) | Fitness:    150.7 | Puntos: 16811 | Dist:   129.8km
2025-10-19 06:15:02 - INFO -   Gen  813 | Tiempo:   72.3m (resta: 17m) | Fitness:    150.7 | Puntos: 16811 | Dist:   129.8km
2025-10-19 06:16:03 - INFO -   Gen  826 | Tiempo:   73.4m (resta: 16m) | Fitness:    150.8 | Puntos: 16915 | Dist:   127.5km
2025-10-19 06:17:06 - INFO -   Gen  839 | Tiempo:   74.4m (resta: 15m) | Fitness:    150.8 | Puntos: 16915 | Dist:   127.5km
2025-10-19 06:17:59 - INFO -   Gen  850 | Tiempo:   75.3m (resta: 14m) | Fitness:    150.8 | Puntos: 16915 | Dist:   127.5km
2025-10-19 06:19:01 - INFO -   Gen  863 | Tiempo:   76.3m (resta: 13m) | Fitness:    150.8 | Puntos: 16915 | Dist:   127.5km
2025-10-19 06:20:03 - INFO -   Gen  876 | Tiempo:   77.4m (resta: 12m) | Fitness:    150.9 | Puntos: 16928 | Dist:   116.5km
2025-10-19 06:21:06 - INFO -   Gen  889 | Tiempo:   78.4m (resta: 11m) | Fitness:    150.9 | Puntos: 16928 | Dist:   116.5km
2025-10-19 06:21:59 - INFO -   Gen  900 | Tiempo:   79.3m (resta: 10m) | Fitness:    151.1 | Puntos: 16946 | Dist:   119.0km
2025-10-19 06:23:02 - INFO -   Gen  913 | Tiempo:   80.3m (resta: 9m) | Fitness:    151.1 | Puntos: 16946 | Dist:   119.0km
2025-10-19 06:24:04 - INFO -   Gen  926 | Tiempo:   81.4m (resta: 8m) | Fitness:    151.1 | Puntos: 16946 | Dist:   119.0km
2025-10-19 06:25:06 - INFO -   Gen  939 | Tiempo:   82.4m (resta: 7m) | Fitness:    151.1 | Puntos: 16946 | Dist:   119.0km
2025-10-19 06:25:59 - INFO -   Gen  950 | Tiempo:   83.3m (resta: 6m) | Fitness:    151.2 | Puntos: 16857 | Dist:   133.5km
2025-10-19 06:27:01 - INFO -   Gen  963 | Tiempo:   84.3m (resta: 5m) | Fitness:    151.2 | Puntos: 16952 | Dist:   115.0km
2025-10-19 06:28:04 - INFO -   Gen  976 | Tiempo:   85.4m (resta: 4m) | Fitness:    151.2 | Puntos: 16864 | Dist:   134.7km
2025-10-19 06:29:06 - INFO -   Gen  989 | Tiempo:   86.4m (resta: 3m) | Fitness:    151.2 | Puntos: 16864 | Dist:   134.7km
2025-10-19 06:29:59 - INFO -   Gen 1000 | Tiempo:   87.3m (resta: 2m) | Fitness:    151.2 | Puntos: 16957 | Dist:   111.1km
2025-10-19 06:31:01 - INFO -   Gen 1013 | Tiempo:   88.3m (resta: 1m) | Fitness:    151.3 | Puntos: 16866 | Dist:   127.6km
2025-10-19 06:32:04 - INFO -   Gen 1026 | Tiempo:   89.4m (resta: 0m) | Fitness:    151.3 | Puntos: 16866 | Dist:   127.6km
2025-10-19 06:32:38 - INFO - 
  Tiempo límite alcanzado: 5401.4s
2025-10-19 06:32:38 - INFO - 
✅ Evolución completada!
2025-10-19 06:32:38 - INFO - 🏆 Mejor fitness global: 151.4
2025-10-19 06:32:38 - INFO - 📊 Generaciones ejecutadas: 1033
2025-10-19 06:32:38 - INFO - ⏱️  Tiempo total: 5401.42s (90.02m)
