2025-10-19 06:32:36 - INFO - ================================================================================
2025-10-19 06:32:36 - INFO - INICIO DE EJECUCIÓN - Algoritmo Genético España
2025-10-19 06:32:36 - INFO - Log guardado en: logs\19_06_32_Mut_90.log
2025-10-19 06:32:36 - INFO - ================================================================================
2025-10-19 06:32:36 - INFO - 
================================================================================
2025-10-19 06:32:36 - INFO - ALGORITMO GENÉTICO
2025-10-19 06:32:36 - INFO - ================================================================================
2025-10-19 06:32:36 - INFO - Días: 20
2025-10-19 06:32:36 - INFO - Lugares/día: 12
2025-10-19 06:32:36 - INFO - Población: 1000
2025-10-19 06:32:36 - INFO - Tiempo límite: 1h 30m (1.50h)
2025-10-19 06:32:36 - INFO - Elitismo: 15%
2025-10-19 06:32:36 - INFO - Dataset: 2237 lugares en 20 ciudades
2025-10-19 06:32:36 - INFO - 💡 Presiona 'q' + ENTER en cualquier momento para detener y guardar el mejor resultado
2025-10-19 06:32:36 - INFO - ================================================================================

2025-10-19 06:32:36 - INFO - Creando población inicial
2025-10-19 06:38:38 - INFO - Evaluando población inicial
2025-10-19 06:38:43 - INFO - 
Iniciando evolución (hasta 5400s)...

2025-10-19 06:39:43 - INFO -   Gen    7 | Tiempo:    7.0m (resta: 82m) | Fitness:    120.1 | Puntos: 16064 | Dist:   168.8km
2025-10-19 06:40:46 - INFO -   Gen   17 | Tiempo:    8.1m (resta: 81m) | Fitness:    121.4 | Puntos: 16123 | Dist:   167.7km
2025-10-19 06:41:51 - INFO -   Gen   29 | Tiempo:    9.2m (resta: 80m) | Fitness:    126.3 | Puntos: 16284 | Dist:   179.3km
2025-10-19 06:42:53 - INFO -   Gen   42 | Tiempo:   10.2m (resta: 79m) | Fitness:    128.5 | Puntos: 15900 | Dist:   160.6km
2025-10-19 06:43:32 - INFO -   Gen   50 | Tiempo:   10.8m (resta: 79m) | Fitness:    130.0 | Puntos: 16348 | Dist:   156.0km
2025-10-19 06:44:32 - INFO -   Gen   63 | Tiempo:   11.9m (resta: 78m) | Fitness:    131.1 | Puntos: 16257 | Dist:   152.8km
2025-10-19 06:45:33 - INFO -   Gen   76 | Tiempo:   12.9m (resta: 77m) | Fitness:    133.0 | Puntos: 16241 | Dist:   138.3km
2025-10-19 06:46:34 - INFO -   Gen   89 | Tiempo:   13.9m (resta: 76m) | Fitness:    137.6 | Puntos: 16495 | Dist:   129.3km
2025-10-19 06:47:26 - INFO -   Gen  100 | Tiempo:   14.8m (resta: 75m) | Fitness:    137.6 | Puntos: 16495 | Dist:   129.3km
2025-10-19 06:48:27 - INFO -   Gen  113 | Tiempo:   15.8m (resta: 74m) | Fitness:    138.7 | Puntos: 16508 | Dist:   133.7km
2025-10-19 06:49:28 - INFO -   Gen  126 | Tiempo:   16.8m (resta: 73m) | Fitness:    138.7 | Puntos: 16515 | Dist:   138.3km
2025-10-19 06:50:30 - INFO -   Gen  139 | Tiempo:   17.8m (resta: 72m) | Fitness:    139.0 | Puntos: 16542 | Dist:   135.1km
2025-10-19 06:51:22 - INFO -   Gen  150 | Tiempo:   18.7m (resta: 71m) | Fitness:    140.0 | Puntos: 16536 | Dist:   131.4km
2025-10-19 06:52:24 - INFO -   Gen  163 | Tiempo:   19.7m (resta: 70m) | Fitness:    140.0 | Puntos: 16536 | Dist:   131.4km
2025-10-19 06:53:27 - INFO -   Gen  176 | Tiempo:   20.8m (resta: 69m) | Fitness:    140.2 | Puntos: 16557 | Dist:   124.1km
2025-10-19 06:54:29 - INFO -   Gen  189 | Tiempo:   21.8m (resta: 68m) | Fitness:    140.5 | Puntos: 16499 | Dist:   147.7km
2025-10-19 06:55:21 - INFO -   Gen  200 | Tiempo:   22.7m (resta: 67m) | Fitness:    140.8 | Puntos: 16523 | Dist:   133.6km
2025-10-19 06:56:23 - INFO -   Gen  213 | Tiempo:   23.7m (resta: 66m) | Fitness:    141.9 | Puntos: 16534 | Dist:   138.8km
2025-10-19 06:57:23 - INFO -   Gen  226 | Tiempo:   24.7m (resta: 65m) | Fitness:    142.4 | Puntos: 16477 | Dist:   136.1km
2025-10-19 06:58:26 - INFO -   Gen  240 | Tiempo:   25.8m (resta: 64m) | Fitness:    142.9 | Puntos: 16428 | Dist:   140.4km
2025-10-19 06:59:12 - INFO -   Gen  250 | Tiempo:   26.5m (resta: 63m) | Fitness:    143.2 | Puntos: 16558 | Dist:   136.8km
2025-10-19 07:00:15 - INFO -   Gen  264 | Tiempo:   27.6m (resta: 62m) | Fitness:    144.5 | Puntos: 16487 | Dist:   138.1km
2025-10-19 07:01:18 - INFO -   Gen  278 | Tiempo:   28.6m (resta: 61m) | Fitness:    145.4 | Puntos: 16477 | Dist:   137.9km
2025-10-19 07:02:21 - INFO -   Gen  292 | Tiempo:   29.7m (resta: 60m) | Fitness:    145.4 | Puntos: 16477 | Dist:   137.9km
2025-10-19 07:02:57 - INFO -   Gen  300 | Tiempo:   30.3m (resta: 59m) | Fitness:    145.5 | Puntos: 16493 | Dist:   135.8km
2025-10-19 07:04:00 - INFO -   Gen  314 | Tiempo:   31.3m (resta: 58m) | Fitness:    145.8 | Puntos: 16524 | Dist:   146.1km
2025-10-19 07:05:03 - INFO -   Gen  328 | Tiempo:   32.4m (resta: 57m) | Fitness:    146.1 | Puntos: 16554 | Dist:   147.8km
2025-10-19 07:06:07 - INFO -   Gen  342 | Tiempo:   33.4m (resta: 56m) | Fitness:    146.3 | Puntos: 16572 | Dist:   142.7km
2025-10-19 07:06:44 - INFO -   Gen  350 | Tiempo:   34.0m (resta: 55m) | Fitness:    146.4 | Puntos: 16579 | Dist:   140.5km
2025-10-19 07:07:48 - INFO -   Gen  364 | Tiempo:   35.1m (resta: 54m) | Fitness:    146.4 | Puntos: 16579 | Dist:   140.5km
2025-10-19 07:08:48 - INFO -   Gen  377 | Tiempo:   36.1m (resta: 53m) | Fitness:    146.9 | Puntos: 16627 | Dist:   131.2km
2025-10-19 07:09:53 - INFO -   Gen  391 | Tiempo:   37.2m (resta: 52m) | Fitness:    146.9 | Puntos: 16627 | Dist:   131.2km
2025-10-19 07:10:34 - INFO -   Gen  400 | Tiempo:   37.9m (resta: 52m) | Fitness:    146.9 | Puntos: 16627 | Dist:   131.2km
2025-10-19 07:11:39 - INFO -   Gen  414 | Tiempo:   39.0m (resta: 51m) | Fitness:    146.9 | Puntos: 16633 | Dist:   130.1km
2025-10-19 07:12:43 - INFO -   Gen  428 | Tiempo:   40.0m (resta: 49m) | Fitness:    147.3 | Puntos: 16579 | Dist:   147.6km
2025-10-19 07:13:47 - INFO -   Gen  442 | Tiempo:   41.1m (resta: 48m) | Fitness:    147.6 | Puntos: 16597 | Dist:   139.5km
2025-10-19 07:14:23 - INFO -   Gen  450 | Tiempo:   41.7m (resta: 48m) | Fitness:    147.6 | Puntos: 16597 | Dist:   139.5km
2025-10-19 07:15:27 - INFO -   Gen  464 | Tiempo:   42.8m (resta: 47m) | Fitness:    147.6 | Puntos: 16597 | Dist:   139.5km
2025-10-19 07:16:32 - INFO -   Gen  478 | Tiempo:   43.9m (resta: 46m) | Fitness:    147.7 | Puntos: 16706 | Dist:   123.5km
2025-10-19 07:17:32 - INFO -   Gen  491 | Tiempo:   44.9m (resta: 45m) | Fitness:    147.8 | Puntos: 16713 | Dist:   123.4km
2025-10-19 07:18:14 - INFO -   Gen  500 | Tiempo:   45.6m (resta: 44m) | Fitness:    147.8 | Puntos: 16713 | Dist:   123.4km
2025-10-19 07:19:16 - INFO -   Gen  513 | Tiempo:   46.6m (resta: 43m) | Fitness:    148.0 | Puntos: 16736 | Dist:   124.7km
2025-10-19 07:20:17 - INFO -   Gen  526 | Tiempo:   47.6m (resta: 42m) | Fitness:    148.0 | Puntos: 16736 | Dist:   124.7km
2025-10-19 07:21:19 - INFO -   Gen  539 | Tiempo:   48.6m (resta: 41m) | Fitness:    148.1 | Puntos: 16743 | Dist:   118.9km
2025-10-19 07:22:11 - INFO -   Gen  550 | Tiempo:   49.5m (resta: 40m) | Fitness:    148.1 | Puntos: 16747 | Dist:   121.2km
2025-10-19 07:23:12 - INFO -   Gen  563 | Tiempo:   50.5m (resta: 39m) | Fitness:    148.8 | Puntos: 16715 | Dist:   127.0km
2025-10-19 07:24:16 - INFO -   Gen  577 | Tiempo:   51.6m (resta: 38m) | Fitness:    148.8 | Puntos: 16715 | Dist:   126.6km
2025-10-19 07:25:19 - INFO -   Gen  591 | Tiempo:   52.6m (resta: 37m) | Fitness:    148.8 | Puntos: 16715 | Dist:   126.6km
2025-10-19 07:25:59 - INFO -   Gen  600 | Tiempo:   53.3m (resta: 36m) | Fitness:    148.8 | Puntos: 16715 | Dist:   126.6km
2025-10-19 07:27:01 - INFO -   Gen  614 | Tiempo:   54.3m (resta: 35m) | Fitness:    149.2 | Puntos: 16757 | Dist:   129.2km
2025-10-19 07:28:03 - INFO -   Gen  628 | Tiempo:   55.4m (resta: 34m) | Fitness:    149.5 | Puntos: 16782 | Dist:   121.6km
2025-10-19 07:29:06 - INFO -   Gen  642 | Tiempo:   56.4m (resta: 33m) | Fitness:    149.5 | Puntos: 16782 | Dist:   121.6km
2025-10-19 07:29:42 - INFO -   Gen  650 | Tiempo:   57.0m (resta: 32m) | Fitness:    149.7 | Puntos: 16808 | Dist:   124.1km
2025-10-19 07:30:46 - INFO -   Gen  664 | Tiempo:   58.1m (resta: 31m) | Fitness:    149.7 | Puntos: 16808 | Dist:   124.1km
2025-10-19 07:31:51 - INFO -   Gen  678 | Tiempo:   59.2m (resta: 30m) | Fitness:    149.7 | Puntos: 16808 | Dist:   124.1km
2025-10-19 07:32:55 - INFO -   Gen  692 | Tiempo:   60.2m (resta: 29m) | Fitness:    150.1 | Puntos: 16845 | Dist:   124.7km
2025-10-19 07:33:32 - INFO -   Gen  700 | Tiempo:   60.9m (resta: 29m) | Fitness:    150.1 | Puntos: 16845 | Dist:   124.7km
2025-10-19 07:34:32 - INFO -   Gen  713 | Tiempo:   61.9m (resta: 28m) | Fitness:    150.1 | Puntos: 16845 | Dist:   124.7km
2025-10-19 07:35:32 - INFO -   Gen  726 | Tiempo:   62.9m (resta: 27m) | Fitness:    150.1 | Puntos: 16845 | Dist:   124.7km
2025-10-19 07:36:36 - INFO -   Gen  740 | Tiempo:   63.9m (resta: 26m) | Fitness:    150.1 | Puntos: 16845 | Dist:   124.7km
2025-10-19 07:37:22 - INFO -   Gen  750 | Tiempo:   64.7m (resta: 25m) | Fitness:    150.1 | Puntos: 16845 | Dist:   124.7km
2025-10-19 07:38:25 - INFO -   Gen  764 | Tiempo:   65.7m (resta: 24m) | Fitness:    150.7 | Puntos: 16811 | Dist:   129.8km
2025-10-19 07:39:29 - INFO -   Gen  778 | Tiempo:   66.8m (resta: 23m) | Fitness:    150.7 | Puntos: 16811 | Dist:   129.8km
2025-10-19 07:40:32 - INFO -   Gen  792 | Tiempo:   67.8m (resta: 22m) | Fitness:    150.7 | Puntos: 16811 | Dist:   129.8km
2025-10-19 07:41:08 - INFO -   Gen  800 | Tiempo:   68.5m (resta: 21m) | Fitness:    150.7 | Puntos: 16811 | Dist:   129.8km
2025-10-19 07:42:12 - INFO -   Gen  814 | Tiempo:   69.5m (resta: 20m) | Fitness:    150.7 | Puntos: 16811 | Dist:   129.8km
2025-10-19 07:43:15 - INFO -   Gen  828 | Tiempo:   70.6m (resta: 19m) | Fitness:    150.8 | Puntos: 16915 | Dist:   127.5km
2025-10-19 07:44:20 - INFO -   Gen  842 | Tiempo:   71.6m (resta: 18m) | Fitness:    150.8 | Puntos: 16915 | Dist:   127.5km
2025-10-19 07:44:56 - INFO -   Gen  850 | Tiempo:   72.3m (resta: 17m) | Fitness:    150.8 | Puntos: 16915 | Dist:   127.5km
2025-10-19 07:46:01 - INFO -   Gen  864 | Tiempo:   73.3m (resta: 16m) | Fitness:    150.8 | Puntos: 16915 | Dist:   127.5km
2025-10-19 07:47:05 - INFO -   Gen  878 | Tiempo:   74.4m (resta: 15m) | Fitness:    150.9 | Puntos: 16928 | Dist:   116.5km
2025-10-19 07:48:05 - INFO -   Gen  891 | Tiempo:   75.4m (resta: 14m) | Fitness:    150.9 | Puntos: 16928 | Dist:   116.5km
2025-10-19 07:48:47 - INFO -   Gen  900 | Tiempo:   76.1m (resta: 13m) | Fitness:    151.1 | Puntos: 16946 | Dist:   119.0km
2025-10-19 07:49:51 - INFO -   Gen  914 | Tiempo:   77.2m (resta: 12m) | Fitness:    151.1 | Puntos: 16946 | Dist:   119.0km
2025-10-19 07:50:55 - INFO -   Gen  928 | Tiempo:   78.2m (resta: 11m) | Fitness:    151.1 | Puntos: 16946 | Dist:   119.0km
2025-10-19 07:51:59 - INFO -   Gen  942 | Tiempo:   79.3m (resta: 10m) | Fitness:    151.1 | Puntos: 16946 | Dist:   119.0km
2025-10-19 07:52:36 - INFO -   Gen  950 | Tiempo:   79.9m (resta: 10m) | Fitness:    151.2 | Puntos: 16857 | Dist:   133.5km
2025-10-19 07:53:41 - INFO -   Gen  964 | Tiempo:   81.0m (resta: 9m) | Fitness:    151.2 | Puntos: 16952 | Dist:   115.0km
2025-10-19 07:54:45 - INFO -   Gen  978 | Tiempo:   82.1m (resta: 7m) | Fitness:    151.2 | Puntos: 16864 | Dist:   134.7km
2025-10-19 07:55:49 - INFO -   Gen  992 | Tiempo:   83.1m (resta: 6m) | Fitness:    151.2 | Puntos: 16864 | Dist:   134.7km
2025-10-19 07:56:26 - INFO -   Gen 1000 | Tiempo:   83.7m (resta: 6m) | Fitness:    151.2 | Puntos: 16957 | Dist:   111.1km
2025-10-19 07:57:26 - INFO -   Gen 1013 | Tiempo:   84.7m (resta: 5m) | Fitness:    151.3 | Puntos: 16866 | Dist:   127.6km
2025-10-19 07:58:26 - INFO -   Gen 1026 | Tiempo:   85.7m (resta: 4m) | Fitness:    151.3 | Puntos: 16866 | Dist:   127.6km
2025-10-19 07:59:26 - INFO -   Gen 1039 | Tiempo:   86.7m (resta: 3m) | Fitness:    151.4 | Puntos: 16882 | Dist:   138.1km
2025-10-19 08:00:17 - INFO -   Gen 1050 | Tiempo:   87.6m (resta: 2m) | Fitness:    151.4 | Puntos: 16882 | Dist:   138.1km
2025-10-19 08:01:17 - INFO -   Gen 1063 | Tiempo:   88.6m (resta: 1m) | Fitness:    151.4 | Puntos: 16882 | Dist:   138.1km
2025-10-19 08:02:18 - INFO -   Gen 1076 | Tiempo:   89.6m (resta: 0m) | Fitness:    151.5 | Puntos: 16789 | Dist:   121.9km
2025-10-19 08:02:36 - INFO - 
  Tiempo límite alcanzado: 5400.2s
2025-10-19 08:02:36 - INFO - 
✅ Evolución completada!
2025-10-19 08:02:36 - INFO - 🏆 Mejor fitness global: 151.5
2025-10-19 08:02:36 - INFO - 📊 Generaciones ejecutadas: 1080
2025-10-19 08:02:36 - INFO - ⏱️  Tiempo total: 5400.17s (90.00m)
