2025-10-19 17:37:08,284 - INFO - 📝 Log iniciado: logs\19_17_37_sa.log
2025-10-19 17:37:08,286 - INFO - 🎲 Modo 1: Enfriamiento Simulado desde solución aleatoria
2025-10-19 17:37:08,286 - INFO - ================================================================================
2025-10-19 17:37:08,286 - INFO - 🔥 INICIANDO ENFRIAMIENTO SIMULADO
2025-10-19 17:37:08,287 - INFO - ================================================================================
2025-10-19 17:37:08,287 - INFO - 🎲 Generando solución inicial aleatoria...
2025-10-19 17:37:08,656 - INFO - Solución inicial creada - Fitness: 99.8, Puntos: 15233
2025-10-19 17:37:08,657 - INFO -   ✅ La solución del GA es válida (sin duplicados).
2025-10-19 17:37:08,680 - INFO - 📊 Configuración para Enfriamiento Simulado:
2025-10-19 17:37:08,680 - INFO -   • Temperatura inicial: 2000.0
2025-10-19 17:37:08,680 - INFO -   • Temperatura mínima: 0.1
2025-10-19 17:37:08,680 - INFO -   • Factor de enfriamiento (α): 0.999
2025-10-19 17:37:08,681 - INFO -   • Máx. tiempo: 120.0 minutos (2.0 horas)
2025-10-19 17:37:08,681 - INFO -   • Máx. iter. sin mejora: 999,999
2025-10-19 17:37:08,681 - INFO -   • Usar optimización 2-opt: ✅ SÍ
2025-10-19 17:37:08,681 - INFO -   • Fitness inicial (REAL): 99.8
2025-10-19 17:37:08,682 - INFO -   • Puntos iniciales (REAL): 15233
2025-10-19 17:37:08,682 - INFO - ================================================================================
2025-10-19 17:37:09,229 - INFO - 🔄 Iniciando búsqueda...
2025-10-19 17:37:09,229 - INFO - Iniciando búsqueda por vecindario
2025-10-19 17:37:09,229 - INFO - Configuración: T_inicial=2000, alpha=0.999, max_tiempo=7200s, usar_2opt=True
2025-10-19 17:37:09,229 - INFO - --- Cambiando a Fase: Intermedia (Balance) (Progreso: 0.0%) ---
2025-10-19 17:37:09,234 - DEBUG - Iter 0: T=2000.00, Fitness_actual=99.8, Mejor=99.8
2025-10-19 17:37:09,234 - INFO - 🌟 MEJORA #1 en iter 0: Fitness=99.8 (+0.0), Puntos=15233
2025-10-19 17:37:09,508 - INFO - 🌟 MEJORA #2 en iter 2: Fitness=99.9 (+0.1), Puntos=15239
2025-10-19 17:37:09,577 - INFO - 🌟 MEJORA #3 en iter 3: Fitness=101.4 (+1.6), Puntos=15239
2025-10-19 17:37:09,655 - INFO - 🌟 MEJORA #4 en iter 4: Fitness=101.8 (+0.4), Puntos=15279
2025-10-19 17:37:09,811 - INFO - 🌟 MEJORA #5 en iter 7: Fitness=102.0 (+0.1), Puntos=15296
2025-10-19 17:37:09,811 - INFO -   ✨ Mejora #5 en iteración 8: Fitness = 102.0 | Puntos = 15296 | T = 1986.04
2025-10-19 17:37:10,522 - INFO - Iter 25: Aceptada solución con delta=-19.4 (T=1950.60)
2025-10-19 17:37:10,523 - INFO -   📊 Desglose del cambio:
2025-10-19 17:37:10,523 - INFO -      Puntos: +250 → 13813 total
2025-10-19 17:37:10,523 - INFO -      Tiempo: +988.1min → 14153.1min total
2025-10-19 17:37:10,523 - INFO -      Distancia: +51.7km → 234.2km total
2025-10-19 17:37:10,582 - INFO - Iter 26: Aceptada solución con delta=+13.2 (T=1948.64)
2025-10-19 17:37:10,583 - INFO -   📊 Desglose del cambio:
2025-10-19 17:37:10,583 - INFO -      Puntos: -719 → 13094 total
2025-10-19 17:37:10,583 - INFO -      Tiempo: -1715.8min → 12437.3min total
2025-10-19 17:37:10,583 - INFO -      Distancia: -63.4km → 170.8km total
2025-10-19 17:37:13,345 - DEBUG - Iter 100: T=1809.58, Fitness_actual=66.4, Mejor=102.0
2025-10-19 17:37:17,399 - DEBUG - Iter 200: T=1637.30, Fitness_actual=53.8, Mejor=102.0
2025-10-19 17:37:21,423 - DEBUG - Iter 300: T=1481.41, Fitness_actual=17.2, Mejor=102.0
2025-10-19 17:37:26,276 - DEBUG - Iter 400: T=1340.37, Fitness_actual=4.9, Mejor=102.0
2025-10-19 17:37:30,600 - INFO -   Iter   500 | Tiempo:    0.4min | T =  1212.76 | Fitness =     19.4 | Mejor =    102.0 | Aceptación =  99.8%
2025-10-19 17:37:30,600 - INFO - Progreso iter 500: T=1212.76, Fitness=19.4, Mejor=102.0, Tasa_acept=99.8%
2025-10-19 17:37:30,601 - DEBUG - Iter 500: T=1212.76, Fitness_actual=19.4, Mejor=102.0
2025-10-19 17:37:35,833 - DEBUG - Iter 600: T=1097.29, Fitness_actual=8.3, Mejor=102.0
2025-10-19 17:37:40,252 - DEBUG - Iter 700: T=992.82, Fitness_actual=-2.6, Mejor=102.0
2025-10-19 17:37:45,313 - DEBUG - Iter 800: T=898.30, Fitness_actual=-11.3, Mejor=102.0
2025-10-19 17:37:47,880 - INFO - Iter 852: Aceptada solución con delta=-12.5 (T=852.76)
2025-10-19 17:37:47,880 - INFO -   📊 Desglose del cambio:
2025-10-19 17:37:47,881 - INFO -      Puntos: +0 → 2987 total
2025-10-19 17:37:47,881 - INFO -      Tiempo: +2464.0min → 7515.2min total
2025-10-19 17:37:47,881 - INFO -      Distancia: -0.0km → 46.2km total
2025-10-19 17:37:50,484 - DEBUG - Iter 900: T=812.77, Fitness_actual=-18.2, Mejor=102.0
2025-10-19 17:37:55,400 - INFO -   Iter  1000 | Tiempo:    0.8min | T =   735.39 | Fitness =    -25.8 | Mejor =    102.0 | Aceptación =  99.9%
2025-10-19 17:37:55,400 - INFO - Progreso iter 1000: T=735.39, Fitness=-25.8, Mejor=102.0, Tasa_acept=99.9%
2025-10-19 17:37:55,401 - DEBUG - Iter 1000: T=735.39, Fitness_actual=-25.8, Mejor=102.0
2025-10-19 17:38:00,342 - DEBUG - Iter 1100: T=665.38, Fitness_actual=-24.8, Mejor=102.0
2025-10-19 17:38:05,396 - DEBUG - Iter 1200: T=602.03, Fitness_actual=-15.1, Mejor=102.0
2025-10-19 17:38:10,517 - DEBUG - Iter 1300: T=544.71, Fitness_actual=-23.5, Mejor=102.0
2025-10-19 17:38:16,107 - DEBUG - Iter 1400: T=492.85, Fitness_actual=-25.9, Mejor=102.0
2025-10-19 17:38:21,471 - INFO -   Iter  1500 | Tiempo:    1.2min | T =   445.93 | Fitness =    -28.7 | Mejor =    102.0 | Aceptación =  99.9%
2025-10-19 17:38:21,471 - INFO - Progreso iter 1500: T=445.93, Fitness=-28.7, Mejor=102.0, Tasa_acept=99.9%
2025-10-19 17:38:21,474 - DEBUG - Iter 1500: T=445.93, Fitness_actual=-28.7, Mejor=102.0
2025-10-19 17:38:26,995 - DEBUG - Iter 1600: T=403.47, Fitness_actual=-28.6, Mejor=102.0
2025-10-19 17:38:32,397 - DEBUG - Iter 1700: T=365.06, Fitness_actual=-22.4, Mejor=102.0
2025-10-19 17:38:37,832 - DEBUG - Iter 1800: T=330.30, Fitness_actual=-27.0, Mejor=102.0
2025-10-19 17:38:43,482 - DEBUG - Iter 1900: T=298.85, Fitness_actual=-28.3, Mejor=102.0
2025-10-19 17:38:49,394 - INFO -   Iter  2000 | Tiempo:    1.7min | T =   270.40 | Fitness =    -27.4 | Mejor =    102.0 | Aceptación =  99.9%
2025-10-19 17:38:49,394 - INFO - Progreso iter 2000: T=270.40, Fitness=-27.4, Mejor=102.0, Tasa_acept=99.9%
2025-10-19 17:38:49,395 - DEBUG - Iter 2000: T=270.40, Fitness_actual=-27.4, Mejor=102.0
2025-10-19 17:38:54,550 - DEBUG - Iter 2100: T=244.66, Fitness_actual=-25.2, Mejor=102.0
2025-10-19 17:38:59,512 - DEBUG - Iter 2200: T=221.36, Fitness_actual=-25.8, Mejor=102.0
2025-10-19 17:39:04,430 - DEBUG - Iter 2300: T=200.29, Fitness_actual=-24.5, Mejor=102.0
2025-10-19 17:39:09,406 - DEBUG - Iter 2400: T=181.22, Fitness_actual=-22.3, Mejor=102.0
2025-10-19 17:39:14,510 - INFO -   Iter  2500 | Tiempo:    2.1min | T =   163.96 | Fitness =    -36.3 | Mejor =    102.0 | Aceptación =  99.9%
2025-10-19 17:39:14,510 - INFO - Progreso iter 2500: T=163.96, Fitness=-36.3, Mejor=102.0, Tasa_acept=99.9%
2025-10-19 17:39:14,511 - DEBUG - Iter 2500: T=163.96, Fitness_actual=-36.3, Mejor=102.0
2025-10-19 17:39:19,722 - DEBUG - Iter 2600: T=148.35, Fitness_actual=-33.4, Mejor=102.0
2025-10-19 17:39:25,190 - DEBUG - Iter 2700: T=134.23, Fitness_actual=-23.1, Mejor=102.0
2025-10-19 17:39:28,691 - DEBUG - Iter 2800: T=121.45, Fitness_actual=-30.4, Mejor=102.0
