2025-10-19 17:57:22,748 - INFO - 📝 Log iniciado: logs\19_17_57_sa.log
2025-10-19 17:57:22,749 - INFO - 🎲 Modo 1: Enfriamiento Simulado desde solución aleatoria
2025-10-19 17:57:22,749 - INFO - ================================================================================
2025-10-19 17:57:22,749 - INFO - 🔥 INICIANDO ENFRIAMIENTO SIMULADO
2025-10-19 17:57:22,750 - INFO - ================================================================================
2025-10-19 17:57:22,750 - INFO - 🎲 Generando solución inicial aleatoria...
2025-10-19 17:57:23,101 - INFO - Solución inicial creada - Fitness: 99.8, Puntos: 15233
2025-10-19 17:57:23,101 - INFO -   ✅ La solución del GA es válida (sin duplicados).
2025-10-19 17:57:23,103 - INFO - 📊 Configuración para Enfriamiento Simulado:
2025-10-19 17:57:23,104 - INFO -   • Temperatura inicial: 10.0
2025-10-19 17:57:23,104 - INFO -   • Temperatura mínima: 0.1
2025-10-19 17:57:23,104 - INFO -   • Tipo de enfriamiento: 🔄 ADAPTATIVO (lineal por tiempo)
2025-10-19 17:57:23,104 - INFO -   • Máx. tiempo: 120.0 minutos (2.0 horas)
2025-10-19 17:57:23,105 - INFO -   • Máx. iter. sin mejora: 999,999
2025-10-19 17:57:23,105 - INFO -   • Usar optimización 2-opt: ✅ SÍ
2025-10-19 17:57:23,105 - INFO -   • Fitness inicial (REAL): 99.8
2025-10-19 17:57:23,105 - INFO -   • Puntos iniciales (REAL): 15233
2025-10-19 17:57:23,106 - INFO - ================================================================================
2025-10-19 17:57:23,670 - INFO - 🔄 Iniciando búsqueda...
2025-10-19 17:57:23,670 - INFO - Iniciando búsqueda por vecindario
2025-10-19 17:57:23,671 - INFO - Configuración: T_inicial=10, alpha=0.9995, max_tiempo=7200s, usar_2opt=True
2025-10-19 17:57:23,671 - INFO - --- Cambiando a Fase: Inicial (Exploración) (Progreso: 0.0%) ---
2025-10-19 17:57:23,675 - DEBUG - Iter 0: T=10.00, Fitness_actual=99.8, Mejor=99.8
2025-10-19 17:57:23,676 - INFO - 🌟 MEJORA #1 en iter 0: Fitness=99.8 (+0.0), Puntos=15233
2025-10-19 17:57:24,033 - INFO - 🌟 MEJORA #2 en iter 3: Fitness=100.8 (+1.0), Puntos=15231
2025-10-19 17:57:24,188 - INFO - 🌟 MEJORA #3 en iter 6: Fitness=100.9 (+0.1), Puntos=15237
2025-10-19 17:57:28,011 - DEBUG - Iter 100: T=9.99, Fitness_actual=79.3, Mejor=100.9
2025-10-19 17:57:32,054 - DEBUG - Iter 200: T=9.99, Fitness_actual=69.9, Mejor=100.9
2025-10-19 17:57:35,895 - WARNING - ⚠️  DEGRADACIÓN DETECTADA en iter 300:
2025-10-19 17:57:35,895 - WARNING -    Mejor fitness: 100.9
2025-10-19 17:57:35,895 - WARNING -    Fitness promedio reciente: 64.7
2025-10-19 17:57:35,896 - WARNING -    Degradación: 36.2
2025-10-19 17:57:35,896 - WARNING -    🔄 RESTAURANDO mejor solución...
2025-10-19 17:57:35,900 - DEBUG - Iter 300: T=9.98, Fitness_actual=100.9, Mejor=100.9
2025-10-19 17:57:35,900 - INFO - 🌟 MEJORA #4 en iter 300: Fitness=100.9 (+0.0), Puntos=15239
2025-10-19 17:57:35,944 - INFO - 🌟 MEJORA #5 en iter 301: Fitness=100.9 (+0.0), Puntos=15244
2025-10-19 17:57:35,945 - INFO -   ✨ Mejora #5 en iteración 302: Fitness = 100.9 | Puntos = 15244 | T = 9.98
2025-10-19 17:57:35,989 - INFO - 🌟 MEJORA #6 en iter 302: Fitness=100.9 (+0.0), Puntos=15245
2025-10-19 17:57:36,032 - INFO - 🌟 MEJORA #7 en iter 303: Fitness=101.1 (+0.2), Puntos=15261
2025-10-19 17:57:36,075 - INFO - 🌟 MEJORA #8 en iter 304: Fitness=101.1 (+0.0), Puntos=15261
2025-10-19 17:57:36,959 - INFO - 🌟 MEJORA #9 en iter 326: Fitness=101.2 (+0.1), Puntos=14527
2025-10-19 17:57:36,998 - INFO - 🌟 MEJORA #10 en iter 327: Fitness=101.5 (+0.2), Puntos=14550
2025-10-19 17:57:36,998 - INFO -   ✨ Mejora #10 en iteración 328: Fitness = 101.5 | Puntos = 14550 | T = 9.98
2025-10-19 17:57:37,038 - INFO - 🌟 MEJORA #11 en iter 328: Fitness=101.5 (+0.0), Puntos=14550
2025-10-19 17:57:37,116 - INFO - 🌟 MEJORA #12 en iter 330: Fitness=101.5 (+0.1), Puntos=14556
2025-10-19 17:57:37,232 - INFO - 🌟 MEJORA #13 en iter 333: Fitness=101.6 (+0.0), Puntos=14560
2025-10-19 17:57:37,593 - INFO - 🌟 MEJORA #14 en iter 342: Fitness=101.9 (+0.3), Puntos=14593
2025-10-19 17:57:37,635 - INFO - 🌟 MEJORA #15 en iter 343: Fitness=102.0 (+0.1), Puntos=14600
2025-10-19 17:57:37,635 - INFO -   ✨ Mejora #15 en iteración 344: Fitness = 102.0 | Puntos = 14600 | T = 9.98
2025-10-19 17:57:39,924 - DEBUG - Iter 400: T=9.98, Fitness_actual=91.4, Mejor=102.0
2025-10-19 17:57:43,671 - INFO -   Iter   500 | Tiempo:    0.3min ( 0.3%) | T =     9.97 | Fitness =     74.2 | Mejor =    102.0 | Aceptación =  93.8%
2025-10-19 17:57:43,672 - INFO - Progreso iter 500: T=9.97, Fitness=74.2, Mejor=102.0, Tasa_acept=93.8%
2025-10-19 17:57:43,673 - DEBUG - Iter 500: T=9.97, Fitness_actual=74.2, Mejor=102.0
2025-10-19 17:57:47,759 - DEBUG - Iter 600: T=9.97, Fitness_actual=63.2, Mejor=102.0
2025-10-19 17:57:51,954 - WARNING - ⚠️  DEGRADACIÓN DETECTADA en iter 700:
2025-10-19 17:57:51,954 - WARNING -    Mejor fitness: 102.0
2025-10-19 17:57:51,954 - WARNING -    Fitness promedio reciente: 63.4
2025-10-19 17:57:51,955 - WARNING -    Degradación: 38.6
2025-10-19 17:57:51,955 - WARNING -    🔄 RESTAURANDO mejor solución...
2025-10-19 17:57:51,958 - DEBUG - Iter 700: T=9.96, Fitness_actual=102.0, Mejor=102.0
2025-10-19 17:57:53,705 - INFO - 🌟 MEJORA #16 en iter 741: Fitness=103.0 (+1.0), Puntos=14448
2025-10-19 17:57:53,750 - INFO - 🌟 MEJORA #17 en iter 742: Fitness=103.5 (+0.5), Puntos=14448
2025-10-19 17:57:56,272 - DEBUG - Iter 800: T=9.95, Fitness_actual=93.7, Mejor=103.5
2025-10-19 17:58:00,318 - DEBUG - Iter 900: T=9.95, Fitness_actual=96.3, Mejor=103.5
2025-10-19 17:58:04,554 - INFO -   Iter  1000 | Tiempo:    0.7min ( 0.6%) | T =     9.94 | Fitness =     67.9 | Mejor =    103.5 | Aceptación =  94.7%
2025-10-19 17:58:04,555 - INFO - Progreso iter 1000: T=9.94, Fitness=67.9, Mejor=103.5, Tasa_acept=94.7%
2025-10-19 17:58:04,557 - DEBUG - Iter 1000: T=9.94, Fitness_actual=67.9, Mejor=103.5
2025-10-19 17:58:08,792 - WARNING - ⚠️  DEGRADACIÓN DETECTADA en iter 1100:
2025-10-19 17:58:08,793 - WARNING -    Mejor fitness: 103.5
2025-10-19 17:58:08,793 - WARNING -    Fitness promedio reciente: 70.5
2025-10-19 17:58:08,793 - WARNING -    Degradación: 32.9
2025-10-19 17:58:08,793 - WARNING -    🔄 RESTAURANDO mejor solución...
2025-10-19 17:58:08,795 - DEBUG - Iter 1100: T=9.94, Fitness_actual=103.5, Mejor=103.5
2025-10-19 17:58:13,241 - DEBUG - Iter 1200: T=9.93, Fitness_actual=91.5, Mejor=103.5
2025-10-19 17:58:17,630 - DEBUG - Iter 1300: T=9.92, Fitness_actual=73.2, Mejor=103.5
2025-10-19 17:58:22,166 - WARNING - ⚠️  DEGRADACIÓN DETECTADA en iter 1400:
2025-10-19 17:58:22,166 - WARNING -    Mejor fitness: 103.5
2025-10-19 17:58:22,166 - WARNING -    Fitness promedio reciente: 65.0
2025-10-19 17:58:22,166 - WARNING -    Degradación: 38.5
2025-10-19 17:58:22,167 - WARNING -    🔄 RESTAURANDO mejor solución...
2025-10-19 17:58:22,169 - DEBUG - Iter 1400: T=9.92, Fitness_actual=103.5, Mejor=103.5
2025-10-19 17:58:22,169 - INFO - 🌟 MEJORA #18 en iter 1400: Fitness=103.5 (+0.0), Puntos=14448
2025-10-19 17:58:22,220 - INFO - 🌟 MEJORA #19 en iter 1401: Fitness=104.5 (+1.0), Puntos=14448
2025-10-19 17:58:22,313 - INFO - 🌟 MEJORA #20 en iter 1403: Fitness=104.5 (+0.0), Puntos=14451
2025-10-19 17:58:22,313 - INFO -   ✨ Mejora #20 en iteración 1404: Fitness = 104.5 | Puntos = 14451 | T = 9.92
2025-10-19 17:58:22,406 - INFO - 🌟 MEJORA #21 en iter 1405: Fitness=104.5 (+0.0), Puntos=14451
2025-10-19 17:58:22,724 - INFO - 🌟 MEJORA #22 en iter 1412: Fitness=104.5 (+0.0), Puntos=14453
2025-10-19 17:58:26,952 - INFO - Iter 1498: Aceptada solución con delta=-10.2 (T=9.91)
2025-10-19 17:58:26,983 - INFO -   📊 Desglose del cambio:
2025-10-19 17:58:26,984 - INFO -      Puntos: -722 → 12946 total
2025-10-19 17:58:26,988 - INFO -      Tiempo: -411.5min → 14394.9min total
2025-10-19 17:58:26,988 - INFO -      Distancia: -9.3km → 158.1km total
2025-10-19 17:58:27,093 - INFO -   Iter  1500 | Tiempo:    1.1min ( 0.9%) | T =     9.91 | Fitness =     77.2 | Mejor =    104.5 | Aceptación =  94.9%
2025-10-19 17:58:27,094 - INFO - Progreso iter 1500: T=9.91, Fitness=77.2, Mejor=104.5, Tasa_acept=94.9%
2025-10-19 17:58:27,099 - DEBUG - Iter 1500: T=9.91, Fitness_actual=77.2, Mejor=104.5
2025-10-19 17:58:33,241 - DEBUG - Iter 1600: T=9.90, Fitness_actual=90.3, Mejor=104.5
2025-10-19 17:58:38,025 - DEBUG - Iter 1700: T=9.90, Fitness_actual=72.4, Mejor=104.5
2025-10-19 17:58:42,715 - WARNING - ⚠️  DEGRADACIÓN DETECTADA en iter 1800:
2025-10-19 17:58:42,715 - WARNING -    Mejor fitness: 104.5
2025-10-19 17:58:42,716 - WARNING -    Fitness promedio reciente: 69.4
2025-10-19 17:58:42,716 - WARNING -    Degradación: 35.1
2025-10-19 17:58:42,716 - WARNING -    🔄 RESTAURANDO mejor solución...
2025-10-19 17:58:42,718 - DEBUG - Iter 1800: T=9.89, Fitness_actual=104.5, Mejor=104.5
2025-10-19 17:58:42,718 - INFO - 🌟 MEJORA #23 en iter 1800: Fitness=104.5 (+0.0), Puntos=14453
2025-10-19 17:58:47,564 - DEBUG - Iter 1900: T=9.88, Fitness_actual=75.1, Mejor=104.5
2025-10-19 17:58:52,912 - INFO -   Iter  2000 | Tiempo:    1.5min ( 1.3%) | T =     9.88 | Fitness =     74.2 | Mejor =    104.5 | Aceptación =  95.5%
2025-10-19 17:58:52,912 - INFO - Progreso iter 2000: T=9.88, Fitness=74.2, Mejor=104.5, Tasa_acept=95.5%
2025-10-19 17:58:52,914 - DEBUG - Iter 2000: T=9.88, Fitness_actual=74.2, Mejor=104.5
2025-10-19 17:58:58,094 - DEBUG - Iter 2100: T=9.87, Fitness_actual=76.1, Mejor=104.5
2025-10-19 17:59:01,048 - INFO - Iter 2163: Aceptada solución con delta=-11.5 (T=9.86)
2025-10-19 17:59:01,048 - INFO -   📊 Desglose del cambio:
2025-10-19 17:59:01,048 - INFO -      Puntos: -450 → 10917 total
2025-10-19 17:59:01,049 - INFO -      Tiempo: +2106.8min → 14724.8min total
2025-10-19 17:59:01,049 - INFO -      Distancia: +5.2km → 165.9km total
2025-10-19 17:59:03,102 - WARNING - ⚠️  DEGRADACIÓN DETECTADA en iter 2200:
2025-10-19 17:59:03,102 - WARNING -    Mejor fitness: 104.5
2025-10-19 17:59:03,102 - WARNING -    Fitness promedio reciente: 70.6
2025-10-19 17:59:03,103 - WARNING -    Degradación: 33.9
2025-10-19 17:59:03,103 - WARNING -    🔄 RESTAURANDO mejor solución...
2025-10-19 17:59:03,105 - DEBUG - Iter 2200: T=9.86, Fitness_actual=104.5, Mejor=104.5
2025-10-19 17:59:03,153 - INFO - 🌟 MEJORA #24 en iter 2201: Fitness=104.5 (+0.0), Puntos=14456
2025-10-19 17:59:03,203 - INFO - 🌟 MEJORA #25 en iter 2202: Fitness=104.6 (+0.0), Puntos=14461
2025-10-19 17:59:03,203 - INFO -   ✨ Mejora #25 en iteración 2203: Fitness = 104.6 | Puntos = 14461 | T = 9.86
2025-10-19 17:59:03,250 - INFO - Iter 2203: Aceptada solución con delta=-11.3 (T=9.86)
2025-10-19 17:59:03,250 - INFO -   📊 Desglose del cambio:
2025-10-19 17:59:03,250 - INFO -      Puntos: -780 → 13681 total
2025-10-19 17:59:03,250 - INFO -      Tiempo: -592.5min → 12343.8min total
2025-10-19 17:59:03,250 - INFO -      Distancia: -5.2km → 172.1km total
2025-10-19 17:59:08,015 - DEBUG - Iter 2300: T=9.86, Fitness_actual=77.1, Mejor=104.6
2025-10-19 17:59:12,461 - DEBUG - Iter 2400: T=9.85, Fitness_actual=67.7, Mejor=104.6
2025-10-19 17:59:17,247 - INFO -   Iter  2500 | Tiempo:    1.9min ( 1.6%) | T =     9.84 | Fitness =     63.3 | Mejor =    104.6 | Aceptación =  95.1%
2025-10-19 17:59:17,247 - INFO - Progreso iter 2500: T=9.84, Fitness=63.3, Mejor=104.6, Tasa_acept=95.1%
2025-10-19 17:59:17,247 - WARNING - ⚠️  DEGRADACIÓN DETECTADA en iter 2500:
2025-10-19 17:59:17,248 - WARNING -    Mejor fitness: 104.6
2025-10-19 17:59:17,248 - WARNING -    Fitness promedio reciente: 68.7
2025-10-19 17:59:17,248 - WARNING -    Degradación: 35.9
2025-10-19 17:59:17,248 - WARNING -    🔄 RESTAURANDO mejor solución...
2025-10-19 17:59:17,251 - DEBUG - Iter 2500: T=9.84, Fitness_actual=104.6, Mejor=104.6
2025-10-19 17:59:22,657 - DEBUG - Iter 2600: T=9.84, Fitness_actual=85.8, Mejor=104.6
2025-10-19 17:59:27,710 - DEBUG - Iter 2700: T=9.83, Fitness_actual=78.6, Mejor=104.6
2025-10-19 17:59:31,073 - DEBUG - Iter 2800: T=9.82, Fitness_actual=76.9, Mejor=104.6
