2025-10-19 17:45:07,146 - INFO - 📝 Log iniciado: logs\19_17_45_sa.log
2025-10-19 17:45:07,148 - INFO - 🎲 Modo 1: Enfriamiento Simulado desde solución aleatoria
2025-10-19 17:45:07,148 - INFO - ================================================================================
2025-10-19 17:45:07,148 - INFO - 🔥 INICIANDO ENFRIAMIENTO SIMULADO
2025-10-19 17:45:07,149 - INFO - ================================================================================
2025-10-19 17:45:07,149 - INFO - 🎲 Generando solución inicial aleatoria...
2025-10-19 17:45:07,503 - INFO - Solución inicial creada - Fitness: 99.8, Puntos: 15233
2025-10-19 17:45:07,504 - INFO -   ✅ La solución del GA es válida (sin duplicados).
2025-10-19 17:45:07,506 - INFO - 📊 Configuración para Enfriamiento Simulado:
2025-10-19 17:45:07,506 - INFO -   • Temperatura inicial: 20.0
2025-10-19 17:45:07,506 - INFO -   • Temperatura mínima: 0.1
2025-10-19 17:45:07,506 - INFO -   • Factor de enfriamiento (α): 0.99
2025-10-19 17:45:07,506 - INFO -   • Máx. tiempo: 120.0 minutos (2.0 horas)
2025-10-19 17:45:07,507 - INFO -   • Máx. iter. sin mejora: 999,999
2025-10-19 17:45:07,507 - INFO -   • Usar optimización 2-opt: ✅ SÍ
2025-10-19 17:45:07,507 - INFO -   • Fitness inicial (REAL): 99.8
2025-10-19 17:45:07,507 - INFO -   • Puntos iniciales (REAL): 15233
2025-10-19 17:45:07,507 - INFO - ================================================================================
2025-10-19 17:45:08,076 - INFO - 🔄 Iniciando búsqueda...
2025-10-19 17:45:08,076 - INFO - Iniciando búsqueda por vecindario
2025-10-19 17:45:08,076 - INFO - Configuración: T_inicial=20, alpha=0.99, max_tiempo=7200s, usar_2opt=True
2025-10-19 17:45:08,077 - INFO - --- Cambiando a Fase: Intermedia (Balance) (Progreso: 0.0%) ---
2025-10-19 17:45:08,081 - DEBUG - Iter 0: T=20.00, Fitness_actual=99.8, Mejor=99.8
2025-10-19 17:45:08,081 - INFO - 🌟 MEJORA #1 en iter 0: Fitness=99.8 (+0.0), Puntos=15233
2025-10-19 17:45:08,605 - INFO - 🌟 MEJORA #2 en iter 7: Fitness=100.1 (+0.2), Puntos=14418
2025-10-19 17:45:08,677 - INFO - 🌟 MEJORA #3 en iter 8: Fitness=101.4 (+1.4), Puntos=14345
2025-10-19 17:45:12,271 - DEBUG - Iter 100: T=7.32, Fitness_actual=86.4, Mejor=101.4
2025-10-19 17:45:16,254 - DEBUG - Iter 200: T=2.68, Fitness_actual=88.7, Mejor=101.4
2025-10-19 17:45:19,940 - DEBUG - Iter 300: T=0.98, Fitness_actual=83.8, Mejor=101.4
2025-10-19 17:45:23,727 - DEBUG - Iter 400: T=0.36, Fitness_actual=99.0, Mejor=101.4
2025-10-19 17:45:27,282 - INFO -   Iter   500 | Tiempo:    0.3min | T =     0.13 | Fitness =     99.8 | Mejor =    101.4 | Aceptación =  87.2%
2025-10-19 17:45:27,283 - INFO - Progreso iter 500: T=0.13, Fitness=99.8, Mejor=101.4, Tasa_acept=87.2%
2025-10-19 17:45:27,285 - DEBUG - Iter 500: T=0.13, Fitness_actual=99.8, Mejor=101.4
2025-10-19 17:45:28,324 - INFO - ❄️  Temperatura mínima alcanzada: 0.0992 < 0.1
2025-10-19 17:45:28,448 - INFO - 💾 Gráfica guardada: graficas\evolucion_fitness_sa_19_17_45.png
2025-10-19 17:45:45,039 - INFO - ================================================================================
2025-10-19 17:45:45,040 - INFO - ✅ ENFRIAMIENTO SIMULADO COMPLETADO
2025-10-19 17:45:45,040 - INFO - ================================================================================
2025-10-19 17:45:45,040 - INFO - Iteraciones: 528
2025-10-19 17:45:45,041 - INFO - Tiempo ejecución: 0.35 minutos
2025-10-19 17:45:45,041 - INFO - Fitness inicial: 99.8
2025-10-19 17:45:45,041 - INFO - Fitness final: 101.4
2025-10-19 17:45:45,041 - INFO - Mejora: +1.6 (+1.60%)
2025-10-19 17:45:45,042 - INFO - Mejoras encontradas: 3
2025-10-19 17:45:45,042 - INFO - Tasa aceptación: 83.90%
2025-10-19 17:45:45,042 - INFO - ================================================================================
2025-10-19 17:45:45,043 - INFO - ================================================================================
2025-10-19 17:45:45,043 - INFO - ✅ ENFRIAMIENTO SIMULADO COMPLETADO
2025-10-19 17:45:45,043 - INFO - ================================================================================
2025-10-19 17:45:45,044 - INFO - 
2025-10-19 17:45:45,044 - INFO - 📈 Estadísticas:
2025-10-19 17:45:45,044 - INFO -   • Iteraciones realizadas: 528
2025-10-19 17:45:45,044 - INFO -   • Tiempo de ejecución: 0.35 minutos (0.01 horas)
2025-10-19 17:45:45,044 - INFO -   • Temperatura final: 0.0992
2025-10-19 17:45:45,045 - INFO -   • Total aceptaciones: 443 (83.9%)
2025-10-19 17:45:45,045 - INFO -   • Total rechazos: 85
2025-10-19 17:45:45,045 - INFO -   • Mejoras encontradas: 3
2025-10-19 17:45:45,045 - INFO - 
2025-10-19 17:45:45,046 - INFO - 🏆 Resultados:
2025-10-19 17:45:45,046 - INFO -   • Fitness inicial: 99.8
2025-10-19 17:45:45,046 - INFO -   • Fitness final: 101.4
2025-10-19 17:45:45,046 - INFO -   • Mejora absoluta: +1.6
2025-10-19 17:45:45,046 - INFO -   • Mejora porcentual: +1.60%
2025-10-19 17:45:45,047 - INFO -   • Puntos totales: 14345
2025-10-19 17:45:45,047 - INFO -   • Tiempo total: 219.4h
2025-10-19 17:45:45,047 - INFO -   • Distancia total: 174.7km
2025-10-19 17:45:45,048 - INFO - ================================================================================
2025-10-19 17:45:45,048 - INFO - ================================================================================
2025-10-19 17:45:45,048 - INFO - 📋 ANÁLISIS DE LA SOLUCIÓN FINAL
2025-10-19 17:45:45,048 - INFO - ================================================================================
2025-10-19 17:45:45,076 - INFO - 💾 Resultados exportados a: resultados_sa_standalone_20251019_174545.json
2025-10-19 17:45:45,078 - INFO - 
2025-10-19 17:45:45,078 - INFO - ✅ Resultados guardados exitosamente:
2025-10-19 17:45:45,079 - INFO -    • JSON: resultados_sa_standalone_20251019_174545.json
2025-10-19 17:45:45,079 - INFO -    • Log: logs\19_17_45_sa.log
2025-10-19 17:45:45,079 - INFO -    • Gráfica: graficas/evolucion_fitness_sa_*.png
2025-10-19 17:45:45,080 - INFO - ✅ Ejecución completada exitosamente!
