2025-10-21 00:50:49 - INFO - ================================================================================
2025-10-21 00:50:49 - INFO - INICIO DE EJECUCIÓN - Algoritmo Genético España
2025-10-21 00:50:49 - INFO - Log guardado en: logs\21_00_50_ga_desde_sa.log
2025-10-21 00:50:49 - INFO - ================================================================================
2025-10-21 00:50:49 - INFO - ⏳ Ejecutando GA por 2 hora(s)...
2025-10-21 00:50:49 - INFO -    (Esto puede tardar. Si se cuelga, usa Ctrl+C y ejecuta modo 1)
2025-10-21 00:50:49 - INFO - 
2025-10-21 00:50:49 - INFO - 
================================================================================
2025-10-21 00:50:49 - INFO - ALGORITMO GENÉTICO
2025-10-21 00:50:49 - INFO - ================================================================================
2025-10-21 00:50:49 - INFO - Días: 20
2025-10-21 00:50:49 - INFO - Lugares/día: 12
2025-10-21 00:50:49 - INFO - Población: 750
2025-10-21 00:50:49 - INFO - Tiempo límite: 2h 0m (2.00h)
2025-10-21 00:50:49 - INFO - Elitismo: 10%
2025-10-21 00:50:49 - INFO - Reparación probabilística: 70% (30% mantienen diversidad)
2025-10-21 00:50:49 - INFO - Dataset: 2237 lugares en 20 ciudades
2025-10-21 00:50:49 - INFO - 💡 Presiona 'q' + ENTER en cualquier momento para detener y guardar el mejor resultado
2025-10-21 00:50:49 - INFO - ================================================================================

2025-10-21 00:50:49 - INFO - Creando población inicial
