2025-10-17 02:20:44 - INFO - ================================================================================
2025-10-17 02:20:44 - INFO - INICIO DE EJECUCIÓN - Algoritmo Genético España
2025-10-17 02:20:44 - INFO - Log guardado en: logs\ag_espana_17_02_20.log
2025-10-17 02:20:44 - INFO - ================================================================================
2025-10-17 02:20:44 - INFO - 
================================================================================
2025-10-17 02:20:44 - INFO - CONFIGURACIÓN SELECCIONADA: Modo 3
2025-10-17 02:20:44 - INFO - Nombre: ULTRA-COMPLEJA (1.5-2 horas)
2025-10-17 02:20:44 - INFO - Descripción: Máxima calidad de solución
2025-10-17 02:20:44 - INFO - ================================================================================

2025-10-17 02:20:44 - INFO - 
================================================================================
2025-10-17 02:20:44 - INFO - ALGORITMO GENÉTICO
2025-10-17 02:20:44 - INFO - ================================================================================
2025-10-17 02:20:44 - INFO - Días: 20
2025-10-17 02:20:44 - INFO - Lugares/día: 12
2025-10-17 02:20:44 - INFO - Población: 1000
2025-10-17 02:20:44 - INFO - Generaciones: 600
2025-10-17 02:20:44 - INFO - Elitismo: 10%
2025-10-17 02:20:44 - INFO - Dataset: 1367 lugares en 10 ciudades
2025-10-17 02:20:44 - INFO - ================================================================================

2025-10-17 02:20:44 - INFO - Creando población inicial
2025-10-17 02:20:44 - INFO - Evaluando población inicial
2025-10-17 02:20:45 - INFO - 
Iniciando evolución (600 generaciones)...

2025-10-17 02:21:45 - INFO -   Gen   35/600 | Mejor fitness: -188227.8 | Puntos: 12454 | Tiempo:  540.6h | Dist:  1610.4km
2025-10-17 02:22:10 - INFO -   Gen   50/600 | Mejor fitness: -138402.7 | Puntos: 12350 | Tiempo:  459.6h | Dist:  1206.9km
2025-10-17 02:23:10 - INFO -   Gen   86/600 | Mejor fitness: -75387.9 | Puntos: 12200 | Tiempo:  409.9h | Dist:   975.7km
2025-10-17 02:23:33 - INFO -   Gen  100/600 | Mejor fitness: -65340.4 | Puntos: 12187 | Tiempo:  411.9h | Dist:   987.7km
2025-10-17 02:24:34 - INFO -   Gen  136/600 | Mejor fitness: -20704.4 | Puntos: 12052 | Tiempo:  290.6h | Dist:   404.6km
2025-10-17 02:24:57 - INFO -   Gen  150/600 | Mejor fitness: -20704.4 | Puntos: 12052 | Tiempo:  290.6h | Dist:   404.6km
2025-10-17 02:25:59 - INFO -   Gen  187/600 | Mejor fitness: -10917.5 | Puntos: 12037 | Tiempo:  292.5h | Dist:   398.2km
2025-10-17 02:26:21 - INFO -   Gen  200/600 | Mejor fitness:  -1957.6 | Puntos: 12217 | Tiempo:  263.6h | Dist:   248.5km
2025-10-17 02:27:22 - INFO -   Gen  237/600 | Mejor fitness:   8291.8 | Puntos: 12170 | Tiempo:  266.5h | Dist:   260.8km
2025-10-17 02:27:44 - INFO -   Gen  250/600 | Mejor fitness:   8545.2 | Puntos: 12414 | Tiempo:  258.8h | Dist:   229.2km
2025-10-17 02:28:45 - INFO -   Gen  285/600 | Mejor fitness:   8722.5 | Puntos: 12392 | Tiempo:  258.5h | Dist:   231.6km
2025-10-17 02:29:10 - INFO -   Gen  300/600 | Mejor fitness:   8744.5 | Puntos: 12321 | Tiempo:  265.6h | Dist:   254.8km
2025-10-17 02:30:12 - INFO -   Gen  337/600 | Mejor fitness:   8935.2 | Puntos: 12310 | Tiempo:  261.7h | Dist:   249.2km
2025-10-17 02:30:34 - INFO -   Gen  350/600 | Mejor fitness:   9000.4 | Puntos: 12398 | Tiempo:  262.4h | Dist:   238.4km
2025-10-17 02:31:35 - INFO -   Gen  386/600 | Mejor fitness:   9134.4 | Puntos: 12409 | Tiempo:  266.7h | Dist:   248.5km
2025-10-17 02:31:58 - INFO -   Gen  400/600 | Mejor fitness:   9134.4 | Puntos: 12409 | Tiempo:  266.7h | Dist:   248.5km
2025-10-17 02:32:59 - INFO -   Gen  436/600 | Mejor fitness:   9134.4 | Puntos: 12409 | Tiempo:  266.7h | Dist:   248.5km
2025-10-17 02:33:23 - INFO -   Gen  450/600 | Mejor fitness:   9145.1 | Puntos: 12443 | Tiempo:  263.7h | Dist:   239.3km
2025-10-17 02:34:23 - INFO -   Gen  486/600 | Mejor fitness:   9220.4 | Puntos: 12394 | Tiempo:  264.9h | Dist:   245.3km
2025-10-17 02:34:47 - INFO -   Gen  500/600 | Mejor fitness:   9233.3 | Puntos: 12411 | Tiempo:  264.7h | Dist:   259.1km
2025-10-17 02:35:47 - INFO -   Gen  535/600 | Mejor fitness:   9325.1 | Puntos: 12498 | Tiempo:  259.6h | Dist:   243.0km
2025-10-17 02:36:12 - INFO -   Gen  550/600 | Mejor fitness:   9325.1 | Puntos: 12498 | Tiempo:  259.6h | Dist:   243.0km
2025-10-17 02:37:13 - INFO -   Gen  586/600 | Mejor fitness:   9366.0 | Puntos: 12440 | Tiempo:  263.1h | Dist:   246.6km
2025-10-17 02:37:37 - INFO -   Gen  600/600 | Mejor fitness:   9366.0 | Puntos: 12440 | Tiempo:  263.1h | Dist:   246.6km
2025-10-17 02:37:37 - INFO - 
✅ Evolución completada!
2025-10-17 02:37:37 - INFO - 🏆 Mejor fitness global: 9366.0
2025-10-17 02:37:37 - INFO - 📊 Generaciones ejecutadas: 600
2025-10-17 02:37:37 - INFO - ⏱️  Tiempo total: 1013.13s (16.89m)
2025-10-17 02:37:37 - INFO - 
================================================================================
2025-10-17 02:37:37 - INFO - ANÁLISIS DE LA MEJOR SOLUCIÓN
2025-10-17 02:37:37 - INFO - ================================================================================

2025-10-17 02:37:37 - INFO - Métricas Globales:
2025-10-17 02:37:37 - INFO - - Fitness total: 9366.0
2025-10-17 02:37:37 - INFO - - Puntos totales: 12440
2025-10-17 02:37:37 - INFO - - Tiempo total: 263.1 horas (15785 minutos)
2025-10-17 02:37:37 - INFO - - Tiempo promedio/día: 13.2 horas
2025-10-17 02:37:37 - INFO - - Distancia total: 246.6 km
2025-10-17 02:37:37 - INFO - - Ciudades visitadas: 9
2025-10-17 02:37:37 - INFO - 
ITINERARIO DETALLADO POR DÍAS:
2025-10-17 02:37:37 - INFO - ================================================================================

2025-10-17 02:37:37 - INFO - ────────────────────────────────────────────────────────────────────────────────
2025-10-17 02:37:37 - INFO - DÍA 1 - TOLEDO
2025-10-17 02:37:37 - INFO - ────────────────────────────────────────────────────────────────────────────────
2025-10-17 02:37:37 - INFO - 📊 Resumen: 12 lugares | 689 puntos | 8.83h (530 min) | 4.6 km | 💰 120€ / 200€
2025-10-17 02:37:37 - INFO - 
2025-10-17 02:37:37 - INFO -    1. 09:00 - 10:00 │ Sinagoga del Tránsito                       │ catedral     │  42 pts │  8€
2025-10-17 02:37:37 - INFO -    2. 10:07 - 10:37 │ Iglesia de los Jesuitas                     │ catedral     │  42 pts │  8€
2025-10-17 02:37:37 - INFO -                     └─ Tránsito: 7 min
2025-10-17 02:37:37 - INFO -    3. 10:44 - 11:29 │ Casa del Judío                              │ museo        │  55 pts │ 15€
2025-10-17 02:37:37 - INFO -                     └─ Tránsito: 7 min
2025-10-17 02:37:37 - INFO -    4. 11:29 - 12:29 │ Museo Sefardí                               │ museo        │  53 pts │ 15€
2025-10-17 02:37:37 - INFO -                     └─ Tránsito: 0 min
2025-10-17 02:37:37 - INFO -    5. 12:35 - 13:05 │ Iglesia de San Andrés                       │ catedral     │  59 pts │  8€
2025-10-17 02:37:37 - INFO -                     └─ Tránsito: 6 min
2025-10-17 02:37:37 - INFO -    6. 13:13 - 13:33 │ Mirador Roca Tarpeya                        │ mirador      │  63 pts │  5€
2025-10-17 02:37:37 - INFO -                     └─ Tránsito: 8 min
2025-10-17 02:37:37 - INFO -    7. 13:41 - 14:11 │ Sacristía Catedral                          │ museo        │  75 pts │ 15€
2025-10-17 02:37:37 - INFO -                     └─ Tránsito: 7 min
2025-10-17 02:37:37 - INFO -    8. 14:11 - 15:11 │ Claustro Catedral                           │ catedral     │  79 pts │  8€
2025-10-17 02:37:37 - INFO -                     └─ Tránsito: 0 min
2025-10-17 02:37:37 - INFO -    9. 15:15 - 15:45 │ Pastelería Santo Tomé                       │ cafetería    │  59 pts │  5€
2025-10-17 02:37:37 - INFO -                     └─ Tránsito: 4 min
2025-10-17 02:37:37 - INFO -   10. 15:49 - 16:09 │ Bajada de San Martín                        │ turistico    │  44 pts │ 10€
2025-10-17 02:37:37 - INFO -                     └─ Tránsito: 4 min
2025-10-17 02:37:37 - INFO -   11. 16:17 - 17:02 │ Tesoro Catedralicio                         │ museo        │  67 pts │ 15€
2025-10-17 02:37:37 - INFO -                     └─ Tránsito: 8 min
2025-10-17 02:37:37 - INFO -   12. 17:04 - 17:49 │ Convento de Santa Clara                     │ catedral     │  51 pts │  8€
2025-10-17 02:37:37 - INFO -                     └─ Tránsito: 3 min
2025-10-17 02:37:37 - INFO - 
  ✅ DÍA FINALIZADO: 17:49 | Dentro del límite (16h)
2025-10-17 02:37:37 - INFO - 
2025-10-17 02:37:37 - INFO - ────────────────────────────────────────────────────────────────────────────────
2025-10-17 02:37:37 - INFO - DÍA 2 - TOLEDO
2025-10-17 02:37:37 - INFO - ────────────────────────────────────────────────────────────────────────────────
2025-10-17 02:37:37 - INFO - 📊 Resumen: 12 lugares | 656 puntos | 9.87h (592 min) | 6.0 km | 💰 114€ / 200€
2025-10-17 02:37:37 - INFO - 
2025-10-17 02:37:37 - INFO -    1. 09:00 - 09:30 │ Capilla Mozárabe                            │ catedral     │  56 pts │  8€
2025-10-17 02:37:37 - INFO -    2. 09:37 - 10:22 │ Mezquita del Cristo de la Luz               │ catedral     │  51 pts │  8€
2025-10-17 02:37:37 - INFO -                     └─ Tránsito: 8 min
2025-10-17 02:37:37 - INFO -    3. 10:32 - 11:17 │ Baños del Cenizal                           │ museo        │  46 pts │ 15€
2025-10-17 02:37:37 - INFO -                     └─ Tránsito: 10 min
2025-10-17 02:37:37 - INFO -    4. 11:20 - 11:50 │ Convento de Santa Isabel                    │ catedral     │  54 pts │  8€
2025-10-17 02:37:37 - INFO -                     └─ Tránsito: 3 min
2025-10-17 02:37:37 - INFO -    5. 11:51 - 12:36 │ Palacio de Fuensalida                       │ palacio      │  66 pts │ 12€
2025-10-17 02:37:37 - INFO -                     └─ Tránsito: 2 min
2025-10-17 02:37:37 - INFO -    6. 12:39 - 13:09 │ Casa de Mesa                                │ palacio      │  45 pts │ 12€
2025-10-17 02:37:37 - INFO -                     └─ Tránsito: 3 min
2025-10-17 02:37:37 - INFO -    7. 13:18 - 13:38 │ Puerta del Cambrón                          │ turistico    │  52 pts │ 10€
2025-10-17 02:37:37 - INFO -                     └─ Tránsito: 9 min
2025-10-17 02:37:37 - INFO -    8. 13:47 - 15:02 │ Taberna El Botero                           │ bar          │  56 pts │  8€ COMIDA
2025-10-17 02:37:37 - INFO -                     └─ Tránsito: 9 min
2025-10-17 02:37:37 - INFO -    9. 15:06 - 15:26 │ Puerta del Sol                              │ turistico    │  49 pts │ 10€
2025-10-17 02:37:37 - INFO -                     └─ Tránsito: 4 min
2025-10-17 02:37:37 - INFO -   10. 15:32 - 17:02 │ Catedral Primada                            │ catedral     │  75 pts │  8€
2025-10-17 02:37:37 - INFO -                     └─ Tránsito: 6 min
2025-10-17 02:37:37 - INFO -   11. 17:10 - 18:10 │ Museo de los Concilios                      │ museo        │  53 pts │ 15€
2025-10-17 02:37:37 - INFO -                     └─ Tránsito: 7 min
2025-10-17 02:37:37 - INFO -   12. 18:22 - 18:52 │ Paseo del Carmen                            │ parque       │  53 pts │  0€
2025-10-17 02:37:37 - INFO -                     └─ Tránsito: 12 min
2025-10-17 02:37:37 - INFO - 
  ✅ DÍA FINALIZADO: 18:52 | Dentro del límite (16h)
2025-10-17 02:37:37 - INFO - 
2025-10-17 02:37:37 - INFO - ────────────────────────────────────────────────────────────────────────────────
2025-10-17 02:37:37 - INFO - DÍA 3 - TOLEDO
2025-10-17 02:37:37 - INFO - ────────────────────────────────────────────────────────────────────────────────
2025-10-17 02:37:37 - INFO - 📊 Resumen: 12 lugares | 535 puntos | 10.13h (608 min) | 8.2 km | 💰 94€ / 200€
2025-10-17 02:37:37 - INFO - 
2025-10-17 02:37:37 - INFO -    1. 09:00 - 09:45 │ Iglesia de Santo Tomé                       │ catedral     │  44 pts │  8€
2025-10-17 02:37:37 - INFO -    2. 09:49 - 10:19 │ Convento de Santa Úrsula                    │ catedral     │  59 pts │  8€
2025-10-17 02:37:37 - INFO -                     └─ Tránsito: 5 min
2025-10-17 02:37:37 - INFO -    3. 10:33 - 11:03 │ Mirador San Cristóbal                       │ mirador      │  63 pts │  5€
2025-10-17 02:37:37 - INFO -                     └─ Tránsito: 14 min
2025-10-17 02:37:37 - INFO -    4. 11:16 - 11:36 │ Plaza del Ayuntamiento                      │ plaza        │  36 pts │  0€
2025-10-17 02:37:37 - INFO -                     └─ Tránsito: 13 min
2025-10-17 02:37:37 - INFO -    5. 11:39 - 12:54 │ Bar Ludeña                                  │ bar          │  28 pts │  8€
2025-10-17 02:37:37 - INFO -                     └─ Tránsito: 3 min
2025-10-17 02:37:37 - INFO -    6. 13:02 - 13:22 │ Plaza del Conde                             │ plaza        │  34 pts │  0€
2025-10-17 02:37:37 - INFO -                     └─ Tránsito: 8 min
2025-10-17 02:37:37 - INFO -    7. 13:37 - 14:07 │ Mirador del Valle                           │ mirador      │  58 pts │  5€
2025-10-17 02:37:37 - INFO -                     └─ Tránsito: 15 min
2025-10-17 02:37:37 - INFO -    8. 14:20 - 14:40 │ Cuesta de Carlos V                          │ turistico    │  50 pts │ 10€
2025-10-17 02:37:37 - INFO -                     └─ Tránsito: 13 min
2025-10-17 02:37:37 - INFO -    9. 14:50 - 16:05 │ Museo del Greco                             │ museo        │  54 pts │ 15€
2025-10-17 02:37:37 - INFO -                     └─ Tránsito: 10 min
2025-10-17 02:37:37 - INFO -   10. 16:13 - 18:13 │ Restaurante El Carmen de Montesión          │ restaurante  │  26 pts │ 25€
2025-10-17 02:37:37 - INFO -                     └─ Tránsito: 8 min
2025-10-17 02:37:37 - INFO -   11. 18:21 - 18:36 │ Plaza de los Carmelitas                     │ plaza        │  43 pts │  0€
2025-10-17 02:37:37 - INFO -                     └─ Tránsito: 8 min
2025-10-17 02:37:37 - INFO -   12. 18:38 - 19:08 │ Calle Santo Tomé                            │ turistico    │  40 pts │ 10€
2025-10-17 02:37:37 - INFO -                     └─ Tránsito: 2 min
2025-10-17 02:37:37 - INFO - 
  ✅ DÍA FINALIZADO: 19:08 | Dentro del límite (16h)
2025-10-17 02:37:37 - INFO - 
2025-10-17 02:37:37 - INFO - ────────────────────────────────────────────────────────────────────────────────
2025-10-17 02:37:37 - INFO - DÍA 4 - SAN SEBASTIÁN
2025-10-17 02:37:37 - INFO - ────────────────────────────────────────────────────────────────────────────────
2025-10-17 02:37:37 - INFO - ✈️ Transporte: Toledo → San Sebastián | AVION (228 min, 113€)
2025-10-17 02:37:37 - INFO - 
2025-10-17 02:37:37 - INFO - 📊 Resumen: 12 lugares | 491 puntos | 14.34h (860 min) | 22.5 km | 💰 97€ / 200€
2025-10-17 02:37:37 - INFO - 
2025-10-17 02:37:37 - INFO -    1. 09:00 - 09:45 │ Boulevard San Sebastián                     │ turistico    │  43 pts │ 10€
2025-10-17 02:37:37 - INFO -    2. 09:49 - 10:19 │ Parque de Alderdi Eder                      │ parque       │  41 pts │  0€
2025-10-17 02:37:37 - INFO -                     └─ Tránsito: 4 min
2025-10-17 02:37:37 - INFO -    3. 10:23 - 11:23 │ Bar La Viña                                 │ bar          │  27 pts │  8€
2025-10-17 02:37:37 - INFO -                     └─ Tránsito: 4 min
2025-10-17 02:37:37 - INFO -    4. 11:53 - 12:23 │ Peine del Viento                            │ turistico    │  41 pts │ 10€
2025-10-17 02:37:37 - INFO -                     └─ Tránsito: 30 min
2025-10-17 02:37:37 - INFO -    5. 12:28 - 12:58 │ Mirador de Igeldo                           │ mirador      │  60 pts │  5€
2025-10-17 02:37:37 - INFO -                     └─ Tránsito: 5 min
2025-10-17 02:37:37 - INFO -    6. 13:29 - 13:59 │ Real Club Náutico                           │ turistico    │  53 pts │ 10€
2025-10-17 02:37:37 - INFO -                     └─ Tránsito: 31 min
2025-10-17 02:37:37 - INFO -    7. 14:30 - 15:00 │ Torre del Monte Igueldo                     │ mirador      │  41 pts │  5€
2025-10-17 02:37:37 - INFO -                     └─ Tránsito: 31 min
2025-10-17 02:37:37 - INFO -    8. 15:30 - 15:50 │ Plaza de Gipuzkoa                           │ plaza        │  40 pts │  0€
2025-10-17 02:37:37 - INFO -                     └─ Tránsito: 30 min
2025-10-17 02:37:37 - INFO -    9. 15:51 - 16:36 │ Catedral del Buen Pastor                    │ catedral     │  71 pts │  8€
2025-10-17 02:37:37 - INFO -                     └─ Tránsito: 1 min
2025-10-17 02:37:37 - INFO -   10. 16:45 - 17:45 │ Bar Txepetxa                                │ bar          │  22 pts │  8€
2025-10-17 02:37:37 - INFO -                     └─ Tránsito: 8 min
2025-10-17 02:37:37 - INFO -   11. 18:47 - 21:17 │ Restaurante Martín Berasategui              │ restaurante  │  31 pts │ 25€
2025-10-17 02:37:37 - INFO -                     └─ Tránsito: 1.0h (63 min)
2025-10-17 02:37:37 - INFO -   12. 22:20 - 23:20 │ Bar Zeruko                                  │ bar          │  21 pts │  8€
2025-10-17 02:37:37 - INFO -                     └─ Tránsito: 1.0h (62 min)
2025-10-17 02:37:37 - INFO - 
  ✅ DÍA FINALIZADO: 23:20 | Dentro del límite (16h)
2025-10-17 02:37:37 - INFO - 
2025-10-17 02:37:37 - INFO - ────────────────────────────────────────────────────────────────────────────────
2025-10-17 02:37:37 - INFO - DÍA 5 - SANTIAGO
2025-10-17 02:37:37 - INFO - ────────────────────────────────────────────────────────────────────────────────
2025-10-17 02:37:37 - INFO - ✈️ Transporte: San Sebastián → Santiago | AVION (274 min, 130€)
2025-10-17 02:37:37 - INFO - 
2025-10-17 02:37:37 - INFO - 📊 Resumen: 12 lugares | 574 puntos | 10.64h (638 min) | 13.6 km | 💰 109€ / 200€
2025-10-17 02:37:37 - INFO - 
2025-10-17 02:37:37 - INFO -    1. 09:00 - 10:15 │ O Dezaseis                                  │ restaurante  │  43 pts │ 25€ DESAYUNO ⚠️ FUERA HORARIO
2025-10-17 02:37:37 - INFO -    2. 10:16 - 10:46 │ Plaza del Obradoiro                         │ plaza        │  96 pts │  0€
2025-10-17 02:37:37 - INFO -                     └─ Tránsito: 2 min
2025-10-17 02:37:37 - INFO -    3. 10:48 - 11:33 │ Colegio de Fonseca                          │ turistico    │  46 pts │ 10€
2025-10-17 02:37:37 - INFO -                     └─ Tránsito: 2 min
2025-10-17 02:37:37 - INFO -    4. 11:37 - 11:52 │ Arco de Mazarelos                           │ turistico    │  50 pts │ 10€
2025-10-17 02:37:37 - INFO -                     └─ Tránsito: 4 min
2025-10-17 02:37:37 - INFO -    5. 12:27 - 13:12 │ Biblioteca de Galicia                       │ museo        │  46 pts │ 15€
2025-10-17 02:37:37 - INFO -                     └─ Tránsito: 35 min
2025-10-17 02:37:37 - INFO -    6. 14:02 - 14:32 │ Capilla de San Marcos                       │ catedral     │  45 pts │  8€
2025-10-17 02:37:37 - INFO -                     └─ Tránsito: 50 min
2025-10-17 02:37:37 - INFO -    7. 15:16 - 16:16 │ Museo de Arte Sacro                         │ museo        │  57 pts │ 15€
2025-10-17 02:37:37 - INFO -                     └─ Tránsito: 44 min
2025-10-17 02:37:37 - INFO -    8. 16:17 - 16:37 │ Plaza de la Inmaculada                      │ plaza        │  44 pts │  0€
2025-10-17 02:37:37 - INFO -                     └─ Tránsito: 1 min
2025-10-17 02:37:37 - INFO -    9. 16:50 - 17:10 │ Capilla de Santa Susana                     │ catedral     │  47 pts │  8€
2025-10-17 02:37:37 - INFO -                     └─ Tránsito: 12 min
2025-10-17 02:37:37 - INFO -   10. 17:18 - 18:18 │ Mercado de Abastos                          │ tienda       │  36 pts │ 10€
2025-10-17 02:37:37 - INFO -                     └─ Tránsito: 9 min
2025-10-17 02:37:37 - INFO -   11. 18:19 - 18:34 │ Plaza de Mazarelos                          │ plaza        │  39 pts │  0€
2025-10-17 02:37:37 - INFO -                     └─ Tránsito: 1 min
2025-10-17 02:37:37 - INFO -   12. 18:38 - 19:38 │ Bar O Gato Negro                            │ bar          │  25 pts │  8€
2025-10-17 02:37:37 - INFO -                     └─ Tránsito: 4 min
2025-10-17 02:37:37 - INFO - 
  ✅ DÍA FINALIZADO: 19:38 | Dentro del límite (16h)
2025-10-17 02:37:37 - INFO - 
2025-10-17 02:37:37 - INFO - ────────────────────────────────────────────────────────────────────────────────
2025-10-17 02:37:37 - INFO - DÍA 6 - SANTIAGO
2025-10-17 02:37:37 - INFO - ────────────────────────────────────────────────────────────────────────────────
2025-10-17 02:37:37 - INFO - 📊 Resumen: 12 lugares | 597 puntos | 12.12h (727 min) | 8.9 km | 💰 84€ / 200€
2025-10-17 02:37:37 - INFO - 
2025-10-17 02:37:37 - INFO -    1. 09:00 - 10:00 │ Monte del Gozo                              │ mirador      │  51 pts │  5€
2025-10-17 02:37:37 - INFO -    2. 10:49 - 11:49 │ Universidad de Santiago                     │ turistico    │  47 pts │ 10€
2025-10-17 02:37:37 - INFO -                     └─ Tránsito: 50 min
2025-10-17 02:37:37 - INFO -    3. 11:55 - 12:40 │ Colegio de San Jerónimo                     │ turistico    │  50 pts │ 10€
2025-10-17 02:37:37 - INFO -                     └─ Tránsito: 6 min
2025-10-17 02:37:37 - INFO -    4. 12:42 - 13:02 │ Plaza de Platerías                          │ plaza        │  33 pts │  0€
2025-10-17 02:37:37 - INFO -                     └─ Tránsito: 2 min
2025-10-17 02:37:37 - INFO -    5. 13:12 - 14:42 │ Auditorio de Galicia                        │ turistico    │  40 pts │ 10€
2025-10-17 02:37:37 - INFO -                     └─ Tránsito: 9 min
2025-10-17 02:37:37 - INFO -    6. 14:57 - 15:42 │ Convento de Santa Clara                     │ catedral     │  55 pts │  8€
2025-10-17 02:37:37 - INFO -                     └─ Tránsito: 16 min
2025-10-17 02:37:37 - INFO -    7. 15:49 - 16:49 │ Bar Momo                                    │ bar          │  34 pts │  8€
2025-10-17 02:37:37 - INFO -                     └─ Tránsito: 6 min
2025-10-17 02:37:37 - INFO -    8. 16:53 - 17:38 │ Parque de Belvís                            │ parque       │  54 pts │  0€
2025-10-17 02:37:37 - INFO -                     └─ Tránsito: 5 min
2025-10-17 02:37:37 - INFO -    9. 17:46 - 19:01 │ Museo Catedralicio                          │ museo        │  65 pts │ 15€
2025-10-17 02:37:37 - INFO -                     └─ Tránsito: 7 min
2025-10-17 02:37:37 - INFO -   10. 19:03 - 19:48 │ Rúa Nova                                    │ turistico    │  41 pts │ 10€
2025-10-17 02:37:37 - INFO -                     └─ Tránsito: 3 min
2025-10-17 02:37:37 - INFO -   11. 19:49 - 20:19 │ Praza de Fonseca Jardines                   │ plaza        │  54 pts │  0€
2025-10-17 02:37:37 - INFO -                     └─ Tránsito: 1 min
2025-10-17 02:37:37 - INFO -   12. 20:22 - 21:07 │ Cripta Catedral                             │ catedral     │  73 pts │  8€ ⚠️ FUERA HORARIO
2025-10-17 02:37:37 - INFO -                     └─ Tránsito: 3 min
2025-10-17 02:37:37 - INFO - 
  ✅ DÍA FINALIZADO: 21:07 | Dentro del límite (16h)
2025-10-17 02:37:37 - INFO - 
2025-10-17 02:37:37 - INFO - ────────────────────────────────────────────────────────────────────────────────
2025-10-17 02:37:37 - INFO - DÍA 7 - SANTIAGO
2025-10-17 02:37:37 - INFO - ────────────────────────────────────────────────────────────────────────────────
2025-10-17 02:37:37 - INFO - 📊 Resumen: 12 lugares | 586 puntos | 10.80h (648 min) | 6.5 km | 💰 102€ / 200€
2025-10-17 02:37:37 - INFO - 
2025-10-17 02:37:37 - INFO -    1. 09:00 - 10:00 │ Rúa do Vilar                                │ turistico    │  43 pts │ 10€
2025-10-17 02:37:37 - INFO -    2. 10:05 - 10:50 │ Parque de San Domingos de Bonaval           │ parque       │  50 pts │  0€
2025-10-17 02:37:37 - INFO -                     └─ Tránsito: 6 min
2025-10-17 02:37:37 - INFO -    3. 10:55 - 11:40 │ Pazo de Xelmírez                            │ palacio      │  50 pts │ 12€
2025-10-17 02:37:37 - INFO -                     └─ Tránsito: 5 min
2025-10-17 02:37:37 - INFO -    4. 11:43 - 12:13 │ Paseo do Espolón                            │ turistico    │  41 pts │ 10€
2025-10-17 02:37:37 - INFO -                     └─ Tránsito: 3 min
2025-10-17 02:37:37 - INFO -    5. 12:21 - 13:51 │ Restaurante Abastos 2.0                     │ restaurante  │  25 pts │ 25€
2025-10-17 02:37:37 - INFO -                     └─ Tránsito: 7 min
2025-10-17 02:37:37 - INFO -    6. 13:58 - 14:28 │ Mirador de la Alameda                       │ mirador      │  70 pts │  5€
2025-10-17 02:37:37 - INFO -                     └─ Tránsito: 7 min
2025-10-17 02:37:37 - INFO -    7. 14:38 - 15:38 │ Tapería A Maceta                            │ bar          │  49 pts │  8€ COMIDA
2025-10-17 02:37:37 - INFO -                     └─ Tránsito: 10 min
2025-10-17 02:37:37 - INFO -    8. 15:53 - 16:38 │ Parque de Vista Alegre                      │ parque       │  44 pts │  0€
2025-10-17 02:37:37 - INFO -                     └─ Tránsito: 15 min
2025-10-17 02:37:37 - INFO -    9. 16:56 - 17:56 │ Monasterio de San Martín Pinario            │ catedral     │  42 pts │  8€
2025-10-17 02:37:37 - INFO -                     └─ Tránsito: 18 min
2025-10-17 02:37:37 - INFO -   10. 17:57 - 18:42 │ Claustro Catedral                           │ catedral     │  78 pts │  8€
2025-10-17 02:37:37 - INFO -                     └─ Tránsito: 1 min
2025-10-17 02:37:37 - INFO -   11. 18:44 - 19:14 │ Iglesia de San Félix de Solovio             │ catedral     │  49 pts │  8€
2025-10-17 02:37:37 - INFO -                     └─ Tránsito: 2 min
2025-10-17 02:37:37 - INFO -   12. 19:17 - 19:47 │ Iglesia de Santa María Salomé               │ catedral     │  45 pts │  8€
2025-10-17 02:37:37 - INFO -                     └─ Tránsito: 3 min
2025-10-17 02:37:37 - INFO - 
  ✅ DÍA FINALIZADO: 19:47 | Dentro del límite (16h)
2025-10-17 02:37:37 - INFO - 
2025-10-17 02:37:37 - INFO - ────────────────────────────────────────────────────────────────────────────────
2025-10-17 02:37:37 - INFO - DÍA 8 - BILBAO
2025-10-17 02:37:37 - INFO - ────────────────────────────────────────────────────────────────────────────────
2025-10-17 02:37:37 - INFO - ✈️ Transporte: Santiago → Bilbao | AVION (243 min, 118€)
2025-10-17 02:37:37 - INFO - 
2025-10-17 02:37:37 - INFO - 📊 Resumen: 12 lugares | 542 puntos | 10.45h (627 min) | 13.5 km | 💰 66€ / 200€
2025-10-17 02:37:37 - INFO - 
2025-10-17 02:37:37 - INFO -    1. 09:00 - 10:00 │ Parque Etxebarria                           │ parque       │  43 pts │  0€
2025-10-17 02:37:37 - INFO -    2. 10:30 - 10:50 │ Puente de Deusto                            │ turistico    │  49 pts │ 10€
2025-10-17 02:37:37 - INFO -                     └─ Tránsito: 30 min
2025-10-17 02:37:37 - INFO -    3. 11:03 - 11:23 │ Plaza del Ensanche                          │ plaza        │  31 pts │  0€
2025-10-17 02:37:37 - INFO -                     └─ Tránsito: 13 min
2025-10-17 02:37:37 - INFO -    4. 11:41 - 12:26 │ Parque Ametzola                             │ parque       │  48 pts │  0€
2025-10-17 02:37:37 - INFO -                     └─ Tránsito: 18 min
2025-10-17 02:37:37 - INFO -    5. 12:45 - 13:05 │ Zubizuri (Puente Calatrava)                 │ turistico    │  58 pts │ 10€
2025-10-17 02:37:37 - INFO -                     └─ Tránsito: 19 min
2025-10-17 02:37:37 - INFO -    6. 13:18 - 14:33 │ Itsasmuseum Bilbao                          │ museo        │  42 pts │ 15€
2025-10-17 02:37:37 - INFO -                     └─ Tránsito: 13 min
2025-10-17 02:37:37 - INFO -    7. 14:48 - 15:48 │ Museo Taurino                               │ museo        │  59 pts │ 15€
2025-10-17 02:37:37 - INFO -                     └─ Tránsito: 15 min
2025-10-17 02:37:37 - INFO -    8. 15:49 - 17:04 │ Berton Sasibil                              │ bar          │  51 pts │  8€
2025-10-17 02:37:37 - INFO -                     └─ Tránsito: 1 min
2025-10-17 02:37:37 - INFO -    9. 17:23 - 17:53 │ Convento de los Carmelitas                  │ catedral     │  54 pts │  8€
2025-10-17 02:37:37 - INFO -                     └─ Tránsito: 18 min
2025-10-17 02:37:37 - INFO -   10. 17:55 - 18:15 │ Plaza Moyúa                                 │ plaza        │  37 pts │  0€
2025-10-17 02:37:37 - INFO -                     └─ Tránsito: 3 min
2025-10-17 02:37:37 - INFO -   11. 18:29 - 18:49 │ Plaza del Arenal                            │ plaza        │  40 pts │  0€
2025-10-17 02:37:37 - INFO -                     └─ Tránsito: 14 min
2025-10-17 02:37:37 - INFO -   12. 19:06 - 19:26 │ Plaza Indautxu                              │ plaza        │  30 pts │  0€
2025-10-17 02:37:37 - INFO -                     └─ Tránsito: 17 min
2025-10-17 02:37:37 - INFO - 
  ✅ DÍA FINALIZADO: 19:26 | Dentro del límite (16h)
2025-10-17 02:37:37 - INFO - 
2025-10-17 02:37:37 - INFO - ────────────────────────────────────────────────────────────────────────────────
2025-10-17 02:37:37 - INFO - DÍA 9 - GRANADA
2025-10-17 02:37:37 - INFO - ────────────────────────────────────────────────────────────────────────────────
2025-10-17 02:37:37 - INFO - ✈️ Transporte: Bilbao → Granada | AVION (331 min, 151€)
2025-10-17 02:37:37 - INFO - 
2025-10-17 02:37:37 - INFO - 📊 Resumen: 12 lugares | 717 puntos | 9.36h (561 min) | 7.6 km | 💰 76€ / 200€
2025-10-17 02:37:37 - INFO - 
2025-10-17 02:37:37 - INFO -    1. 09:00 - 09:20 │ Puerta del Vino                             │ turistico    │  52 pts │ 10€
2025-10-17 02:37:37 - INFO -    2. 09:21 - 10:06 │ Museo Ángel Barrios                         │ museo        │  52 pts │ 15€ ⚠️ FUERA HORARIO
2025-10-17 02:37:37 - INFO -                     └─ Tránsito: 2 min
2025-10-17 02:37:37 - INFO -    3. 10:08 - 10:28 │ Puerta de la Justicia                       │ turistico    │  56 pts │ 10€
2025-10-17 02:37:37 - INFO -                     └─ Tránsito: 2 min
2025-10-17 02:37:37 - INFO -    4. 10:38 - 11:08 │ Plaza Bib-Rambla                            │ plaza        │  31 pts │  0€
2025-10-17 02:37:37 - INFO -                     └─ Tránsito: 10 min
2025-10-17 02:37:37 - INFO -    5. 11:19 - 11:49 │ Mirador de San Miguel Alto                  │ mirador      │  69 pts │  5€
2025-10-17 02:37:37 - INFO -                     └─ Tránsito: 11 min
2025-10-17 02:37:37 - INFO -    6. 12:01 - 12:21 │ Puerta de las Granadas                      │ turistico    │  42 pts │ 10€
2025-10-17 02:37:37 - INFO -                     └─ Tránsito: 11 min
2025-10-17 02:37:37 - INFO -    7. 12:32 - 13:17 │ Basílica San Juan de Dios                   │ catedral     │  76 pts │  8€
2025-10-17 02:37:37 - INFO -                     └─ Tránsito: 12 min
2025-10-17 02:37:37 - INFO -    8. 13:28 - 14:13 │ Mirador de San Nicolás                      │ mirador      │  94 pts │  5€
2025-10-17 02:37:37 - INFO -                     └─ Tránsito: 10 min
2025-10-17 02:37:37 - INFO -    9. 14:21 - 15:21 │ Tetería Nazarí                              │ cafetería    │  59 pts │  5€ COMIDA
2025-10-17 02:37:37 - INFO -                     └─ Tránsito: 8 min
2025-10-17 02:37:37 - INFO -   10. 15:32 - 16:32 │ Partal Alhambra                             │ parque       │ 100 pts │  0€
2025-10-17 02:37:37 - INFO -                     └─ Tránsito: 11 min
2025-10-17 02:37:37 - INFO -   11. 16:44 - 17:04 │ Plaza de las Pasiegas                       │ plaza        │  44 pts │  0€
2025-10-17 02:37:37 - INFO -                     └─ Tránsito: 12 min
2025-10-17 02:37:37 - INFO -   12. 17:06 - 18:21 │ Bodegas Castañeda                           │ bar          │  42 pts │  8€
2025-10-17 02:37:37 - INFO -                     └─ Tránsito: 2 min
2025-10-17 02:37:37 - INFO - 
  ✅ DÍA FINALIZADO: 18:21 | Dentro del límite (16h)
2025-10-17 02:37:37 - INFO - 
2025-10-17 02:37:37 - INFO - ────────────────────────────────────────────────────────────────────────────────
2025-10-17 02:37:37 - INFO - DÍA 10 - GRANADA
2025-10-17 02:37:37 - INFO - ────────────────────────────────────────────────────────────────────────────────
2025-10-17 02:37:37 - INFO - 📊 Resumen: 12 lugares | 686 puntos | 12.95h (777 min) | 11.8 km | 💰 125€ / 200€
2025-10-17 02:37:37 - INFO - 
2025-10-17 02:37:37 - INFO -    1. 09:00 - 10:00 │ Monasterio de la Cartuja                    │ catedral     │  47 pts │  8€
2025-10-17 02:37:37 - INFO -    2. 10:28 - 11:28 │ Palacio de Carlos V                         │ palacio      │  63 pts │ 12€
2025-10-17 02:37:37 - INFO -                     └─ Tránsito: 29 min
2025-10-17 02:37:37 - INFO -    3. 11:52 - 12:52 │ Observatorio Astronómico                    │ museo        │  44 pts │ 15€
2025-10-17 02:37:37 - INFO -                     └─ Tránsito: 23 min
2025-10-17 02:37:37 - INFO -    4. 13:22 - 14:07 │ Casa del Chapiz                             │ palacio      │  57 pts │ 12€
2025-10-17 02:37:37 - INFO -                     └─ Tránsito: 30 min
2025-10-17 02:37:37 - INFO -    5. 14:18 - 14:48 │ Plaza Nueva                                 │ plaza        │  40 pts │  0€
2025-10-17 02:37:37 - INFO -                     └─ Tránsito: 12 min
2025-10-17 02:37:37 - INFO -    6. 14:51 - 15:21 │ Convento Santa Isabel                       │ catedral     │  56 pts │  8€
2025-10-17 02:37:37 - INFO -                     └─ Tránsito: 2 min
2025-10-17 02:37:37 - INFO -    7. 15:28 - 16:13 │ Bañuelo (Baños Árabes)                      │ turistico    │  46 pts │ 10€
2025-10-17 02:37:37 - INFO -                     └─ Tránsito: 7 min
2025-10-17 02:37:37 - INFO -    8. 16:15 - 17:45 │ Restaurante Ruta del Azafrán                │ restaurante  │  33 pts │ 25€
2025-10-17 02:37:37 - INFO -                     └─ Tránsito: 2 min
2025-10-17 02:37:37 - INFO -    9. 17:47 - 19:02 │ Museo de la Alhambra                        │ museo        │ 100 pts │ 15€
2025-10-17 02:37:37 - INFO -                     └─ Tránsito: 2 min
2025-10-17 02:37:37 - INFO -   10. 19:09 - 19:54 │ Palacio de Congresos Granada                │ turistico    │  62 pts │ 10€
2025-10-17 02:37:37 - INFO -                     └─ Tránsito: 7 min
2025-10-17 02:37:37 - INFO -   11. 20:09 - 20:29 │ Puerta de Fajalauza                         │ turistico    │  41 pts │ 10€ ⚠️ FUERA HORARIO
2025-10-17 02:37:37 - INFO -                     └─ Tránsito: 15 min
2025-10-17 02:37:37 - INFO -   12. 20:42 - 21:57 │ Jardines del Generalife                     │ parque       │  97 pts │  0€
2025-10-17 02:37:37 - INFO -                     └─ Tránsito: 13 min
2025-10-17 02:37:37 - INFO - 
  ✅ DÍA FINALIZADO: 21:57 | Dentro del límite (16h)
2025-10-17 02:37:37 - INFO - 
2025-10-17 02:37:37 - INFO - ────────────────────────────────────────────────────────────────────────────────
2025-10-17 02:37:37 - INFO - DÍA 11 - GRANADA
2025-10-17 02:37:37 - INFO - ────────────────────────────────────────────────────────────────────────────────
2025-10-17 02:37:37 - INFO - 📊 Resumen: 12 lugares | 754 puntos | 11.76h (706 min) | 9.7 km | 💰 129€ / 200€
2025-10-17 02:37:37 - INFO - 
2025-10-17 02:37:37 - INFO -    1. 09:00 - 09:30 │ Plaza Larga Albaicín                        │ plaza        │  96 pts │  0€
2025-10-17 02:37:37 - INFO -    2. 09:37 - 10:22 │ Paseo de los Tristes                        │ turistico    │  46 pts │ 10€
2025-10-17 02:37:37 - INFO -                     └─ Tránsito: 7 min
2025-10-17 02:37:37 - INFO -    3. 10:27 - 10:57 │ Mirador del Rey Chico                       │ mirador      │  65 pts │  5€
2025-10-17 02:37:37 - INFO -                     └─ Tránsito: 5 min
2025-10-17 02:37:37 - INFO -    4. 11:09 - 11:39 │ Vereda de Enmedio                           │ turistico    │  57 pts │ 10€
2025-10-17 02:37:37 - INFO -                     └─ Tránsito: 12 min
2025-10-17 02:37:37 - INFO -    5. 11:41 - 12:41 │ Museo Cuevas Sacromonte                     │ museo        │  81 pts │ 15€
2025-10-17 02:37:37 - INFO -                     └─ Tránsito: 2 min
2025-10-17 02:37:37 - INFO -    6. 13:02 - 13:22 │ Plaza del Carmen                            │ plaza        │  42 pts │  0€
2025-10-17 02:37:37 - INFO -                     └─ Tránsito: 21 min
2025-10-17 02:37:37 - INFO -    7. 13:30 - 14:30 │ Monasterio San Jerónimo                     │ catedral     │  52 pts │  8€
2025-10-17 02:37:37 - INFO -                     └─ Tránsito: 8 min
2025-10-17 02:37:37 - INFO -    8. 14:54 - 16:09 │ Cuevas del Sacromonte                       │ museo        │  92 pts │ 15€
2025-10-17 02:37:37 - INFO -                     └─ Tránsito: 24 min
2025-10-17 02:37:37 - INFO -    9. 16:20 - 17:50 │ Restaurante Mirador de Morayma              │ restaurante  │  61 pts │ 25€
2025-10-17 02:37:37 - INFO -                     └─ Tránsito: 12 min
2025-10-17 02:37:37 - INFO -   10. 17:52 - 18:22 │ Iglesia San Pedro y San Pablo               │ catedral     │  52 pts │  8€
2025-10-17 02:37:37 - INFO -                     └─ Tránsito: 1 min
2025-10-17 02:37:37 - INFO -   11. 18:33 - 19:03 │ Basílica Nuestra Señora Angustias           │ catedral     │  68 pts │  8€
2025-10-17 02:37:37 - INFO -                     └─ Tránsito: 12 min
2025-10-17 02:37:37 - INFO -   12. 19:15 - 20:45 │ Carmen de San Miguel                        │ restaurante  │  42 pts │ 25€
2025-10-17 02:37:37 - INFO -                     └─ Tránsito: 12 min
2025-10-17 02:37:37 - INFO - 
  ✅ DÍA FINALIZADO: 20:45 | Dentro del límite (16h)
2025-10-17 02:37:37 - INFO - 
2025-10-17 02:37:37 - INFO - ────────────────────────────────────────────────────────────────────────────────
2025-10-17 02:37:37 - INFO - DÍA 12 - CÓRDOBA
2025-10-17 02:37:37 - INFO - ────────────────────────────────────────────────────────────────────────────────
2025-10-17 02:37:37 - INFO - ✈️ Transporte: Granada → Córdoba | AVION (150 min, 15€)
2025-10-17 02:37:37 - INFO - 
2025-10-17 02:37:37 - INFO - 📊 Resumen: 12 lugares | 573 puntos | 9.39h (563 min) | 7.0 km | 💰 92€ / 200€
2025-10-17 02:37:37 - INFO - 
2025-10-17 02:37:37 - INFO -    1. 09:00 - 09:20 │ Plaza del Triunfo                           │ plaza        │  44 pts │  0€
2025-10-17 02:37:37 - INFO -    2. 09:26 - 10:11 │ Torre de la Calahorra                       │ museo        │  49 pts │ 15€ ⚠️ FUERA HORARIO
2025-10-17 02:37:37 - INFO -                     └─ Tránsito: 6 min
2025-10-17 02:37:37 - INFO -    3. 10:22 - 10:52 │ Iglesia de San Pedro                        │ catedral     │  59 pts │  8€
2025-10-17 02:37:37 - INFO -                     └─ Tránsito: 11 min
2025-10-17 02:37:37 - INFO -    4. 11:03 - 12:03 │ Sotos de la Albolafia                       │ parque       │  49 pts │  0€
2025-10-17 02:37:37 - INFO -                     └─ Tránsito: 11 min
2025-10-17 02:37:37 - INFO -    5. 12:14 - 12:34 │ Templo Romano                               │ turistico    │  53 pts │ 10€
2025-10-17 02:37:37 - INFO -                     └─ Tránsito: 11 min
2025-10-17 02:37:37 - INFO -    6. 12:38 - 13:38 │ Bar Santos                                  │ bar          │  35 pts │  8€
2025-10-17 02:37:37 - INFO -                     └─ Tránsito: 3 min
2025-10-17 02:37:37 - INFO -    7. 13:46 - 15:16 │ Bodegas Campos                              │ restaurante  │  57 pts │ 25€ COMIDA
2025-10-17 02:37:37 - INFO -                     └─ Tránsito: 9 min
2025-10-17 02:37:37 - INFO -    8. 15:24 - 15:54 │ Iglesia de San Miguel                       │ catedral     │  44 pts │  8€
2025-10-17 02:37:37 - INFO -                     └─ Tránsito: 8 min
2025-10-17 02:37:37 - INFO -    9. 15:56 - 16:16 │ Plaza de las Tendillas                      │ plaza        │  35 pts │  0€
2025-10-17 02:37:37 - INFO -                     └─ Tránsito: 2 min
2025-10-17 02:37:37 - INFO -   10. 16:25 - 16:40 │ Estatua de Maimónides                       │ turistico    │  48 pts │ 10€
2025-10-17 02:37:37 - INFO -                     └─ Tránsito: 9 min
2025-10-17 02:37:37 - INFO -   11. 16:48 - 17:33 │ Iglesia de San Lorenzo                      │ catedral     │  53 pts │  8€
2025-10-17 02:37:37 - INFO -                     └─ Tránsito: 8 min
2025-10-17 02:37:37 - INFO -   12. 17:38 - 18:23 │ Jardines de la Victoria                     │ parque       │  47 pts │  0€
2025-10-17 02:37:37 - INFO -                     └─ Tránsito: 5 min
2025-10-17 02:37:37 - INFO - 
  ✅ DÍA FINALIZADO: 18:23 | Dentro del límite (16h)
2025-10-17 02:37:37 - INFO - 
2025-10-17 02:37:37 - INFO - ────────────────────────────────────────────────────────────────────────────────
2025-10-17 02:37:37 - INFO - DÍA 13 - SEVILLA
2025-10-17 02:37:37 - INFO - ────────────────────────────────────────────────────────────────────────────────
2025-10-17 02:37:37 - INFO - ✈️ Transporte: Córdoba → Sevilla | AVION (120 min, 12€)
2025-10-17 02:37:37 - INFO - 
2025-10-17 02:37:37 - INFO - 📊 Resumen: 12 lugares | 590 puntos | 10.98h (659 min) | 12.4 km | 💰 102€ / 200€
2025-10-17 02:37:37 - INFO - 
2025-10-17 02:37:37 - INFO -    1. 09:00 - 09:20 │ Puerta de Jerez                             │ plaza        │  53 pts │  0€
2025-10-17 02:37:37 - INFO -    2. 09:37 - 10:07 │ Torre de Don Fadrique                       │ turistico    │  51 pts │ 10€
2025-10-17 02:37:37 - INFO -                     └─ Tránsito: 18 min
2025-10-17 02:37:37 - INFO -    3. 10:19 - 10:39 │ Plaza Nueva                                 │ plaza        │  39 pts │  0€
2025-10-17 02:37:37 - INFO -                     └─ Tránsito: 11 min
2025-10-17 02:37:37 - INFO -    4. 10:47 - 11:32 │ Palacio de Mañara                           │ palacio      │  63 pts │ 12€
2025-10-17 02:37:37 - INFO -                     └─ Tránsito: 8 min
2025-10-17 02:37:37 - INFO -    5. 11:41 - 12:26 │ Paseo Colón                                 │ turistico    │  53 pts │ 10€
2025-10-17 02:37:37 - INFO -                     └─ Tránsito: 9 min
2025-10-17 02:37:37 - INFO -    6. 12:42 - 13:02 │ Fuente de los Leones                        │ plaza        │  41 pts │  0€
2025-10-17 02:37:37 - INFO -                     └─ Tránsito: 16 min
2025-10-17 02:37:37 - INFO -    7. 13:31 - 15:01 │ La Brunilda Tapas                           │ restaurante  │  40 pts │ 25€ COMIDA
2025-10-17 02:37:37 - INFO -                     └─ Tránsito: 29 min
2025-10-17 02:37:37 - INFO -    8. 15:01 - 16:31 │ Contenedor                                  │ restaurante  │  57 pts │ 25€
2025-10-17 02:37:37 - INFO -                     └─ Tránsito: 0 min
2025-10-17 02:37:37 - INFO -    9. 16:47 - 17:07 │ Pasarela de la Cartuja                      │ turistico    │  52 pts │ 10€
2025-10-17 02:37:37 - INFO -                     └─ Tránsito: 16 min
2025-10-17 02:37:37 - INFO -   10. 17:36 - 19:06 │ Casa del Flamenco                           │ turistico    │  49 pts │ 10€
2025-10-17 02:37:37 - INFO -                     └─ Tránsito: 29 min
2025-10-17 02:37:37 - INFO -   11. 19:11 - 19:31 │ Patio de Banderas                           │ plaza        │  47 pts │  0€
2025-10-17 02:37:37 - INFO -                     └─ Tránsito: 5 min
2025-10-17 02:37:37 - INFO -   12. 19:38 - 19:58 │ Plaza de San Francisco                      │ plaza        │  45 pts │  0€
2025-10-17 02:37:37 - INFO -                     └─ Tránsito: 7 min
2025-10-17 02:37:37 - INFO - 
  ✅ DÍA FINALIZADO: 19:58 | Dentro del límite (16h)
2025-10-17 02:37:37 - INFO - 
2025-10-17 02:37:37 - INFO - ────────────────────────────────────────────────────────────────────────────────
2025-10-17 02:37:37 - INFO - DÍA 14 - CÓRDOBA
2025-10-17 02:37:37 - INFO - ────────────────────────────────────────────────────────────────────────────────
2025-10-17 02:37:37 - INFO - ✈️ Transporte: Sevilla → Córdoba | AVION (120 min, 12€)
2025-10-17 02:37:37 - INFO - 
2025-10-17 02:37:37 - INFO - 📊 Resumen: 12 lugares | 555 puntos | 11.14h (668 min) | 20.3 km | 💰 106€ / 200€
2025-10-17 02:37:37 - INFO - 
2025-10-17 02:37:37 - INFO -    1. 09:00 - 09:15 │ Puerta de Almodóvar                         │ turistico    │  46 pts │ 10€
2025-10-17 02:37:37 - INFO -    2. 09:20 - 09:50 │ Plaza del Potro                             │ plaza        │  39 pts │  0€
2025-10-17 02:37:37 - INFO -                     └─ Tránsito: 5 min
2025-10-17 02:37:37 - INFO -    3. 09:54 - 10:39 │ Murallas de Córdoba                         │ turistico    │  50 pts │ 10€
2025-10-17 02:37:37 - INFO -                     └─ Tránsito: 5 min
2025-10-17 02:37:37 - INFO -    4. 10:50 - 11:35 │ Jardines de la Agricultura                  │ parque       │  49 pts │  0€
2025-10-17 02:37:37 - INFO -                     └─ Tránsito: 10 min
2025-10-17 02:37:37 - INFO -    5. 11:42 - 13:12 │ Taberna Salinas                             │ restaurante  │  51 pts │ 25€ ⚠️ FUERA HORARIO
2025-10-17 02:37:37 - INFO -                     └─ Tránsito: 7 min
2025-10-17 02:37:37 - INFO -    6. 13:18 - 13:48 │ Capilla de Villaviciosa                     │ catedral     │  44 pts │  8€
2025-10-17 02:37:37 - INFO -                     └─ Tránsito: 6 min
2025-10-17 02:37:37 - INFO -    7. 13:50 - 14:05 │ Plaza de las Doblas                         │ plaza        │  32 pts │  0€
2025-10-17 02:37:37 - INFO -                     └─ Tránsito: 3 min
2025-10-17 02:37:37 - INFO -    8. 15:37 - 16:37 │ Museo Medina Azahara                        │ museo        │  46 pts │ 15€
2025-10-17 02:37:37 - INFO -                     └─ Tránsito: 1.5h (92 min)
2025-10-17 02:37:37 - INFO -    9. 18:09 - 18:39 │ Patio de los Naranjos                       │ turistico    │  58 pts │ 10€
2025-10-17 02:37:37 - INFO -                     └─ Tránsito: 1.5h (92 min)
2025-10-17 02:37:37 - INFO -   10. 18:40 - 19:00 │ Calleja de las Flores                       │ turistico    │  42 pts │ 10€
2025-10-17 02:37:37 - INFO -                     └─ Tránsito: 1 min
2025-10-17 02:37:37 - INFO -   11. 19:11 - 19:41 │ Iglesia de San Agustín                      │ catedral     │  44 pts │  8€
2025-10-17 02:37:37 - INFO -                     └─ Tránsito: 12 min
2025-10-17 02:37:37 - INFO -   12. 19:53 - 20:08 │ Calleja del Pañuelo                         │ turistico    │  54 pts │ 10€
2025-10-17 02:37:37 - INFO -                     └─ Tránsito: 12 min
2025-10-17 02:37:37 - INFO - 
  ✅ DÍA FINALIZADO: 20:08 | Dentro del límite (16h)
2025-10-17 02:37:37 - INFO - 
2025-10-17 02:37:37 - INFO - ────────────────────────────────────────────────────────────────────────────────
2025-10-17 02:37:37 - INFO - DÍA 15 - SEVILLA
2025-10-17 02:37:37 - INFO - ────────────────────────────────────────────────────────────────────────────────
2025-10-17 02:37:37 - INFO - ✈️ Transporte: Córdoba → Sevilla | AVION (120 min, 12€)
2025-10-17 02:37:37 - INFO - 
2025-10-17 02:37:37 - INFO - 📊 Resumen: 12 lugares | 612 puntos | 12.23h (734 min) | 14.5 km | 💰 86€ / 200€
2025-10-17 02:37:37 - INFO - 
2025-10-17 02:37:37 - INFO -    1. 09:00 - 09:30 │ Capilla del Carmen (Triana)                 │ catedral     │  59 pts │  8€
2025-10-17 02:37:37 - INFO -    2. 09:55 - 10:25 │ Pabellón de Brasil                          │ palacio      │  43 pts │ 12€ ⚠️ FUERA HORARIO
2025-10-17 02:37:37 - INFO -                     └─ Tránsito: 25 min
2025-10-17 02:37:37 - INFO -    3. 10:38 - 11:23 │ Calle Mateos Gago                           │ turistico    │  58 pts │ 10€
2025-10-17 02:37:37 - INFO -                     └─ Tránsito: 14 min
2025-10-17 02:37:37 - INFO -    4. 11:40 - 12:55 │ La Bartola                                  │ bar          │  22 pts │  8€
2025-10-17 02:37:37 - INFO -                     └─ Tránsito: 17 min
2025-10-17 02:37:37 - INFO -    5. 13:12 - 13:57 │ Casa de los Pinelo                          │ palacio      │  45 pts │ 12€
2025-10-17 02:37:37 - INFO -                     └─ Tránsito: 17 min
2025-10-17 02:37:37 - INFO -    6. 14:11 - 15:26 │ Bodeguita Romero                            │ bar          │  50 pts │  8€ COMIDA
2025-10-17 02:37:37 - INFO -                     └─ Tránsito: 14 min
2025-10-17 02:37:37 - INFO -    7. 15:55 - 16:15 │ Puente de la Barqueta                       │ turistico    │  20 pts │ 10€
2025-10-17 02:37:37 - INFO -                     └─ Tránsito: 29 min
2025-10-17 02:37:37 - INFO -    8. 16:46 - 17:31 │ Ayuntamiento de Sevilla                     │ turistico    │  57 pts │ 10€
2025-10-17 02:37:37 - INFO -                     └─ Tránsito: 30 min
2025-10-17 02:37:37 - INFO -    9. 17:36 - 18:21 │ Convento Santa Clara                        │ catedral     │  56 pts │  8€
2025-10-17 02:37:37 - INFO -                     └─ Tránsito: 5 min
2025-10-17 02:37:37 - INFO -   10. 18:27 - 19:42 │ Jardines del Alcázar                        │ parque       │  97 pts │  0€
2025-10-17 02:37:37 - INFO -                     └─ Tránsito: 6 min
2025-10-17 02:37:37 - INFO -   11. 19:51 - 20:21 │ Isla de los Patos                           │ parque       │  54 pts │  0€
2025-10-17 02:37:37 - INFO -                     └─ Tránsito: 9 min
2025-10-17 02:37:37 - INFO -   12. 20:28 - 21:13 │ Jardines de las Delicias                    │ parque       │  51 pts │  0€
2025-10-17 02:37:37 - INFO -                     └─ Tránsito: 8 min
2025-10-17 02:37:37 - INFO - 
  ✅ DÍA FINALIZADO: 21:13 | Dentro del límite (16h)
2025-10-17 02:37:37 - INFO - 
2025-10-17 02:37:37 - INFO - ────────────────────────────────────────────────────────────────────────────────
2025-10-17 02:37:37 - INFO - DÍA 16 - SEVILLA
2025-10-17 02:37:37 - INFO - ────────────────────────────────────────────────────────────────────────────────
2025-10-17 02:37:37 - INFO - 📊 Resumen: 12 lugares | 636 puntos | 12.23h (734 min) | 14.1 km | 💰 122€ / 200€
2025-10-17 02:37:37 - INFO - 
2025-10-17 02:37:37 - INFO -    1. 09:00 - 10:00 │ Calle Betis                                 │ turistico    │  45 pts │ 10€
2025-10-17 02:37:37 - INFO -    2. 10:15 - 11:00 │ Palacio Arzobispal                          │ palacio      │  62 pts │ 12€
2025-10-17 02:37:37 - INFO -                     └─ Tránsito: 15 min
2025-10-17 02:37:37 - INFO -    3. 11:03 - 11:48 │ Palacio de Yanduri                          │ palacio      │  67 pts │ 12€
2025-10-17 02:37:37 - INFO -                     └─ Tránsito: 3 min
2025-10-17 02:37:37 - INFO -    4. 11:55 - 12:55 │ Calle Sierpes                               │ turistico    │  49 pts │ 10€
2025-10-17 02:37:37 - INFO -                     └─ Tránsito: 7 min
2025-10-17 02:37:37 - INFO -    5. 13:05 - 13:35 │ Corrala del Agua                            │ turistico    │  44 pts │ 10€
2025-10-17 02:37:37 - INFO -                     └─ Tránsito: 9 min
2025-10-17 02:37:37 - INFO -    6. 13:51 - 14:36 │ Iglesia de San Luis                         │ catedral     │  55 pts │  8€
2025-10-17 02:37:37 - INFO -                     └─ Tránsito: 17 min
2025-10-17 02:37:37 - INFO -    7. 14:53 - 15:38 │ Teatro de la Maestranza                     │ turistico    │  51 pts │ 10€
2025-10-17 02:37:37 - INFO -                     └─ Tránsito: 17 min
2025-10-17 02:37:37 - INFO -    8. 15:44 - 16:04 │ Puente de San Telmo                         │ turistico    │  58 pts │ 10€
2025-10-17 02:37:37 - INFO -                     └─ Tránsito: 6 min
2025-10-17 02:37:37 - INFO -    9. 16:09 - 16:29 │ Postigo del Aceite                          │ turistico    │  54 pts │ 10€
2025-10-17 02:37:37 - INFO -                     └─ Tránsito: 5 min
2025-10-17 02:37:37 - INFO -   10. 17:10 - 18:40 │ Estadio Benito Villamarín                   │ turistico    │  40 pts │ 10€
2025-10-17 02:37:37 - INFO -                     └─ Tránsito: 41 min
2025-10-17 02:37:37 - INFO -   11. 19:09 - 19:54 │ Pabellón Real                               │ palacio      │  52 pts │ 12€ ⚠️ FUERA HORARIO
2025-10-17 02:37:37 - INFO -                     └─ Tránsito: 29 min
2025-10-17 02:37:37 - INFO -   12. 20:13 - 21:13 │ Convento de Santa Paula                     │ catedral     │  59 pts │  8€ ⚠️ FUERA HORARIO
2025-10-17 02:37:37 - INFO -                     └─ Tránsito: 19 min
2025-10-17 02:37:37 - INFO - 
  ✅ DÍA FINALIZADO: 21:13 | Dentro del límite (16h)
2025-10-17 02:37:37 - INFO - 
2025-10-17 02:37:37 - INFO - ────────────────────────────────────────────────────────────────────────────────
2025-10-17 02:37:37 - INFO - DÍA 17 - CÓRDOBA
2025-10-17 02:37:37 - INFO - ────────────────────────────────────────────────────────────────────────────────
2025-10-17 02:37:37 - INFO - ✈️ Transporte: Sevilla → Córdoba | AVION (120 min, 12€)
2025-10-17 02:37:37 - INFO - 
2025-10-17 02:37:37 - INFO - 📊 Resumen: 12 lugares | 660 puntos | 8.67h (520 min) | 7.9 km | 💰 114€ / 200€
2025-10-17 02:37:37 - INFO - 
2025-10-17 02:37:37 - INFO -    1. 09:00 - 10:15 │ Taberna La Montillana                       │ bar          │  54 pts │  8€ DESAYUNO ⚠️ FUERA HORARIO
2025-10-17 02:37:37 - INFO -    2. 10:18 - 10:38 │ Plaza de Capuchinos                         │ plaza        │  42 pts │  0€
2025-10-17 02:37:37 - INFO -                     └─ Tránsito: 3 min
2025-10-17 02:37:37 - INFO -    3. 10:45 - 11:15 │ Posada del Potro                            │ museo        │  51 pts │ 15€
2025-10-17 02:37:37 - INFO -                     └─ Tránsito: 7 min
2025-10-17 02:37:37 - INFO -    4. 11:17 - 12:02 │ Café Bar Sociedad de Plateros               │ cafetería    │  29 pts │  5€
2025-10-17 02:37:37 - INFO -                     └─ Tránsito: 2 min
2025-10-17 02:37:37 - INFO -    5. 12:12 - 12:27 │ Estatua de Séneca                           │ turistico    │  41 pts │ 10€
2025-10-17 02:37:37 - INFO -                     └─ Tránsito: 10 min
2025-10-17 02:37:37 - INFO -    6. 12:32 - 12:47 │ Cristo de los Faroles                       │ turistico    │  51 pts │ 10€
2025-10-17 02:37:37 - INFO -                     └─ Tránsito: 5 min
2025-10-17 02:37:37 - INFO -    7. 12:57 - 13:12 │ Puente de San Rafael                        │ turistico    │  45 pts │ 10€
2025-10-17 02:37:37 - INFO -                     └─ Tránsito: 10 min
2025-10-17 02:37:37 - INFO -    8. 13:23 - 14:38 │ Taberna San Miguel Casa El Pisto            │ bar          │  46 pts │  8€ COMIDA
2025-10-17 02:37:37 - INFO -                     └─ Tránsito: 12 min
2025-10-17 02:37:37 - INFO -    9. 14:43 - 15:13 │ Torre de la Malmuerta                       │ turistico    │  59 pts │ 10€
2025-10-17 02:37:37 - INFO -                     └─ Tránsito: 5 min
2025-10-17 02:37:37 - INFO -   10. 15:28 - 15:58 │ Baños Reales Alcázar                        │ museo        │  95 pts │ 15€
2025-10-17 02:37:37 - INFO -                     └─ Tránsito: 15 min
2025-10-17 02:37:37 - INFO -   11. 16:13 - 16:43 │ Iglesia de San Pablo                        │ catedral     │  48 pts │  8€
2025-10-17 02:37:37 - INFO -                     └─ Tránsito: 15 min
2025-10-17 02:37:37 - INFO -   12. 16:55 - 17:40 │ Baños del Alcázar Califal                   │ museo        │  99 pts │ 15€
2025-10-17 02:37:37 - INFO -                     └─ Tránsito: 12 min
2025-10-17 02:37:37 - INFO - 
  ✅ DÍA FINALIZADO: 17:40 | Dentro del límite (16h)
2025-10-17 02:37:37 - INFO - 
2025-10-17 02:37:37 - INFO - ────────────────────────────────────────────────────────────────────────────────
2025-10-17 02:37:37 - INFO - DÍA 18 - CÓRDOBA
2025-10-17 02:37:37 - INFO - ────────────────────────────────────────────────────────────────────────────────
2025-10-17 02:37:37 - INFO - 📊 Resumen: 12 lugares | 631 puntos | 10.37h (622 min) | 6.9 km | 💰 147€ / 200€
2025-10-17 02:37:37 - INFO - 
2025-10-17 02:37:37 - INFO -    1. 09:00 - 10:00 │ Parque Cruz Conde                           │ parque       │  45 pts │  0€
2025-10-17 02:37:37 - INFO -    2. 10:14 - 11:14 │ Museo Diocesano                             │ museo        │  56 pts │ 15€
2025-10-17 02:37:37 - INFO -                     └─ Tránsito: 14 min
2025-10-17 02:37:37 - INFO -    3. 11:22 - 11:52 │ Iglesia de la Magdalena                     │ catedral     │  56 pts │  8€
2025-10-17 02:37:37 - INFO -                     └─ Tránsito: 8 min
2025-10-17 02:37:37 - INFO -    4. 11:58 - 12:13 │ Puerta del Perdón                           │ turistico    │  55 pts │ 10€
2025-10-17 02:37:37 - INFO -                     └─ Tránsito: 7 min
2025-10-17 02:37:37 - INFO -    5. 12:15 - 13:15 │ Centro Flamenco Fosforito                   │ museo        │  51 pts │ 15€
2025-10-17 02:37:37 - INFO -                     └─ Tránsito: 2 min
2025-10-17 02:37:37 - INFO -    6. 13:27 - 14:12 │ Palacio de la Merced                        │ palacio      │  63 pts │ 12€
2025-10-17 02:37:37 - INFO -                     └─ Tránsito: 11 min
2025-10-17 02:37:37 - INFO -    7. 14:24 - 14:39 │ Estatua de Averroes                         │ turistico    │  43 pts │ 10€
2025-10-17 02:37:37 - INFO -                     └─ Tránsito: 12 min
2025-10-17 02:37:37 - INFO -    8. 14:39 - 15:09 │ Mausoleo Romano                             │ museo        │  56 pts │ 15€
2025-10-17 02:37:37 - INFO -                     └─ Tránsito: 1 min
2025-10-17 02:37:37 - INFO -    9. 15:11 - 15:56 │ Zoco Municipal                              │ tienda       │  57 pts │ 10€
2025-10-17 02:37:37 - INFO -                     └─ Tránsito: 2 min
2025-10-17 02:37:37 - INFO -   10. 16:05 - 17:05 │ Mercado Victoria                            │ restaurante  │  30 pts │ 25€
2025-10-17 02:37:37 - INFO -                     └─ Tránsito: 8 min
2025-10-17 02:37:37 - INFO -   11. 17:10 - 18:25 │ Palacio de Viana                            │ palacio      │  69 pts │ 12€
2025-10-17 02:37:37 - INFO -                     └─ Tránsito: 5 min
2025-10-17 02:37:37 - INFO -   12. 18:37 - 19:22 │ Casa Árabe                                  │ museo        │  50 pts │ 15€
2025-10-17 02:37:37 - INFO -                     └─ Tránsito: 12 min
2025-10-17 02:37:37 - INFO - 
  ✅ DÍA FINALIZADO: 19:22 | Dentro del límite (16h)
2025-10-17 02:37:37 - INFO - 
2025-10-17 02:37:37 - INFO - ────────────────────────────────────────────────────────────────────────────────
2025-10-17 02:37:37 - INFO - DÍA 19 - MADRID
2025-10-17 02:37:37 - INFO - ────────────────────────────────────────────────────────────────────────────────
2025-10-17 02:37:37 - INFO - 🚌 Transporte: Córdoba → Madrid | BUS (240 min, 18€)
2025-10-17 02:37:37 - INFO - 
2025-10-17 02:37:37 - INFO - 📊 Resumen: 12 lugares | 775 puntos | 14.97h (898 min) | 16.1 km | 💰 165€ / 200€
2025-10-17 02:37:37 - INFO - 
2025-10-17 02:37:37 - INFO -    1. 09:00 - 09:15 │ La Violeta (Caramelos)                      │ tienda       │  45 pts │ 10€ ⚠️ FUERA HORARIO
2025-10-17 02:37:37 - INFO -    2. 09:21 - 10:21 │ Le Petit Dinsum                             │ restaurante  │  60 pts │ 25€ DESAYUNO ⚠️ FUERA HORARIO
2025-10-17 02:37:37 - INFO -                     └─ Tránsito: 7 min
2025-10-17 02:37:37 - INFO -    3. 10:40 - 11:40 │ Fundación Juan March                        │ turistico    │  65 pts │ 10€
2025-10-17 02:37:37 - INFO -                     └─ Tránsito: 19 min
2025-10-17 02:37:37 - INFO -    4. 12:19 - 12:29 │ Puerta de San Vicente                       │ turistico    │  30 pts │ 10€
2025-10-17 02:37:37 - INFO -                     └─ Tránsito: 39 min
2025-10-17 02:37:37 - INFO -    5. 12:37 - 13:07 │ Ermita de San Antonio de la Florida         │ turistico    │  65 pts │ 10€
2025-10-17 02:37:37 - INFO -                     └─ Tránsito: 8 min
2025-10-17 02:37:37 - INFO -    6. 13:26 - 13:46 │ Chocolatería San Ginés (Tienda)             │ tienda       │  70 pts │ 10€
2025-10-17 02:37:37 - INFO -                     └─ Tránsito: 19 min
2025-10-17 02:37:37 - INFO -    7. 13:55 - 14:25 │ Plaza de España                             │ turistico    │  75 pts │ 10€
2025-10-17 02:37:37 - INFO -                     └─ Tránsito: 9 min
2025-10-17 02:37:37 - INFO -    8. 14:49 - 16:04 │ Sweet Space Museum                          │ turistico    │  45 pts │ 10€
2025-10-17 02:37:37 - INFO -                     └─ Tránsito: 24 min
2025-10-17 02:37:37 - INFO -    9. 16:13 - 18:13 │ Barrio de Salamanca                         │ barrio       │  90 pts │ 10€
2025-10-17 02:37:37 - INFO -                     └─ Tránsito: 9 min
2025-10-17 02:37:37 - INFO -   10. 18:31 - 20:01 │ Yakitoro                                    │ restaurante  │  80 pts │ 25€
2025-10-17 02:37:37 - INFO -                     └─ Tránsito: 18 min
2025-10-17 02:37:37 - INFO -   11. 20:15 - 21:30 │ El Jardín Secreto                           │ restaurante  │  80 pts │ 25€ CENA
2025-10-17 02:37:37 - INFO -                     └─ Tránsito: 14 min
2025-10-17 02:37:37 - INFO -   12. 21:58 - 23:58 │ Calle de Serrano                            │ calle        │  70 pts │ 10€
2025-10-17 02:37:37 - INFO -                     └─ Tránsito: 28 min
2025-10-17 02:37:37 - INFO - 
  ✅ DÍA FINALIZADO: 23:58 | Dentro del límite (16h)
2025-10-17 02:37:37 - INFO - 
2025-10-17 02:37:37 - INFO - ────────────────────────────────────────────────────────────────────────────────
2025-10-17 02:37:37 - INFO - DÍA 20 - VALENCIA
2025-10-17 02:37:37 - INFO - ────────────────────────────────────────────────────────────────────────────────
2025-10-17 02:37:37 - INFO - 🚌 Transporte: Madrid → Valencia | BUS (240 min, 18€)
2025-10-17 02:37:37 - INFO - 
2025-10-17 02:37:37 - INFO - 📊 Resumen: 12 lugares | 581 puntos | 15.42h (925 min) | 34.6 km | 💰 118€ / 200€
2025-10-17 02:37:37 - INFO - 
2025-10-17 02:37:37 - INFO -    1. 09:00 - 09:20 │ Puente de las Flores                        │ turistico    │  47 pts │ 10€
2025-10-17 02:37:37 - INFO -    2. 10:17 - 10:47 │ Edificio del Reloj (Puerto)                 │ turistico    │  52 pts │ 10€
2025-10-17 02:37:37 - INFO -                     └─ Tránsito: 58 min
2025-10-17 02:37:37 - INFO -    3. 11:55 - 12:15 │ Plaza de Manises                            │ plaza        │  39 pts │  0€
2025-10-17 02:37:37 - INFO -                     └─ Tránsito: 1.1h (68 min)
2025-10-17 02:37:37 - INFO -    4. 12:57 - 14:27 │ Ca'n Bermell                                │ restaurante  │  44 pts │ 25€
2025-10-17 02:37:37 - INFO -                     └─ Tránsito: 42 min
2025-10-17 02:37:37 - INFO -    5. 15:09 - 15:54 │ L'Almodí                                    │ museo        │  51 pts │ 15€
2025-10-17 02:37:37 - INFO -                     └─ Tránsito: 42 min
2025-10-17 02:37:37 - INFO -    6. 15:58 - 16:28 │ Plaza del Mercado                           │ plaza        │  37 pts │  0€
2025-10-17 02:37:37 - INFO -                     └─ Tránsito: 5 min
2025-10-17 02:37:37 - INFO -    7. 16:34 - 17:34 │ Refugio Antiaéreo                           │ museo        │  52 pts │ 15€
2025-10-17 02:37:37 - INFO -                     └─ Tránsito: 5 min
2025-10-17 02:37:37 - INFO -    8. 18:40 - 19:25 │ Plaza Espacio Veles e Vents                 │ plaza        │  37 pts │  0€
2025-10-17 02:37:37 - INFO -                     └─ Tránsito: 1.1h (66 min)
2025-10-17 02:37:37 - INFO -    9. 20:28 - 20:58 │ Iglesia San Esteban                         │ catedral     │  48 pts │  8€ ⚠️ FUERA HORARIO
2025-10-17 02:37:37 - INFO -                     └─ Tránsito: 1.1h (64 min)
2025-10-17 02:37:37 - INFO -   10. 21:07 - 21:27 │ Plaza Cánovas del Castillo                  │ plaza        │  63 pts │  0€
2025-10-17 02:37:37 - INFO -                     └─ Tránsito: 9 min
2025-10-17 02:37:37 - INFO -   11. 21:33 - 22:03 │ Centro Excursionista                        │ turistico    │  59 pts │ 10€ ⚠️ FUERA HORARIO
2025-10-17 02:37:37 - INFO -                     └─ Tránsito: 6 min
2025-10-17 02:37:37 - INFO -   12. 22:54 - 24:24 │ Casa Carmela                                │ restaurante  │  52 pts │ 25€
2025-10-17 02:37:37 - INFO -                     └─ Tránsito: 52 min
2025-10-17 02:37:37 - INFO - 
  ✅ DÍA FINALIZADO: 24:24 | Dentro del límite (16h)
2025-10-17 02:37:37 - INFO - 
2025-10-17 02:37:37 - INFO - ================================================================================
2025-10-17 02:37:37 - INFO - 🚊 RESUMEN DE TRANSPORTES INTERCITY
2025-10-17 02:37:37 - INFO - ================================================================================

2025-10-17 02:37:37 - INFO - 📊 Estadísticas:
2025-10-17 02:37:37 - INFO -   ✈️  Avión: 9 viajes
2025-10-17 02:37:37 - INFO -   🚄 Tren:  0 viajes
2025-10-17 02:37:37 - INFO -   🚌 Bus:   2 viajes
2025-10-17 02:37:37 - INFO - 
💰 Costo total transportes: 611€
2025-10-17 02:37:37 - INFO - ⏱️  Tiempo total transportes: 2186 min (36.4h)
2025-10-17 02:37:37 - INFO - 
2025-10-17 02:37:37 - INFO - ================================================================================
2025-10-17 02:37:37 - INFO - ✅ ANÁLISIS COMPLETO
2025-10-17 02:37:37 - INFO - ================================================================================

2025-10-17 02:37:37 - INFO - 💾 Resultados exportados a: ag_3.json
2025-10-17 02:37:37 - INFO - 
================================================================================
2025-10-17 02:37:37 - INFO - EJECUCIÓN COMPLETADA - Log guardado en: logs\ag_espana_17_02_20.log
2025-10-17 02:37:37 - INFO - ================================================================================
