2025-10-17 01:00:32 - INFO - ================================================================================
2025-10-17 01:00:32 - INFO - INICIO DE EJECUCIÓN - Algoritmo Genético España
2025-10-17 01:00:32 - INFO - Log guardado en: logs\ag_espana_17_01_00.log
2025-10-17 01:00:32 - INFO - ================================================================================
2025-10-17 01:00:32 - INFO - 
================================================================================
2025-10-17 01:00:32 - INFO - CONFIGURACIÓN SELECCIONADA: Modo 3
2025-10-17 01:00:32 - INFO - Nombre: ULTRA-COMPLEJA (1.5-2 horas)
2025-10-17 01:00:32 - INFO - Descripción: Máxima calidad de solución
2025-10-17 01:00:32 - INFO - ================================================================================

2025-10-17 01:00:32 - INFO - 
================================================================================
2025-10-17 01:00:32 - INFO - ALGORITMO GENÉTICO
2025-10-17 01:00:32 - INFO - ================================================================================
2025-10-17 01:00:32 - INFO - Días: 20
2025-10-17 01:00:32 - INFO - Lugares/día: 12
2025-10-17 01:00:32 - INFO - Población: 500
2025-10-17 01:00:32 - INFO - Generaciones: 500
2025-10-17 01:00:32 - INFO - Elitismo: 10%
2025-10-17 01:00:32 - INFO - Dataset: 1367 lugares en 10 ciudades
2025-10-17 01:00:32 - INFO - ================================================================================

2025-10-17 01:00:32 - INFO - Creando población inicial
2025-10-17 01:00:33 - INFO - Evaluando población inicial
2025-10-17 01:00:33 - INFO - 
Iniciando evolución (500 generaciones)...

2025-10-17 01:01:11 - INFO -   Gen   50/500 | Mejor fitness: -112884.5 | Puntos: 12506 | Tiempo:  306.1h | Dist:   478.1km
2025-10-17 01:01:49 - INFO -   Gen  100/500 | Mejor fitness: -36534.5 | Puntos: 12114 | Tiempo:  296.2h | Dist:   450.3km
2025-10-17 01:02:26 - INFO -   Gen  150/500 | Mejor fitness:  -2173.8 | Puntos: 12406 | Tiempo:  258.7h | Dist:   266.1km
2025-10-17 01:03:05 - INFO -   Gen  200/500 | Mejor fitness:   7759.1 | Puntos: 12433 | Tiempo:  251.4h | Dist:   246.5km
