2025-10-17 13:52:23 - INFO - ================================================================================
2025-10-17 13:52:23 - INFO - INICIO DE EJECUCIÓN - Algoritmo Genético España
2025-10-17 13:52:23 - INFO - Log guardado en: logs\ag_espana_17_13_52.log
2025-10-17 13:52:23 - INFO - ================================================================================
2025-10-17 13:52:23 - INFO - 
================================================================================
2025-10-17 13:52:23 - INFO - CONFIGURACIÓN SELECCIONADA: Modo 3
2025-10-17 13:52:23 - INFO - Nombre: ULTRA-COMPLEJA (1.5-2 horas)
2025-10-17 13:52:23 - INFO - Descripción: Máxima calidad de solución
2025-10-17 13:52:23 - INFO - ================================================================================

2025-10-17 13:52:23 - INFO - 
================================================================================
2025-10-17 13:52:23 - INFO - ALGORITMO GENÉTICO
2025-10-17 13:52:23 - INFO - ================================================================================
2025-10-17 13:52:23 - INFO - Días: 20
2025-10-17 13:52:23 - INFO - Lugares/día: 12
2025-10-17 13:52:23 - INFO - Población: 100
2025-10-17 13:52:23 - INFO - Generaciones: 100
2025-10-17 13:52:23 - INFO - Elitismo: 10%
2025-10-17 13:52:23 - INFO - Dataset: 1367 lugares en 10 ciudades
2025-10-17 13:52:23 - INFO - ================================================================================

2025-10-17 13:52:23 - INFO - Creando población inicial
2025-10-17 13:52:30 - INFO - Evaluando población inicial
2025-10-17 13:52:32 - INFO - 
Iniciando evolución (100 generaciones)...

2025-10-17 13:53:33 - INFO -   Gen   25/100 | Mejor fitness:  -2124.0 | Puntos: 12237 | Tiempo:  270.2h | Dist:   203.4km
2025-10-17 13:54:05 - INFO -   Gen   50/100 | Mejor fitness:   8697.9 | Puntos: 12453 | Tiempo:  258.6h | Dist:   183.7km
2025-10-17 13:55:00 - INFO -   Gen  100/100 | Mejor fitness:   9593.3 | Puntos: 12855 | Tiempo:  261.8h | Dist:   205.8km
2025-10-17 13:55:00 - INFO - 
✅ Evolución completada!
2025-10-17 13:55:00 - INFO - 🏆 Mejor fitness global: 9593.3
2025-10-17 13:55:00 - INFO - 📊 Generaciones ejecutadas: 100
2025-10-17 13:55:00 - INFO - ⏱️  Tiempo total: 156.90s (2.61m)
2025-10-17 13:55:00 - INFO - 
================================================================================
2025-10-17 13:55:00 - INFO - ANÁLISIS DE LA MEJOR SOLUCIÓN
2025-10-17 13:55:00 - INFO - ================================================================================

2025-10-17 13:55:00 - INFO - Métricas Globales:
2025-10-17 13:55:00 - INFO - - Fitness total: 9593.3
2025-10-17 13:55:00 - INFO - - Puntos totales: 12855
2025-10-17 13:55:00 - INFO - - Tiempo total: 261.8 horas (15707 minutos)
2025-10-17 13:55:00 - INFO - - Tiempo promedio/día: 13.1 horas
2025-10-17 13:55:00 - INFO - - Distancia total: 205.8 km
2025-10-17 13:55:00 - INFO - - Ciudades visitadas: 7
2025-10-17 13:55:00 - INFO - 
ITINERARIO DETALLADO POR DÍAS:
2025-10-17 13:55:00 - INFO - ================================================================================

2025-10-17 13:55:00 - INFO - ────────────────────────────────────────────────────────────────────────────────
2025-10-17 13:55:00 - INFO - DÍA 1 - CÓRDOBA
2025-10-17 13:55:00 - INFO - ────────────────────────────────────────────────────────────────────────────────
2025-10-17 13:55:00 - INFO - 📊 Resumen: 12 lugares | 602 puntos | 13.49h (809 min) | 22.4 km | 💰 132€ / 200€
2025-10-17 13:55:00 - INFO - 
2025-10-17 13:55:00 - INFO -    1. 09:00 - 09:45 │ Iglesia de San Lorenzo                      │ catedral     │  53 pts │  8€
2025-10-17 13:55:00 - INFO -    2. 09:53 - 10:08 │ Calleja del Pañuelo                         │ turistico    │  54 pts │ 10€
2025-10-17 13:55:00 - INFO -                     └─ Tránsito: 8 min
2025-10-17 13:55:00 - INFO -    3. 10:14 - 10:44 │ Iglesia de la Magdalena                     │ catedral     │  56 pts │  8€
2025-10-17 13:55:00 - INFO -                     └─ Tránsito: 7 min
2025-10-17 13:55:00 - INFO -    4. 10:53 - 11:23 │ Posada del Potro                            │ museo        │  51 pts │ 15€
2025-10-17 13:55:00 - INFO -                     └─ Tránsito: 9 min
2025-10-17 13:55:00 - INFO -    5. 11:32 - 12:02 │ Calle Claudio Marcelo                       │ turistico    │  57 pts │ 10€
2025-10-17 13:55:00 - INFO -                     └─ Tránsito: 9 min
2025-10-17 13:55:00 - INFO -    6. 12:15 - 12:45 │ Patio Calle San Basilio 44                  │ turistico    │  40 pts │ 10€
2025-10-17 13:55:00 - INFO -                     └─ Tránsito: 13 min
2025-10-17 13:55:00 - INFO -    7. 13:02 - 13:47 │ Barrio de San Andrés                        │ turistico    │  31 pts │ 10€
2025-10-17 13:55:00 - INFO -                     └─ Tránsito: 18 min
2025-10-17 13:55:00 - INFO -    8. 14:01 - 15:16 │ Bodega Guzmán                               │ bar          │  58 pts │  8€ COMIDA
2025-10-17 13:55:00 - INFO -                     └─ Tránsito: 13 min
2025-10-17 13:55:00 - INFO -    9. 15:18 - 15:33 │ Estatua de Maimónides                       │ turistico    │  48 pts │ 10€
2025-10-17 13:55:00 - INFO -                     └─ Tránsito: 3 min
2025-10-17 13:55:00 - INFO -   10. 17:03 - 18:03 │ Salón Rico Medina Azahara                   │ turistico    │  43 pts │ 10€
2025-10-17 13:55:00 - INFO -                     └─ Tránsito: 1.5h (89 min)
2025-10-17 13:55:00 - INFO -   11. 19:36 - 21:06 │ Bodegas Campos                              │ restaurante  │  57 pts │ 25€
2025-10-17 13:55:00 - INFO -                     └─ Tránsito: 1.6h (93 min)
2025-10-17 13:55:00 - INFO -   12. 21:14 - 22:29 │ Taberna La Montillana                       │ bar          │  54 pts │  8€ CENA
2025-10-17 13:55:00 - INFO -                     └─ Tránsito: 8 min
2025-10-17 13:55:00 - INFO - 
  ✅ DÍA FINALIZADO: 22:29 | Dentro del límite (16h)
2025-10-17 13:55:00 - INFO - 
2025-10-17 13:55:00 - INFO - ────────────────────────────────────────────────────────────────────────────────
2025-10-17 13:55:00 - INFO - DÍA 2 - CÓRDOBA
2025-10-17 13:55:00 - INFO - ────────────────────────────────────────────────────────────────────────────────
2025-10-17 13:55:00 - INFO - 📊 Resumen: 12 lugares | 668 puntos | 8.64h (518 min) | 7.8 km | 💰 116€ / 200€
2025-10-17 13:55:00 - INFO - 
2025-10-17 13:55:00 - INFO -    1. 09:00 - 09:30 │ Avenida del Brillante                       │ turistico    │  53 pts │ 10€
2025-10-17 13:55:00 - INFO -    2. 09:53 - 10:38 │ Torre Campanario Mezquita                   │ catedral     │  56 pts │  8€
2025-10-17 13:55:00 - INFO -                     └─ Tránsito: 24 min
2025-10-17 13:55:00 - INFO -    3. 10:39 - 11:09 │ Capilla de Villaviciosa                     │ catedral     │  44 pts │  8€
2025-10-17 13:55:00 - INFO -                     └─ Tránsito: 0 min
2025-10-17 13:55:00 - INFO -    4. 11:15 - 11:35 │ Templo Romano                               │ turistico    │  53 pts │ 10€
2025-10-17 13:55:00 - INFO -                     └─ Tránsito: 6 min
2025-10-17 13:55:00 - INFO -    5. 11:41 - 12:26 │ Murallas de Córdoba                         │ turistico    │  50 pts │ 10€
2025-10-17 13:55:00 - INFO -                     └─ Tránsito: 6 min
2025-10-17 13:55:00 - INFO -    6. 12:37 - 12:52 │ Puente de San Rafael                        │ turistico    │  45 pts │ 10€
2025-10-17 13:55:00 - INFO -                     └─ Tránsito: 11 min
2025-10-17 13:55:00 - INFO -    7. 13:00 - 13:15 │ Estatua de Averroes                         │ turistico    │  43 pts │ 10€
2025-10-17 13:55:00 - INFO -                     └─ Tránsito: 8 min
2025-10-17 13:55:00 - INFO -    8. 13:27 - 13:42 │ Estatua de Séneca                           │ turistico    │  41 pts │ 10€
2025-10-17 13:55:00 - INFO -                     └─ Tránsito: 12 min
2025-10-17 13:55:00 - INFO -    9. 13:53 - 14:23 │ Plaza del Potro                             │ plaza        │  39 pts │  0€
2025-10-17 13:55:00 - INFO -                     └─ Tránsito: 12 min
2025-10-17 13:55:00 - INFO -   10. 14:28 - 14:58 │ Baños Reales Alcázar                        │ museo        │  95 pts │ 15€
2025-10-17 13:55:00 - INFO -                     └─ Tránsito: 4 min
2025-10-17 13:55:00 - INFO -   11. 14:58 - 15:58 │ Jardines del Alcázar                        │ parque       │  98 pts │  0€
2025-10-17 13:55:00 - INFO -                     └─ Tránsito: 0 min
2025-10-17 13:55:00 - INFO -   12. 16:08 - 17:38 │ Taberna Salinas                             │ restaurante  │  51 pts │ 25€
2025-10-17 13:55:00 - INFO -                     └─ Tránsito: 10 min
2025-10-17 13:55:00 - INFO - 
  ✅ DÍA FINALIZADO: 17:38 | Dentro del límite (16h)
2025-10-17 13:55:00 - INFO - 
2025-10-17 13:55:00 - INFO - ────────────────────────────────────────────────────────────────────────────────
2025-10-17 13:55:00 - INFO - DÍA 3 - SEVILLA
2025-10-17 13:55:00 - INFO - ────────────────────────────────────────────────────────────────────────────────
2025-10-17 13:55:00 - INFO - 🚄 Transporte: Córdoba → Sevilla | TREN (45 min, 20€)
2025-10-17 13:55:00 - INFO - 
2025-10-17 13:55:00 - INFO - 📊 Resumen: 12 lugares | 592 puntos | 11.45h (687 min) | 16.0 km | 💰 95€ / 200€
2025-10-17 13:55:00 - INFO - 
2025-10-17 13:55:00 - INFO -    1. 09:00 - 10:00 │ Plaza de Toros Maestranza                   │ turistico    │  35 pts │ 10€
2025-10-17 13:55:00 - INFO -    2. 10:06 - 10:51 │ Palacio Arzobispal                          │ palacio      │  62 pts │ 12€
2025-10-17 13:55:00 - INFO -                     └─ Tránsito: 7 min
2025-10-17 13:55:00 - INFO -    3. 10:53 - 11:38 │ Palacio Bucarelli                           │ palacio      │  61 pts │ 12€
2025-10-17 13:55:00 - INFO -                     └─ Tránsito: 2 min
2025-10-17 13:55:00 - INFO -    4. 11:48 - 12:33 │ Iglesia de San Pedro                        │ catedral     │  59 pts │  8€
2025-10-17 13:55:00 - INFO -                     └─ Tránsito: 10 min
2025-10-17 13:55:00 - INFO -    5. 12:37 - 13:07 │ Iglesia Omnium Sanctorum                    │ catedral     │  43 pts │  8€
2025-10-17 13:55:00 - INFO -                     └─ Tránsito: 4 min
2025-10-17 13:55:00 - INFO -    6. 13:33 - 13:53 │ Puente del Cachorro                         │ turistico    │  52 pts │ 10€
2025-10-17 13:55:00 - INFO -                     └─ Tránsito: 26 min
2025-10-17 13:55:00 - INFO -    7. 14:35 - 15:35 │ Barrio Nervión                              │ turistico    │  26 pts │ 10€
2025-10-17 13:55:00 - INFO -                     └─ Tránsito: 41 min
2025-10-17 13:55:00 - INFO -    8. 16:04 - 16:24 │ Postigo del Aceite                          │ turistico    │  54 pts │ 10€
2025-10-17 13:55:00 - INFO -                     └─ Tránsito: 29 min
2025-10-17 13:55:00 - INFO -    9. 16:38 - 17:53 │ Museo de Artes y Costumbres                 │ museo        │  59 pts │ 15€
2025-10-17 13:55:00 - INFO -                     └─ Tránsito: 14 min
2025-10-17 13:55:00 - INFO -   10. 18:10 - 18:30 │ Plaza Nueva                                 │ plaza        │  39 pts │  0€
2025-10-17 13:55:00 - INFO -                     └─ Tránsito: 17 min
2025-10-17 13:55:00 - INFO -   11. 18:42 - 19:27 │ Alameda de Hércules                         │ plaza        │  50 pts │  0€
2025-10-17 13:55:00 - INFO -                     └─ Tránsito: 12 min
2025-10-17 13:55:00 - INFO -   12. 19:57 - 20:27 │ Estanque de los Lotos                       │ parque       │  52 pts │  0€
2025-10-17 13:55:00 - INFO -                     └─ Tránsito: 30 min
2025-10-17 13:55:00 - INFO - 
  ✅ DÍA FINALIZADO: 20:27 | Dentro del límite (16h)
2025-10-17 13:55:00 - INFO - 
2025-10-17 13:55:00 - INFO - ────────────────────────────────────────────────────────────────────────────────
2025-10-17 13:55:00 - INFO - DÍA 4 - CÓRDOBA
2025-10-17 13:55:00 - INFO - ────────────────────────────────────────────────────────────────────────────────
2025-10-17 13:55:00 - INFO - 🚄 Transporte: Sevilla → Córdoba | TREN (45 min, 20€)
2025-10-17 13:55:00 - INFO - 
2025-10-17 13:55:00 - INFO - 📊 Resumen: 12 lugares | 588 puntos | 9.34h (560 min) | 7.5 km | 💰 121€ / 200€
2025-10-17 13:55:00 - INFO - 
2025-10-17 13:55:00 - INFO -    1. 09:00 - 09:20 │ Mirador del Puente Romano                   │ mirador      │  70 pts │  5€
2025-10-17 13:55:00 - INFO -    2. 09:31 - 10:01 │ Compañía de Jesús                           │ catedral     │  41 pts │  8€
2025-10-17 13:55:00 - INFO -                     └─ Tránsito: 12 min
2025-10-17 13:55:00 - INFO -    3. 10:05 - 10:50 │ Palacio de la Merced                        │ palacio      │  63 pts │ 12€
2025-10-17 13:55:00 - INFO -                     └─ Tránsito: 4 min
2025-10-17 13:55:00 - INFO -    4. 10:56 - 11:41 │ Jardines de la Victoria                     │ parque       │  47 pts │  0€
2025-10-17 13:55:00 - INFO -                     └─ Tránsito: 6 min
2025-10-17 13:55:00 - INFO -    5. 11:49 - 12:34 │ Casa de Sefarad                             │ museo        │  53 pts │ 15€
2025-10-17 13:55:00 - INFO -                     └─ Tránsito: 9 min
2025-10-17 13:55:00 - INFO -    6. 12:43 - 13:43 │ Mercado Victoria                            │ restaurante  │  30 pts │ 25€
2025-10-17 13:55:00 - INFO -                     └─ Tránsito: 8 min
2025-10-17 13:55:00 - INFO -    7. 13:52 - 14:37 │ Torre de la Calahorra                       │ museo        │  49 pts │ 15€
2025-10-17 13:55:00 - INFO -                     └─ Tránsito: 9 min
2025-10-17 13:55:00 - INFO -    8. 14:42 - 15:27 │ Mihrab de la Mezquita                       │ catedral     │  41 pts │  8€
2025-10-17 13:55:00 - INFO -                     └─ Tránsito: 5 min
2025-10-17 13:55:00 - INFO -    9. 15:29 - 16:14 │ Casa Andalusí                               │ museo        │  40 pts │ 15€
2025-10-17 13:55:00 - INFO -                     └─ Tránsito: 2 min
2025-10-17 13:55:00 - INFO -   10. 16:23 - 17:08 │ Jardines de la Agricultura                  │ parque       │  49 pts │  0€
2025-10-17 13:55:00 - INFO -                     └─ Tránsito: 9 min
2025-10-17 13:55:00 - INFO -   11. 17:18 - 17:33 │ Puente de Miraflores                        │ turistico    │  57 pts │ 10€
2025-10-17 13:55:00 - INFO -                     └─ Tránsito: 10 min
2025-10-17 13:55:00 - INFO -   12. 17:50 - 18:20 │ Iglesia de San Pablo                        │ catedral     │  48 pts │  8€
2025-10-17 13:55:00 - INFO -                     └─ Tránsito: 17 min
2025-10-17 13:55:00 - INFO - 
  ✅ DÍA FINALIZADO: 18:20 | Dentro del límite (16h)
2025-10-17 13:55:00 - INFO - 
2025-10-17 13:55:00 - INFO - ────────────────────────────────────────────────────────────────────────────────
2025-10-17 13:55:00 - INFO - DÍA 5 - SANTIAGO
2025-10-17 13:55:00 - INFO - ────────────────────────────────────────────────────────────────────────────────
2025-10-17 13:55:00 - INFO - ✈️ Transporte: Córdoba → Santiago | AVION (316 min, 146€)
2025-10-17 13:55:00 - INFO - 
2025-10-17 13:55:00 - INFO - 📊 Resumen: 12 lugares | 480 puntos | 9.31h (558 min) | 4.4 km | 💰 70€ / 200€
2025-10-17 13:55:00 - INFO - 
2025-10-17 13:55:00 - INFO -    1. 09:00 - 09:20 │ Capilla de Santa Susana                     │ catedral     │  47 pts │  8€
2025-10-17 13:55:00 - INFO -    2. 09:29 - 10:14 │ Café Derby                                  │ cafetería    │  45 pts │  5€ DESAYUNO
2025-10-17 13:55:00 - INFO -                     └─ Tránsito: 9 min
2025-10-17 13:55:00 - INFO -    3. 10:15 - 11:15 │ Tapería A Maceta                            │ bar          │  49 pts │  8€
2025-10-17 13:55:00 - INFO -                     └─ Tránsito: 1 min
2025-10-17 13:55:00 - INFO -    4. 11:17 - 11:37 │ Plaza de Cervantes                          │ plaza        │  41 pts │  0€
2025-10-17 13:55:00 - INFO -                     └─ Tránsito: 2 min
2025-10-17 13:55:00 - INFO -    5. 11:43 - 12:28 │ Barrio de San Pedro                         │ turistico    │  29 pts │ 10€
2025-10-17 13:55:00 - INFO -                     └─ Tránsito: 6 min
2025-10-17 13:55:00 - INFO -    6. 12:34 - 13:19 │ Café Casino                                 │ cafetería    │  41 pts │  5€
2025-10-17 13:55:00 - INFO -                     └─ Tránsito: 7 min
2025-10-17 13:55:00 - INFO -    7. 13:24 - 13:54 │ Iglesia de San Félix de Solovio             │ catedral     │  49 pts │  8€
2025-10-17 13:55:00 - INFO -                     └─ Tránsito: 5 min
2025-10-17 13:55:00 - INFO -    8. 14:03 - 14:48 │ Barrio de Belvis                            │ turistico    │  30 pts │ 10€
2025-10-17 13:55:00 - INFO -                     └─ Tránsito: 9 min
2025-10-17 13:55:00 - INFO -    9. 14:54 - 15:24 │ Pazo de Raxoi Jardines                      │ parque       │  44 pts │  0€
2025-10-17 13:55:00 - INFO -                     └─ Tránsito: 6 min
2025-10-17 13:55:00 - INFO -   10. 15:28 - 16:13 │ Plaza de Abastos                            │ plaza        │  38 pts │  0€
2025-10-17 13:55:00 - INFO -                     └─ Tránsito: 4 min
2025-10-17 13:55:00 - INFO -   11. 16:16 - 17:16 │ Bar Momo                                    │ bar          │  34 pts │  8€
2025-10-17 13:55:00 - INFO -                     └─ Tránsito: 3 min
2025-10-17 13:55:00 - INFO -   12. 17:18 - 18:18 │ Bar La Tita                                 │ bar          │  33 pts │  8€
2025-10-17 13:55:00 - INFO -                     └─ Tránsito: 1 min
2025-10-17 13:55:00 - INFO - 
  ✅ DÍA FINALIZADO: 18:18 | Dentro del límite (16h)
2025-10-17 13:55:00 - INFO - 
2025-10-17 13:55:00 - INFO - ────────────────────────────────────────────────────────────────────────────────
2025-10-17 13:55:00 - INFO - DÍA 6 - SANTIAGO
2025-10-17 13:55:00 - INFO - ────────────────────────────────────────────────────────────────────────────────
2025-10-17 13:55:00 - INFO - 📊 Resumen: 12 lugares | 688 puntos | 11.28h (677 min) | 9.3 km | 💰 88€ / 200€
2025-10-17 13:55:00 - INFO - 
2025-10-17 13:55:00 - INFO -    1. 09:00 - 10:00 │ Rúa do Franco                               │ turistico    │  50 pts │ 10€
2025-10-17 13:55:00 - INFO -    2. 10:01 - 10:31 │ Casa del Cabildo                            │ palacio      │  54 pts │ 12€
2025-10-17 13:55:00 - INFO -                     └─ Tránsito: 1 min
2025-10-17 13:55:00 - INFO -    3. 10:51 - 12:21 │ Estadio San Lázaro                          │ turistico    │  53 pts │ 10€
2025-10-17 13:55:00 - INFO -                     └─ Tránsito: 20 min
2025-10-17 13:55:00 - INFO -    4. 12:34 - 13:19 │ Convento de Belvis                          │ catedral     │  59 pts │  8€
2025-10-17 13:55:00 - INFO -                     └─ Tránsito: 13 min
2025-10-17 13:55:00 - INFO -    5. 13:22 - 14:37 │ Pulpería A Garnacha                         │ restaurante  │  42 pts │ 25€ COMIDA
2025-10-17 13:55:00 - INFO -                     └─ Tránsito: 4 min
2025-10-17 13:55:00 - INFO -    6. 15:11 - 16:26 │ Museo Centro Gaiás                          │ museo        │  47 pts │ 15€
2025-10-17 13:55:00 - INFO -                     └─ Tránsito: 33 min
2025-10-17 13:55:00 - INFO -    7. 16:58 - 17:28 │ Plaza del Obradoiro                         │ plaza        │  96 pts │  0€
2025-10-17 13:55:00 - INFO -                     └─ Tránsito: 32 min
2025-10-17 13:55:00 - INFO -    8. 17:30 - 18:15 │ Monasterio de San Paio de Antealtares       │ catedral     │  57 pts │  8€
2025-10-17 13:55:00 - INFO -                     └─ Tránsito: 2 min
2025-10-17 13:55:00 - INFO -    9. 18:16 - 19:01 │ Plaza del Obradoiro                         │ plaza        │  99 pts │  0€
2025-10-17 13:55:00 - INFO -                     └─ Tránsito: 1 min
2025-10-17 13:55:00 - INFO -   10. 19:01 - 19:21 │ Plaza de Platerías                          │ plaza        │  33 pts │  0€
2025-10-17 13:55:00 - INFO -                     └─ Tránsito: 0 min
2025-10-17 13:55:00 - INFO -   11. 19:23 - 19:43 │ Plaza de la Inmaculada                      │ plaza        │  44 pts │  0€
2025-10-17 13:55:00 - INFO -                     └─ Tránsito: 2 min
2025-10-17 13:55:00 - INFO -   12. 19:46 - 20:16 │ Praza de Fonseca Jardines                   │ plaza        │  54 pts │  0€
2025-10-17 13:55:00 - INFO -                     └─ Tránsito: 4 min
2025-10-17 13:55:00 - INFO - 
  ✅ DÍA FINALIZADO: 20:16 | Dentro del límite (16h)
2025-10-17 13:55:00 - INFO - 
2025-10-17 13:55:00 - INFO - ────────────────────────────────────────────────────────────────────────────────
2025-10-17 13:55:00 - INFO - DÍA 7 - SANTIAGO
2025-10-17 13:55:00 - INFO - ────────────────────────────────────────────────────────────────────────────────
2025-10-17 13:55:00 - INFO - 📊 Resumen: 12 lugares | 529 puntos | 12.85h (771 min) | 14.2 km | 💰 104€ / 200€
2025-10-17 13:55:00 - INFO - 
2025-10-17 13:55:00 - INFO -    1. 09:00 - 09:45 │ Barrio de Conxo                             │ turistico    │  25 pts │ 10€
2025-10-17 13:55:00 - INFO -    2. 10:10 - 10:55 │ Convento de San Francisco                   │ catedral     │  41 pts │  8€
2025-10-17 13:55:00 - INFO -                     └─ Tránsito: 26 min
2025-10-17 13:55:00 - INFO -    3. 10:58 - 11:28 │ Iglesia de Santa María Salomé               │ catedral     │  45 pts │  8€
2025-10-17 13:55:00 - INFO -                     └─ Tránsito: 3 min
2025-10-17 13:55:00 - INFO -    4. 11:38 - 12:08 │ Carballeira de Santa Susana                 │ parque       │  55 pts │  0€
2025-10-17 13:55:00 - INFO -                     └─ Tránsito: 10 min
2025-10-17 13:55:00 - INFO -    5. 12:19 - 12:49 │ Botafumeiro                                 │ catedral     │  52 pts │  8€
2025-10-17 13:55:00 - INFO -                     └─ Tránsito: 11 min
2025-10-17 13:55:00 - INFO -    6. 12:49 - 13:34 │ Hostal de los Reyes Católicos               │ palacio      │  53 pts │ 12€
2025-10-17 13:55:00 - INFO -                     └─ Tránsito: 0 min
2025-10-17 13:55:00 - INFO -    7. 14:12 - 15:42 │ Monte Pedroso                               │ parque       │  47 pts │  0€
2025-10-17 13:55:00 - INFO -                     └─ Tránsito: 38 min
2025-10-17 13:55:00 - INFO -    8. 16:27 - 17:12 │ Convento de Santa Clara                     │ catedral     │  55 pts │  8€
2025-10-17 13:55:00 - INFO -                     └─ Tránsito: 46 min
2025-10-17 13:55:00 - INFO -    9. 17:18 - 18:33 │ O Dezaseis                                  │ restaurante  │  43 pts │ 25€
2025-10-17 13:55:00 - INFO -                     └─ Tránsito: 6 min
2025-10-17 13:55:00 - INFO -   10. 18:39 - 20:09 │ Restaurante A Tafona                        │ restaurante  │  33 pts │ 25€
2025-10-17 13:55:00 - INFO -                     └─ Tránsito: 6 min
2025-10-17 13:55:00 - INFO -   11. 20:18 - 20:48 │ Plaza de Quintana                           │ plaza        │  36 pts │  0€
2025-10-17 13:55:00 - INFO -                     └─ Tránsito: 9 min
2025-10-17 13:55:00 - INFO -   12. 21:05 - 21:50 │ Parque de Vista Alegre                      │ parque       │  44 pts │  0€
2025-10-17 13:55:00 - INFO -                     └─ Tránsito: 17 min
2025-10-17 13:55:00 - INFO - 
  ✅ DÍA FINALIZADO: 21:50 | Dentro del límite (16h)
2025-10-17 13:55:00 - INFO - 
2025-10-17 13:55:00 - INFO - ────────────────────────────────────────────────────────────────────────────────
2025-10-17 13:55:00 - INFO - DÍA 8 - BILBAO
2025-10-17 13:55:00 - INFO - ────────────────────────────────────────────────────────────────────────────────
2025-10-17 13:55:00 - INFO - ✈️ Transporte: Santiago → Bilbao | AVION (243 min, 118€)
2025-10-17 13:55:00 - INFO - 
2025-10-17 13:55:00 - INFO - 📊 Resumen: 12 lugares | 507 puntos | 11.77h (706 min) | 10.1 km | 💰 91€ / 200€
2025-10-17 13:55:00 - INFO - 
2025-10-17 13:55:00 - INFO -    1. 09:00 - 09:30 │ Calle Barrenkalea                           │ turistico    │  20 pts │ 10€
2025-10-17 13:55:00 - INFO -    2. 09:33 - 09:48 │ Puente de San Antón                         │ turistico    │  56 pts │ 10€
2025-10-17 13:55:00 - INFO -                     └─ Tránsito: 3 min
2025-10-17 13:55:00 - INFO -    3. 10:00 - 11:15 │ Itsasmuseum Bilbao                          │ museo        │  42 pts │ 15€
2025-10-17 13:55:00 - INFO -                     └─ Tránsito: 12 min
2025-10-17 13:55:00 - INFO -    4. 11:23 - 12:38 │ Azkuna Zentroa (Alhóndiga)                  │ museo        │  52 pts │ 15€
2025-10-17 13:55:00 - INFO -                     └─ Tránsito: 8 min
2025-10-17 13:55:00 - INFO -    5. 12:44 - 13:29 │ Mercado Ensanche                            │ tienda       │  36 pts │ 10€
2025-10-17 13:55:00 - INFO -                     └─ Tránsito: 6 min
2025-10-17 13:55:00 - INFO -    6. 13:54 - 14:39 │ Mirador de Artxanda                         │ mirador      │  68 pts │  5€
2025-10-17 13:55:00 - INFO -                     └─ Tránsito: 25 min
2025-10-17 13:55:00 - INFO -    7. 14:40 - 16:10 │ Monte Artxanda Parque                       │ parque       │  46 pts │  0€
2025-10-17 13:55:00 - INFO -                     └─ Tránsito: 0 min
2025-10-17 13:55:00 - INFO -    8. 16:30 - 16:50 │ Zubizuri (Puente Calatrava)                 │ turistico    │  58 pts │ 10€
2025-10-17 13:55:00 - INFO -                     └─ Tránsito: 21 min
2025-10-17 13:55:00 - INFO -    9. 16:56 - 17:16 │ Plaza Moyúa                                 │ plaza        │  37 pts │  0€
2025-10-17 13:55:00 - INFO -                     └─ Tránsito: 5 min
2025-10-17 13:55:00 - INFO -   10. 17:30 - 17:50 │ Plaza del Arenal                            │ plaza        │  40 pts │  0€
2025-10-17 13:55:00 - INFO -                     └─ Tránsito: 14 min
2025-10-17 13:55:00 - INFO -   11. 18:02 - 19:17 │ Bar El Globo                                │ bar          │  20 pts │  8€
2025-10-17 13:55:00 - INFO -                     └─ Tránsito: 12 min
2025-10-17 13:55:00 - INFO -   12. 19:31 - 20:46 │ Bar Gure Toki                               │ bar          │  32 pts │  8€
2025-10-17 13:55:00 - INFO -                     └─ Tránsito: 14 min
2025-10-17 13:55:00 - INFO - 
  ✅ DÍA FINALIZADO: 20:46 | Dentro del límite (16h)
2025-10-17 13:55:00 - INFO - 
2025-10-17 13:55:00 - INFO - ────────────────────────────────────────────────────────────────────────────────
2025-10-17 13:55:00 - INFO - DÍA 9 - BILBAO
2025-10-17 13:55:00 - INFO - ────────────────────────────────────────────────────────────────────────────────
2025-10-17 13:55:00 - INFO - 📊 Resumen: 12 lugares | 665 puntos | 14.99h (899 min) | 7.9 km | 💰 128€ / 200€
2025-10-17 13:55:00 - INFO - 
2025-10-17 13:55:00 - INFO -    1. 09:00 - 10:00 │ Ribera de Bilbao                            │ turistico    │  48 pts │ 10€
2025-10-17 13:55:00 - INFO -    2. 10:05 - 10:50 │ Calle Ledesma                               │ turistico    │  59 pts │ 10€
2025-10-17 13:55:00 - INFO -                     └─ Tránsito: 6 min
2025-10-17 13:55:00 - INFO -    3. 10:59 - 12:59 │ Museo Guggenheim Bilbao                     │ museo        │  98 pts │ 15€
2025-10-17 13:55:00 - INFO -                     └─ Tránsito: 9 min
2025-10-17 13:55:00 - INFO -    4. 13:00 - 13:20 │ Puente de La Salve                          │ turistico    │  45 pts │ 10€
2025-10-17 13:55:00 - INFO -                     └─ Tránsito: 1 min
2025-10-17 13:55:00 - INFO -    5. 13:27 - 14:27 │ Palacio Euskalduna                          │ turistico    │  67 pts │ 10€
2025-10-17 13:55:00 - INFO -                     └─ Tránsito: 8 min
2025-10-17 13:55:00 - INFO -    6. 14:39 - 15:39 │ New York Burguer                            │ restaurante  │  57 pts │ 25€ COMIDA
2025-10-17 13:55:00 - INFO -                     └─ Tránsito: 11 min
2025-10-17 13:55:00 - INFO -    7. 15:42 - 16:42 │ Café Iruña                                  │ cafetería    │  46 pts │  5€
2025-10-17 13:55:00 - INFO -                     └─ Tránsito: 3 min
2025-10-17 13:55:00 - INFO -    8. 16:52 - 17:37 │ Plaza Nueva                                 │ plaza        │  33 pts │  0€
2025-10-17 13:55:00 - INFO -                     └─ Tránsito: 10 min
2025-10-17 13:55:00 - INFO -    9. 17:38 - 19:38 │ Casco Viejo de Bilbao                       │ turistico    │  41 pts │ 10€
2025-10-17 13:55:00 - INFO -                     └─ Tránsito: 1 min
2025-10-17 13:55:00 - INFO -   10. 20:00 - 22:00 │ Nerua Guggenheim                            │ restaurante  │  90 pts │ 25€ CENA
2025-10-17 13:55:00 - INFO -                     └─ Tránsito: 22 min
2025-10-17 13:55:00 - INFO -   11. 22:06 - 22:26 │ Plaza Indautxu                              │ plaza        │  30 pts │  0€
2025-10-17 13:55:00 - INFO -                     └─ Tránsito: 6 min
2025-10-17 13:55:00 - INFO -   12. 22:44 - 23:59 │ Berton Sasibil                              │ bar          │  51 pts │  8€
2025-10-17 13:55:00 - INFO -                     └─ Tránsito: 18 min
2025-10-17 13:55:00 - INFO - 
  ✅ DÍA FINALIZADO: 23:59 | Dentro del límite (16h)
2025-10-17 13:55:00 - INFO - 
2025-10-17 13:55:00 - INFO - ────────────────────────────────────────────────────────────────────────────────
2025-10-17 13:55:00 - INFO - DÍA 10 - TOLEDO
2025-10-17 13:55:00 - INFO - ────────────────────────────────────────────────────────────────────────────────
2025-10-17 13:55:00 - INFO - ✈️ Transporte: Bilbao → Toledo | AVION (215 min, 108€)
2025-10-17 13:55:00 - INFO - 
2025-10-17 13:55:00 - INFO - 📊 Resumen: 12 lugares | 573 puntos | 10.90h (654 min) | 6.2 km | 💰 89€ / 200€
2025-10-17 13:55:00 - INFO - 
2025-10-17 13:55:00 - INFO -    1. 09:00 - 10:00 │ Monasterio San Juan de los Reyes            │ catedral     │  40 pts │  8€
2025-10-17 13:55:00 - INFO -    2. 10:13 - 10:33 │ Puente de Alcántara                         │ turistico    │  42 pts │ 10€
2025-10-17 13:55:00 - INFO -                     └─ Tránsito: 13 min
2025-10-17 13:55:00 - INFO -    3. 10:42 - 11:02 │ Callejón de Menores                         │ turistico    │  50 pts │ 10€
2025-10-17 13:55:00 - INFO -                     └─ Tránsito: 10 min
2025-10-17 13:55:00 - INFO -    4. 11:08 - 11:28 │ Puerta del Cambrón                          │ turistico    │  52 pts │ 10€
2025-10-17 13:55:00 - INFO -                     └─ Tránsito: 6 min
2025-10-17 13:55:00 - INFO -    5. 11:36 - 11:56 │ Cobertizo de Santo Domingo                  │ turistico    │  46 pts │ 10€
2025-10-17 13:55:00 - INFO -                     └─ Tránsito: 7 min
2025-10-17 13:55:00 - INFO -    6. 12:00 - 12:15 │ Arco de la Sangre                           │ turistico    │  57 pts │ 10€
2025-10-17 13:55:00 - INFO -                     └─ Tránsito: 5 min
2025-10-17 13:55:00 - INFO -    7. 12:19 - 15:19 │ Casco Histórico Toledo                      │ turistico    │  40 pts │ 10€
2025-10-17 13:55:00 - INFO -                     └─ Tránsito: 3 min
2025-10-17 13:55:00 - INFO -    8. 15:26 - 16:26 │ Café Hacienda del Cardenal                  │ cafetería    │  57 pts │  5€
2025-10-17 13:55:00 - INFO -                     └─ Tránsito: 7 min
2025-10-17 13:55:00 - INFO -    9. 16:33 - 17:48 │ Taberna El Botero                           │ bar          │  56 pts │  8€
2025-10-17 13:55:00 - INFO -                     └─ Tránsito: 8 min
2025-10-17 13:55:00 - INFO -   10. 17:53 - 18:08 │ Plaza de los Carmelitas                     │ plaza        │  43 pts │  0€
2025-10-17 13:55:00 - INFO -                     └─ Tránsito: 5 min
2025-10-17 13:55:00 - INFO -   11. 18:16 - 19:31 │ Cervecería El Trébol                        │ bar          │  54 pts │  8€
2025-10-17 13:55:00 - INFO -                     └─ Tránsito: 7 min
2025-10-17 13:55:00 - INFO -   12. 19:33 - 19:53 │ Plaza del Ayuntamiento                      │ plaza        │  36 pts │  0€
2025-10-17 13:55:00 - INFO -                     └─ Tránsito: 2 min
2025-10-17 13:55:00 - INFO - 
  ✅ DÍA FINALIZADO: 19:53 | Dentro del límite (16h)
2025-10-17 13:55:00 - INFO - 
2025-10-17 13:55:00 - INFO - ────────────────────────────────────────────────────────────────────────────────
2025-10-17 13:55:00 - INFO - DÍA 11 - TOLEDO
2025-10-17 13:55:00 - INFO - ────────────────────────────────────────────────────────────────────────────────
2025-10-17 13:55:00 - INFO - 📊 Resumen: 12 lugares | 626 puntos | 10.71h (643 min) | 6.5 km | 💰 133€ / 200€
2025-10-17 13:55:00 - INFO - 
2025-10-17 13:55:00 - INFO -    1. 09:00 - 10:30 │ Catedral Primada                            │ catedral     │  75 pts │  8€
2025-10-17 13:55:00 - INFO -    2. 10:33 - 11:03 │ Posada de la Hermandad                      │ palacio      │  48 pts │ 12€
2025-10-17 13:55:00 - INFO -                     └─ Tránsito: 4 min
2025-10-17 13:55:00 - INFO -    3. 11:10 - 11:40 │ Calle Santo Tomé                            │ turistico    │  40 pts │ 10€
2025-10-17 13:55:00 - INFO -                     └─ Tránsito: 7 min
2025-10-17 13:55:00 - INFO -    4. 11:49 - 12:09 │ Puerta de Bisagra                           │ turistico    │  53 pts │ 10€
2025-10-17 13:55:00 - INFO -                     └─ Tránsito: 9 min
2025-10-17 13:55:00 - INFO -    5. 12:17 - 13:02 │ Palacio de Fuensalida                       │ palacio      │  66 pts │ 12€
2025-10-17 13:55:00 - INFO -                     └─ Tránsito: 8 min
2025-10-17 13:55:00 - INFO -    6. 13:11 - 14:11 │ Museo de los Concilios                      │ museo        │  53 pts │ 15€
2025-10-17 13:55:00 - INFO -                     └─ Tránsito: 9 min
2025-10-17 13:55:00 - INFO -    7. 14:16 - 14:46 │ Calle Ancha                                 │ turistico    │  58 pts │ 10€
2025-10-17 13:55:00 - INFO -                     └─ Tránsito: 5 min
2025-10-17 13:55:00 - INFO -    8. 14:48 - 16:48 │ Restaurante El Carmen de Montesión          │ restaurante  │  26 pts │ 25€ COMIDA
2025-10-17 13:55:00 - INFO -                     └─ Tránsito: 2 min
2025-10-17 13:55:00 - INFO -    9. 16:53 - 17:38 │ Mezquita del Cristo de la Luz               │ catedral     │  51 pts │  8€
2025-10-17 13:55:00 - INFO -                     └─ Tránsito: 5 min
2025-10-17 13:55:00 - INFO -   10. 17:49 - 18:34 │ Sinagoga Santa María la Blanca              │ catedral     │  50 pts │  8€
2025-10-17 13:55:00 - INFO -                     └─ Tránsito: 11 min
2025-10-17 13:55:00 - INFO -   11. 18:36 - 18:56 │ Bajada de San Martín                        │ turistico    │  44 pts │ 10€
2025-10-17 13:55:00 - INFO -                     └─ Tránsito: 2 min
2025-10-17 13:55:00 - INFO -   12. 19:12 - 19:42 │ Mirador de los Cigarrales                   │ mirador      │  62 pts │  5€
2025-10-17 13:55:00 - INFO -                     └─ Tránsito: 16 min
2025-10-17 13:55:00 - INFO - 
  ✅ DÍA FINALIZADO: 19:42 | Dentro del límite (16h)
2025-10-17 13:55:00 - INFO - 
2025-10-17 13:55:00 - INFO - ────────────────────────────────────────────────────────────────────────────────
2025-10-17 13:55:00 - INFO - DÍA 12 - MADRID
2025-10-17 13:55:00 - INFO - ────────────────────────────────────────────────────────────────────────────────
2025-10-17 13:55:00 - INFO - 🚄 Transporte: Toledo → Madrid | TREN (33 min, 15€)
2025-10-17 13:55:00 - INFO - 
2025-10-17 13:55:00 - INFO - 📊 Resumen: 12 lugares | 795 puntos | 10.27h (616 min) | 12.6 km | 💰 150€ / 200€
2025-10-17 13:55:00 - INFO - 
2025-10-17 13:55:00 - INFO -    1. 09:00 - 10:30 │ CaixaForum Madrid                           │ turistico    │  75 pts │ 10€
2025-10-17 13:55:00 - INFO -    2. 10:42 - 11:12 │ Mirador Madrid (Palacio de Cibeles)         │ turistico    │  70 pts │ 10€
2025-10-17 13:55:00 - INFO -                     └─ Tránsito: 13 min
2025-10-17 13:55:00 - INFO -    3. 11:25 - 12:10 │ Sportivo                                    │ tienda       │  45 pts │ 10€
2025-10-17 13:55:00 - INFO -                     └─ Tránsito: 13 min
2025-10-17 13:55:00 - INFO -    4. 12:24 - 12:39 │ Puerta de Alcalá                            │ turistico    │  95 pts │ 10€
2025-10-17 13:55:00 - INFO -                     └─ Tránsito: 14 min
2025-10-17 13:55:00 - INFO -    5. 12:47 - 13:32 │ Bimba y Lola (Serrano)                      │ tienda       │  70 pts │ 10€
2025-10-17 13:55:00 - INFO -                     └─ Tránsito: 9 min
2025-10-17 13:55:00 - INFO -    6. 13:59 - 14:29 │ Plaza de España                             │ turistico    │  75 pts │ 10€
2025-10-17 13:55:00 - INFO -                     └─ Tránsito: 26 min
2025-10-17 13:55:00 - INFO -    7. 14:38 - 14:53 │ Turrones Vicens                             │ tienda       │  40 pts │ 10€
2025-10-17 13:55:00 - INFO -                     └─ Tránsito: 9 min
2025-10-17 13:55:00 - INFO -    8. 14:56 - 15:26 │ Plaza Mayor de Madrid                       │ turistico    │  95 pts │ 10€
2025-10-17 13:55:00 - INFO -                     └─ Tránsito: 3 min
2025-10-17 13:55:00 - INFO -    9. 15:31 - 16:31 │ Gourmet Experience (El Corte Inglés Call... │ restaurante  │  80 pts │ 25€
2025-10-17 13:55:00 - INFO -                     └─ Tránsito: 5 min
2025-10-17 13:55:00 - INFO -   10. 16:39 - 17:54 │ Del Diego Cocktail Bar                      │ restaurante  │  80 pts │ 25€
2025-10-17 13:55:00 - INFO -                     └─ Tránsito: 8 min
2025-10-17 13:55:00 - INFO -   11. 18:15 - 18:30 │ Catedral Anglicana de San Jorge             │ turistico    │  30 pts │ 10€
2025-10-17 13:55:00 - INFO -                     └─ Tránsito: 20 min
2025-10-17 13:55:00 - INFO -   12. 19:00 - 19:15 │ Turrones Vicens                             │ tienda       │  40 pts │ 10€
2025-10-17 13:55:00 - INFO -                     └─ Tránsito: 31 min
2025-10-17 13:55:00 - INFO - 
  ✅ DÍA FINALIZADO: 19:15 | Dentro del límite (16h)
2025-10-17 13:55:00 - INFO - 
2025-10-17 13:55:00 - INFO - ────────────────────────────────────────────────────────────────────────────────
2025-10-17 13:55:00 - INFO - DÍA 13 - MADRID
2025-10-17 13:55:00 - INFO - ────────────────────────────────────────────────────────────────────────────────
2025-10-17 13:55:00 - INFO - 📊 Resumen: 12 lugares | 785 puntos | 15.07h (904 min) | 13.3 km | 💰 150€ / 200€
2025-10-17 13:55:00 - INFO - 
2025-10-17 13:55:00 - INFO -    1. 09:00 - 10:00 │ WOW Concept                                 │ turistico    │  60 pts │ 10€
2025-10-17 13:55:00 - INFO -    2. 10:10 - 10:55 │ Azotea del Círculo de Bellas Artes          │ turistico    │  85 pts │ 10€
2025-10-17 13:55:00 - INFO -                     └─ Tránsito: 10 min
2025-10-17 13:55:00 - INFO -    3. 11:12 - 11:42 │ Antigua Casa Talavera (cerámica)            │ tienda       │  55 pts │ 10€
2025-10-17 13:55:00 - INFO -                     └─ Tránsito: 17 min
2025-10-17 13:55:00 - INFO -    4. 11:43 - 12:43 │ Zara (Plaza de España)                      │ tienda       │  35 pts │ 10€
2025-10-17 13:55:00 - INFO -                     └─ Tránsito: 2 min
2025-10-17 13:55:00 - INFO -    5. 13:04 - 14:34 │ StreetXO                                    │ restaurante  │  95 pts │ 25€ COMIDA
2025-10-17 13:55:00 - INFO -                     └─ Tránsito: 20 min
2025-10-17 13:55:00 - INFO -    6. 14:45 - 14:55 │ Bolsa de Madrid                             │ turistico    │  40 pts │ 10€
2025-10-17 13:55:00 - INFO -                     └─ Tránsito: 12 min
2025-10-17 13:55:00 - INFO -    7. 15:06 - 16:36 │ Secretos de Lola                            │ restaurante  │  70 pts │ 25€
2025-10-17 13:55:00 - INFO -                     └─ Tránsito: 10 min
2025-10-17 13:55:00 - INFO -    8. 16:57 - 17:27 │ Panteón de Hombres Ilustres                 │ turistico    │  45 pts │ 10€
2025-10-17 13:55:00 - INFO -                     └─ Tránsito: 21 min
2025-10-17 13:55:00 - INFO -    9. 17:45 - 18:30 │ Real Fábrica Española                       │ tienda       │  65 pts │ 10€
2025-10-17 13:55:00 - INFO -                     └─ Tránsito: 18 min
2025-10-17 13:55:00 - INFO -   10. 18:51 - 19:36 │ Malababa                                    │ tienda       │  60 pts │ 10€
2025-10-17 13:55:00 - INFO -                     └─ Tránsito: 21 min
2025-10-17 13:55:00 - INFO -   11. 19:41 - 21:41 │ Barrio de Salamanca                         │ barrio       │  90 pts │ 10€
2025-10-17 13:55:00 - INFO -                     └─ Tránsito: 4 min
2025-10-17 13:55:00 - INFO -   12. 22:04 - 24:04 │ Barrio de Malasaña                          │ barrio       │  85 pts │ 10€
2025-10-17 13:55:00 - INFO -                     └─ Tránsito: 23 min
2025-10-17 13:55:00 - INFO - 
  ✅ DÍA FINALIZADO: 24:04 | Dentro del límite (16h)
2025-10-17 13:55:00 - INFO - 
2025-10-17 13:55:00 - INFO - ────────────────────────────────────────────────────────────────────────────────
2025-10-17 13:55:00 - INFO - DÍA 14 - GRANADA
2025-10-17 13:55:00 - INFO - ────────────────────────────────────────────────────────────────────────────────
2025-10-17 13:55:00 - INFO - 🚌 Transporte: Madrid → Granada | BUS (300 min, 20€)
2025-10-17 13:55:00 - INFO - 
2025-10-17 13:55:00 - INFO - 📊 Resumen: 12 lugares | 583 puntos | 9.58h (575 min) | 5.8 km | 💰 95€ / 200€
2025-10-17 13:55:00 - INFO - 
2025-10-17 13:55:00 - INFO -    1. 09:00 - 09:30 │ Corrala de Santiago                         │ turistico    │  46 pts │ 10€
2025-10-17 13:55:00 - INFO -    2. 09:36 - 10:06 │ Aljibe del Rey                              │ turistico    │  45 pts │ 10€
2025-10-17 13:55:00 - INFO -                     └─ Tránsito: 6 min
2025-10-17 13:55:00 - INFO -    3. 10:19 - 11:04 │ Hospital Real                               │ palacio      │  47 pts │ 12€
2025-10-17 13:55:00 - INFO -                     └─ Tránsito: 13 min
2025-10-17 13:55:00 - INFO -    4. 11:20 - 12:05 │ Museo Ángel Barrios                         │ museo        │  52 pts │ 15€
2025-10-17 13:55:00 - INFO -                     └─ Tránsito: 17 min
2025-10-17 13:55:00 - INFO -    5. 12:08 - 12:53 │ Casa de Zafra                               │ museo        │  48 pts │ 15€
2025-10-17 13:55:00 - INFO -                     └─ Tránsito: 2 min
2025-10-17 13:55:00 - INFO -    6. 12:56 - 13:41 │ Torres del Homenaje                         │ palacio      │  47 pts │ 12€
2025-10-17 13:55:00 - INFO -                     └─ Tránsito: 3 min
2025-10-17 13:55:00 - INFO -    7. 13:47 - 14:32 │ Café 4 Gatos                                │ cafetería    │  47 pts │  5€ COMIDA
2025-10-17 13:55:00 - INFO -                     └─ Tránsito: 6 min
2025-10-17 13:55:00 - INFO -    8. 14:34 - 14:54 │ Plaza del Carmen                            │ plaza        │  42 pts │  0€
2025-10-17 13:55:00 - INFO -                     └─ Tránsito: 2 min
2025-10-17 13:55:00 - INFO -    9. 14:56 - 15:16 │ Plaza de las Pasiegas                       │ plaza        │  44 pts │  0€
2025-10-17 13:55:00 - INFO -                     └─ Tránsito: 1 min
2025-10-17 13:55:00 - INFO -   10. 15:26 - 15:56 │ Plaza Larga Albaicín                        │ plaza        │  96 pts │  0€
2025-10-17 13:55:00 - INFO -                     └─ Tránsito: 10 min
2025-10-17 13:55:00 - INFO -   11. 16:02 - 17:17 │ Bar Casa Julio                              │ bar          │  22 pts │  8€
2025-10-17 13:55:00 - INFO -                     └─ Tránsito: 6 min
2025-10-17 13:55:00 - INFO -   12. 17:19 - 18:34 │ La Tana                                     │ bar          │  47 pts │  8€
2025-10-17 13:55:00 - INFO -                     └─ Tránsito: 2 min
2025-10-17 13:55:00 - INFO - 
  ✅ DÍA FINALIZADO: 18:34 | Dentro del límite (16h)
2025-10-17 13:55:00 - INFO - 
2025-10-17 13:55:00 - INFO - ────────────────────────────────────────────────────────────────────────────────
2025-10-17 13:55:00 - INFO - DÍA 15 - SEVILLA
2025-10-17 13:55:00 - INFO - ────────────────────────────────────────────────────────────────────────────────
2025-10-17 13:55:00 - INFO - ✈️ Transporte: Granada → Sevilla | AVION (180 min, 18€)
2025-10-17 13:55:00 - INFO - 
2025-10-17 13:55:00 - INFO - 📊 Resumen: 12 lugares | 610 puntos | 14.47h (868 min) | 15.7 km | 💰 127€ / 200€
2025-10-17 13:55:00 - INFO - 
2025-10-17 13:55:00 - INFO -    1. 09:00 - 09:30 │ Capilla del Carmen (Triana)                 │ catedral     │  59 pts │  8€
2025-10-17 13:55:00 - INFO -    2. 09:51 - 10:36 │ Basílica de la Macarena                     │ catedral     │  70 pts │  8€
2025-10-17 13:55:00 - INFO -                     └─ Tránsito: 22 min
2025-10-17 13:55:00 - INFO -    3. 10:54 - 11:54 │ Pabellón de la Navegación                   │ museo        │  50 pts │ 15€
2025-10-17 13:55:00 - INFO -                     └─ Tránsito: 17 min
2025-10-17 13:55:00 - INFO -    4. 12:26 - 13:11 │ Palacio de Altamira                         │ palacio      │  65 pts │ 12€
2025-10-17 13:55:00 - INFO -                     └─ Tránsito: 32 min
2025-10-17 13:55:00 - INFO -    5. 13:12 - 14:42 │ Restaurante Az-Zait                         │ restaurante  │  25 pts │ 25€ COMIDA
2025-10-17 13:55:00 - INFO -                     └─ Tránsito: 1 min
2025-10-17 13:55:00 - INFO -    6. 15:15 - 15:45 │ Torre del Agua                              │ turistico    │  57 pts │ 10€
2025-10-17 13:55:00 - INFO -                     └─ Tránsito: 33 min
2025-10-17 13:55:00 - INFO -    7. 16:00 - 17:30 │ La Brunilda Tapas                           │ restaurante  │  40 pts │ 25€
2025-10-17 13:55:00 - INFO -                     └─ Tránsito: 15 min
2025-10-17 13:55:00 - INFO -    8. 17:58 - 18:28 │ Monte Gurugú                                │ parque       │  59 pts │  0€
2025-10-17 13:55:00 - INFO -                     └─ Tránsito: 28 min
2025-10-17 13:55:00 - INFO -    9. 18:38 - 18:58 │ Patio de Banderas                           │ plaza        │  47 pts │  0€
2025-10-17 13:55:00 - INFO -                     └─ Tránsito: 10 min
2025-10-17 13:55:00 - INFO -   10. 19:02 - 20:17 │ Casa Morales                                │ bar          │  44 pts │  8€
2025-10-17 13:55:00 - INFO -                     └─ Tránsito: 4 min
2025-10-17 13:55:00 - INFO -   11. 20:26 - 21:56 │ El Rinconcillo                              │ bar          │  44 pts │  8€ CENA
2025-10-17 13:55:00 - INFO -                     └─ Tránsito: 10 min
2025-10-17 13:55:00 - INFO -   12. 22:12 - 23:27 │ Bodeguita Romero                            │ bar          │  50 pts │  8€
2025-10-17 13:55:00 - INFO -                     └─ Tránsito: 16 min
2025-10-17 13:55:00 - INFO - 
  ✅ DÍA FINALIZADO: 23:27 | Dentro del límite (16h)
2025-10-17 13:55:00 - INFO - 
2025-10-17 13:55:00 - INFO - ────────────────────────────────────────────────────────────────────────────────
2025-10-17 13:55:00 - INFO - DÍA 16 - SEVILLA
2025-10-17 13:55:00 - INFO - ────────────────────────────────────────────────────────────────────────────────
2025-10-17 13:55:00 - INFO - 📊 Resumen: 12 lugares | 687 puntos | 13.16h (790 min) | 10.8 km | 💰 108€ / 200€
2025-10-17 13:55:00 - INFO - 
2025-10-17 13:55:00 - INFO -    1. 09:00 - 10:00 │ Calle Sierpes                               │ turistico    │  49 pts │ 10€
2025-10-17 13:55:00 - INFO -    2. 10:05 - 12:05 │ Tablao El Arenal                            │ turistico    │  55 pts │ 10€
2025-10-17 13:55:00 - INFO -                     └─ Tránsito: 6 min
2025-10-17 13:55:00 - INFO -    3. 12:08 - 12:53 │ Hospital de la Caridad                      │ museo        │  45 pts │ 15€
2025-10-17 13:55:00 - INFO -                     └─ Tránsito: 2 min
2025-10-17 13:55:00 - INFO -    4. 13:02 - 13:32 │ Horno San Buenaventura                      │ cafetería    │  52 pts │  5€ COMIDA
2025-10-17 13:55:00 - INFO -                     └─ Tránsito: 9 min
2025-10-17 13:55:00 - INFO -    5. 13:48 - 14:33 │ Cámara Oscura (Torre Venerables)            │ museo        │  48 pts │ 15€
2025-10-17 13:55:00 - INFO -                     └─ Tránsito: 16 min
2025-10-17 13:55:00 - INFO -    6. 14:49 - 15:34 │ Castillo de San Jorge                       │ turistico    │  73 pts │ 10€
2025-10-17 13:55:00 - INFO -                     └─ Tránsito: 16 min
2025-10-17 13:55:00 - INFO -    7. 15:50 - 16:20 │ Callejón del Agua                           │ turistico    │  55 pts │ 10€
2025-10-17 13:55:00 - INFO -                     └─ Tránsito: 16 min
2025-10-17 13:55:00 - INFO -    8. 16:23 - 17:53 │ Vinería San Telmo                           │ bar          │  55 pts │  8€
2025-10-17 13:55:00 - INFO -                     └─ Tránsito: 3 min
2025-10-17 13:55:00 - INFO -    9. 18:10 - 19:40 │ Contenedor                                  │ restaurante  │  57 pts │ 25€
2025-10-17 13:55:00 - INFO -                     └─ Tránsito: 18 min
2025-10-17 13:55:00 - INFO -   10. 20:00 - 21:15 │ Jardines del Alcázar                        │ parque       │  97 pts │  0€
2025-10-17 13:55:00 - INFO -                     └─ Tránsito: 20 min
2025-10-17 13:55:00 - INFO -   11. 21:17 - 21:32 │ Plazoleta de Santa Marta                    │ plaza        │  53 pts │  0€
2025-10-17 13:55:00 - INFO -                     └─ Tránsito: 2 min
2025-10-17 13:55:00 - INFO -   12. 21:54 - 22:09 │ Rotonda del Cachorro                        │ plaza        │  48 pts │  0€
2025-10-17 13:55:00 - INFO -                     └─ Tránsito: 22 min
2025-10-17 13:55:00 - INFO - 
  ✅ DÍA FINALIZADO: 22:09 | Dentro del límite (16h)
2025-10-17 13:55:00 - INFO - 
2025-10-17 13:55:00 - INFO - ────────────────────────────────────────────────────────────────────────────────
2025-10-17 13:55:00 - INFO - DÍA 17 - SEVILLA
2025-10-17 13:55:00 - INFO - ────────────────────────────────────────────────────────────────────────────────
2025-10-17 13:55:00 - INFO - 📊 Resumen: 12 lugares | 639 puntos | 10.25h (615 min) | 9.6 km | 💰 91€ / 200€
2025-10-17 13:55:00 - INFO - 
2025-10-17 13:55:00 - INFO -    1. 09:00 - 09:30 │ Capilla de los Marineros                    │ catedral     │  50 pts │  8€
2025-10-17 13:55:00 - INFO -    2. 09:47 - 10:17 │ Convento de las Mercedarias                 │ catedral     │  51 pts │  8€
2025-10-17 13:55:00 - INFO -                     └─ Tránsito: 17 min
2025-10-17 13:55:00 - INFO -    3. 10:24 - 11:09 │ Casa de los Pinelo                          │ palacio      │  45 pts │ 12€
2025-10-17 13:55:00 - INFO -                     └─ Tránsito: 7 min
2025-10-17 13:55:00 - INFO -    4. 11:14 - 11:44 │ Torre de Plata                              │ turistico    │  56 pts │ 10€
2025-10-17 13:55:00 - INFO -                     └─ Tránsito: 5 min
2025-10-17 13:55:00 - INFO -    5. 11:50 - 12:50 │ Hospital de los Venerables                  │ museo        │  55 pts │ 15€
2025-10-17 13:55:00 - INFO -                     └─ Tránsito: 6 min
2025-10-17 13:55:00 - INFO -    6. 12:52 - 13:52 │ Jardines de Murillo                         │ parque       │  55 pts │  0€
2025-10-17 13:55:00 - INFO -                     └─ Tránsito: 3 min
2025-10-17 13:55:00 - INFO -    7. 14:03 - 14:48 │ Confitería La Campana                       │ cafetería    │  45 pts │  5€ COMIDA
2025-10-17 13:55:00 - INFO -                     └─ Tránsito: 11 min
2025-10-17 13:55:00 - INFO -    8. 14:55 - 15:55 │ Archivo de Indias                           │ museo        │  87 pts │ 15€
2025-10-17 13:55:00 - INFO -                     └─ Tránsito: 7 min
2025-10-17 13:55:00 - INFO -    9. 16:01 - 16:46 │ Ayuntamiento de Sevilla                     │ turistico    │  57 pts │ 10€
2025-10-17 13:55:00 - INFO -                     └─ Tránsito: 6 min
2025-10-17 13:55:00 - INFO -   10. 16:57 - 17:27 │ Parroquia Santa Catalina                    │ catedral     │  42 pts │  8€
2025-10-17 13:55:00 - INFO -                     └─ Tránsito: 11 min
2025-10-17 13:55:00 - INFO -   11. 17:50 - 18:35 │ Jardines de las Delicias                    │ parque       │  51 pts │  0€
2025-10-17 13:55:00 - INFO -                     └─ Tránsito: 23 min
2025-10-17 13:55:00 - INFO -   12. 18:54 - 19:14 │ Plaza de San Francisco                      │ plaza        │  45 pts │  0€
2025-10-17 13:55:00 - INFO -                     └─ Tránsito: 20 min
2025-10-17 13:55:00 - INFO - 
  ✅ DÍA FINALIZADO: 19:14 | Dentro del límite (16h)
2025-10-17 13:55:00 - INFO - 
2025-10-17 13:55:00 - INFO - ────────────────────────────────────────────────────────────────────────────────
2025-10-17 13:55:00 - INFO - DÍA 18 - GRANADA
2025-10-17 13:55:00 - INFO - ────────────────────────────────────────────────────────────────────────────────
2025-10-17 13:55:00 - INFO - ✈️ Transporte: Sevilla → Granada | AVION (180 min, 18€)
2025-10-17 13:55:00 - INFO - 
2025-10-17 13:55:00 - INFO - 📊 Resumen: 12 lugares | 706 puntos | 11.38h (683 min) | 8.2 km | 💰 88€ / 200€
2025-10-17 13:55:00 - INFO - 
2025-10-17 13:55:00 - INFO -    1. 09:00 - 09:30 │ Mirador del Rey Chico                       │ mirador      │  65 pts │  5€
2025-10-17 13:55:00 - INFO -    2. 09:45 - 10:15 │ Basílica Nuestra Señora Angustias           │ catedral     │  68 pts │  8€
2025-10-17 13:55:00 - INFO -                     └─ Tránsito: 15 min
2025-10-17 13:55:00 - INFO -    3. 10:17 - 11:17 │ Capilla Real                                │ catedral     │  48 pts │  8€
2025-10-17 13:55:00 - INFO -                     └─ Tránsito: 2 min
2025-10-17 13:55:00 - INFO -    4. 11:31 - 12:16 │ Casa del Chapiz                             │ palacio      │  57 pts │ 12€
2025-10-17 13:55:00 - INFO -                     └─ Tránsito: 15 min
2025-10-17 13:55:00 - INFO -    5. 12:27 - 13:12 │ Palacio de los Córdova                      │ palacio      │  70 pts │ 12€
2025-10-17 13:55:00 - INFO -                     └─ Tránsito: 11 min
2025-10-17 13:55:00 - INFO -    6. 13:18 - 14:03 │ Palacio de Dar al-Horra                     │ palacio      │  65 pts │ 12€
2025-10-17 13:55:00 - INFO -                     └─ Tránsito: 6 min
2025-10-17 13:55:00 - INFO -    7. 14:17 - 15:32 │ Cuevas del Sacromonte                       │ museo        │  92 pts │ 15€
2025-10-17 13:55:00 - INFO -                     └─ Tránsito: 14 min
2025-10-17 13:55:00 - INFO -    8. 15:49 - 16:34 │ Carmen de la Victoria                       │ parque       │  58 pts │  0€
2025-10-17 13:55:00 - INFO -                     └─ Tránsito: 17 min
2025-10-17 13:55:00 - INFO -    9. 16:40 - 17:10 │ Plaza Nueva                                 │ plaza        │  40 pts │  0€
2025-10-17 13:55:00 - INFO -                     └─ Tránsito: 6 min
2025-10-17 13:55:00 - INFO -   10. 17:11 - 18:26 │ Los Diamantes                               │ bar          │  48 pts │  8€
2025-10-17 13:55:00 - INFO -                     └─ Tránsito: 1 min
2025-10-17 13:55:00 - INFO -   11. 18:32 - 19:02 │ Campo del Príncipe                          │ plaza        │  53 pts │  0€
2025-10-17 13:55:00 - INFO -                     └─ Tránsito: 6 min
2025-10-17 13:55:00 - INFO -   12. 19:07 - 20:22 │ Bodegas Castañeda                           │ bar          │  42 pts │  8€
2025-10-17 13:55:00 - INFO -                     └─ Tránsito: 6 min
2025-10-17 13:55:00 - INFO - 
  ✅ DÍA FINALIZADO: 20:22 | Dentro del límite (16h)
2025-10-17 13:55:00 - INFO - 
2025-10-17 13:55:00 - INFO - ────────────────────────────────────────────────────────────────────────────────
2025-10-17 13:55:00 - INFO - DÍA 19 - GRANADA
2025-10-17 13:55:00 - INFO - ────────────────────────────────────────────────────────────────────────────────
2025-10-17 13:55:00 - INFO - 📊 Resumen: 12 lugares | 842 puntos | 13.15h (789 min) | 11.2 km | 💰 74€ / 200€
2025-10-17 13:55:00 - INFO - 
2025-10-17 13:55:00 - INFO -    1. 09:00 - 10:00 │ Catedral de Granada                         │ catedral     │  93 pts │  8€
2025-10-17 13:55:00 - INFO -    2. 10:04 - 10:49 │ Palacio de Congresos Granada                │ turistico    │  62 pts │ 10€
2025-10-17 13:55:00 - INFO -                     └─ Tránsito: 5 min
2025-10-17 13:55:00 - INFO -    3. 10:58 - 12:58 │ Albaicín                                    │ turistico    │  95 pts │ 10€
2025-10-17 13:55:00 - INFO -                     └─ Tránsito: 9 min
2025-10-17 13:55:00 - INFO -    4. 13:08 - 14:23 │ Abadía del Sacromonte                       │ catedral     │  90 pts │  8€
2025-10-17 13:55:00 - INFO -                     └─ Tránsito: 11 min
2025-10-17 13:55:00 - INFO -    5. 14:26 - 14:56 │ Mirador de la Lona                          │ mirador      │  69 pts │  5€
2025-10-17 13:55:00 - INFO -                     └─ Tránsito: 2 min
2025-10-17 13:55:00 - INFO -    6. 15:30 - 17:00 │ Planetario Parque Ciencias                  │ museo        │  55 pts │ 15€
2025-10-17 13:55:00 - INFO -                     └─ Tránsito: 34 min
2025-10-17 13:55:00 - INFO -    7. 17:17 - 17:47 │ Iglesia Santo Domingo                       │ catedral     │  57 pts │  8€
2025-10-17 13:55:00 - INFO -                     └─ Tránsito: 17 min
2025-10-17 13:55:00 - INFO -    8. 18:00 - 18:20 │ Puerta de Fajalauza                         │ turistico    │  41 pts │ 10€
2025-10-17 13:55:00 - INFO -                     └─ Tránsito: 14 min
2025-10-17 13:55:00 - INFO -    9. 18:33 - 19:48 │ Jardines del Generalife                     │ parque       │  97 pts │  0€
2025-10-17 13:55:00 - INFO -                     └─ Tránsito: 13 min
2025-10-17 13:55:00 - INFO -   10. 19:58 - 20:18 │ Placeta de San Gregorio                     │ plaza        │  52 pts │  0€
2025-10-17 13:55:00 - INFO -                     └─ Tránsito: 10 min
2025-10-17 13:55:00 - INFO -   11. 20:26 - 21:26 │ Partal Alhambra                             │ parque       │ 100 pts │  0€
2025-10-17 13:55:00 - INFO -                     └─ Tránsito: 9 min
2025-10-17 13:55:00 - INFO -   12. 21:39 - 22:09 │ Plaza Bib-Rambla                            │ plaza        │  31 pts │  0€
2025-10-17 13:55:00 - INFO -                     └─ Tránsito: 12 min
2025-10-17 13:55:00 - INFO - 
  ✅ DÍA FINALIZADO: 22:09 | Dentro del límite (16h)
2025-10-17 13:55:00 - INFO - 
2025-10-17 13:55:00 - INFO - ────────────────────────────────────────────────────────────────────────────────
2025-10-17 13:55:00 - INFO - DÍA 20 - GRANADA
2025-10-17 13:55:00 - INFO - ────────────────────────────────────────────────────────────────────────────────
2025-10-17 13:55:00 - INFO - 📊 Resumen: 12 lugares | 690 puntos | 13.79h (827 min) | 6.4 km | 💰 164€ / 200€
2025-10-17 13:55:00 - INFO - 
2025-10-17 13:55:00 - INFO -    1. 09:00 - 09:45 │ Mirador de San Nicolás                      │ mirador      │  94 pts │  5€
2025-10-17 13:55:00 - INFO -    2. 09:54 - 10:24 │ Callejón de las Monjas                      │ turistico    │  42 pts │ 10€
2025-10-17 13:55:00 - INFO -                     └─ Tránsito: 9 min
2025-10-17 13:55:00 - INFO -    3. 10:41 - 11:26 │ Madraza                                     │ palacio      │  56 pts │ 12€
2025-10-17 13:55:00 - INFO -                     └─ Tránsito: 17 min
2025-10-17 13:55:00 - INFO -    4. 11:30 - 12:15 │ Basílica San Juan de Dios                   │ catedral     │  76 pts │  8€
2025-10-17 13:55:00 - INFO -                     └─ Tránsito: 3 min
2025-10-17 13:55:00 - INFO -    5. 12:28 - 13:28 │ Palacio de Carlos V                         │ palacio      │  63 pts │ 12€
2025-10-17 13:55:00 - INFO -                     └─ Tránsito: 13 min
2025-10-17 13:55:00 - INFO -    6. 13:30 - 14:30 │ Carmen de la Fundación Rodríguez-Acosta     │ museo        │  45 pts │ 15€
2025-10-17 13:55:00 - INFO -                     └─ Tránsito: 2 min
2025-10-17 13:55:00 - INFO -    7. 14:32 - 16:32 │ Palacios Nazaríes                           │ palacio      │  65 pts │ 12€
2025-10-17 13:55:00 - INFO -                     └─ Tránsito: 2 min
2025-10-17 13:55:00 - INFO -    8. 16:39 - 17:39 │ Casa de los Tiros                           │ museo        │  48 pts │ 15€
2025-10-17 13:55:00 - INFO -                     └─ Tránsito: 8 min
2025-10-17 13:55:00 - INFO -    9. 17:48 - 18:48 │ Palacio de los Olvidados                    │ museo        │  63 pts │ 15€
2025-10-17 13:55:00 - INFO -                     └─ Tránsito: 9 min
2025-10-17 13:55:00 - INFO -   10. 18:54 - 19:39 │ Paseo de los Tristes                        │ turistico    │  46 pts │ 10€
2025-10-17 13:55:00 - INFO -                     └─ Tránsito: 6 min
2025-10-17 13:55:00 - INFO -   11. 19:45 - 21:15 │ Restaurante Mirador de Morayma              │ restaurante  │  61 pts │ 25€
2025-10-17 13:55:00 - INFO -                     └─ Tránsito: 6 min
2025-10-17 13:55:00 - INFO -   12. 21:17 - 22:47 │ El Trillo Restaurante                       │ restaurante  │  31 pts │ 25€ CENA
2025-10-17 13:55:00 - INFO -                     └─ Tránsito: 1 min
2025-10-17 13:55:00 - INFO - 
  ✅ DÍA FINALIZADO: 22:47 | Dentro del límite (16h)
2025-10-17 13:55:00 - INFO - 
2025-10-17 13:55:00 - INFO - ================================================================================
2025-10-17 13:55:00 - INFO - 🚊 RESUMEN DE TRANSPORTES INTERCITY
2025-10-17 13:55:00 - INFO - ================================================================================

2025-10-17 13:55:00 - INFO - 📊 Estadísticas:
2025-10-17 13:55:00 - INFO -   ✈️  Avión: 5 viajes
2025-10-17 13:55:00 - INFO -   🚄 Tren:  3 viajes
2025-10-17 13:55:00 - INFO -   🚌 Bus:   1 viajes
2025-10-17 13:55:00 - INFO - 
💰 Costo total transportes: 483€
2025-10-17 13:55:00 - INFO - ⏱️  Tiempo total transportes: 1557 min (25.9h)
2025-10-17 13:55:00 - INFO - 
2025-10-17 13:55:00 - INFO - ================================================================================
2025-10-17 13:55:00 - INFO - ✅ ANÁLISIS COMPLETO
2025-10-17 13:55:00 - INFO - ================================================================================

2025-10-17 13:55:00 - INFO - 💾 Resultados exportados a: ag_3.json
2025-10-17 13:55:00 - INFO - 
================================================================================
2025-10-17 13:55:00 - INFO - EJECUCIÓN COMPLETADA - Log guardado en: logs\ag_espana_17_13_52.log
2025-10-17 13:55:00 - INFO - ================================================================================
