2025-10-16 23:13:59 - INFO - ================================================================================
2025-10-16 23:13:59 - INFO - INICIO DE EJECUCIÓN - Algoritmo Genético España
2025-10-16 23:13:59 - INFO - Log guardado en: logs\config_Poblacion_500_8h_20251016_2313.log
2025-10-16 23:13:59 - INFO - ================================================================================
2025-10-16 23:13:59 - INFO - 
================================================================================
2025-10-16 23:13:59 - INFO - ALGORITMO GENÉTICO
2025-10-16 23:13:59 - INFO - ================================================================================
2025-10-16 23:13:59 - INFO - Días: 20
2025-10-16 23:13:59 - INFO - Lugares/día: 12
2025-10-16 23:13:59 - INFO - Población: 500
2025-10-16 23:13:59 - INFO - Tiempo límite: 0h 0m (0.01h)
2025-10-16 23:13:59 - INFO - Elitismo: 15%
2025-10-16 23:13:59 - INFO - Dataset: 1367 lugares en 10 ciudades
2025-10-16 23:13:59 - INFO - ================================================================================

2025-10-16 23:13:59 - INFO - Creando población inicial
2025-10-16 23:14:00 - INFO - Evaluando población inicial
2025-10-16 23:14:00 - INFO - 
Iniciando evolución (hasta 36s)...

2025-10-16 23:14:35 - INFO - 
⏱️  Tiempo límite alcanzado: 36.3s
2025-10-16 23:14:35 - INFO - 
✅ Evolución completada!
2025-10-16 23:14:35 - INFO - 🏆 Mejor fitness global: -8433.7
2025-10-16 23:14:35 - INFO - 📊 Generaciones ejecutadas: 40
2025-10-16 23:14:35 - INFO - ⏱️  Tiempo total: 36.25s (0.60m)
