2025-10-16 23:12:39 - INFO - ================================================================================
2025-10-16 23:12:39 - INFO - INICIO DE EJECUCIÓN - Algoritmo Genético España
2025-10-16 23:12:39 - INFO - Log guardado en: logs\config_Poblacion_500_8h_20251016_2312.log
2025-10-16 23:12:39 - INFO - ================================================================================
2025-10-16 23:12:39 - INFO - 
================================================================================
2025-10-16 23:12:39 - INFO - ALGORITMO GENÉTICO
2025-10-16 23:12:39 - INFO - ================================================================================
2025-10-16 23:12:40 - INFO - Días: 20
2025-10-16 23:12:40 - INFO - Lugares/día: 12
2025-10-16 23:12:40 - INFO - Población: 500
2025-10-16 23:12:40 - INFO - Tiempo límite: 0h 0m (0.01h)
2025-10-16 23:12:40 - INFO - Elitismo: 15%
2025-10-16 23:12:40 - INFO - Dataset: 1367 lugares en 10 ciudades
2025-10-16 23:12:40 - INFO - ================================================================================

2025-10-16 23:12:40 - INFO - Creando población inicial
2025-10-16 23:12:40 - INFO - Evaluando población inicial
2025-10-16 23:12:40 - INFO - 
Iniciando evolución (hasta 36s)...

2025-10-16 23:13:17 - INFO - 
⏱️  Tiempo límite alcanzado: 37.0s
2025-10-16 23:13:17 - INFO - 
✅ Evolución completada!
2025-10-16 23:13:17 - INFO - 🏆 Mejor fitness global: -10285.7
2025-10-16 23:13:17 - INFO - 📊 Generaciones ejecutadas: 35
2025-10-16 23:13:17 - INFO - ⏱️  Tiempo total: 37.00s (0.62m)
