2025-10-17 02:48:30 - INFO - ================================================================================
2025-10-17 02:48:30 - INFO - INICIO DE EJECUCIÓN - Algoritmo Genético España
2025-10-17 02:48:30 - INFO - Log guardado en: logs\Pob_1000_17_02_48.log
2025-10-17 02:48:30 - INFO - ================================================================================
2025-10-17 02:48:30 - INFO - 
================================================================================
2025-10-17 02:48:30 - INFO - ALGORITMO GENÉTICO
2025-10-17 02:48:30 - INFO - ================================================================================
2025-10-17 02:48:30 - INFO - Días: 20
2025-10-17 02:48:30 - INFO - Lugares/día: 12
2025-10-17 02:48:30 - INFO - Población: 1000
2025-10-17 02:48:30 - INFO - Tiempo límite: 0h 0m (0.01h)
2025-10-17 02:48:30 - INFO - Elitismo: 15%
2025-10-17 02:48:30 - INFO - Dataset: 1367 lugares en 10 ciudades
2025-10-17 02:48:30 - INFO - ================================================================================

2025-10-17 02:48:30 - INFO - Creando población inicial
2025-10-17 02:48:31 - INFO - Evaluando población inicial
2025-10-17 02:48:32 - INFO - 
Iniciando evolución (hasta 36s)...

2025-10-17 02:49:07 - INFO - 
⏱️  Tiempo límite alcanzado: 36.8s
2025-10-17 02:49:07 - INFO - 
✅ Evolución completada!
2025-10-17 02:49:07 - INFO - 🏆 Mejor fitness global: -138377.8
2025-10-17 02:49:07 - INFO - 📊 Generaciones ejecutadas: 22
2025-10-17 02:49:07 - INFO - ⏱️  Tiempo total: 36.83s (0.61m)
