2025-10-17 17:17:04 - INFO - ================================================================================
2025-10-17 17:17:04 - INFO - INICIO DE EJECUCIÓN - Algoritmo Genético España
2025-10-17 17:17:04 - INFO - Log guardado en: logs\Pob_5000_17_17_17.log
2025-10-17 17:17:04 - INFO - ================================================================================
2025-10-17 17:17:04 - INFO - 
================================================================================
2025-10-17 17:17:04 - INFO - ALGORITMO GENÉTICO
2025-10-17 17:17:04 - INFO - ================================================================================
2025-10-17 17:17:04 - INFO - Días: 20
2025-10-17 17:17:04 - INFO - Lugares/día: 12
2025-10-17 17:17:04 - INFO - Población: 5000
2025-10-17 17:17:04 - INFO - Tiempo límite: 0h 6m (0.10h)
2025-10-17 17:17:04 - INFO - Elitismo: 15%
2025-10-17 17:17:04 - INFO - Dataset: 2237 lugares en 20 ciudades
2025-10-17 17:17:04 - INFO - ================================================================================

2025-10-17 17:17:04 - INFO - Creando población inicial
2025-10-17 17:47:10 - INFO - Evaluando población inicial
2025-10-17 17:47:33 - INFO - 
Iniciando evolución (hasta 360s)...

2025-10-17 17:47:33 - INFO - 
⏱️  Tiempo límite alcanzado: 1828.7s
2025-10-17 17:47:33 - INFO - 
✅ Evolución completada!
2025-10-17 17:47:33 - INFO - 🏆 Mejor fitness global: 121.1
2025-10-17 17:47:33 - INFO - 📊 Generaciones ejecutadas: 0
2025-10-17 17:47:33 - INFO - ⏱️  Tiempo total: 1828.69s (30.48m)
