2025-10-17 03:18:07 - INFO - ================================================================================
2025-10-17 03:18:07 - INFO - INICIO DE EJECUCIÓN - Algoritmo Genético España
2025-10-17 03:18:07 - INFO - Log guardado en: logs\Pob_5000_17_03_18.log
2025-10-17 03:18:07 - INFO - ================================================================================
2025-10-17 03:18:07 - INFO - 
================================================================================
2025-10-17 03:18:07 - INFO - ALGORITMO GENÉTICO
2025-10-17 03:18:07 - INFO - ================================================================================
2025-10-17 03:18:07 - INFO - Días: 20
2025-10-17 03:18:07 - INFO - Lugares/día: 12
2025-10-17 03:18:07 - INFO - Población: 5000
2025-10-17 03:18:07 - INFO - Tiempo límite: 8h 0m (8.00h)
2025-10-17 03:18:07 - INFO - Elitismo: 15%
2025-10-17 03:18:07 - INFO - Dataset: 1367 lugares en 10 ciudades
2025-10-17 03:18:07 - INFO - ================================================================================

2025-10-17 03:18:07 - INFO - Creando población inicial
2025-10-17 03:18:22 - INFO - Evaluando población inicial
2025-10-17 03:20:57 - INFO - 
Iniciando evolución (hasta 28800s)...

2025-10-17 03:23:56 - INFO -   Gen    1 | Tiempo:    2.8m (resta: 477m) | Fitness: -47093.7 | Puntos: 12302 | Dist:   274.6km
2025-10-17 03:27:09 - INFO -   Gen    2 | Tiempo:    5.8m (resta: 474m) | Fitness: -39540.5 | Puntos: 11801 | Dist:   245.8km
2025-10-17 03:30:25 - INFO -   Gen    3 | Tiempo:    9.0m (resta: 470m) | Fitness: -39540.5 | Puntos: 11801 | Dist:   245.8km
2025-10-17 03:33:39 - INFO -   Gen    4 | Tiempo:   12.3m (resta: 467m) | Fitness: -34561.7 | Puntos: 11779 | Dist:   243.2km
2025-10-17 03:36:49 - INFO -   Gen    5 | Tiempo:   15.5m (resta: 464m) | Fitness: -32019.3 | Puntos: 12010 | Dist:   190.4km
2025-10-17 03:39:56 - INFO -   Gen    6 | Tiempo:   18.7m (resta: 461m) | Fitness: -21922.8 | Puntos: 12033 | Dist:   185.9km
2025-10-17 03:42:58 - INFO -   Gen    7 | Tiempo:   21.8m (resta: 458m) | Fitness: -21922.8 | Puntos: 12033 | Dist:   185.9km
2025-10-17 03:45:58 - INFO -   Gen    8 | Tiempo:   24.8m (resta: 455m) | Fitness: -16214.7 | Puntos: 13041 | Dist:   224.7km
2025-10-17 03:48:55 - INFO -   Gen    9 | Tiempo:   27.8m (resta: 452m) | Fitness:  -4452.8 | Puntos: 12031 | Dist:   207.1km
2025-10-17 03:51:49 - INFO -   Gen   10 | Tiempo:   30.8m (resta: 449m) | Fitness:   -799.7 | Puntos: 12060 | Dist:   229.4km
2025-10-17 03:54:38 - INFO -   Gen   11 | Tiempo:   33.7m (resta: 446m) | Fitness:   -799.7 | Puntos: 12060 | Dist:   229.4km
2025-10-17 03:57:25 - INFO -   Gen   12 | Tiempo:   36.5m (resta: 443m) | Fitness:    -31.5 | Puntos: 11935 | Dist:   238.2km
2025-10-17 04:00:07 - INFO -   Gen   13 | Tiempo:   39.3m (resta: 440m) | Fitness:    -31.5 | Puntos: 11935 | Dist:   238.2km
2025-10-17 04:02:45 - INFO -   Gen   14 | Tiempo:   42.0m (resta: 438m) | Fitness:    -31.5 | Puntos: 11935 | Dist:   238.2km
2025-10-17 04:05:19 - INFO -   Gen   15 | Tiempo:   44.6m (resta: 435m) | Fitness:    -31.5 | Puntos: 11935 | Dist:   238.2km
2025-10-17 04:07:54 - INFO -   Gen   16 | Tiempo:   47.2m (resta: 432m) | Fitness:   3523.1 | Puntos: 12144 | Dist:   225.7km
2025-10-17 04:10:25 - INFO -   Gen   17 | Tiempo:   49.8m (resta: 430m) | Fitness:   3523.1 | Puntos: 12144 | Dist:   225.7km
2025-10-17 04:12:53 - INFO -   Gen   18 | Tiempo:   52.3m (resta: 427m) | Fitness:   3523.1 | Puntos: 12144 | Dist:   225.7km
2025-10-17 04:15:20 - INFO -   Gen   19 | Tiempo:   54.8m (resta: 425m) | Fitness:   3555.3 | Puntos: 12174 | Dist:   218.3km
2025-10-17 04:17:43 - INFO -   Gen   20 | Tiempo:   57.2m (resta: 422m) | Fitness:   3555.3 | Puntos: 12174 | Dist:   218.3km
2025-10-17 04:20:07 - INFO -   Gen   21 | Tiempo:   59.6m (resta: 420m) | Fitness:   3555.3 | Puntos: 12174 | Dist:   218.3km
2025-10-17 04:22:31 - INFO -   Gen   22 | Tiempo:   62.0m (resta: 418m) | Fitness:   6237.0 | Puntos: 12924 | Dist:   211.3km
2025-10-17 04:24:56 - INFO -   Gen   23 | Tiempo:   64.4m (resta: 415m) | Fitness:   6237.0 | Puntos: 12924 | Dist:   211.3km
2025-10-17 04:27:18 - INFO -   Gen   24 | Tiempo:   66.8m (resta: 413m) | Fitness:   6555.8 | Puntos: 11656 | Dist:   229.1km
2025-10-17 04:29:35 - INFO -   Gen   25 | Tiempo:   69.2m (resta: 410m) | Fitness:   6555.8 | Puntos: 11656 | Dist:   229.1km
2025-10-17 04:31:53 - INFO -   Gen   26 | Tiempo:   71.5m (resta: 408m) | Fitness:   7346.1 | Puntos: 13047 | Dist:   225.2km
2025-10-17 04:34:11 - INFO -   Gen   27 | Tiempo:   73.8m (resta: 406m) | Fitness:   8055.5 | Puntos: 12025 | Dist:   231.8km
2025-10-17 04:36:28 - INFO -   Gen   28 | Tiempo:   76.1m (resta: 403m) | Fitness:   8055.5 | Puntos: 12025 | Dist:   231.8km
2025-10-17 04:38:43 - INFO -   Gen   29 | Tiempo:   78.4m (resta: 401m) | Fitness:   8055.5 | Puntos: 12025 | Dist:   231.8km
2025-10-17 04:40:57 - INFO -   Gen   30 | Tiempo:   80.6m (resta: 399m) | Fitness:   8170.5 | Puntos: 12937 | Dist:   221.7km
2025-10-17 04:43:11 - INFO -   Gen   31 | Tiempo:   82.8m (resta: 397m) | Fitness:   8170.5 | Puntos: 12937 | Dist:   221.7km
2025-10-17 04:45:21 - INFO -   Gen   32 | Tiempo:   85.1m (resta: 394m) | Fitness:   8170.5 | Puntos: 12937 | Dist:   221.7km
2025-10-17 04:47:29 - INFO -   Gen   33 | Tiempo:   87.2m (resta: 392m) | Fitness:   8170.5 | Puntos: 12937 | Dist:   221.7km
2025-10-17 04:49:39 - INFO -   Gen   34 | Tiempo:   89.4m (resta: 390m) | Fitness:   8170.5 | Puntos: 12937 | Dist:   221.7km
2025-10-17 04:51:47 - INFO -   Gen   35 | Tiempo:   91.5m (resta: 388m) | Fitness:   8174.1 | Puntos: 12031 | Dist:   189.7km
2025-10-17 04:53:55 - INFO -   Gen   36 | Tiempo:   93.7m (resta: 386m) | Fitness:   8204.1 | Puntos: 12077 | Dist:   243.2km
2025-10-17 04:56:01 - INFO -   Gen   37 | Tiempo:   95.8m (resta: 384m) | Fitness:   8204.1 | Puntos: 12077 | Dist:   243.2km
2025-10-17 04:58:07 - INFO -   Gen   38 | Tiempo:   97.9m (resta: 382m) | Fitness:   8548.1 | Puntos: 13014 | Dist:   219.8km
2025-10-17 05:00:13 - INFO -   Gen   39 | Tiempo:  100.0m (resta: 380m) | Fitness:   8548.1 | Puntos: 13014 | Dist:   219.8km
2025-10-17 05:02:19 - INFO -   Gen   40 | Tiempo:  102.1m (resta: 377m) | Fitness:   8548.1 | Puntos: 13014 | Dist:   219.8km
2025-10-17 05:04:26 - INFO -   Gen   41 | Tiempo:  104.2m (resta: 375m) | Fitness:   8626.3 | Puntos: 12992 | Dist:   218.9km
2025-10-17 05:06:35 - INFO -   Gen   42 | Tiempo:  106.3m (resta: 373m) | Fitness:   8626.3 | Puntos: 12992 | Dist:   218.9km
2025-10-17 05:08:44 - INFO -   Gen   43 | Tiempo:  108.5m (resta: 371m) | Fitness:   8626.3 | Puntos: 12992 | Dist:   218.9km
2025-10-17 05:10:53 - INFO -   Gen   44 | Tiempo:  110.6m (resta: 369m) | Fitness:   8906.5 | Puntos: 12671 | Dist:   215.0km
2025-10-17 05:13:01 - INFO -   Gen   45 | Tiempo:  112.8m (resta: 367m) | Fitness:   8906.5 | Puntos: 12671 | Dist:   215.0km
2025-10-17 05:15:11 - INFO -   Gen   46 | Tiempo:  114.9m (resta: 365m) | Fitness:   8906.5 | Puntos: 12671 | Dist:   215.0km
2025-10-17 05:17:18 - INFO -   Gen   47 | Tiempo:  117.1m (resta: 362m) | Fitness:   8906.5 | Puntos: 12671 | Dist:   215.0km
2025-10-17 05:19:27 - INFO -   Gen   48 | Tiempo:  119.2m (resta: 360m) | Fitness:   8906.5 | Puntos: 12671 | Dist:   215.0km
2025-10-17 05:21:39 - INFO -   Gen   49 | Tiempo:  121.3m (resta: 358m) | Fitness:   8906.5 | Puntos: 12671 | Dist:   215.0km
2025-10-17 05:23:46 - INFO -   Gen   50 | Tiempo:  123.5m (resta: 356m) | Fitness:   8998.4 | Puntos: 12769 | Dist:   235.3km
2025-10-17 05:25:51 - INFO -   Gen   51 | Tiempo:  125.7m (resta: 354m) | Fitness:   8998.4 | Puntos: 12769 | Dist:   235.3km
2025-10-17 05:27:55 - INFO -   Gen   52 | Tiempo:  127.7m (resta: 352m) | Fitness:   8998.4 | Puntos: 12769 | Dist:   235.3km
2025-10-17 05:29:58 - INFO -   Gen   53 | Tiempo:  129.8m (resta: 350m) | Fitness:   9006.8 | Puntos: 12845 | Dist:   219.5km
2025-10-17 05:32:00 - INFO -   Gen   54 | Tiempo:  131.8m (resta: 348m) | Fitness:   9006.8 | Puntos: 12845 | Dist:   219.5km
2025-10-17 05:34:01 - INFO -   Gen   55 | Tiempo:  133.9m (resta: 346m) | Fitness:   9006.8 | Puntos: 12845 | Dist:   219.5km
2025-10-17 05:36:04 - INFO -   Gen   56 | Tiempo:  135.9m (resta: 344m) | Fitness:   9006.8 | Puntos: 12845 | Dist:   219.5km
2025-10-17 05:38:03 - INFO -   Gen   57 | Tiempo:  137.9m (resta: 342m) | Fitness:   9087.2 | Puntos: 12957 | Dist:   232.7km
2025-10-17 05:40:01 - INFO -   Gen   58 | Tiempo:  139.9m (resta: 340m) | Fitness:   9087.2 | Puntos: 12957 | Dist:   232.7km
2025-10-17 05:41:57 - INFO -   Gen   59 | Tiempo:  141.9m (resta: 338m) | Fitness:   9087.2 | Puntos: 12957 | Dist:   232.7km
2025-10-17 05:43:46 - INFO -   Gen   60 | Tiempo:  143.8m (resta: 336m) | Fitness:   9292.6 | Puntos: 12856 | Dist:   211.5km
2025-10-17 05:45:28 - INFO -   Gen   61 | Tiempo:  145.6m (resta: 334m) | Fitness:   9292.6 | Puntos: 12856 | Dist:   211.5km
2025-10-17 05:47:00 - INFO -   Gen   62 | Tiempo:  147.3m (resta: 332m) | Fitness:   9292.6 | Puntos: 12856 | Dist:   211.5km
2025-10-17 05:48:26 - INFO -   Gen   63 | Tiempo:  148.9m (resta: 331m) | Fitness:   9292.6 | Puntos: 12856 | Dist:   211.5km
2025-10-17 05:49:47 - INFO -   Gen   64 | Tiempo:  150.3m (resta: 329m) | Fitness:   9292.6 | Puntos: 12856 | Dist:   211.5km
2025-10-17 05:51:01 - INFO -   Gen   65 | Tiempo:  151.7m (resta: 328m) | Fitness:   9376.8 | Puntos: 12841 | Dist:   214.1km
2025-10-17 05:52:10 - INFO -   Gen   66 | Tiempo:  152.9m (resta: 327m) | Fitness:   9376.8 | Puntos: 12841 | Dist:   214.1km
2025-10-17 05:53:15 - INFO -   Gen   67 | Tiempo:  154.0m (resta: 325m) | Fitness:   9392.7 | Puntos: 13150 | Dist:   190.9km
2025-10-17 05:54:15 - INFO -   Gen   68 | Tiempo:  155.1m (resta: 324m) | Fitness:   9392.7 | Puntos: 13150 | Dist:   190.9km
2025-10-17 05:55:15 - INFO -   Gen   69 | Tiempo:  156.1m (resta: 323m) | Fitness:   9392.7 | Puntos: 13150 | Dist:   190.9km
2025-10-17 05:57:10 - INFO -   Gen   71 | Tiempo:  158.1m (resta: 321m) | Fitness:   9492.2 | Puntos: 12857 | Dist:   216.1km
2025-10-17 05:59:02 - INFO -   Gen   73 | Tiempo:  160.0m (resta: 320m) | Fitness:   9492.2 | Puntos: 12857 | Dist:   216.1km
2025-10-17 06:00:53 - INFO -   Gen   75 | Tiempo:  161.9m (resta: 318m) | Fitness:   9492.2 | Puntos: 12857 | Dist:   216.1km
2025-10-17 06:02:40 - INFO -   Gen   77 | Tiempo:  163.7m (resta: 316m) | Fitness:   9492.2 | Puntos: 12857 | Dist:   216.1km
2025-10-17 06:04:24 - INFO -   Gen   79 | Tiempo:  165.4m (resta: 314m) | Fitness:   9629.5 | Puntos: 13187 | Dist:   191.7km
2025-10-17 06:06:04 - INFO -   Gen   81 | Tiempo:  167.1m (resta: 312m) | Fitness:   9629.5 | Puntos: 13187 | Dist:   191.7km
2025-10-17 06:07:40 - INFO -   Gen   83 | Tiempo:  168.7m (resta: 311m) | Fitness:   9629.5 | Puntos: 13187 | Dist:   191.7km
2025-10-17 06:09:16 - INFO -   Gen   85 | Tiempo:  170.3m (resta: 309m) | Fitness:   9629.5 | Puntos: 13187 | Dist:   191.7km
2025-10-17 06:10:50 - INFO -   Gen   87 | Tiempo:  171.9m (resta: 308m) | Fitness:   9629.5 | Puntos: 13187 | Dist:   191.7km
2025-10-17 06:12:22 - INFO -   Gen   89 | Tiempo:  173.5m (resta: 306m) | Fitness:   9629.5 | Puntos: 13187 | Dist:   191.7km
2025-10-17 06:13:51 - INFO -   Gen   91 | Tiempo:  175.0m (resta: 305m) | Fitness:   9637.3 | Puntos: 13106 | Dist:   229.2km
2025-10-17 06:15:20 - INFO -   Gen   93 | Tiempo:  176.5m (resta: 303m) | Fitness:   9697.4 | Puntos: 13163 | Dist:   218.7km
2025-10-17 06:16:48 - INFO -   Gen   95 | Tiempo:  178.0m (resta: 302m) | Fitness:   9778.5 | Puntos: 13147 | Dist:   228.4km
2025-10-17 06:18:18 - INFO -   Gen   97 | Tiempo:  179.4m (resta: 300m) | Fitness:   9855.0 | Puntos: 13225 | Dist:   233.4km
2025-10-17 06:19:46 - INFO -   Gen   99 | Tiempo:  180.9m (resta: 299m) | Fitness:   9855.0 | Puntos: 13225 | Dist:   233.4km
2025-10-17 06:20:29 - INFO -   Gen  100 | Tiempo:  181.6m (resta: 298m) | Fitness:   9855.0 | Puntos: 13225 | Dist:   233.4km
2025-10-17 06:21:59 - INFO -   Gen  102 | Tiempo:  183.1m (resta: 296m) | Fitness:   9855.0 | Puntos: 13225 | Dist:   233.4km
2025-10-17 06:23:28 - INFO -   Gen  104 | Tiempo:  184.6m (resta: 295m) | Fitness:   9855.0 | Puntos: 13225 | Dist:   233.4km
2025-10-17 06:24:57 - INFO -   Gen  106 | Tiempo:  186.1m (resta: 293m) | Fitness:  10088.1 | Puntos: 13343 | Dist:   183.0km
2025-10-17 06:26:27 - INFO -   Gen  108 | Tiempo:  187.6m (resta: 292m) | Fitness:  10088.1 | Puntos: 13343 | Dist:   183.0km
2025-10-17 06:27:56 - INFO -   Gen  110 | Tiempo:  189.1m (resta: 290m) | Fitness:  10088.1 | Puntos: 13343 | Dist:   183.0km
2025-10-17 06:29:26 - INFO -   Gen  112 | Tiempo:  190.6m (resta: 289m) | Fitness:  10088.1 | Puntos: 13343 | Dist:   183.0km
2025-10-17 06:30:54 - INFO -   Gen  114 | Tiempo:  192.0m (resta: 287m) | Fitness:  10088.1 | Puntos: 13343 | Dist:   183.0km
2025-10-17 06:32:23 - INFO -   Gen  116 | Tiempo:  193.5m (resta: 286m) | Fitness:  10088.1 | Puntos: 13343 | Dist:   183.0km
2025-10-17 06:33:52 - INFO -   Gen  118 | Tiempo:  195.0m (resta: 284m) | Fitness:  10088.1 | Puntos: 13343 | Dist:   183.0km
2025-10-17 06:35:21 - INFO -   Gen  120 | Tiempo:  196.5m (resta: 283m) | Fitness:  10088.1 | Puntos: 13343 | Dist:   183.0km
2025-10-17 06:36:49 - INFO -   Gen  122 | Tiempo:  198.0m (resta: 282m) | Fitness:  10130.6 | Puntos: 13292 | Dist:   204.6km
2025-10-17 06:38:18 - INFO -   Gen  124 | Tiempo:  199.4m (resta: 280m) | Fitness:  10130.6 | Puntos: 13292 | Dist:   204.6km
2025-10-17 06:39:47 - INFO -   Gen  126 | Tiempo:  200.9m (resta: 279m) | Fitness:  10130.6 | Puntos: 13292 | Dist:   204.6km
2025-10-17 06:41:16 - INFO -   Gen  128 | Tiempo:  202.4m (resta: 277m) | Fitness:  10306.0 | Puntos: 13565 | Dist:   196.7km
2025-10-17 06:42:46 - INFO -   Gen  130 | Tiempo:  203.9m (resta: 276m) | Fitness:  10306.0 | Puntos: 13565 | Dist:   196.7km
2025-10-17 06:44:15 - INFO -   Gen  132 | Tiempo:  205.4m (resta: 274m) | Fitness:  10306.0 | Puntos: 13565 | Dist:   196.7km
2025-10-17 06:45:44 - INFO -   Gen  134 | Tiempo:  206.9m (resta: 273m) | Fitness:  10306.0 | Puntos: 13565 | Dist:   196.7km
2025-10-17 06:47:14 - INFO -   Gen  136 | Tiempo:  208.4m (resta: 271m) | Fitness:  10334.4 | Puntos: 13496 | Dist:   205.2km
2025-10-17 06:48:45 - INFO -   Gen  138 | Tiempo:  209.9m (resta: 270m) | Fitness:  10334.4 | Puntos: 13496 | Dist:   205.2km
2025-10-17 06:50:16 - INFO -   Gen  140 | Tiempo:  211.4m (resta: 268m) | Fitness:  10600.9 | Puntos: 13559 | Dist:   193.8km
2025-10-17 06:51:46 - INFO -   Gen  142 | Tiempo:  212.9m (resta: 267m) | Fitness:  10600.9 | Puntos: 13559 | Dist:   193.8km
2025-10-17 06:53:17 - INFO -   Gen  144 | Tiempo:  214.4m (resta: 265m) | Fitness:  10600.9 | Puntos: 13559 | Dist:   193.8km
2025-10-17 06:54:48 - INFO -   Gen  146 | Tiempo:  215.9m (resta: 264m) | Fitness:  10600.9 | Puntos: 13559 | Dist:   193.8km
2025-10-17 06:56:18 - INFO -   Gen  148 | Tiempo:  217.4m (resta: 262m) | Fitness:  10677.9 | Puntos: 13537 | Dist:   197.1km
2025-10-17 06:57:49 - INFO -   Gen  150 | Tiempo:  218.9m (resta: 261m) | Fitness:  10677.9 | Puntos: 13537 | Dist:   197.1km
2025-10-17 06:59:20 - INFO -   Gen  152 | Tiempo:  220.5m (resta: 259m) | Fitness:  10677.9 | Puntos: 13537 | Dist:   197.1km
2025-10-17 07:00:50 - INFO -   Gen  154 | Tiempo:  222.0m (resta: 258m) | Fitness:  10677.9 | Puntos: 13537 | Dist:   197.1km
2025-10-17 07:02:20 - INFO -   Gen  156 | Tiempo:  223.5m (resta: 256m) | Fitness:  10677.9 | Puntos: 13537 | Dist:   197.1km
2025-10-17 07:03:51 - INFO -   Gen  158 | Tiempo:  225.0m (resta: 255m) | Fitness:  10677.9 | Puntos: 13537 | Dist:   197.1km
2025-10-17 07:05:22 - INFO -   Gen  160 | Tiempo:  226.5m (resta: 253m) | Fitness:  10677.9 | Puntos: 13537 | Dist:   197.1km
2025-10-17 07:06:52 - INFO -   Gen  162 | Tiempo:  228.0m (resta: 251m) | Fitness:  10677.9 | Puntos: 13537 | Dist:   197.1km
2025-10-17 07:08:20 - INFO -   Gen  164 | Tiempo:  229.5m (resta: 250m) | Fitness:  10677.9 | Puntos: 13537 | Dist:   197.1km
2025-10-17 07:09:51 - INFO -   Gen  166 | Tiempo:  231.0m (resta: 249m) | Fitness:  10677.9 | Puntos: 13537 | Dist:   197.1km
2025-10-17 07:11:21 - INFO -   Gen  168 | Tiempo:  232.5m (resta: 247m) | Fitness:  10677.9 | Puntos: 13537 | Dist:   197.1km
2025-10-17 07:12:52 - INFO -   Gen  170 | Tiempo:  234.0m (resta: 246m) | Fitness:  10677.9 | Puntos: 13537 | Dist:   197.1km
2025-10-17 07:14:23 - INFO -   Gen  172 | Tiempo:  235.5m (resta: 244m) | Fitness:  10677.9 | Puntos: 13537 | Dist:   197.1km
2025-10-17 07:15:52 - INFO -   Gen  174 | Tiempo:  237.0m (resta: 242m) | Fitness:  10677.9 | Puntos: 13537 | Dist:   197.1km
2025-10-17 07:17:21 - INFO -   Gen  176 | Tiempo:  238.5m (resta: 241m) | Fitness:  10677.9 | Puntos: 13537 | Dist:   197.1km
2025-10-17 07:18:51 - INFO -   Gen  178 | Tiempo:  240.0m (resta: 240m) | Fitness:  10677.9 | Puntos: 13537 | Dist:   197.1km
2025-10-17 07:20:20 - INFO -   Gen  180 | Tiempo:  241.5m (resta: 238m) | Fitness:  10860.2 | Puntos: 13618 | Dist:   192.7km
2025-10-17 07:21:49 - INFO -   Gen  182 | Tiempo:  243.0m (resta: 237m) | Fitness:  11019.1 | Puntos: 13578 | Dist:   196.3km
2025-10-17 07:23:16 - INFO -   Gen  184 | Tiempo:  244.4m (resta: 235m) | Fitness:  11019.1 | Puntos: 13578 | Dist:   196.3km
2025-10-17 07:24:44 - INFO -   Gen  186 | Tiempo:  245.9m (resta: 234m) | Fitness:  11019.1 | Puntos: 13578 | Dist:   196.3km
2025-10-17 07:26:12 - INFO -   Gen  188 | Tiempo:  247.3m (resta: 232m) | Fitness:  11019.1 | Puntos: 13578 | Dist:   196.3km
2025-10-17 07:27:41 - INFO -   Gen  190 | Tiempo:  248.8m (resta: 231m) | Fitness:  11019.1 | Puntos: 13578 | Dist:   196.3km
2025-10-17 07:29:09 - INFO -   Gen  192 | Tiempo:  250.3m (resta: 229m) | Fitness:  11019.1 | Puntos: 13578 | Dist:   196.3km
2025-10-17 07:30:37 - INFO -   Gen  194 | Tiempo:  251.8m (resta: 228m) | Fitness:  11019.1 | Puntos: 13578 | Dist:   196.3km
2025-10-17 07:32:04 - INFO -   Gen  196 | Tiempo:  253.2m (resta: 226m) | Fitness:  11019.1 | Puntos: 13578 | Dist:   196.3km
2025-10-17 07:33:32 - INFO -   Gen  198 | Tiempo:  254.7m (resta: 225m) | Fitness:  11019.1 | Puntos: 13578 | Dist:   196.3km
2025-10-17 07:34:59 - INFO -   Gen  200 | Tiempo:  256.1m (resta: 223m) | Fitness:  11019.1 | Puntos: 13578 | Dist:   196.3km
2025-10-17 07:36:26 - INFO -   Gen  202 | Tiempo:  257.6m (resta: 222m) | Fitness:  11019.1 | Puntos: 13578 | Dist:   196.3km
2025-10-17 07:37:54 - INFO -   Gen  204 | Tiempo:  259.0m (resta: 220m) | Fitness:  11019.1 | Puntos: 13578 | Dist:   196.3km
2025-10-17 07:39:22 - INFO -   Gen  206 | Tiempo:  260.5m (resta: 219m) | Fitness:  11019.1 | Puntos: 13578 | Dist:   196.3km
2025-10-17 07:40:50 - INFO -   Gen  208 | Tiempo:  262.0m (resta: 218m) | Fitness:  11019.1 | Puntos: 13578 | Dist:   196.3km
2025-10-17 07:42:18 - INFO -   Gen  210 | Tiempo:  263.4m (resta: 216m) | Fitness:  11019.1 | Puntos: 13578 | Dist:   196.3km
2025-10-17 07:43:46 - INFO -   Gen  212 | Tiempo:  264.9m (resta: 215m) | Fitness:  11019.1 | Puntos: 13578 | Dist:   196.3km
2025-10-17 07:45:15 - INFO -   Gen  214 | Tiempo:  266.4m (resta: 213m) | Fitness:  11019.1 | Puntos: 13578 | Dist:   196.3km
2025-10-17 07:46:44 - INFO -   Gen  216 | Tiempo:  267.9m (resta: 212m) | Fitness:  11019.1 | Puntos: 13578 | Dist:   196.3km
2025-10-17 07:48:12 - INFO -   Gen  218 | Tiempo:  269.3m (resta: 210m) | Fitness:  11019.1 | Puntos: 13578 | Dist:   196.3km
2025-10-17 07:49:40 - INFO -   Gen  220 | Tiempo:  270.8m (resta: 209m) | Fitness:  11019.1 | Puntos: 13578 | Dist:   196.3km
2025-10-17 07:51:08 - INFO -   Gen  222 | Tiempo:  272.3m (resta: 207m) | Fitness:  11019.1 | Puntos: 13578 | Dist:   196.3km
2025-10-17 07:52:36 - INFO -   Gen  224 | Tiempo:  273.7m (resta: 206m) | Fitness:  11019.1 | Puntos: 13578 | Dist:   196.3km
2025-10-17 07:54:04 - INFO -   Gen  226 | Tiempo:  275.2m (resta: 204m) | Fitness:  11019.1 | Puntos: 13578 | Dist:   196.3km
2025-10-17 07:55:34 - INFO -   Gen  228 | Tiempo:  276.7m (resta: 203m) | Fitness:  11019.1 | Puntos: 13578 | Dist:   196.3km
2025-10-17 07:57:01 - INFO -   Gen  230 | Tiempo:  278.2m (resta: 201m) | Fitness:  11019.1 | Puntos: 13578 | Dist:   196.3km
2025-10-17 07:58:30 - INFO -   Gen  232 | Tiempo:  279.6m (resta: 200m) | Fitness:  11019.1 | Puntos: 13578 | Dist:   196.3km
2025-10-17 08:00:02 - INFO -   Gen  234 | Tiempo:  281.1m (resta: 198m) | Fitness:  11019.1 | Puntos: 13578 | Dist:   196.3km
2025-10-17 08:01:31 - INFO -   Gen  236 | Tiempo:  282.7m (resta: 197m) | Fitness:  11019.1 | Puntos: 13578 | Dist:   196.3km
2025-10-17 08:02:59 - INFO -   Gen  238 | Tiempo:  284.1m (resta: 195m) | Fitness:  11019.1 | Puntos: 13578 | Dist:   196.3km
2025-10-17 08:04:28 - INFO -   Gen  240 | Tiempo:  285.6m (resta: 194m) | Fitness:  11019.1 | Puntos: 13578 | Dist:   196.3km
2025-10-17 08:05:57 - INFO -   Gen  242 | Tiempo:  287.1m (resta: 192m) | Fitness:  11019.1 | Puntos: 13578 | Dist:   196.3km
2025-10-17 08:07:24 - INFO -   Gen  244 | Tiempo:  288.6m (resta: 191m) | Fitness:  11044.4 | Puntos: 13500 | Dist:   185.4km
2025-10-17 08:08:54 - INFO -   Gen  246 | Tiempo:  290.0m (resta: 189m) | Fitness:  11044.4 | Puntos: 13500 | Dist:   185.4km
2025-10-17 08:10:23 - INFO -   Gen  248 | Tiempo:  291.5m (resta: 188m) | Fitness:  11052.1 | Puntos: 13509 | Dist:   189.6km
2025-10-17 08:11:52 - INFO -   Gen  250 | Tiempo:  293.0m (resta: 186m) | Fitness:  11052.1 | Puntos: 13509 | Dist:   189.6km
2025-10-17 08:13:21 - INFO -   Gen  252 | Tiempo:  294.5m (resta: 185m) | Fitness:  11129.7 | Puntos: 13685 | Dist:   184.3km
2025-10-17 08:14:49 - INFO -   Gen  254 | Tiempo:  296.0m (resta: 184m) | Fitness:  11129.7 | Puntos: 13685 | Dist:   184.3km
2025-10-17 08:16:19 - INFO -   Gen  256 | Tiempo:  297.5m (resta: 182m) | Fitness:  11192.7 | Puntos: 13653 | Dist:   201.2km
2025-10-17 08:17:47 - INFO -   Gen  258 | Tiempo:  298.9m (resta: 181m) | Fitness:  11192.7 | Puntos: 13653 | Dist:   201.2km
2025-10-17 08:19:16 - INFO -   Gen  260 | Tiempo:  300.4m (resta: 179m) | Fitness:  11192.7 | Puntos: 13653 | Dist:   201.2km
2025-10-17 08:20:44 - INFO -   Gen  262 | Tiempo:  301.9m (resta: 178m) | Fitness:  11192.7 | Puntos: 13653 | Dist:   201.2km
2025-10-17 08:22:15 - INFO -   Gen  264 | Tiempo:  303.4m (resta: 176m) | Fitness:  11192.7 | Puntos: 13653 | Dist:   201.2km
2025-10-17 08:23:46 - INFO -   Gen  266 | Tiempo:  304.9m (resta: 175m) | Fitness:  11192.7 | Puntos: 13653 | Dist:   201.2km
2025-10-17 08:25:15 - INFO -   Gen  268 | Tiempo:  306.4m (resta: 173m) | Fitness:  11192.7 | Puntos: 13653 | Dist:   201.2km
2025-10-17 08:26:46 - INFO -   Gen  270 | Tiempo:  307.9m (resta: 172m) | Fitness:  11192.7 | Puntos: 13653 | Dist:   201.2km
2025-10-17 08:28:15 - INFO -   Gen  272 | Tiempo:  309.4m (resta: 170m) | Fitness:  11192.7 | Puntos: 13653 | Dist:   201.2km
2025-10-17 08:29:44 - INFO -   Gen  274 | Tiempo:  310.9m (resta: 169m) | Fitness:  11192.7 | Puntos: 13653 | Dist:   201.2km
2025-10-17 08:31:15 - INFO -   Gen  276 | Tiempo:  312.4m (resta: 167m) | Fitness:  11192.7 | Puntos: 13653 | Dist:   201.2km
2025-10-17 08:32:45 - INFO -   Gen  278 | Tiempo:  313.9m (resta: 166m) | Fitness:  11192.7 | Puntos: 13653 | Dist:   201.2km
2025-10-17 08:34:15 - INFO -   Gen  280 | Tiempo:  315.4m (resta: 164m) | Fitness:  11192.7 | Puntos: 13653 | Dist:   201.2km
2025-10-17 08:35:44 - INFO -   Gen  282 | Tiempo:  316.9m (resta: 163m) | Fitness:  11192.7 | Puntos: 13653 | Dist:   201.2km
2025-10-17 08:37:13 - INFO -   Gen  284 | Tiempo:  318.4m (resta: 161m) | Fitness:  11192.7 | Puntos: 13653 | Dist:   201.2km
2025-10-17 08:38:42 - INFO -   Gen  286 | Tiempo:  319.8m (resta: 160m) | Fitness:  11192.7 | Puntos: 13653 | Dist:   201.2km
2025-10-17 08:40:12 - INFO -   Gen  288 | Tiempo:  321.3m (resta: 158m) | Fitness:  11192.7 | Puntos: 13653 | Dist:   201.2km
2025-10-17 08:41:41 - INFO -   Gen  290 | Tiempo:  322.8m (resta: 157m) | Fitness:  11205.8 | Puntos: 13863 | Dist:   190.6km
2025-10-17 08:43:10 - INFO -   Gen  292 | Tiempo:  324.3m (resta: 155m) | Fitness:  11244.1 | Puntos: 13605 | Dist:   202.9km
2025-10-17 08:44:38 - INFO -   Gen  294 | Tiempo:  325.8m (resta: 154m) | Fitness:  11244.1 | Puntos: 13605 | Dist:   202.9km
2025-10-17 08:46:08 - INFO -   Gen  296 | Tiempo:  327.3m (resta: 152m) | Fitness:  11244.1 | Puntos: 13605 | Dist:   202.9km
2025-10-17 08:47:38 - INFO -   Gen  298 | Tiempo:  328.8m (resta: 151m) | Fitness:  11244.1 | Puntos: 13605 | Dist:   202.9km
2025-10-17 08:49:07 - INFO -   Gen  300 | Tiempo:  330.3m (resta: 149m) | Fitness:  11271.4 | Puntos: 13633 | Dist:   205.2km
2025-10-17 08:50:37 - INFO -   Gen  302 | Tiempo:  331.8m (resta: 148m) | Fitness:  11271.4 | Puntos: 13633 | Dist:   205.2km
2025-10-17 08:52:06 - INFO -   Gen  304 | Tiempo:  333.2m (resta: 146m) | Fitness:  11271.4 | Puntos: 13633 | Dist:   205.2km
2025-10-17 08:53:35 - INFO -   Gen  306 | Tiempo:  334.7m (resta: 145m) | Fitness:  11271.4 | Puntos: 13633 | Dist:   205.2km
2025-10-17 08:55:04 - INFO -   Gen  308 | Tiempo:  336.2m (resta: 143m) | Fitness:  11271.4 | Puntos: 13633 | Dist:   205.2km
2025-10-17 08:56:33 - INFO -   Gen  310 | Tiempo:  337.7m (resta: 142m) | Fitness:  11291.7 | Puntos: 13850 | Dist:   194.3km
2025-10-17 08:58:03 - INFO -   Gen  312 | Tiempo:  339.2m (resta: 140m) | Fitness:  11291.7 | Puntos: 13850 | Dist:   194.3km
2025-10-17 08:59:31 - INFO -   Gen  314 | Tiempo:  340.7m (resta: 139m) | Fitness:  11319.5 | Puntos: 13877 | Dist:   191.5km
2025-10-17 09:00:58 - INFO -   Gen  316 | Tiempo:  342.1m (resta: 137m) | Fitness:  11419.5 | Puntos: 13877 | Dist:   191.6km
2025-10-17 09:02:26 - INFO -   Gen  318 | Tiempo:  343.6m (resta: 136m) | Fitness:  11419.5 | Puntos: 13877 | Dist:   191.6km
2025-10-17 09:03:56 - INFO -   Gen  320 | Tiempo:  345.1m (resta: 134m) | Fitness:  11419.5 | Puntos: 13877 | Dist:   191.6km
2025-10-17 09:05:24 - INFO -   Gen  322 | Tiempo:  346.5m (resta: 133m) | Fitness:  11419.5 | Puntos: 13877 | Dist:   191.6km
2025-10-17 09:06:53 - INFO -   Gen  324 | Tiempo:  348.0m (resta: 131m) | Fitness:  11419.5 | Puntos: 13877 | Dist:   191.6km
2025-10-17 09:08:21 - INFO -   Gen  326 | Tiempo:  349.5m (resta: 130m) | Fitness:  11419.5 | Puntos: 13877 | Dist:   191.6km
2025-10-17 09:09:50 - INFO -   Gen  328 | Tiempo:  351.0m (resta: 129m) | Fitness:  11419.5 | Puntos: 13877 | Dist:   191.6km
2025-10-17 09:11:21 - INFO -   Gen  330 | Tiempo:  352.5m (resta: 127m) | Fitness:  11419.5 | Puntos: 13877 | Dist:   191.6km
2025-10-17 09:12:50 - INFO -   Gen  332 | Tiempo:  354.0m (resta: 126m) | Fitness:  11419.5 | Puntos: 13877 | Dist:   191.6km
2025-10-17 09:14:19 - INFO -   Gen  334 | Tiempo:  355.5m (resta: 124m) | Fitness:  11419.5 | Puntos: 13877 | Dist:   191.6km
2025-10-17 09:15:49 - INFO -   Gen  336 | Tiempo:  357.0m (resta: 123m) | Fitness:  11419.5 | Puntos: 13877 | Dist:   191.6km
2025-10-17 09:17:17 - INFO -   Gen  338 | Tiempo:  358.4m (resta: 121m) | Fitness:  11419.5 | Puntos: 13877 | Dist:   191.6km
2025-10-17 09:18:45 - INFO -   Gen  340 | Tiempo:  359.9m (resta: 120m) | Fitness:  11419.5 | Puntos: 13877 | Dist:   191.6km
2025-10-17 09:20:14 - INFO -   Gen  342 | Tiempo:  361.4m (resta: 118m) | Fitness:  11419.5 | Puntos: 13877 | Dist:   191.6km
2025-10-17 09:21:43 - INFO -   Gen  344 | Tiempo:  362.9m (resta: 117m) | Fitness:  11425.0 | Puntos: 13682 | Dist:   190.0km
2025-10-17 09:23:12 - INFO -   Gen  346 | Tiempo:  364.3m (resta: 115m) | Fitness:  11425.0 | Puntos: 13682 | Dist:   190.0km
2025-10-17 09:24:40 - INFO -   Gen  348 | Tiempo:  365.8m (resta: 114m) | Fitness:  11425.0 | Puntos: 13682 | Dist:   190.0km
2025-10-17 09:26:10 - INFO -   Gen  350 | Tiempo:  367.3m (resta: 112m) | Fitness:  11425.0 | Puntos: 13682 | Dist:   190.0km
2025-10-17 09:27:38 - INFO -   Gen  352 | Tiempo:  368.8m (resta: 111m) | Fitness:  11425.0 | Puntos: 13682 | Dist:   190.0km
2025-10-17 09:29:07 - INFO -   Gen  354 | Tiempo:  370.3m (resta: 109m) | Fitness:  11425.0 | Puntos: 13682 | Dist:   190.0km
2025-10-17 09:30:36 - INFO -   Gen  356 | Tiempo:  371.7m (resta: 108m) | Fitness:  11440.0 | Puntos: 14000 | Dist:   200.1km
2025-10-17 09:32:06 - INFO -   Gen  358 | Tiempo:  373.2m (resta: 106m) | Fitness:  11440.0 | Puntos: 14000 | Dist:   200.1km
2025-10-17 09:33:36 - INFO -   Gen  360 | Tiempo:  374.7m (resta: 105m) | Fitness:  11440.0 | Puntos: 14000 | Dist:   200.1km
2025-10-17 09:35:03 - INFO -   Gen  362 | Tiempo:  376.2m (resta: 103m) | Fitness:  11440.0 | Puntos: 14000 | Dist:   200.1km
2025-10-17 09:36:31 - INFO -   Gen  364 | Tiempo:  377.7m (resta: 102m) | Fitness:  11440.0 | Puntos: 14000 | Dist:   200.1km
2025-10-17 09:38:00 - INFO -   Gen  366 | Tiempo:  379.1m (resta: 100m) | Fitness:  11457.4 | Puntos: 13815 | Dist:   192.1km
2025-10-17 09:39:29 - INFO -   Gen  368 | Tiempo:  380.6m (resta: 99m) | Fitness:  11457.4 | Puntos: 13815 | Dist:   192.1km
2025-10-17 09:40:58 - INFO -   Gen  370 | Tiempo:  382.1m (resta: 97m) | Fitness:  11457.4 | Puntos: 13815 | Dist:   192.1km
2025-10-17 09:42:27 - INFO -   Gen  372 | Tiempo:  383.6m (resta: 96m) | Fitness:  11485.1 | Puntos: 13944 | Dist:   196.4km
2025-10-17 09:43:56 - INFO -   Gen  374 | Tiempo:  385.1m (resta: 94m) | Fitness:  11485.1 | Puntos: 13944 | Dist:   196.4km
2025-10-17 09:45:24 - INFO -   Gen  376 | Tiempo:  386.5m (resta: 93m) | Fitness:  11532.3 | Puntos: 14086 | Dist:   179.1km
2025-10-17 09:46:52 - INFO -   Gen  378 | Tiempo:  388.0m (resta: 91m) | Fitness:  11532.3 | Puntos: 14086 | Dist:   179.1km
2025-10-17 09:48:19 - INFO -   Gen  380 | Tiempo:  389.5m (resta: 90m) | Fitness:  11532.3 | Puntos: 14086 | Dist:   179.1km
2025-10-17 09:49:49 - INFO -   Gen  382 | Tiempo:  391.0m (resta: 89m) | Fitness:  11532.3 | Puntos: 14086 | Dist:   179.1km
2025-10-17 09:51:19 - INFO -   Gen  384 | Tiempo:  392.4m (resta: 87m) | Fitness:  11532.3 | Puntos: 14086 | Dist:   179.1km
2025-10-17 09:52:49 - INFO -   Gen  386 | Tiempo:  393.9m (resta: 86m) | Fitness:  11532.3 | Puntos: 14086 | Dist:   179.1km
2025-10-17 09:54:19 - INFO -   Gen  388 | Tiempo:  395.4m (resta: 84m) | Fitness:  11532.3 | Puntos: 14086 | Dist:   179.1km
2025-10-17 09:55:48 - INFO -   Gen  390 | Tiempo:  396.9m (resta: 83m) | Fitness:  11532.3 | Puntos: 14086 | Dist:   179.1km
2025-10-17 09:57:17 - INFO -   Gen  392 | Tiempo:  398.4m (resta: 81m) | Fitness:  11532.3 | Puntos: 14086 | Dist:   179.1km
2025-10-17 09:58:47 - INFO -   Gen  394 | Tiempo:  399.9m (resta: 80m) | Fitness:  11532.3 | Puntos: 14086 | Dist:   179.1km
2025-10-17 10:00:17 - INFO -   Gen  396 | Tiempo:  401.4m (resta: 78m) | Fitness:  11532.3 | Puntos: 14086 | Dist:   179.1km
2025-10-17 10:01:46 - INFO -   Gen  398 | Tiempo:  402.9m (resta: 77m) | Fitness:  11532.3 | Puntos: 14086 | Dist:   179.1km
2025-10-17 10:03:16 - INFO -   Gen  400 | Tiempo:  404.4m (resta: 75m) | Fitness:  11532.3 | Puntos: 14086 | Dist:   179.1km
2025-10-17 10:04:46 - INFO -   Gen  402 | Tiempo:  405.9m (resta: 74m) | Fitness:  11532.3 | Puntos: 14086 | Dist:   179.1km
2025-10-17 10:06:16 - INFO -   Gen  404 | Tiempo:  407.4m (resta: 72m) | Fitness:  11532.3 | Puntos: 14086 | Dist:   179.1km
2025-10-17 10:07:44 - INFO -   Gen  406 | Tiempo:  408.9m (resta: 71m) | Fitness:  11532.3 | Puntos: 14086 | Dist:   179.1km
2025-10-17 10:09:14 - INFO -   Gen  408 | Tiempo:  410.4m (resta: 69m) | Fitness:  11532.3 | Puntos: 14086 | Dist:   179.1km
2025-10-17 10:10:43 - INFO -   Gen  410 | Tiempo:  411.9m (resta: 68m) | Fitness:  11532.3 | Puntos: 14086 | Dist:   179.1km
2025-10-17 10:12:12 - INFO -   Gen  412 | Tiempo:  413.3m (resta: 66m) | Fitness:  11532.3 | Puntos: 14086 | Dist:   179.1km
2025-10-17 10:13:42 - INFO -   Gen  414 | Tiempo:  414.8m (resta: 65m) | Fitness:  11558.3 | Puntos: 13920 | Dist:   205.6km
2025-10-17 10:15:12 - INFO -   Gen  416 | Tiempo:  416.3m (resta: 63m) | Fitness:  11558.3 | Puntos: 13920 | Dist:   205.6km
2025-10-17 10:16:42 - INFO -   Gen  418 | Tiempo:  417.8m (resta: 62m) | Fitness:  11558.3 | Puntos: 13920 | Dist:   205.6km
2025-10-17 10:18:12 - INFO -   Gen  420 | Tiempo:  419.3m (resta: 60m) | Fitness:  11558.3 | Puntos: 13920 | Dist:   205.6km
2025-10-17 10:19:38 - INFO -   Gen  422 | Tiempo:  420.8m (resta: 59m) | Fitness:  11572.1 | Puntos: 13935 | Dist:   209.8km
2025-10-17 10:21:06 - INFO -   Gen  424 | Tiempo:  422.3m (resta: 57m) | Fitness:  11579.2 | Puntos: 13936 | Dist:   189.3km
2025-10-17 10:22:36 - INFO -   Gen  426 | Tiempo:  423.7m (resta: 56m) | Fitness:  11579.2 | Puntos: 13936 | Dist:   189.3km
2025-10-17 10:24:05 - INFO -   Gen  428 | Tiempo:  425.2m (resta: 54m) | Fitness:  11579.2 | Puntos: 13936 | Dist:   189.3km
2025-10-17 10:25:35 - INFO -   Gen  430 | Tiempo:  426.7m (resta: 53m) | Fitness:  11579.2 | Puntos: 13936 | Dist:   189.3km
2025-10-17 10:27:05 - INFO -   Gen  432 | Tiempo:  428.2m (resta: 51m) | Fitness:  11579.2 | Puntos: 13936 | Dist:   189.3km
2025-10-17 10:28:33 - INFO -   Gen  434 | Tiempo:  429.7m (resta: 50m) | Fitness:  11590.7 | Puntos: 13948 | Dist:   190.9km
2025-10-17 10:30:02 - INFO -   Gen  436 | Tiempo:  431.2m (resta: 48m) | Fitness:  11590.7 | Puntos: 13948 | Dist:   190.9km
2025-10-17 10:31:31 - INFO -   Gen  438 | Tiempo:  432.7m (resta: 47m) | Fitness:  11592.8 | Puntos: 13951 | Dist:   193.9km
2025-10-17 10:33:01 - INFO -   Gen  440 | Tiempo:  434.1m (resta: 45m) | Fitness:  11592.8 | Puntos: 13951 | Dist:   193.9km
2025-10-17 10:34:28 - INFO -   Gen  442 | Tiempo:  435.6m (resta: 44m) | Fitness:  11592.8 | Puntos: 13951 | Dist:   193.9km
2025-10-17 10:35:56 - INFO -   Gen  444 | Tiempo:  437.1m (resta: 42m) | Fitness:  11592.8 | Puntos: 13951 | Dist:   193.9km
2025-10-17 10:37:26 - INFO -   Gen  446 | Tiempo:  438.6m (resta: 41m) | Fitness:  11612.2 | Puntos: 13871 | Dist:   195.9km
2025-10-17 10:38:55 - INFO -   Gen  448 | Tiempo:  440.1m (resta: 39m) | Fitness:  11612.2 | Puntos: 13871 | Dist:   195.9km
2025-10-17 10:40:24 - INFO -   Gen  450 | Tiempo:  441.5m (resta: 38m) | Fitness:  11612.2 | Puntos: 13871 | Dist:   195.9km
2025-10-17 10:41:54 - INFO -   Gen  452 | Tiempo:  443.0m (resta: 36m) | Fitness:  11612.2 | Puntos: 13871 | Dist:   195.9km
2025-10-17 10:43:23 - INFO -   Gen  454 | Tiempo:  444.5m (resta: 35m) | Fitness:  11612.2 | Puntos: 13871 | Dist:   195.9km
2025-10-17 10:44:53 - INFO -   Gen  456 | Tiempo:  446.0m (resta: 33m) | Fitness:  11612.2 | Puntos: 13871 | Dist:   195.9km
2025-10-17 10:46:24 - INFO -   Gen  458 | Tiempo:  447.5m (resta: 32m) | Fitness:  11612.2 | Puntos: 13871 | Dist:   195.9km
2025-10-17 10:47:54 - INFO -   Gen  460 | Tiempo:  449.0m (resta: 30m) | Fitness:  11612.2 | Puntos: 13871 | Dist:   195.9km
2025-10-17 10:49:23 - INFO -   Gen  462 | Tiempo:  450.5m (resta: 29m) | Fitness:  11621.6 | Puntos: 13979 | Dist:   191.2km
2025-10-17 10:50:54 - INFO -   Gen  464 | Tiempo:  452.0m (resta: 27m) | Fitness:  11621.6 | Puntos: 13979 | Dist:   191.2km
2025-10-17 10:52:22 - INFO -   Gen  466 | Tiempo:  453.5m (resta: 26m) | Fitness:  11621.6 | Puntos: 13979 | Dist:   191.2km
2025-10-17 10:53:53 - INFO -   Gen  468 | Tiempo:  455.0m (resta: 24m) | Fitness:  11621.6 | Puntos: 13979 | Dist:   191.2km
2025-10-17 10:55:22 - INFO -   Gen  470 | Tiempo:  456.5m (resta: 23m) | Fitness:  11621.6 | Puntos: 13979 | Dist:   191.2km
2025-10-17 10:56:52 - INFO -   Gen  472 | Tiempo:  458.0m (resta: 22m) | Fitness:  11621.6 | Puntos: 13979 | Dist:   191.2km
2025-10-17 10:58:22 - INFO -   Gen  474 | Tiempo:  459.5m (resta: 20m) | Fitness:  11635.5 | Puntos: 13899 | Dist:   211.5km
2025-10-17 10:59:51 - INFO -   Gen  476 | Tiempo:  461.0m (resta: 19m) | Fitness:  11648.0 | Puntos: 13802 | Dist:   180.1km
2025-10-17 11:01:20 - INFO -   Gen  478 | Tiempo:  462.5m (resta: 17m) | Fitness:  11648.0 | Puntos: 13802 | Dist:   180.1km
2025-10-17 11:02:50 - INFO -   Gen  480 | Tiempo:  464.0m (resta: 16m) | Fitness:  11705.1 | Puntos: 13860 | Dist:   183.0km
2025-10-17 11:04:20 - INFO -   Gen  482 | Tiempo:  465.5m (resta: 14m) | Fitness:  11705.1 | Puntos: 13860 | Dist:   183.0km
2025-10-17 11:05:50 - INFO -   Gen  484 | Tiempo:  467.0m (resta: 13m) | Fitness:  11705.1 | Puntos: 13860 | Dist:   183.0km
2025-10-17 11:07:19 - INFO -   Gen  486 | Tiempo:  468.5m (resta: 11m) | Fitness:  11705.1 | Puntos: 13860 | Dist:   183.0km
2025-10-17 11:08:49 - INFO -   Gen  488 | Tiempo:  469.9m (resta: 10m) | Fitness:  11705.1 | Puntos: 13860 | Dist:   183.0km
2025-10-17 11:10:18 - INFO -   Gen  490 | Tiempo:  471.4m (resta: 8m) | Fitness:  11705.1 | Puntos: 13860 | Dist:   183.0km
2025-10-17 11:11:48 - INFO -   Gen  492 | Tiempo:  472.9m (resta: 7m) | Fitness:  11705.1 | Puntos: 13860 | Dist:   183.0km
2025-10-17 11:13:18 - INFO -   Gen  494 | Tiempo:  474.4m (resta: 5m) | Fitness:  11705.1 | Puntos: 13860 | Dist:   183.0km
2025-10-17 11:14:47 - INFO -   Gen  496 | Tiempo:  475.9m (resta: 4m) | Fitness:  11705.1 | Puntos: 13860 | Dist:   183.0km
2025-10-17 11:16:16 - INFO -   Gen  498 | Tiempo:  477.4m (resta: 2m) | Fitness:  11705.1 | Puntos: 13860 | Dist:   183.0km
2025-10-17 11:17:44 - INFO -   Gen  500 | Tiempo:  478.9m (resta: 1m) | Fitness:  11705.1 | Puntos: 13860 | Dist:   183.0km
2025-10-17 11:18:28 - INFO - 
⏱️  Tiempo límite alcanzado: 28821.0s
2025-10-17 11:18:28 - INFO - 
✅ Evolución completada!
2025-10-17 11:18:28 - INFO - 🏆 Mejor fitness global: 11705.1
2025-10-17 11:18:28 - INFO - 📊 Generaciones ejecutadas: 501
2025-10-17 11:18:28 - INFO - ⏱️  Tiempo total: 28821.01s (480.35m)
