2025-10-17 17:17:00 - INFO - ================================================================================
2025-10-17 17:17:00 - INFO - INICIO DE EJECUCIÓN - Algoritmo Genético España
2025-10-17 17:17:00 - INFO - Log guardado en: logs\Pob_1000_17_17_17.log
2025-10-17 17:17:00 - INFO - ================================================================================
2025-10-17 17:17:00 - INFO - 
================================================================================
2025-10-17 17:17:00 - INFO - ALGORITMO GENÉTICO
2025-10-17 17:17:00 - INFO - ================================================================================
2025-10-17 17:17:00 - INFO - Días: 20
2025-10-17 17:17:00 - INFO - Lugares/día: 12
2025-10-17 17:17:00 - INFO - Población: 1000
2025-10-17 17:17:00 - INFO - Tiempo límite: 0h 6m (0.10h)
2025-10-17 17:17:00 - INFO - Elitismo: 15%
2025-10-17 17:17:00 - INFO - Dataset: 2237 lugares en 20 ciudades
2025-10-17 17:17:00 - INFO - ================================================================================

2025-10-17 17:17:00 - INFO - Creando población inicial
2025-10-17 17:23:01 - INFO - Evaluando población inicial
2025-10-17 17:23:06 - INFO - 
Iniciando evolución (hasta 360s)...

2025-10-17 17:23:06 - INFO - 
⏱️  Tiempo límite alcanzado: 365.4s
2025-10-17 17:23:06 - INFO - 
✅ Evolución completada!
2025-10-17 17:23:06 - INFO - 🏆 Mejor fitness global: 114.1
2025-10-17 17:23:06 - INFO - 📊 Generaciones ejecutadas: 0
2025-10-17 17:23:06 - INFO - ⏱️  Tiempo total: 365.38s (6.09m)
