2025-10-17 02:48:32 - INFO - ================================================================================
2025-10-17 02:48:32 - INFO - INICIO DE EJECUCIÓN - Algoritmo Genético España
2025-10-17 02:48:32 - INFO - Log guardado en: logs\Pob_3000_17_02_48.log
2025-10-17 02:48:32 - INFO - ================================================================================
2025-10-17 02:48:32 - INFO - 
================================================================================
2025-10-17 02:48:32 - INFO - ALGORITMO GENÉTICO
2025-10-17 02:48:32 - INFO - ================================================================================
2025-10-17 02:48:32 - INFO - Días: 20
2025-10-17 02:48:32 - INFO - Lugares/día: 12
2025-10-17 02:48:32 - INFO - Población: 3000
2025-10-17 02:48:32 - INFO - Tiempo límite: 0h 0m (0.01h)
2025-10-17 02:48:32 - INFO - Elitismo: 15%
2025-10-17 02:48:32 - INFO - Dataset: 1367 lugares en 10 ciudades
2025-10-17 02:48:32 - INFO - ================================================================================

2025-10-17 02:48:32 - INFO - Creando población inicial
2025-10-17 02:48:35 - INFO - Evaluando población inicial
2025-10-17 02:48:36 - INFO - 
Iniciando evolución (hasta 36s)...

2025-10-17 02:49:12 - INFO - 
⏱️  Tiempo límite alcanzado: 39.6s
2025-10-17 02:49:12 - INFO - 
✅ Evolución completada!
2025-10-17 02:49:12 - INFO - 🏆 Mejor fitness global: -156108.1
2025-10-17 02:49:12 - INFO - 📊 Generaciones ejecutadas: 7
2025-10-17 02:49:12 - INFO - ⏱️  Tiempo total: 39.63s (0.66m)
