2025-10-17 17:53:31 - INFO - ================================================================================
2025-10-17 17:53:31 - INFO - INICIO DE EJECUCIÓN - Algoritmo Genético España
2025-10-17 17:53:31 - INFO - Log guardado en: logs\Pob_1000_17_17_53.log
2025-10-17 17:53:31 - INFO - ================================================================================
2025-10-17 17:53:31 - INFO - 
================================================================================
2025-10-17 17:53:31 - INFO - ALGORITMO GENÉTICO
2025-10-17 17:53:31 - INFO - ================================================================================
2025-10-17 17:53:31 - INFO - Días: 20
2025-10-17 17:53:31 - INFO - Lugares/día: 12
2025-10-17 17:53:31 - INFO - Población: 1000
2025-10-17 17:53:31 - INFO - Tiempo límite: 6h 0m (6.00h)
2025-10-17 17:53:31 - INFO - Elitismo: 15%
2025-10-17 17:53:31 - INFO - Dataset: 2237 lugares en 20 ciudades
2025-10-17 17:53:31 - INFO - ================================================================================

2025-10-17 17:53:31 - INFO - Creando población inicial
2025-10-17 17:59:41 - INFO - Evaluando población inicial
2025-10-17 17:59:46 - INFO - 
Iniciando evolución (hasta 21600s)...

2025-10-17 18:00:49 - INFO -   Gen    7 | Tiempo:    7.2m (resta: 352m) | Fitness:    120.1 | Puntos: 16064 | Dist:   168.8km
2025-10-17 18:01:49 - INFO -   Gen   16 | Tiempo:    8.2m (resta: 351m) | Fitness:    121.4 | Puntos: 16123 | Dist:   167.7km
2025-10-17 18:02:53 - INFO -   Gen   27 | Tiempo:    9.3m (resta: 350m) | Fitness:    126.3 | Puntos: 16284 | Dist:   179.3km
2025-10-17 18:03:54 - INFO -   Gen   39 | Tiempo:   10.3m (resta: 349m) | Fitness:    128.5 | Puntos: 16091 | Dist:   150.0km
2025-10-17 18:04:50 - INFO -   Gen   50 | Tiempo:   11.3m (resta: 348m) | Fitness:    130.0 | Puntos: 16348 | Dist:   156.0km
2025-10-17 18:05:55 - INFO -   Gen   63 | Tiempo:   12.3m (resta: 347m) | Fitness:    131.1 | Puntos: 16257 | Dist:   152.8km
2025-10-17 18:06:55 - INFO -   Gen   75 | Tiempo:   13.3m (resta: 346m) | Fitness:    133.0 | Puntos: 16241 | Dist:   138.3km
2025-10-17 18:07:59 - INFO -   Gen   88 | Tiempo:   14.4m (resta: 345m) | Fitness:    137.6 | Puntos: 16495 | Dist:   129.3km
2025-10-17 18:08:56 - INFO -   Gen  100 | Tiempo:   15.3m (resta: 344m) | Fitness:    137.6 | Puntos: 16495 | Dist:   129.3km
2025-10-17 18:09:59 - INFO -   Gen  113 | Tiempo:   16.4m (resta: 343m) | Fitness:    138.7 | Puntos: 16508 | Dist:   133.7km
2025-10-17 18:11:03 - INFO -   Gen  126 | Tiempo:   17.4m (resta: 342m) | Fitness:    138.7 | Puntos: 16515 | Dist:   138.3km
2025-10-17 18:12:06 - INFO -   Gen  138 | Tiempo:   18.5m (resta: 341m) | Fitness:    139.0 | Puntos: 16542 | Dist:   135.1km
2025-10-17 18:13:10 - INFO -   Gen  150 | Tiempo:   19.6m (resta: 340m) | Fitness:    140.0 | Puntos: 16536 | Dist:   131.4km
2025-10-17 18:14:15 - INFO -   Gen  163 | Tiempo:   20.7m (resta: 339m) | Fitness:    140.0 | Puntos: 16536 | Dist:   131.4km
2025-10-17 18:15:17 - INFO -   Gen  174 | Tiempo:   21.7m (resta: 338m) | Fitness:    140.1 | Puntos: 16548 | Dist:   130.6km
2025-10-17 18:16:19 - INFO -   Gen  186 | Tiempo:   22.7m (resta: 337m) | Fitness:    140.5 | Puntos: 16499 | Dist:   147.7km
2025-10-17 18:17:21 - INFO -   Gen  198 | Tiempo:   23.8m (resta: 336m) | Fitness:    140.8 | Puntos: 16523 | Dist:   133.6km
2025-10-17 18:17:31 - INFO -   Gen  200 | Tiempo:   23.9m (resta: 336m) | Fitness:    140.8 | Puntos: 16523 | Dist:   133.6km
2025-10-17 18:18:33 - INFO -   Gen  212 | Tiempo:   25.0m (resta: 335m) | Fitness:    141.9 | Puntos: 16534 | Dist:   138.8km
2025-10-17 18:19:38 - INFO -   Gen  225 | Tiempo:   26.0m (resta: 333m) | Fitness:    142.4 | Puntos: 16477 | Dist:   136.1km
2025-10-17 18:20:39 - INFO -   Gen  238 | Tiempo:   27.1m (resta: 332m) | Fitness:    142.9 | Puntos: 16428 | Dist:   140.4km
2025-10-17 18:21:37 - INFO -   Gen  250 | Tiempo:   28.0m (resta: 331m) | Fitness:    143.2 | Puntos: 16558 | Dist:   136.8km
2025-10-17 18:22:40 - INFO -   Gen  263 | Tiempo:   29.1m (resta: 330m) | Fitness:    144.1 | Puntos: 16454 | Dist:   136.9km
2025-10-17 18:23:44 - INFO -   Gen  276 | Tiempo:   30.1m (resta: 329m) | Fitness:    145.1 | Puntos: 16454 | Dist:   135.8km
2025-10-17 18:24:46 - INFO -   Gen  288 | Tiempo:   31.2m (resta: 328m) | Fitness:    145.4 | Puntos: 16477 | Dist:   137.9km
2025-10-17 18:25:48 - INFO -   Gen  300 | Tiempo:   32.2m (resta: 327m) | Fitness:    145.5 | Puntos: 16493 | Dist:   135.8km
2025-10-17 18:26:52 - INFO -   Gen  313 | Tiempo:   33.3m (resta: 326m) | Fitness:    145.8 | Puntos: 16524 | Dist:   146.1km
2025-10-17 18:27:56 - INFO -   Gen  325 | Tiempo:   34.3m (resta: 325m) | Fitness:    146.1 | Puntos: 16554 | Dist:   147.8km
2025-10-17 18:28:59 - INFO -   Gen  337 | Tiempo:   35.4m (resta: 324m) | Fitness:    146.3 | Puntos: 16572 | Dist:   142.7km
2025-10-17 18:30:03 - INFO -   Gen  349 | Tiempo:   36.5m (resta: 323m) | Fitness:    146.4 | Puntos: 16579 | Dist:   140.5km
2025-10-17 18:30:09 - INFO -   Gen  350 | Tiempo:   36.5m (resta: 323m) | Fitness:    146.4 | Puntos: 16579 | Dist:   140.5km
2025-10-17 18:31:13 - INFO -   Gen  362 | Tiempo:   37.6m (resta: 322m) | Fitness:    146.4 | Puntos: 16579 | Dist:   140.5km
2025-10-17 18:32:15 - INFO -   Gen  374 | Tiempo:   38.7m (resta: 321m) | Fitness:    146.9 | Puntos: 16627 | Dist:   131.2km
2025-10-17 18:33:17 - INFO -   Gen  386 | Tiempo:   39.7m (resta: 320m) | Fitness:    146.9 | Puntos: 16627 | Dist:   131.2km
2025-10-17 18:34:21 - INFO -   Gen  399 | Tiempo:   40.8m (resta: 319m) | Fitness:    146.9 | Puntos: 16627 | Dist:   131.2km
2025-10-17 18:34:26 - INFO -   Gen  400 | Tiempo:   40.8m (resta: 319m) | Fitness:    146.9 | Puntos: 16627 | Dist:   131.2km
2025-10-17 18:35:30 - INFO -   Gen  413 | Tiempo:   41.9m (resta: 318m) | Fitness:    146.9 | Puntos: 16633 | Dist:   130.1km
2025-10-17 18:36:35 - INFO -   Gen  426 | Tiempo:   43.0m (resta: 317m) | Fitness:    147.3 | Puntos: 16579 | Dist:   147.6km
2025-10-17 18:37:38 - INFO -   Gen  439 | Tiempo:   44.0m (resta: 315m) | Fitness:    147.6 | Puntos: 16597 | Dist:   139.5km
2025-10-17 18:38:31 - INFO -   Gen  450 | Tiempo:   44.9m (resta: 315m) | Fitness:    147.6 | Puntos: 16597 | Dist:   139.5km
2025-10-17 18:39:35 - INFO -   Gen  463 | Tiempo:   46.0m (resta: 314m) | Fitness:    147.6 | Puntos: 16597 | Dist:   139.5km
2025-10-17 18:40:37 - INFO -   Gen  475 | Tiempo:   47.0m (resta: 312m) | Fitness:    147.7 | Puntos: 16706 | Dist:   123.5km
2025-10-17 18:41:39 - INFO -   Gen  487 | Tiempo:   48.1m (resta: 311m) | Fitness:    147.8 | Puntos: 16713 | Dist:   123.4km
2025-10-17 18:42:44 - INFO -   Gen  500 | Tiempo:   49.1m (resta: 310m) | Fitness:    147.8 | Puntos: 16713 | Dist:   123.4km
2025-10-17 18:43:44 - INFO -   Gen  512 | Tiempo:   50.1m (resta: 309m) | Fitness:    148.0 | Puntos: 16736 | Dist:   124.7km
