2025-10-17 17:53:34 - INFO - ================================================================================
2025-10-17 17:53:34 - INFO - INICIO DE EJECUCIÓN - Algoritmo Genético España
2025-10-17 17:53:34 - INFO - Log guardado en: logs\Pob_5000_17_17_53.log
2025-10-17 17:53:34 - INFO - ================================================================================
2025-10-17 17:53:34 - INFO - 
================================================================================
2025-10-17 17:53:34 - INFO - ALGORITMO GENÉTICO
2025-10-17 17:53:34 - INFO - ================================================================================
2025-10-17 17:53:34 - INFO - Días: 20
2025-10-17 17:53:34 - INFO - Lugares/día: 12
2025-10-17 17:53:34 - INFO - Población: 5000
2025-10-17 17:53:34 - INFO - Tiempo límite: 6h 0m (6.00h)
2025-10-17 17:53:34 - INFO - Elitismo: 15%
2025-10-17 17:53:34 - INFO - Dataset: 2237 lugares en 20 ciudades
2025-10-17 17:53:34 - INFO - ================================================================================

2025-10-17 17:53:34 - INFO - Creando población inicial
2025-10-17 18:24:39 - INFO - Evaluando población inicial
2025-10-17 18:25:08 - INFO - 
Iniciando evolución (hasta 21600s)...

2025-10-17 18:26:28 - INFO -   Gen    1 | Tiempo:   31.6m (resta: 328m) | Fitness:    121.1 | Puntos: 16256 | Dist:   162.1km
2025-10-17 18:27:31 - INFO -   Gen    2 | Tiempo:   32.9m (resta: 327m) | Fitness:    121.1 | Puntos: 16256 | Dist:   162.1km
2025-10-17 18:28:56 - INFO -   Gen    4 | Tiempo:   34.7m (resta: 325m) | Fitness:    125.6 | Puntos: 16502 | Dist:   143.5km
2025-10-17 18:30:13 - INFO -   Gen    6 | Tiempo:   36.0m (resta: 323m) | Fitness:    125.6 | Puntos: 16502 | Dist:   143.5km
2025-10-17 18:31:24 - INFO -   Gen    8 | Tiempo:   37.3m (resta: 322m) | Fitness:    128.0 | Puntos: 16651 | Dist:   181.0km
2025-10-17 18:32:32 - INFO -   Gen   10 | Tiempo:   38.4m (resta: 321m) | Fitness:    128.0 | Puntos: 16651 | Dist:   181.0km
2025-10-17 18:33:37 - INFO -   Gen   12 | Tiempo:   39.5m (resta: 320m) | Fitness:    128.0 | Puntos: 16651 | Dist:   181.0km
2025-10-17 18:34:40 - INFO -   Gen   14 | Tiempo:   40.6m (resta: 319m) | Fitness:    128.0 | Puntos: 16651 | Dist:   181.0km
2025-10-17 18:35:40 - INFO -   Gen   16 | Tiempo:   41.6m (resta: 318m) | Fitness:    128.0 | Puntos: 16651 | Dist:   179.4km
2025-10-17 18:37:07 - INFO -   Gen   19 | Tiempo:   43.1m (resta: 316m) | Fitness:    130.5 | Puntos: 16805 | Dist:   176.7km
2025-10-17 18:38:31 - INFO -   Gen   22 | Tiempo:   44.5m (resta: 315m) | Fitness:    130.6 | Puntos: 16811 | Dist:   175.2km
2025-10-17 18:39:56 - INFO -   Gen   25 | Tiempo:   45.9m (resta: 314m) | Fitness:    131.6 | Puntos: 16815 | Dist:   178.7km
2025-10-17 18:41:22 - INFO -   Gen   28 | Tiempo:   47.4m (resta: 312m) | Fitness:    132.6 | Puntos: 16811 | Dist:   177.7km
2025-10-17 18:42:43 - INFO -   Gen   31 | Tiempo:   48.7m (resta: 311m) | Fitness:    132.6 | Puntos: 16811 | Dist:   177.7km
2025-10-17 18:44:04 - INFO -   Gen   34 | Tiempo:   50.1m (resta: 309m) | Fitness:    133.6 | Puntos: 16809 | Dist:   173.7km
2025-10-17 18:45:28 - INFO -   Gen   37 | Tiempo:   51.4m (resta: 308m) | Fitness:    134.7 | Puntos: 16823 | Dist:   175.9km
2025-10-17 18:46:49 - INFO -   Gen   40 | Tiempo:   52.8m (resta: 307m) | Fitness:    134.7 | Puntos: 16823 | Dist:   175.9km
2025-10-17 18:48:10 - INFO -   Gen   43 | Tiempo:   54.1m (resta: 305m) | Fitness:    134.7 | Puntos: 16823 | Dist:   175.9km
2025-10-17 18:49:29 - INFO -   Gen   46 | Tiempo:   55.5m (resta: 304m) | Fitness:    135.1 | Puntos: 17066 | Dist:   170.7km
2025-10-17 18:50:43 - INFO -   Gen   49 | Tiempo:   56.7m (resta: 303m) | Fitness:    136.1 | Puntos: 17066 | Dist:   174.2km
2025-10-17 18:51:09 - INFO -   Gen   50 | Tiempo:   57.1m (resta: 302m) | Fitness:    136.1 | Puntos: 17066 | Dist:   174.2km
2025-10-17 18:52:32 - INFO -   Gen   53 | Tiempo:   58.5m (resta: 301m) | Fitness:    136.6 | Puntos: 17006 | Dist:   162.0km
2025-10-17 18:53:58 - INFO -   Gen   56 | Tiempo:   60.0m (resta: 300m) | Fitness:    136.9 | Puntos: 16844 | Dist:   170.1km
2025-10-17 18:55:17 - INFO -   Gen   59 | Tiempo:   61.3m (resta: 298m) | Fitness:    136.9 | Puntos: 16844 | Dist:   170.1km
2025-10-17 18:56:39 - INFO -   Gen   62 | Tiempo:   62.6m (resta: 297m) | Fitness:    137.6 | Puntos: 16897 | Dist:   134.2km
2025-10-17 18:57:58 - INFO -   Gen   65 | Tiempo:   63.9m (resta: 296m) | Fitness:    137.6 | Puntos: 16708 | Dist:   154.8km
2025-10-17 18:59:29 - INFO -   Gen   68 | Tiempo:   65.4m (resta: 294m) | Fitness:    137.7 | Puntos: 17010 | Dist:   123.3km
2025-10-17 19:00:54 - INFO -   Gen   71 | Tiempo:   66.9m (resta: 293m) | Fitness:    137.7 | Puntos: 17010 | Dist:   123.3km
2025-10-17 19:02:15 - INFO -   Gen   74 | Tiempo:   68.2m (resta: 291m) | Fitness:    138.6 | Puntos: 16905 | Dist:   138.1km
2025-10-17 19:03:39 - INFO -   Gen   77 | Tiempo:   69.6m (resta: 290m) | Fitness:    138.7 | Puntos: 17019 | Dist:   175.3km
