2025-10-17 02:48:28 - INFO - ================================================================================
2025-10-17 02:48:28 - INFO - INICIO DE EJECUCIÓN - Algoritmo Genético España
2025-10-17 02:48:28 - INFO - Log guardado en: logs\Pob_500_17_02_48.log
2025-10-17 02:48:28 - INFO - ================================================================================
2025-10-17 02:48:28 - INFO - 
================================================================================
2025-10-17 02:48:28 - INFO - ALGORITMO GENÉTICO
2025-10-17 02:48:28 - INFO - ================================================================================
2025-10-17 02:48:28 - INFO - Días: 20
2025-10-17 02:48:28 - INFO - Lugares/día: 12
2025-10-17 02:48:28 - INFO - Población: 500
2025-10-17 02:48:28 - INFO - Tiempo límite: 0h 0m (0.01h)
2025-10-17 02:48:28 - INFO - Elitismo: 15%
2025-10-17 02:48:28 - INFO - Dataset: 1367 lugares en 10 ciudades
2025-10-17 02:48:28 - INFO - ================================================================================

2025-10-17 02:48:28 - INFO - Creando población inicial
2025-10-17 02:48:29 - INFO - Evaluando población inicial
2025-10-17 02:48:29 - INFO - 
Iniciando evolución (hasta 36s)...

2025-10-17 02:49:05 - INFO - 
⏱️  Tiempo límite alcanzado: 36.7s
2025-10-17 02:49:05 - INFO - 
✅ Evolución completada!
2025-10-17 02:49:05 - INFO - 🏆 Mejor fitness global: -134067.5
2025-10-17 02:49:05 - INFO - 📊 Generaciones ejecutadas: 47
2025-10-17 02:49:05 - INFO - ⏱️  Tiempo total: 36.70s (0.61m)
