2025-10-17 17:53:31 - INFO - ================================================================================
2025-10-17 17:53:31 - INFO - INICIO DE EJECUCIÓN - Algoritmo Genético España
2025-10-17 17:53:31 - INFO - Log guardado en: logs\Pob_1000_17_17_53.log
2025-10-17 17:53:31 - INFO - ================================================================================
2025-10-17 17:53:31 - INFO - 
================================================================================
2025-10-17 17:53:31 - INFO - ALGORITMO GENÉTICO
2025-10-17 17:53:31 - INFO - ================================================================================
2025-10-17 17:53:31 - INFO - Días: 20
2025-10-17 17:53:31 - INFO - Lugares/día: 12
2025-10-17 17:53:31 - INFO - Población: 1000
2025-10-17 17:53:31 - INFO - Tiempo límite: 6h 0m (6.00h)
2025-10-17 17:53:31 - INFO - Elitismo: 15%
2025-10-17 17:53:31 - INFO - Dataset: 2237 lugares en 20 ciudades
2025-10-17 17:53:31 - INFO - ================================================================================

2025-10-17 17:53:31 - INFO - Creando población inicial
2025-10-17 17:59:41 - INFO - Evaluando población inicial
2025-10-17 17:59:46 - INFO - 
Iniciando evolución (hasta 21600s)...

2025-10-17 18:00:49 - INFO -   Gen    7 | Tiempo:    7.2m (resta: 352m) | Fitness:    120.1 | Puntos: 16064 | Dist:   168.8km
2025-10-17 18:01:49 - INFO -   Gen   16 | Tiempo:    8.2m (resta: 351m) | Fitness:    121.4 | Puntos: 16123 | Dist:   167.7km
2025-10-17 18:02:53 - INFO -   Gen   27 | Tiempo:    9.3m (resta: 350m) | Fitness:    126.3 | Puntos: 16284 | Dist:   179.3km
2025-10-17 18:03:54 - INFO -   Gen   39 | Tiempo:   10.3m (resta: 349m) | Fitness:    128.5 | Puntos: 16091 | Dist:   150.0km
2025-10-17 18:04:50 - INFO -   Gen   50 | Tiempo:   11.3m (resta: 348m) | Fitness:    130.0 | Puntos: 16348 | Dist:   156.0km
2025-10-17 18:05:55 - INFO -   Gen   63 | Tiempo:   12.3m (resta: 347m) | Fitness:    131.1 | Puntos: 16257 | Dist:   152.8km
2025-10-17 18:06:55 - INFO -   Gen   75 | Tiempo:   13.3m (resta: 346m) | Fitness:    133.0 | Puntos: 16241 | Dist:   138.3km
2025-10-17 18:07:59 - INFO -   Gen   88 | Tiempo:   14.4m (resta: 345m) | Fitness:    137.6 | Puntos: 16495 | Dist:   129.3km
2025-10-17 18:08:56 - INFO -   Gen  100 | Tiempo:   15.3m (resta: 344m) | Fitness:    137.6 | Puntos: 16495 | Dist:   129.3km
2025-10-17 18:09:59 - INFO -   Gen  113 | Tiempo:   16.4m (resta: 343m) | Fitness:    138.7 | Puntos: 16508 | Dist:   133.7km
2025-10-17 18:11:03 - INFO -   Gen  126 | Tiempo:   17.4m (resta: 342m) | Fitness:    138.7 | Puntos: 16515 | Dist:   138.3km
2025-10-17 18:12:06 - INFO -   Gen  138 | Tiempo:   18.5m (resta: 341m) | Fitness:    139.0 | Puntos: 16542 | Dist:   135.1km
2025-10-17 18:13:10 - INFO -   Gen  150 | Tiempo:   19.6m (resta: 340m) | Fitness:    140.0 | Puntos: 16536 | Dist:   131.4km
2025-10-17 18:14:15 - INFO -   Gen  163 | Tiempo:   20.7m (resta: 339m) | Fitness:    140.0 | Puntos: 16536 | Dist:   131.4km
2025-10-17 18:15:17 - INFO -   Gen  174 | Tiempo:   21.7m (resta: 338m) | Fitness:    140.1 | Puntos: 16548 | Dist:   130.6km
2025-10-17 18:16:19 - INFO -   Gen  186 | Tiempo:   22.7m (resta: 337m) | Fitness:    140.5 | Puntos: 16499 | Dist:   147.7km
2025-10-17 18:17:21 - INFO -   Gen  198 | Tiempo:   23.8m (resta: 336m) | Fitness:    140.8 | Puntos: 16523 | Dist:   133.6km
2025-10-17 18:17:31 - INFO -   Gen  200 | Tiempo:   23.9m (resta: 336m) | Fitness:    140.8 | Puntos: 16523 | Dist:   133.6km
2025-10-17 18:18:33 - INFO -   Gen  212 | Tiempo:   25.0m (resta: 335m) | Fitness:    141.9 | Puntos: 16534 | Dist:   138.8km
2025-10-17 18:19:38 - INFO -   Gen  225 | Tiempo:   26.0m (resta: 333m) | Fitness:    142.4 | Puntos: 16477 | Dist:   136.1km
2025-10-17 18:20:39 - INFO -   Gen  238 | Tiempo:   27.1m (resta: 332m) | Fitness:    142.9 | Puntos: 16428 | Dist:   140.4km
2025-10-17 18:21:37 - INFO -   Gen  250 | Tiempo:   28.0m (resta: 331m) | Fitness:    143.2 | Puntos: 16558 | Dist:   136.8km
2025-10-17 18:22:40 - INFO -   Gen  263 | Tiempo:   29.1m (resta: 330m) | Fitness:    144.1 | Puntos: 16454 | Dist:   136.9km
2025-10-17 18:23:44 - INFO -   Gen  276 | Tiempo:   30.1m (resta: 329m) | Fitness:    145.1 | Puntos: 16454 | Dist:   135.8km
2025-10-17 18:24:46 - INFO -   Gen  288 | Tiempo:   31.2m (resta: 328m) | Fitness:    145.4 | Puntos: 16477 | Dist:   137.9km
2025-10-17 18:25:48 - INFO -   Gen  300 | Tiempo:   32.2m (resta: 327m) | Fitness:    145.5 | Puntos: 16493 | Dist:   135.8km
2025-10-17 18:26:52 - INFO -   Gen  313 | Tiempo:   33.3m (resta: 326m) | Fitness:    145.8 | Puntos: 16524 | Dist:   146.1km
2025-10-17 18:27:56 - INFO -   Gen  325 | Tiempo:   34.3m (resta: 325m) | Fitness:    146.1 | Puntos: 16554 | Dist:   147.8km
2025-10-17 18:28:59 - INFO -   Gen  337 | Tiempo:   35.4m (resta: 324m) | Fitness:    146.3 | Puntos: 16572 | Dist:   142.7km
2025-10-17 18:30:03 - INFO -   Gen  349 | Tiempo:   36.5m (resta: 323m) | Fitness:    146.4 | Puntos: 16579 | Dist:   140.5km
2025-10-17 18:30:09 - INFO -   Gen  350 | Tiempo:   36.5m (resta: 323m) | Fitness:    146.4 | Puntos: 16579 | Dist:   140.5km
2025-10-17 18:31:13 - INFO -   Gen  362 | Tiempo:   37.6m (resta: 322m) | Fitness:    146.4 | Puntos: 16579 | Dist:   140.5km
2025-10-17 18:32:15 - INFO -   Gen  374 | Tiempo:   38.7m (resta: 321m) | Fitness:    146.9 | Puntos: 16627 | Dist:   131.2km
2025-10-17 18:33:17 - INFO -   Gen  386 | Tiempo:   39.7m (resta: 320m) | Fitness:    146.9 | Puntos: 16627 | Dist:   131.2km
2025-10-17 18:34:21 - INFO -   Gen  399 | Tiempo:   40.8m (resta: 319m) | Fitness:    146.9 | Puntos: 16627 | Dist:   131.2km
2025-10-17 18:34:26 - INFO -   Gen  400 | Tiempo:   40.8m (resta: 319m) | Fitness:    146.9 | Puntos: 16627 | Dist:   131.2km
2025-10-17 18:35:30 - INFO -   Gen  413 | Tiempo:   41.9m (resta: 318m) | Fitness:    146.9 | Puntos: 16633 | Dist:   130.1km
2025-10-17 18:36:35 - INFO -   Gen  426 | Tiempo:   43.0m (resta: 317m) | Fitness:    147.3 | Puntos: 16579 | Dist:   147.6km
2025-10-17 18:37:38 - INFO -   Gen  439 | Tiempo:   44.0m (resta: 315m) | Fitness:    147.6 | Puntos: 16597 | Dist:   139.5km
2025-10-17 18:38:31 - INFO -   Gen  450 | Tiempo:   44.9m (resta: 315m) | Fitness:    147.6 | Puntos: 16597 | Dist:   139.5km
2025-10-17 18:39:35 - INFO -   Gen  463 | Tiempo:   46.0m (resta: 314m) | Fitness:    147.6 | Puntos: 16597 | Dist:   139.5km
2025-10-17 18:40:37 - INFO -   Gen  475 | Tiempo:   47.0m (resta: 312m) | Fitness:    147.7 | Puntos: 16706 | Dist:   123.5km
2025-10-17 18:41:39 - INFO -   Gen  487 | Tiempo:   48.1m (resta: 311m) | Fitness:    147.8 | Puntos: 16713 | Dist:   123.4km
2025-10-17 18:42:44 - INFO -   Gen  500 | Tiempo:   49.1m (resta: 310m) | Fitness:    147.8 | Puntos: 16713 | Dist:   123.4km
2025-10-17 18:43:44 - INFO -   Gen  512 | Tiempo:   50.1m (resta: 309m) | Fitness:    148.0 | Puntos: 16736 | Dist:   124.7km
2025-10-17 18:44:48 - INFO -   Gen  524 | Tiempo:   51.2m (resta: 308m) | Fitness:    148.0 | Puntos: 16736 | Dist:   124.7km
2025-10-17 18:45:53 - INFO -   Gen  536 | Tiempo:   52.3m (resta: 307m) | Fitness:    148.0 | Puntos: 16736 | Dist:   124.7km
2025-10-17 18:46:57 - INFO -   Gen  548 | Tiempo:   53.4m (resta: 306m) | Fitness:    148.1 | Puntos: 16747 | Dist:   121.2km
2025-10-17 18:47:08 - INFO -   Gen  550 | Tiempo:   53.5m (resta: 306m) | Fitness:    148.1 | Puntos: 16747 | Dist:   121.2km
2025-10-17 18:48:10 - INFO -   Gen  562 | Tiempo:   54.6m (resta: 305m) | Fitness:    148.8 | Puntos: 16715 | Dist:   127.0km
2025-10-17 18:49:14 - INFO -   Gen  575 | Tiempo:   55.7m (resta: 304m) | Fitness:    148.8 | Puntos: 16715 | Dist:   126.6km
2025-10-17 18:50:18 - INFO -   Gen  589 | Tiempo:   56.7m (resta: 303m) | Fitness:    148.8 | Puntos: 16715 | Dist:   126.6km
2025-10-17 18:51:09 - INFO -   Gen  600 | Tiempo:   57.6m (resta: 302m) | Fitness:    148.8 | Puntos: 16715 | Dist:   126.6km
2025-10-17 18:52:13 - INFO -   Gen  613 | Tiempo:   58.6m (resta: 301m) | Fitness:    149.2 | Puntos: 16757 | Dist:   129.2km
2025-10-17 18:53:14 - INFO -   Gen  624 | Tiempo:   59.6m (resta: 300m) | Fitness:    149.2 | Puntos: 16757 | Dist:   129.2km
2025-10-17 18:54:19 - INFO -   Gen  637 | Tiempo:   60.7m (resta: 299m) | Fitness:    149.5 | Puntos: 16782 | Dist:   121.6km
2025-10-17 18:55:21 - INFO -   Gen  650 | Tiempo:   61.8m (resta: 298m) | Fitness:    149.7 | Puntos: 16808 | Dist:   124.1km
2025-10-17 18:56:26 - INFO -   Gen  663 | Tiempo:   62.8m (resta: 297m) | Fitness:    149.7 | Puntos: 16808 | Dist:   124.1km
2025-10-17 18:57:29 - INFO -   Gen  676 | Tiempo:   63.9m (resta: 296m) | Fitness:    149.7 | Puntos: 16808 | Dist:   124.1km
2025-10-17 18:58:29 - INFO -   Gen  688 | Tiempo:   64.9m (resta: 295m) | Fitness:    150.1 | Puntos: 16845 | Dist:   124.7km
2025-10-17 18:59:32 - INFO -   Gen  699 | Tiempo:   65.9m (resta: 294m) | Fitness:    150.1 | Puntos: 16845 | Dist:   124.7km
2025-10-17 18:59:37 - INFO -   Gen  700 | Tiempo:   66.0m (resta: 293m) | Fitness:    150.1 | Puntos: 16845 | Dist:   124.7km
2025-10-17 19:00:42 - INFO -   Gen  712 | Tiempo:   67.1m (resta: 292m) | Fitness:    150.1 | Puntos: 16845 | Dist:   124.7km
2025-10-17 19:01:43 - INFO -   Gen  724 | Tiempo:   68.1m (resta: 291m) | Fitness:    150.1 | Puntos: 16845 | Dist:   124.7km
2025-10-17 19:02:45 - INFO -   Gen  736 | Tiempo:   69.2m (resta: 290m) | Fitness:    150.1 | Puntos: 16845 | Dist:   124.7km
2025-10-17 19:03:45 - INFO -   Gen  748 | Tiempo:   70.2m (resta: 289m) | Fitness:    150.1 | Puntos: 16845 | Dist:   124.7km
2025-10-17 19:03:56 - INFO -   Gen  750 | Tiempo:   70.3m (resta: 289m) | Fitness:    150.1 | Puntos: 16845 | Dist:   124.7km
2025-10-17 19:04:59 - INFO -   Gen  763 | Tiempo:   71.4m (resta: 288m) | Fitness:    150.7 | Puntos: 16811 | Dist:   129.8km
2025-10-17 19:06:01 - INFO -   Gen  775 | Tiempo:   72.4m (resta: 287m) | Fitness:    150.7 | Puntos: 16811 | Dist:   129.8km
2025-10-17 19:07:05 - INFO -   Gen  788 | Tiempo:   73.5m (resta: 286m) | Fitness:    150.7 | Puntos: 16811 | Dist:   129.8km
2025-10-17 19:08:03 - INFO -   Gen  800 | Tiempo:   74.5m (resta: 285m) | Fitness:    150.7 | Puntos: 16811 | Dist:   129.8km
2025-10-17 19:09:06 - INFO -   Gen  813 | Tiempo:   75.5m (resta: 284m) | Fitness:    150.7 | Puntos: 16811 | Dist:   129.8km
2025-10-17 19:10:10 - INFO -   Gen  826 | Tiempo:   76.6m (resta: 283m) | Fitness:    150.8 | Puntos: 16915 | Dist:   127.5km
2025-10-17 19:11:13 - INFO -   Gen  838 | Tiempo:   77.6m (resta: 282m) | Fitness:    150.8 | Puntos: 16915 | Dist:   127.5km
2025-10-17 19:12:15 - INFO -   Gen  850 | Tiempo:   78.7m (resta: 281m) | Fitness:    150.8 | Puntos: 16915 | Dist:   127.5km
2025-10-17 19:13:19 - INFO -   Gen  863 | Tiempo:   79.7m (resta: 280m) | Fitness:    150.8 | Puntos: 16915 | Dist:   127.5km
2025-10-17 19:14:23 - INFO -   Gen  876 | Tiempo:   80.8m (resta: 279m) | Fitness:    150.9 | Puntos: 16928 | Dist:   116.5km
2025-10-17 19:15:27 - INFO -   Gen  888 | Tiempo:   81.9m (resta: 278m) | Fitness:    150.9 | Puntos: 16928 | Dist:   116.5km
2025-10-17 19:16:28 - INFO -   Gen  900 | Tiempo:   82.9m (resta: 277m) | Fitness:    151.1 | Puntos: 16946 | Dist:   119.0km
2025-10-17 19:17:30 - INFO -   Gen  912 | Tiempo:   83.9m (resta: 276m) | Fitness:    151.1 | Puntos: 16946 | Dist:   119.0km
2025-10-17 19:18:30 - INFO -   Gen  924 | Tiempo:   84.9m (resta: 275m) | Fitness:    151.1 | Puntos: 16946 | Dist:   119.0km
2025-10-17 19:19:33 - INFO -   Gen  937 | Tiempo:   86.0m (resta: 274m) | Fitness:    151.1 | Puntos: 16946 | Dist:   119.0km
2025-10-17 19:20:39 - INFO -   Gen  950 | Tiempo:   87.0m (resta: 272m) | Fitness:    151.2 | Puntos: 16857 | Dist:   133.5km
2025-10-17 19:21:40 - INFO -   Gen  962 | Tiempo:   88.1m (resta: 271m) | Fitness:    151.2 | Puntos: 16952 | Dist:   115.0km
2025-10-17 19:22:43 - INFO -   Gen  974 | Tiempo:   89.1m (resta: 270m) | Fitness:    151.2 | Puntos: 16952 | Dist:   115.0km
2025-10-17 19:23:43 - INFO -   Gen  986 | Tiempo:   90.1m (resta: 269m) | Fitness:    151.2 | Puntos: 16864 | Dist:   134.7km
2025-10-17 19:24:44 - INFO -   Gen  998 | Tiempo:   91.1m (resta: 268m) | Fitness:    151.2 | Puntos: 16864 | Dist:   134.7km
2025-10-17 19:24:54 - INFO -   Gen 1000 | Tiempo:   91.3m (resta: 268m) | Fitness:    151.2 | Puntos: 16957 | Dist:   111.1km
2025-10-17 19:25:58 - INFO -   Gen 1012 | Tiempo:   92.4m (resta: 267m) | Fitness:    151.3 | Puntos: 16866 | Dist:   127.6km
2025-10-17 19:27:02 - INFO -   Gen 1025 | Tiempo:   93.4m (resta: 266m) | Fitness:    151.3 | Puntos: 16866 | Dist:   127.6km
2025-10-17 19:28:03 - INFO -   Gen 1037 | Tiempo:   94.4m (resta: 265m) | Fitness:    151.4 | Puntos: 16971 | Dist:   118.9km
2025-10-17 19:29:03 - INFO -   Gen 1049 | Tiempo:   95.5m (resta: 264m) | Fitness:    151.4 | Puntos: 16882 | Dist:   138.1km
2025-10-17 19:29:08 - INFO -   Gen 1050 | Tiempo:   95.5m (resta: 264m) | Fitness:    151.4 | Puntos: 16882 | Dist:   138.1km
2025-10-17 19:30:10 - INFO -   Gen 1062 | Tiempo:   96.6m (resta: 263m) | Fitness:    151.4 | Puntos: 16882 | Dist:   138.1km
2025-10-17 19:31:15 - INFO -   Gen 1075 | Tiempo:   97.6m (resta: 262m) | Fitness:    151.5 | Puntos: 16789 | Dist:   121.9km
2025-10-17 19:32:19 - INFO -   Gen 1087 | Tiempo:   98.7m (resta: 261m) | Fitness:    151.5 | Puntos: 16789 | Dist:   121.9km
2025-10-17 19:33:20 - INFO -   Gen 1099 | Tiempo:   99.7m (resta: 260m) | Fitness:    151.7 | Puntos: 16803 | Dist:   122.7km
2025-10-17 19:33:25 - INFO -   Gen 1100 | Tiempo:   99.8m (resta: 260m) | Fitness:    151.7 | Puntos: 16803 | Dist:   122.7km
2025-10-17 19:34:28 - INFO -   Gen 1112 | Tiempo:  100.9m (resta: 259m) | Fitness:    151.7 | Puntos: 16803 | Dist:   122.7km
2025-10-17 19:35:30 - INFO -   Gen 1124 | Tiempo:  101.9m (resta: 258m) | Fitness:    152.5 | Puntos: 16994 | Dist:   140.3km
2025-10-17 19:36:30 - INFO -   Gen 1136 | Tiempo:  102.9m (resta: 257m) | Fitness:    152.5 | Puntos: 16994 | Dist:   140.3km
2025-10-17 19:37:31 - INFO -   Gen 1148 | Tiempo:  103.9m (resta: 256m) | Fitness:    152.5 | Puntos: 16994 | Dist:   140.3km
2025-10-17 19:37:41 - INFO -   Gen 1150 | Tiempo:  104.1m (resta: 255m) | Fitness:    152.5 | Puntos: 16994 | Dist:   140.3km
2025-10-17 19:38:43 - INFO -   Gen 1162 | Tiempo:  105.1m (resta: 254m) | Fitness:    152.5 | Puntos: 16994 | Dist:   140.3km
2025-10-17 19:39:43 - INFO -   Gen 1174 | Tiempo:  106.1m (resta: 253m) | Fitness:    152.5 | Puntos: 16994 | Dist:   140.3km
2025-10-17 19:40:47 - INFO -   Gen 1187 | Tiempo:  107.2m (resta: 252m) | Fitness:    152.5 | Puntos: 16999 | Dist:   148.8km
2025-10-17 19:41:50 - INFO -   Gen 1200 | Tiempo:  108.2m (resta: 251m) | Fitness:    152.5 | Puntos: 16999 | Dist:   148.8km
2025-10-17 19:42:51 - INFO -   Gen 1213 | Tiempo:  109.3m (resta: 250m) | Fitness:    152.5 | Puntos: 16999 | Dist:   148.8km
2025-10-17 19:43:53 - INFO -   Gen 1226 | Tiempo:  110.3m (resta: 249m) | Fitness:    152.6 | Puntos: 17004 | Dist:   150.5km
2025-10-17 19:44:55 - INFO -   Gen 1239 | Tiempo:  111.3m (resta: 248m) | Fitness:    152.7 | Puntos: 17019 | Dist:   151.3km
2025-10-17 19:45:47 - INFO -   Gen 1250 | Tiempo:  112.2m (resta: 247m) | Fitness:    152.7 | Puntos: 17019 | Dist:   151.3km
2025-10-17 19:46:49 - INFO -   Gen 1263 | Tiempo:  113.2m (resta: 246m) | Fitness:    152.8 | Puntos: 17022 | Dist:   147.3km
2025-10-17 19:47:49 - INFO -   Gen 1276 | Tiempo:  114.2m (resta: 245m) | Fitness:    152.8 | Puntos: 17022 | Dist:   147.3km
2025-10-17 19:48:50 - INFO -   Gen 1289 | Tiempo:  115.2m (resta: 244m) | Fitness:    152.8 | Puntos: 17022 | Dist:   147.3km
2025-10-17 19:49:41 - INFO -   Gen 1300 | Tiempo:  116.1m (resta: 243m) | Fitness:    152.9 | Puntos: 17035 | Dist:   152.9km
2025-10-17 19:50:45 - INFO -   Gen 1314 | Tiempo:  117.2m (resta: 242m) | Fitness:    152.9 | Puntos: 17035 | Dist:   152.9km
2025-10-17 19:51:49 - INFO -   Gen 1328 | Tiempo:  118.2m (resta: 241m) | Fitness:    153.1 | Puntos: 16959 | Dist:   152.5km
2025-10-17 19:52:50 - INFO -   Gen 1341 | Tiempo:  119.2m (resta: 240m) | Fitness:    154.0 | Puntos: 17041 | Dist:   149.7km
2025-10-17 19:53:31 - INFO -   Gen 1350 | Tiempo:  119.9m (resta: 240m) | Fitness:    154.0 | Puntos: 17041 | Dist:   149.7km
2025-10-17 19:54:35 - INFO -   Gen 1364 | Tiempo:  121.0m (resta: 238m) | Fitness:    154.0 | Puntos: 17041 | Dist:   149.0km
2025-10-17 19:55:36 - INFO -   Gen 1377 | Tiempo:  122.0m (resta: 237m) | Fitness:    154.0 | Puntos: 17041 | Dist:   149.0km
2025-10-17 19:56:36 - INFO -   Gen 1390 | Tiempo:  123.0m (resta: 236m) | Fitness:    154.0 | Puntos: 17041 | Dist:   149.0km
2025-10-17 19:57:23 - INFO -   Gen 1400 | Tiempo:  123.8m (resta: 236m) | Fitness:    154.0 | Puntos: 17041 | Dist:   149.0km
2025-10-17 19:58:24 - INFO -   Gen 1413 | Tiempo:  124.8m (resta: 235m) | Fitness:    154.0 | Puntos: 17041 | Dist:   149.0km
2025-10-17 19:59:25 - INFO -   Gen 1426 | Tiempo:  125.8m (resta: 234m) | Fitness:    154.0 | Puntos: 17041 | Dist:   148.6km
2025-10-17 20:00:26 - INFO -   Gen 1439 | Tiempo:  126.8m (resta: 233m) | Fitness:    154.0 | Puntos: 17041 | Dist:   148.6km
2025-10-17 20:01:18 - INFO -   Gen 1450 | Tiempo:  127.7m (resta: 232m) | Fitness:    154.2 | Puntos: 17069 | Dist:   155.8km
2025-10-17 20:02:19 - INFO -   Gen 1463 | Tiempo:  128.7m (resta: 231m) | Fitness:    154.2 | Puntos: 17069 | Dist:   155.8km
2025-10-17 20:03:20 - INFO -   Gen 1476 | Tiempo:  129.7m (resta: 230m) | Fitness:    154.2 | Puntos: 17069 | Dist:   155.8km
2025-10-17 20:04:21 - INFO -   Gen 1489 | Tiempo:  130.8m (resta: 229m) | Fitness:    154.2 | Puntos: 17069 | Dist:   155.8km
2025-10-17 20:05:12 - INFO -   Gen 1500 | Tiempo:  131.6m (resta: 228m) | Fitness:    154.3 | Puntos: 17080 | Dist:   150.4km
2025-10-17 20:06:13 - INFO -   Gen 1513 | Tiempo:  132.6m (resta: 227m) | Fitness:    154.3 | Puntos: 17080 | Dist:   150.4km
2025-10-17 20:07:14 - INFO -   Gen 1526 | Tiempo:  133.6m (resta: 226m) | Fitness:    154.7 | Puntos: 17016 | Dist:   152.5km
2025-10-17 20:08:15 - INFO -   Gen 1539 | Tiempo:  134.7m (resta: 225m) | Fitness:    154.7 | Puntos: 17016 | Dist:   152.5km
2025-10-17 20:09:06 - INFO -   Gen 1550 | Tiempo:  135.5m (resta: 224m) | Fitness:    154.7 | Puntos: 17016 | Dist:   152.5km
2025-10-17 20:10:07 - INFO -   Gen 1563 | Tiempo:  136.5m (resta: 223m) | Fitness:    154.7 | Puntos: 17016 | Dist:   152.5km
2025-10-17 20:11:07 - INFO -   Gen 1576 | Tiempo:  137.5m (resta: 222m) | Fitness:    154.7 | Puntos: 17018 | Dist:   150.8km
2025-10-17 20:12:08 - INFO -   Gen 1589 | Tiempo:  138.5m (resta: 221m) | Fitness:    154.8 | Puntos: 17022 | Dist:   150.6km
2025-10-17 20:13:00 - INFO -   Gen 1600 | Tiempo:  139.4m (resta: 220m) | Fitness:    154.9 | Puntos: 17038 | Dist:   154.0km
2025-10-17 20:14:01 - INFO -   Gen 1613 | Tiempo:  140.4m (resta: 219m) | Fitness:    154.9 | Puntos: 17038 | Dist:   154.0km
2025-10-17 20:15:03 - INFO -   Gen 1626 | Tiempo:  141.5m (resta: 218m) | Fitness:    154.9 | Puntos: 17038 | Dist:   154.0km
2025-10-17 20:16:05 - INFO -   Gen 1639 | Tiempo:  142.5m (resta: 217m) | Fitness:    154.9 | Puntos: 17038 | Dist:   154.0km
2025-10-17 20:16:58 - INFO -   Gen 1650 | Tiempo:  143.4m (resta: 216m) | Fitness:    154.9 | Puntos: 17038 | Dist:   151.8km
2025-10-17 20:17:59 - INFO -   Gen 1663 | Tiempo:  144.4m (resta: 215m) | Fitness:    154.9 | Puntos: 17038 | Dist:   151.8km
2025-10-17 20:19:01 - INFO -   Gen 1676 | Tiempo:  145.4m (resta: 214m) | Fitness:    155.1 | Puntos: 17052 | Dist:   154.3km
2025-10-17 20:20:01 - INFO -   Gen 1689 | Tiempo:  146.4m (resta: 213m) | Fitness:    155.1 | Puntos: 17052 | Dist:   154.3km
2025-10-17 20:20:52 - INFO -   Gen 1700 | Tiempo:  147.3m (resta: 212m) | Fitness:    155.1 | Puntos: 17059 | Dist:   148.8km
2025-10-17 20:21:56 - INFO -   Gen 1714 | Tiempo:  148.3m (resta: 211m) | Fitness:    155.1 | Puntos: 17059 | Dist:   148.8km
2025-10-17 20:23:00 - INFO -   Gen 1728 | Tiempo:  149.4m (resta: 210m) | Fitness:    155.1 | Puntos: 17059 | Dist:   148.8km
2025-10-17 20:24:04 - INFO -   Gen 1742 | Tiempo:  150.5m (resta: 209m) | Fitness:    155.1 | Puntos: 17059 | Dist:   148.8km
2025-10-17 20:24:41 - INFO -   Gen 1750 | Tiempo:  151.1m (resta: 208m) | Fitness:    155.1 | Puntos: 17059 | Dist:   148.8km
2025-10-17 20:25:45 - INFO -   Gen 1764 | Tiempo:  152.2m (resta: 207m) | Fitness:    155.3 | Puntos: 17074 | Dist:   151.8km
2025-10-17 20:26:50 - INFO -   Gen 1778 | Tiempo:  153.2m (resta: 206m) | Fitness:    155.3 | Puntos: 17074 | Dist:   151.8km
2025-10-17 20:27:50 - INFO -   Gen 1791 | Tiempo:  154.2m (resta: 205m) | Fitness:    155.8 | Puntos: 17027 | Dist:   143.0km
2025-10-17 20:28:31 - INFO -   Gen 1800 | Tiempo:  154.9m (resta: 205m) | Fitness:    155.8 | Puntos: 17027 | Dist:   143.0km
2025-10-17 20:29:32 - INFO -   Gen 1813 | Tiempo:  155.9m (resta: 204m) | Fitness:    155.9 | Puntos: 17039 | Dist:   148.5km
2025-10-17 20:30:32 - INFO -   Gen 1826 | Tiempo:  157.0m (resta: 203m) | Fitness:    155.9 | Puntos: 17039 | Dist:   148.5km
2025-10-17 20:31:33 - INFO -   Gen 1839 | Tiempo:  158.0m (resta: 202m) | Fitness:    155.9 | Puntos: 17039 | Dist:   148.5km
2025-10-17 20:32:25 - INFO -   Gen 1850 | Tiempo:  158.8m (resta: 201m) | Fitness:    156.0 | Puntos: 17040 | Dist:   142.1km
2025-10-17 20:33:26 - INFO -   Gen 1863 | Tiempo:  159.8m (resta: 200m) | Fitness:    156.0 | Puntos: 17042 | Dist:   144.8km
2025-10-17 20:34:28 - INFO -   Gen 1876 | Tiempo:  160.9m (resta: 199m) | Fitness:    156.0 | Puntos: 17042 | Dist:   144.8km
2025-10-17 20:35:30 - INFO -   Gen 1889 | Tiempo:  161.9m (resta: 198m) | Fitness:    156.0 | Puntos: 17042 | Dist:   144.8km
2025-10-17 20:36:22 - INFO -   Gen 1900 | Tiempo:  162.8m (resta: 197m) | Fitness:    156.2 | Puntos: 17060 | Dist:   141.3km
2025-10-17 20:37:24 - INFO -   Gen 1913 | Tiempo:  163.8m (resta: 196m) | Fitness:    156.2 | Puntos: 17060 | Dist:   141.3km
2025-10-17 20:38:26 - INFO -   Gen 1926 | Tiempo:  164.8m (resta: 195m) | Fitness:    156.2 | Puntos: 17060 | Dist:   141.3km
2025-10-17 20:39:27 - INFO -   Gen 1939 | Tiempo:  165.9m (resta: 194m) | Fitness:    157.6 | Puntos: 17107 | Dist:   155.0km
2025-10-17 20:40:18 - INFO -   Gen 1950 | Tiempo:  166.7m (resta: 193m) | Fitness:    157.6 | Puntos: 17107 | Dist:   155.0km
2025-10-17 20:41:22 - INFO -   Gen 1964 | Tiempo:  167.8m (resta: 192m) | Fitness:    157.6 | Puntos: 17107 | Dist:   155.0km
2025-10-17 20:42:26 - INFO -   Gen 1978 | Tiempo:  168.9m (resta: 191m) | Fitness:    157.6 | Puntos: 17107 | Dist:   155.0km
2025-10-17 20:43:30 - INFO -   Gen 1992 | Tiempo:  169.9m (resta: 190m) | Fitness:    157.6 | Puntos: 17107 | Dist:   155.0km
2025-10-17 20:44:06 - INFO -   Gen 2000 | Tiempo:  170.5m (resta: 189m) | Fitness:    157.6 | Puntos: 17107 | Dist:   155.0km
2025-10-17 20:45:11 - INFO -   Gen 2014 | Tiempo:  171.6m (resta: 188m) | Fitness:    157.6 | Puntos: 17107 | Dist:   155.0km
2025-10-17 20:46:15 - INFO -   Gen 2028 | Tiempo:  172.7m (resta: 187m) | Fitness:    157.6 | Puntos: 17107 | Dist:   155.0km
2025-10-17 20:47:06 - INFO - 
⚠️  ESTANCAMIENTO DETECTADO: 100 generaciones sin mejora
2025-10-17 20:47:06 - INFO -    Mejor fitness actual: 157.6
