Requirement already satisfied: nbformat in /home/alumno.upv.es/scheng1/.conda/envs/RFA2526pt/lib/python3.12/site-packages (5.10.4)
Requirement already satisfied: nbconvert in /home/alumno.upv.es/scheng1/.conda/envs/RFA2526pt/lib/python3.12/site-packages (7.16.6)
Requirement already satisfied: ipykernel in /home/alumno.upv.es/scheng1/.conda/envs/RFA2526pt/lib/python3.12/site-packages (7.1.0)
Requirement already satisfied: torch in /home/alumno.upv.es/scheng1/.conda/envs/RFA2526pt/lib/python3.12/site-packages (2.9.1)
Requirement already satisfied: fastjsonschema>=2.15 in /home/alumno.upv.es/scheng1/.conda/envs/RFA2526pt/lib/python3.12/site-packages (from nbformat) (2.21.2)
Requirement already satisfied: jsonschema>=2.6 in /home/alumno.upv.es/scheng1/.conda/envs/RFA2526pt/lib/python3.12/site-packages (from nbformat) (4.25.1)
Requirement already satisfied: jupyter-core!=5.0.*,>=4.12 in /home/alumno.upv.es/scheng1/.conda/envs/RFA2526pt/lib/python3.12/site-packages (from nbformat) (5.9.1)
Requirement already satisfied: traitlets>=5.1 in /home/alumno.upv.es/scheng1/.conda/envs/RFA2526pt/lib/python3.12/site-packages (from nbformat) (5.14.3)
Requirement already satisfied: beautifulsoup4 in /home/alumno.upv.es/scheng1/.conda/envs/RFA2526pt/lib/python3.12/site-packages (from nbconvert) (4.14.3)
Requirement already satisfied: bleach!=5.0.0 in /home/alumno.upv.es/scheng1/.conda/envs/RFA2526pt/lib/python3.12/site-packages (from bleach[css]!=5.0.0->nbconvert) (6.3.0)
Requirement already satisfied: defusedxml in /home/alumno.upv.es/scheng1/.conda/envs/RFA2526pt/lib/python3.12/site-packages (from nbconvert) (0.7.1)
Requirement already satisfied: jinja2>=3.0 in /home/alumno.upv.es/scheng1/.conda/envs/RFA2526pt/lib/python3.12/site-packages (from nbconvert) (3.1.6)
Requirement already satisfied: jupyterlab-pygments in /home/alumno.upv.es/scheng1/.conda/envs/RFA2526pt/lib/python3.12/site-packages (from nbconvert) (0.3.0)
Requirement already satisfied: markupsafe>=2.0 in /home/alumno.upv.es/scheng1/.conda/envs/RFA2526pt/lib/python3.12/site-packages (from nbconvert) (3.0.3)
Requirement already satisfied: mistune<4,>=2.0.3 in /home/alumno.upv.es/scheng1/.conda/envs/RFA2526pt/lib/python3.12/site-packages (from nbconvert) (3.1.4)
Requirement already satisfied: nbclient>=0.5.0 in /home/alumno.upv.es/scheng1/.conda/envs/RFA2526pt/lib/python3.12/site-packages (from nbconvert) (0.10.2)
Requirement already satisfied: packaging in /home/alumno.upv.es/scheng1/.conda/envs/RFA2526pt/lib/python3.12/site-packages (from nbconvert) (25.0)
Requirement already satisfied: pandocfilters>=1.4.1 in /home/alumno.upv.es/scheng1/.conda/envs/RFA2526pt/lib/python3.12/site-packages (from nbconvert) (1.5.1)
Requirement already satisfied: pygments>=2.4.1 in /home/alumno.upv.es/scheng1/.conda/envs/RFA2526pt/lib/python3.12/site-packages (from nbconvert) (2.19.2)
Requirement already satisfied: comm>=0.1.1 in /home/alumno.upv.es/scheng1/.conda/envs/RFA2526pt/lib/python3.12/site-packages (from ipykernel) (0.2.3)
Requirement already satisfied: debugpy>=1.6.5 in /home/alumno.upv.es/scheng1/.conda/envs/RFA2526pt/lib/python3.12/site-packages (from ipykernel) (1.8.17)
Requirement already satisfied: ipython>=7.23.1 in /home/alumno.upv.es/scheng1/.conda/envs/RFA2526pt/lib/python3.12/site-packages (from ipykernel) (9.7.0)
Requirement already satisfied: jupyter-client>=8.0.0 in /home/alumno.upv.es/scheng1/.conda/envs/RFA2526pt/lib/python3.12/site-packages (from ipykernel) (8.6.3)
Requirement already satisfied: matplotlib-inline>=0.1 in /home/alumno.upv.es/scheng1/.conda/envs/RFA2526pt/lib/python3.12/site-packages (from ipykernel) (0.2.1)
Requirement already satisfied: nest-asyncio>=1.4 in /home/alumno.upv.es/scheng1/.conda/envs/RFA2526pt/lib/python3.12/site-packages (from ipykernel) (1.6.0)
Requirement already satisfied: psutil>=5.7 in /home/alumno.upv.es/scheng1/.conda/envs/RFA2526pt/lib/python3.12/site-packages (from ipykernel) (7.1.3)
Requirement already satisfied: pyzmq>=25 in /home/alumno.upv.es/scheng1/.conda/envs/RFA2526pt/lib/python3.12/site-packages (from ipykernel) (27.1.0)
Requirement already satisfied: tornado>=6.2 in /home/alumno.upv.es/scheng1/.conda/envs/RFA2526pt/lib/python3.12/site-packages (from ipykernel) (6.5.2)
Requirement already satisfied: filelock in /home/alumno.upv.es/scheng1/.conda/envs/RFA2526pt/lib/python3.12/site-packages (from torch) (3.20.0)
Requirement already satisfied: typing-extensions>=4.10.0 in /home/alumno.upv.es/scheng1/.conda/envs/RFA2526pt/lib/python3.12/site-packages (from torch) (4.15.0)
Requirement already satisfied: setuptools in /home/alumno.upv.es/scheng1/.conda/envs/RFA2526pt/lib/python3.12/site-packages (from torch) (80.9.0)
Requirement already satisfied: sympy>=1.13.3 in /home/alumno.upv.es/scheng1/.conda/envs/RFA2526pt/lib/python3.12/site-packages (from torch) (1.14.0)
Requirement already satisfied: networkx>=2.5.1 in /home/alumno.upv.es/scheng1/.conda/envs/RFA2526pt/lib/python3.12/site-packages (from torch) (3.6)
Requirement already satisfied: fsspec>=0.8.5 in /home/alumno.upv.es/scheng1/.conda/envs/RFA2526pt/lib/python3.12/site-packages (from torch) (2025.10.0)
Requirement already satisfied: nvidia-cuda-nvrtc-cu12==12.8.93 in /home/alumno.upv.es/scheng1/.conda/envs/RFA2526pt/lib/python3.12/site-packages (from torch) (12.8.93)
Requirement already satisfied: nvidia-cuda-runtime-cu12==12.8.90 in /home/alumno.upv.es/scheng1/.conda/envs/RFA2526pt/lib/python3.12/site-packages (from torch) (12.8.90)
Requirement already satisfied: nvidia-cuda-cupti-cu12==12.8.90 in /home/alumno.upv.es/scheng1/.conda/envs/RFA2526pt/lib/python3.12/site-packages (from torch) (12.8.90)
Requirement already satisfied: nvidia-cudnn-cu12==9.10.2.21 in /home/alumno.upv.es/scheng1/.conda/envs/RFA2526pt/lib/python3.12/site-packages (from torch) (9.10.2.21)
Requirement already satisfied: nvidia-cublas-cu12==12.8.4.1 in /home/alumno.upv.es/scheng1/.conda/envs/RFA2526pt/lib/python3.12/site-packages (from torch) (12.8.4.1)
Requirement already satisfied: nvidia-cufft-cu12==11.3.3.83 in /home/alumno.upv.es/scheng1/.conda/envs/RFA2526pt/lib/python3.12/site-packages (from torch) (11.3.3.83)
Requirement already satisfied: nvidia-curand-cu12==10.3.9.90 in /home/alumno.upv.es/scheng1/.conda/envs/RFA2526pt/lib/python3.12/site-packages (from torch) (10.3.9.90)
Requirement already satisfied: nvidia-cusolver-cu12==11.7.3.90 in /home/alumno.upv.es/scheng1/.conda/envs/RFA2526pt/lib/python3.12/site-packages (from torch) (11.7.3.90)
Requirement already satisfied: nvidia-cusparse-cu12==12.5.8.93 in /home/alumno.upv.es/scheng1/.conda/envs/RFA2526pt/lib/python3.12/site-packages (from torch) (12.5.8.93)
Requirement already satisfied: nvidia-cusparselt-cu12==0.7.1 in /home/alumno.upv.es/scheng1/.conda/envs/RFA2526pt/lib/python3.12/site-packages (from torch) (0.7.1)
Requirement already satisfied: nvidia-nccl-cu12==2.27.5 in /home/alumno.upv.es/scheng1/.conda/envs/RFA2526pt/lib/python3.12/site-packages (from torch) (2.27.5)
Requirement already satisfied: nvidia-nvshmem-cu12==3.3.20 in /home/alumno.upv.es/scheng1/.conda/envs/RFA2526pt/lib/python3.12/site-packages (from torch) (3.3.20)
Requirement already satisfied: nvidia-nvtx-cu12==12.8.90 in /home/alumno.upv.es/scheng1/.conda/envs/RFA2526pt/lib/python3.12/site-packages (from torch) (12.8.90)
Requirement already satisfied: nvidia-nvjitlink-cu12==12.8.93 in /home/alumno.upv.es/scheng1/.conda/envs/RFA2526pt/lib/python3.12/site-packages (from torch) (12.8.93)
Requirement already satisfied: nvidia-cufile-cu12==1.13.1.3 in /home/alumno.upv.es/scheng1/.conda/envs/RFA2526pt/lib/python3.12/site-packages (from torch) (1.13.1.3)
Requirement already satisfied: triton==3.5.1 in /home/alumno.upv.es/scheng1/.conda/envs/RFA2526pt/lib/python3.12/site-packages (from torch) (3.5.1)
Requirement already satisfied: webencodings in /home/alumno.upv.es/scheng1/.conda/envs/RFA2526pt/lib/python3.12/site-packages (from bleach!=5.0.0->bleach[css]!=5.0.0->nbconvert) (0.5.1)
Requirement already satisfied: tinycss2<1.5,>=1.1.0 in /home/alumno.upv.es/scheng1/.conda/envs/RFA2526pt/lib/python3.12/site-packages (from bleach[css]!=5.0.0->nbconvert) (1.4.0)
Requirement already satisfied: decorator>=4.3.2 in /home/alumno.upv.es/scheng1/.conda/envs/RFA2526pt/lib/python3.12/site-packages (from ipython>=7.23.1->ipykernel) (5.2.1)
Requirement already satisfied: ipython-pygments-lexers>=1.0.0 in /home/alumno.upv.es/scheng1/.conda/envs/RFA2526pt/lib/python3.12/site-packages (from ipython>=7.23.1->ipykernel) (1.1.1)
Requirement already satisfied: jedi>=0.18.1 in /home/alumno.upv.es/scheng1/.conda/envs/RFA2526pt/lib/python3.12/site-packages (from ipython>=7.23.1->ipykernel) (0.19.2)
Requirement already satisfied: pexpect>4.3 in /home/alumno.upv.es/scheng1/.conda/envs/RFA2526pt/lib/python3.12/site-packages (from ipython>=7.23.1->ipykernel) (4.9.0)
Requirement already satisfied: prompt_toolkit<3.1.0,>=3.0.41 in /home/alumno.upv.es/scheng1/.conda/envs/RFA2526pt/lib/python3.12/site-packages (from ipython>=7.23.1->ipykernel) (3.0.52)
Requirement already satisfied: stack_data>=0.6.0 in /home/alumno.upv.es/scheng1/.conda/envs/RFA2526pt/lib/python3.12/site-packages (from ipython>=7.23.1->ipykernel) (0.6.3)
Requirement already satisfied: wcwidth in /home/alumno.upv.es/scheng1/.conda/envs/RFA2526pt/lib/python3.12/site-packages (from prompt_toolkit<3.1.0,>=3.0.41->ipython>=7.23.1->ipykernel) (0.2.14)
Requirement already satisfied: parso<0.9.0,>=0.8.4 in /home/alumno.upv.es/scheng1/.conda/envs/RFA2526pt/lib/python3.12/site-packages (from jedi>=0.18.1->ipython>=7.23.1->ipykernel) (0.8.5)
Requirement already satisfied: attrs>=22.2.0 in /home/alumno.upv.es/scheng1/.conda/envs/RFA2526pt/lib/python3.12/site-packages (from jsonschema>=2.6->nbformat) (25.4.0)
Requirement already satisfied: jsonschema-specifications>=2023.03.6 in /home/alumno.upv.es/scheng1/.conda/envs/RFA2526pt/lib/python3.12/site-packages (from jsonschema>=2.6->nbformat) (2025.9.1)
Requirement already satisfied: referencing>=0.28.4 in /home/alumno.upv.es/scheng1/.conda/envs/RFA2526pt/lib/python3.12/site-packages (from jsonschema>=2.6->nbformat) (0.37.0)
Requirement already satisfied: rpds-py>=0.7.1 in /home/alumno.upv.es/scheng1/.conda/envs/RFA2526pt/lib/python3.12/site-packages (from jsonschema>=2.6->nbformat) (0.30.0)
Requirement already satisfied: python-dateutil>=2.8.2 in /home/alumno.upv.es/scheng1/.conda/envs/RFA2526pt/lib/python3.12/site-packages (from jupyter-client>=8.0.0->ipykernel) (2.9.0.post0)
Requirement already satisfied: platformdirs>=2.5 in /home/alumno.upv.es/scheng1/.conda/envs/RFA2526pt/lib/python3.12/site-packages (from jupyter-core!=5.0.*,>=4.12->nbformat) (4.5.0)
Requirement already satisfied: ptyprocess>=0.5 in /home/alumno.upv.es/scheng1/.conda/envs/RFA2526pt/lib/python3.12/site-packages (from pexpect>4.3->ipython>=7.23.1->ipykernel) (0.7.0)
Requirement already satisfied: six>=1.5 in /home/alumno.upv.es/scheng1/.conda/envs/RFA2526pt/lib/python3.12/site-packages (from python-dateutil>=2.8.2->jupyter-client>=8.0.0->ipykernel) (1.17.0)
Requirement already satisfied: executing>=1.2.0 in /home/alumno.upv.es/scheng1/.conda/envs/RFA2526pt/lib/python3.12/site-packages (from stack_data>=0.6.0->ipython>=7.23.1->ipykernel) (2.2.1)
Requirement already satisfied: asttokens>=2.1.0 in /home/alumno.upv.es/scheng1/.conda/envs/RFA2526pt/lib/python3.12/site-packages (from stack_data>=0.6.0->ipython>=7.23.1->ipykernel) (3.0.1)
Requirement already satisfied: pure-eval in /home/alumno.upv.es/scheng1/.conda/envs/RFA2526pt/lib/python3.12/site-packages (from stack_data>=0.6.0->ipython>=7.23.1->ipykernel) (0.2.3)
Requirement already satisfied: mpmath<1.4,>=1.1.0 in /home/alumno.upv.es/scheng1/.conda/envs/RFA2526pt/lib/python3.12/site-packages (from sympy>=1.13.3->torch) (1.3.0)
Requirement already satisfied: soupsieve>=1.6.1 in /home/alumno.upv.es/scheng1/.conda/envs/RFA2526pt/lib/python3.12/site-packages (from beautifulsoup4->nbconvert) (2.8)
📓 Starting execution of run11_transformer_causal_decoder_text.ipynb
⏰ Time: 2025-12-04 14:47:36
------------------------------------------------------------
▶️  Executing notebook...
------------------------------------------------------------
❌ Error during execution: An error occurred while executing the following cell:
------------------
class FeedForward(torch.nn.Module):
    def __init__(self, d_model=512, d_ff=1024, dropout=0.1, **kwargs):
        super().__init__()
        self.ff = torch.nn.Sequential(
            torch.nn.LayerNorm(d_model),
            torch.nn.Linear(d_model, d_ff),
            torch.nn.ReLU(),
            torch.nn.Dropout(dropout),
            torch.nn.Linear(d_ff, d_model),
        )        
    def forward(self, x):
        return self.ff(x)

class CausalSelfAttention(torch.nn.Module):
    def __init__(self, d_model, n_heads=8, d_head=64, dropout=0.1, seq_len=1024,**kwargs):
        super().__init__()
        print('Causal Self Attention, d_model:', d_model, 'n_heads:', n_heads, 'd_head:', d_head, 'seq_len:', seq_len)
        self.seq_len = seq_len
        self.d_model = d_model
        self.n_heads = n_heads
        self.d_head = d_head
        self.scale = torch.sqrt(torch.tensor(d_head, dtype=torch.float32))
        self.norm = torch.nn.LayerNorm(d_model)
        self.q_linear = torch.nn.Linear(d_model, d_head*n_heads)
        self.v_linear = torch.nn.Linear(d_model, d_head*n_heads)
        self.k_linear = torch.nn.Linear(d_model, d_head*n_heads)
        self.dropout = torch.nn.Dropout(dropout)
        self.out = torch.nn.Linear(d_head*n_heads, d_model)        
        self.register_buffer("mask", torch.tril(torch.ones(self.seq_len, self.seq_len))[None, None, ...] == 0)
            
    def forward(self, x):
        x = self.norm(x)
        b, n, d = x.shape
        q = self.q_linear(x).reshape(b, -1, self.n_heads, self.d_head)
        k = self.k_linear(x).reshape(b, -1, self.n_heads, self.d_head)
        v = self.v_linear(x).reshape(b, -1, self.n_heads, self.d_head) 
        scores = torch.einsum('bihd,bjhd->bhij', q, k) / self.scale        
        scores = scores.masked_fill(self.mask[:,:,:n,:n], float('-inf'))
        att = scores.softmax(dim=-1)
        att = self.dropout(att)
        out = torch.einsum('bhij,bjhd->bihd', att, v)
        out = self.dropout(out).reshape(b, -1, self.n_heads*self.d_head)
        out = self.out(out)
        return out

class Decoder(torch.nn.Module):
    def __init__(self, nb_layers=6, **kwargs):
        super().__init__()        
        seq_len = kwargs['seq_len']     
        self.pos = torch.nn.Parameter(torch.randn(1, seq_len, kwargs['d_model']))
        self.att = torch.nn.ModuleList([CausalSelfAttention(**kwargs) for _ in range(nb_layers)])
        self.ff = torch.nn.ModuleList([FeedForward(**kwargs) for _ in range(nb_layers)])
        
    def forward(self, x):
        b, n, d = x.shape
        x = x + self.pos[:, :n, :]
        for att, ff in zip(self.att, self.ff):
            x = x + att(x)
            x = x + ff(x)            
        return x

class Transformer(torch.nn.Module):
    def __init__(self, vocab_size=20, **kwargs):
        super().__init__()
        self.vocab_size = vocab_size    
        self.seq_len = kwargs['seq_len']    
        self.emb = torch.nn.Embedding(vocab_size, kwargs['d_model'])        
        self.dec = Decoder(**kwargs)
        self.out = torch.nn.Linear(kwargs['d_model'], vocab_size)
        
    def decoder(self, x):
        x = self.emb(x)
        x = self.dec(x)
        return self.out(x)
    
    def forward(self, x):
        return self.decoder(x)
                
    def loss(self, y):         
        logits = self(y[:,:-1]).reshape(-1, self.vocab_size)
        target = y[:,1:].reshape(-1)
        
        loss = torch.nn.functional.cross_entropy(logits,target)
        return loss
    
    def generate(self, y):
        device = next(self.parameters()).device
        self.eval()        
        y = y.tolist()
        
        with torch.no_grad():                        
            while y[-1] != 22 and len(y) < self.seq_len:
                logits = self.decoder(torch.tensor(y).reshape(1,-1).to(device))
                y.append(logits.argmax(-1)[:,-1].item())
                
        return y
------------------


[31m---------------------------------------------------------------------------[39m
[31mNameError[39m                                 Traceback (most recent call last)
[36mCell[39m[36m [39m[32mIn[1][39m[32m, line 1[39m
[32m----> [39m[32m1[39m [38;5;28;01mclass[39;00m[38;5;250m [39m[34;01mFeedForward[39;00m([43mtorch[49m.nn.Module):
[32m      2[39m     [38;5;28;01mdef[39;00m[38;5;250m [39m[34m__init__[39m([38;5;28mself[39m, d_model=[32m512[39m, d_ff=[32m1024[39m, dropout=[32m0.1[39m, **kwargs):
[32m      3[39m         [38;5;28msuper[39m().[34m__init__[39m()

[31mNameError[39m: name 'torch' is not defined


Script completed at jue 04 dic 2025 14:47:37 CET
