Requirement already satisfied: nbformat in /home/alumno.upv.es/scheng1/.conda/envs/RFA2526pt/lib/python3.12/site-packages (5.10.4)
Requirement already satisfied: nbconvert in /home/alumno.upv.es/scheng1/.conda/envs/RFA2526pt/lib/python3.12/site-packages (7.16.6)
Requirement already satisfied: ipykernel in /home/alumno.upv.es/scheng1/.conda/envs/RFA2526pt/lib/python3.12/site-packages (7.1.0)
Requirement already satisfied: jiwer in /home/alumno.upv.es/scheng1/.conda/envs/RFA2526pt/lib/python3.12/site-packages (4.0.0)
Requirement already satisfied: fastjsonschema>=2.15 in /home/alumno.upv.es/scheng1/.conda/envs/RFA2526pt/lib/python3.12/site-packages (from nbformat) (2.21.2)
Requirement already satisfied: jsonschema>=2.6 in /home/alumno.upv.es/scheng1/.conda/envs/RFA2526pt/lib/python3.12/site-packages (from nbformat) (4.25.1)
Requirement already satisfied: jupyter-core!=5.0.*,>=4.12 in /home/alumno.upv.es/scheng1/.conda/envs/RFA2526pt/lib/python3.12/site-packages (from nbformat) (5.9.1)
Requirement already satisfied: traitlets>=5.1 in /home/alumno.upv.es/scheng1/.conda/envs/RFA2526pt/lib/python3.12/site-packages (from nbformat) (5.14.3)
Requirement already satisfied: beautifulsoup4 in /home/alumno.upv.es/scheng1/.conda/envs/RFA2526pt/lib/python3.12/site-packages (from nbconvert) (4.14.3)
Requirement already satisfied: bleach!=5.0.0 in /home/alumno.upv.es/scheng1/.conda/envs/RFA2526pt/lib/python3.12/site-packages (from bleach[css]!=5.0.0->nbconvert) (6.3.0)
Requirement already satisfied: defusedxml in /home/alumno.upv.es/scheng1/.conda/envs/RFA2526pt/lib/python3.12/site-packages (from nbconvert) (0.7.1)
Requirement already satisfied: jinja2>=3.0 in /home/alumno.upv.es/scheng1/.conda/envs/RFA2526pt/lib/python3.12/site-packages (from nbconvert) (3.1.6)
Requirement already satisfied: jupyterlab-pygments in /home/alumno.upv.es/scheng1/.conda/envs/RFA2526pt/lib/python3.12/site-packages (from nbconvert) (0.3.0)
Requirement already satisfied: markupsafe>=2.0 in /home/alumno.upv.es/scheng1/.conda/envs/RFA2526pt/lib/python3.12/site-packages (from nbconvert) (3.0.3)
Requirement already satisfied: mistune<4,>=2.0.3 in /home/alumno.upv.es/scheng1/.conda/envs/RFA2526pt/lib/python3.12/site-packages (from nbconvert) (3.1.4)
Requirement already satisfied: nbclient>=0.5.0 in /home/alumno.upv.es/scheng1/.conda/envs/RFA2526pt/lib/python3.12/site-packages (from nbconvert) (0.10.2)
Requirement already satisfied: packaging in /home/alumno.upv.es/scheng1/.conda/envs/RFA2526pt/lib/python3.12/site-packages (from nbconvert) (25.0)
Requirement already satisfied: pandocfilters>=1.4.1 in /home/alumno.upv.es/scheng1/.conda/envs/RFA2526pt/lib/python3.12/site-packages (from nbconvert) (1.5.1)
Requirement already satisfied: pygments>=2.4.1 in /home/alumno.upv.es/scheng1/.conda/envs/RFA2526pt/lib/python3.12/site-packages (from nbconvert) (2.19.2)
Requirement already satisfied: comm>=0.1.1 in /home/alumno.upv.es/scheng1/.conda/envs/RFA2526pt/lib/python3.12/site-packages (from ipykernel) (0.2.3)
Requirement already satisfied: debugpy>=1.6.5 in /home/alumno.upv.es/scheng1/.conda/envs/RFA2526pt/lib/python3.12/site-packages (from ipykernel) (1.8.17)
Requirement already satisfied: ipython>=7.23.1 in /home/alumno.upv.es/scheng1/.conda/envs/RFA2526pt/lib/python3.12/site-packages (from ipykernel) (9.7.0)
Requirement already satisfied: jupyter-client>=8.0.0 in /home/alumno.upv.es/scheng1/.conda/envs/RFA2526pt/lib/python3.12/site-packages (from ipykernel) (8.6.3)
Requirement already satisfied: matplotlib-inline>=0.1 in /home/alumno.upv.es/scheng1/.conda/envs/RFA2526pt/lib/python3.12/site-packages (from ipykernel) (0.2.1)
Requirement already satisfied: nest-asyncio>=1.4 in /home/alumno.upv.es/scheng1/.conda/envs/RFA2526pt/lib/python3.12/site-packages (from ipykernel) (1.6.0)
Requirement already satisfied: psutil>=5.7 in /home/alumno.upv.es/scheng1/.conda/envs/RFA2526pt/lib/python3.12/site-packages (from ipykernel) (7.1.3)
Requirement already satisfied: pyzmq>=25 in /home/alumno.upv.es/scheng1/.conda/envs/RFA2526pt/lib/python3.12/site-packages (from ipykernel) (27.1.0)
Requirement already satisfied: tornado>=6.2 in /home/alumno.upv.es/scheng1/.conda/envs/RFA2526pt/lib/python3.12/site-packages (from ipykernel) (6.5.2)
Requirement already satisfied: click>=8.1.8 in /home/alumno.upv.es/scheng1/.conda/envs/RFA2526pt/lib/python3.12/site-packages (from jiwer) (8.3.1)
Requirement already satisfied: rapidfuzz>=3.9.7 in /home/alumno.upv.es/scheng1/.conda/envs/RFA2526pt/lib/python3.12/site-packages (from jiwer) (3.14.3)
Requirement already satisfied: webencodings in /home/alumno.upv.es/scheng1/.conda/envs/RFA2526pt/lib/python3.12/site-packages (from bleach!=5.0.0->bleach[css]!=5.0.0->nbconvert) (0.5.1)
Requirement already satisfied: tinycss2<1.5,>=1.1.0 in /home/alumno.upv.es/scheng1/.conda/envs/RFA2526pt/lib/python3.12/site-packages (from bleach[css]!=5.0.0->nbconvert) (1.4.0)
Requirement already satisfied: decorator>=4.3.2 in /home/alumno.upv.es/scheng1/.conda/envs/RFA2526pt/lib/python3.12/site-packages (from ipython>=7.23.1->ipykernel) (5.2.1)
Requirement already satisfied: ipython-pygments-lexers>=1.0.0 in /home/alumno.upv.es/scheng1/.conda/envs/RFA2526pt/lib/python3.12/site-packages (from ipython>=7.23.1->ipykernel) (1.1.1)
Requirement already satisfied: jedi>=0.18.1 in /home/alumno.upv.es/scheng1/.conda/envs/RFA2526pt/lib/python3.12/site-packages (from ipython>=7.23.1->ipykernel) (0.19.2)
Requirement already satisfied: pexpect>4.3 in /home/alumno.upv.es/scheng1/.conda/envs/RFA2526pt/lib/python3.12/site-packages (from ipython>=7.23.1->ipykernel) (4.9.0)
Requirement already satisfied: prompt_toolkit<3.1.0,>=3.0.41 in /home/alumno.upv.es/scheng1/.conda/envs/RFA2526pt/lib/python3.12/site-packages (from ipython>=7.23.1->ipykernel) (3.0.52)
Requirement already satisfied: stack_data>=0.6.0 in /home/alumno.upv.es/scheng1/.conda/envs/RFA2526pt/lib/python3.12/site-packages (from ipython>=7.23.1->ipykernel) (0.6.3)
Requirement already satisfied: wcwidth in /home/alumno.upv.es/scheng1/.conda/envs/RFA2526pt/lib/python3.12/site-packages (from prompt_toolkit<3.1.0,>=3.0.41->ipython>=7.23.1->ipykernel) (0.2.14)
Requirement already satisfied: parso<0.9.0,>=0.8.4 in /home/alumno.upv.es/scheng1/.conda/envs/RFA2526pt/lib/python3.12/site-packages (from jedi>=0.18.1->ipython>=7.23.1->ipykernel) (0.8.5)
Requirement already satisfied: attrs>=22.2.0 in /home/alumno.upv.es/scheng1/.conda/envs/RFA2526pt/lib/python3.12/site-packages (from jsonschema>=2.6->nbformat) (25.4.0)
Requirement already satisfied: jsonschema-specifications>=2023.03.6 in /home/alumno.upv.es/scheng1/.conda/envs/RFA2526pt/lib/python3.12/site-packages (from jsonschema>=2.6->nbformat) (2025.9.1)
Requirement already satisfied: referencing>=0.28.4 in /home/alumno.upv.es/scheng1/.conda/envs/RFA2526pt/lib/python3.12/site-packages (from jsonschema>=2.6->nbformat) (0.37.0)
Requirement already satisfied: rpds-py>=0.7.1 in /home/alumno.upv.es/scheng1/.conda/envs/RFA2526pt/lib/python3.12/site-packages (from jsonschema>=2.6->nbformat) (0.30.0)
Requirement already satisfied: python-dateutil>=2.8.2 in /home/alumno.upv.es/scheng1/.conda/envs/RFA2526pt/lib/python3.12/site-packages (from jupyter-client>=8.0.0->ipykernel) (2.9.0.post0)
Requirement already satisfied: platformdirs>=2.5 in /home/alumno.upv.es/scheng1/.conda/envs/RFA2526pt/lib/python3.12/site-packages (from jupyter-core!=5.0.*,>=4.12->nbformat) (4.5.0)
Requirement already satisfied: ptyprocess>=0.5 in /home/alumno.upv.es/scheng1/.conda/envs/RFA2526pt/lib/python3.12/site-packages (from pexpect>4.3->ipython>=7.23.1->ipykernel) (0.7.0)
Requirement already satisfied: six>=1.5 in /home/alumno.upv.es/scheng1/.conda/envs/RFA2526pt/lib/python3.12/site-packages (from python-dateutil>=2.8.2->jupyter-client>=8.0.0->ipykernel) (1.17.0)
Requirement already satisfied: typing-extensions>=4.4.0 in /home/alumno.upv.es/scheng1/.conda/envs/RFA2526pt/lib/python3.12/site-packages (from referencing>=0.28.4->jsonschema>=2.6->nbformat) (4.15.0)
Requirement already satisfied: executing>=1.2.0 in /home/alumno.upv.es/scheng1/.conda/envs/RFA2526pt/lib/python3.12/site-packages (from stack_data>=0.6.0->ipython>=7.23.1->ipykernel) (2.2.1)
Requirement already satisfied: asttokens>=2.1.0 in /home/alumno.upv.es/scheng1/.conda/envs/RFA2526pt/lib/python3.12/site-packages (from stack_data>=0.6.0->ipython>=7.23.1->ipykernel) (3.0.1)
Requirement already satisfied: pure-eval in /home/alumno.upv.es/scheng1/.conda/envs/RFA2526pt/lib/python3.12/site-packages (from stack_data>=0.6.0->ipython>=7.23.1->ipykernel) (0.2.3)
Requirement already satisfied: soupsieve>=1.6.1 in /home/alumno.upv.es/scheng1/.conda/envs/RFA2526pt/lib/python3.12/site-packages (from beautifulsoup4->nbconvert) (2.8)
[NbConvertApp] Converting notebook Tarea1_3.ipynb to notebook
Traceback (most recent call last):
  File "/home/alumno.upv.es/scheng1/.local/bin/jupyter-nbconvert", line 8, in <module>
    sys.exit(main())
             ~~~~^^
  File "/home/alumno.upv.es/scheng1/.local/lib/python3.13/site-packages/jupyter_core/application.py", line 284, in launch_instance
    super().launch_instance(argv=argv, **kwargs)
    ~~~~~~~~~~~~~~~~~~~~~~~^^^^^^^^^^^^^^^^^^^^^
  File "/home/alumno.upv.es/scheng1/.local/lib/python3.13/site-packages/traitlets/config/application.py", line 1075, in launch_instance
    app.start()
    ~~~~~~~~~^^
  File "/home/alumno.upv.es/scheng1/.local/lib/python3.13/site-packages/nbconvert/nbconvertapp.py", line 420, in start
    self.convert_notebooks()
    ~~~~~~~~~~~~~~~~~~~~~~^^
  File "/home/alumno.upv.es/scheng1/.local/lib/python3.13/site-packages/nbconvert/nbconvertapp.py", line 597, in convert_notebooks
    self.convert_single_notebook(notebook_filename)
    ~~~~~~~~~~~~~~~~~~~~~~~~~~~~^^^^^^^^^^^^^^^^^^^
  File "/home/alumno.upv.es/scheng1/.local/lib/python3.13/site-packages/nbconvert/nbconvertapp.py", line 563, in convert_single_notebook
    output, resources = self.export_single_notebook(
                        ~~~~~~~~~~~~~~~~~~~~~~~~~~~^
        notebook_filename, resources, input_buffer=input_buffer
        ^^^^^^^^^^^^^^^^^^^^^^^^^^^^^^^^^^^^^^^^^^^^^^^^^^^^^^^
    )
    ^
  File "/home/alumno.upv.es/scheng1/.local/lib/python3.13/site-packages/nbconvert/nbconvertapp.py", line 487, in export_single_notebook
    output, resources = self.exporter.from_filename(
                        ~~~~~~~~~~~~~~~~~~~~~~~~~~~^
        notebook_filename, resources=resources
        ^^^^^^^^^^^^^^^^^^^^^^^^^^^^^^^^^^^^^^
    )
    ^
  File "/home/alumno.upv.es/scheng1/.local/lib/python3.13/site-packages/nbconvert/exporters/exporter.py", line 201, in from_filename
    return self.from_file(f, resources=resources, **kw)
           ~~~~~~~~~~~~~~^^^^^^^^^^^^^^^^^^^^^^^^^^^^^^
  File "/home/alumno.upv.es/scheng1/.local/lib/python3.13/site-packages/nbconvert/exporters/exporter.py", line 220, in from_file
    return self.from_notebook_node(
           ~~~~~~~~~~~~~~~~~~~~~~~^
        nbformat.read(file_stream, as_version=4), resources=resources, **kw
        ^^^^^^^^^^^^^^^^^^^^^^^^^^^^^^^^^^^^^^^^^^^^^^^^^^^^^^^^^^^^^^^^^^^
    )
    ^
  File "/home/alumno.upv.es/scheng1/.local/lib/python3.13/site-packages/nbconvert/exporters/notebook.py", line 36, in from_notebook_node
    nb_copy, resources = super().from_notebook_node(nb, resources, **kw)
                         ~~~~~~~~~~~~~~~~~~~~~~~~~~^^^^^^^^^^^^^^^^^^^^^
  File "/home/alumno.upv.es/scheng1/.local/lib/python3.13/site-packages/nbconvert/exporters/exporter.py", line 154, in from_notebook_node
    nb_copy, resources = self._preprocess(nb_copy, resources)
                         ~~~~~~~~~~~~~~~~^^^^^^^^^^^^^^^^^^^^
  File "/home/alumno.upv.es/scheng1/.local/lib/python3.13/site-packages/nbconvert/exporters/exporter.py", line 353, in _preprocess
    nbc, resc = preprocessor(nbc, resc)
                ~~~~~~~~~~~~^^^^^^^^^^^
  File "/home/alumno.upv.es/scheng1/.local/lib/python3.13/site-packages/nbconvert/preprocessors/base.py", line 48, in __call__
    return self.preprocess(nb, resources)
           ~~~~~~~~~~~~~~~^^^^^^^^^^^^^^^
  File "/home/alumno.upv.es/scheng1/.local/lib/python3.13/site-packages/nbconvert/preprocessors/execute.py", line 103, in preprocess
    self.preprocess_cell(cell, resources, index)
    ~~~~~~~~~~~~~~~~~~~~^^^^^^^^^^^^^^^^^^^^^^^^
  File "/home/alumno.upv.es/scheng1/.local/lib/python3.13/site-packages/nbconvert/preprocessors/execute.py", line 124, in preprocess_cell
    cell = self.execute_cell(cell, index, store_history=True)
  File "/home/alumno.upv.es/scheng1/.local/lib/python3.13/site-packages/jupyter_core/utils/__init__.py", line 165, in wrapped
    return loop.run_until_complete(inner)
           ~~~~~~~~~~~~~~~~~~~~~~~^^^^^^^
  File "/opt/miniconda3/lib/python3.13/asyncio/base_events.py", line 725, in run_until_complete
    return future.result()
           ~~~~~~~~~~~~~^^
  File "/home/alumno.upv.es/scheng1/.local/lib/python3.13/site-packages/nbclient/client.py", line 1062, in async_execute_cell
    await self._check_raise_for_error(cell, cell_index, exec_reply)
  File "/home/alumno.upv.es/scheng1/.local/lib/python3.13/site-packages/nbclient/client.py", line 918, in _check_raise_for_error
    raise CellExecutionError.from_cell_and_msg(cell, exec_reply_content)
nbclient.exceptions.CellExecutionError: An error occurred while executing the following cell:
------------------
import torch, torchaudio, glob, os, random
import scipy.signal
import numpy as np
import matplotlib.pyplot as plt
import matplotlib
import IPython
def seed_everything(seed):      
    random.seed(seed)
    np.random.seed(seed)
    torch.manual_seed(seed)
    torch.cuda.manual_seed(seed)
    torch.backends.cudnn.deterministic = True
    torch.backends.cudnn.benchmark = True
seed_everything(42)

# Tokenizador de Tarea1_1
class DigitSumTokenizer():    
    def __init__(self):
        self.word2index = {
            'de': 0, 'días': 1, 'el': 2, 'en': 3, 'este': 4,
            'favor': 5, 'gracias': 6, 'jueves': 7, 'lunes': 8, 'martes': 9,
            'mañana': 10, 'miércoles': 11, 'par': 12, 'pasado': 13, 'por': 14,
            'próximo': 15, 'que': 16, 'siguiente': 17, 'tres': 18, 'un': 19,
            'viene': 20, 'viernes': 21, '<pad>': 22, '<sos>': 23, '<eos>': 24,    
        }       
        self.index2word = {v:k for k,v in self.word2index.items()}
    
    def encode(self, x, seq_len=-1):
        x = '<sos> ' + x + ' <eos>'
        x = [self.word2index[w] for w in x.split()]
        if seq_len > len(x):
            x = x + [self.word2index['<pad>']] * (seq_len - len(x))
        return torch.tensor(x)

    def decode(self, x):
        if isinstance(x, torch.Tensor):
            x = x.tolist()
        x = ' '.join([self.index2word[i] for i in x])
        x = x.replace('<sos>', '').replace('<eos>', '').replace('<pad>', '')
        return x.strip()

tokenizer = DigitSumTokenizer()
------------------


[31m---------------------------------------------------------------------------[39m
[31mModuleNotFoundError[39m                       Traceback (most recent call last)
[36mCell[39m[36m [39m[32mIn[1][39m[32m, line 1[39m
[32m----> [39m[32m1[39m [38;5;28;01mimport[39;00m[38;5;250m [39m[34;01mtorch[39;00m,[38;5;250m [39m[34;01mtorchaudio[39;00m,[38;5;250m [39m[34;01mglob[39;00m,[38;5;250m [39m[34;01mos[39;00m,[38;5;250m [39m[34;01mrandom[39;00m
[32m      2[39m [38;5;28;01mimport[39;00m[38;5;250m [39m[34;01mscipy[39;00m[34;01m.[39;00m[34;01msignal[39;00m
[32m      3[39m [38;5;28;01mimport[39;00m[38;5;250m [39m[34;01mnumpy[39;00m[38;5;250m [39m[38;5;28;01mas[39;00m[38;5;250m [39m[34;01mnp[39;00m

[31mModuleNotFoundError[39m: No module named 'torch'

