Requirement already satisfied: nbformat in /home/alumno.upv.es/scheng1/.conda/envs/RFA2526pt/lib/python3.12/site-packages (5.10.4)
Requirement already satisfied: nbconvert in /home/alumno.upv.es/scheng1/.conda/envs/RFA2526pt/lib/python3.12/site-packages (7.16.6)
Requirement already satisfied: ipykernel in /home/alumno.upv.es/scheng1/.conda/envs/RFA2526pt/lib/python3.12/site-packages (7.1.0)
Requirement already satisfied: fastjsonschema>=2.15 in /home/alumno.upv.es/scheng1/.conda/envs/RFA2526pt/lib/python3.12/site-packages (from nbformat) (2.21.2)
Requirement already satisfied: jsonschema>=2.6 in /home/alumno.upv.es/scheng1/.conda/envs/RFA2526pt/lib/python3.12/site-packages (from nbformat) (4.25.1)
Requirement already satisfied: jupyter-core!=5.0.*,>=4.12 in /home/alumno.upv.es/scheng1/.conda/envs/RFA2526pt/lib/python3.12/site-packages (from nbformat) (5.9.1)
Requirement already satisfied: traitlets>=5.1 in /home/alumno.upv.es/scheng1/.conda/envs/RFA2526pt/lib/python3.12/site-packages (from nbformat) (5.14.3)
Requirement already satisfied: beautifulsoup4 in /home/alumno.upv.es/scheng1/.conda/envs/RFA2526pt/lib/python3.12/site-packages (from nbconvert) (4.14.3)
Requirement already satisfied: bleach!=5.0.0 in /home/alumno.upv.es/scheng1/.conda/envs/RFA2526pt/lib/python3.12/site-packages (from bleach[css]!=5.0.0->nbconvert) (6.3.0)
Requirement already satisfied: defusedxml in /home/alumno.upv.es/scheng1/.conda/envs/RFA2526pt/lib/python3.12/site-packages (from nbconvert) (0.7.1)
Requirement already satisfied: jinja2>=3.0 in /home/alumno.upv.es/scheng1/.conda/envs/RFA2526pt/lib/python3.12/site-packages (from nbconvert) (3.1.6)
Requirement already satisfied: jupyterlab-pygments in /home/alumno.upv.es/scheng1/.conda/envs/RFA2526pt/lib/python3.12/site-packages (from nbconvert) (0.3.0)
Requirement already satisfied: markupsafe>=2.0 in /home/alumno.upv.es/scheng1/.conda/envs/RFA2526pt/lib/python3.12/site-packages (from nbconvert) (3.0.3)
Requirement already satisfied: mistune<4,>=2.0.3 in /home/alumno.upv.es/scheng1/.conda/envs/RFA2526pt/lib/python3.12/site-packages (from nbconvert) (3.1.4)
Requirement already satisfied: nbclient>=0.5.0 in /home/alumno.upv.es/scheng1/.conda/envs/RFA2526pt/lib/python3.12/site-packages (from nbconvert) (0.10.2)
Requirement already satisfied: packaging in /home/alumno.upv.es/scheng1/.conda/envs/RFA2526pt/lib/python3.12/site-packages (from nbconvert) (25.0)
Requirement already satisfied: pandocfilters>=1.4.1 in /home/alumno.upv.es/scheng1/.conda/envs/RFA2526pt/lib/python3.12/site-packages (from nbconvert) (1.5.1)
Requirement already satisfied: pygments>=2.4.1 in /home/alumno.upv.es/scheng1/.conda/envs/RFA2526pt/lib/python3.12/site-packages (from nbconvert) (2.19.2)
Requirement already satisfied: comm>=0.1.1 in /home/alumno.upv.es/scheng1/.conda/envs/RFA2526pt/lib/python3.12/site-packages (from ipykernel) (0.2.3)
Requirement already satisfied: debugpy>=1.6.5 in /home/alumno.upv.es/scheng1/.conda/envs/RFA2526pt/lib/python3.12/site-packages (from ipykernel) (1.8.17)
Requirement already satisfied: ipython>=7.23.1 in /home/alumno.upv.es/scheng1/.conda/envs/RFA2526pt/lib/python3.12/site-packages (from ipykernel) (9.7.0)
Requirement already satisfied: jupyter-client>=8.0.0 in /home/alumno.upv.es/scheng1/.conda/envs/RFA2526pt/lib/python3.12/site-packages (from ipykernel) (8.6.3)
Requirement already satisfied: matplotlib-inline>=0.1 in /home/alumno.upv.es/scheng1/.conda/envs/RFA2526pt/lib/python3.12/site-packages (from ipykernel) (0.2.1)
Requirement already satisfied: nest-asyncio>=1.4 in /home/alumno.upv.es/scheng1/.conda/envs/RFA2526pt/lib/python3.12/site-packages (from ipykernel) (1.6.0)
Requirement already satisfied: psutil>=5.7 in /home/alumno.upv.es/scheng1/.conda/envs/RFA2526pt/lib/python3.12/site-packages (from ipykernel) (7.1.3)
Requirement already satisfied: pyzmq>=25 in /home/alumno.upv.es/scheng1/.conda/envs/RFA2526pt/lib/python3.12/site-packages (from ipykernel) (27.1.0)
Requirement already satisfied: tornado>=6.2 in /home/alumno.upv.es/scheng1/.conda/envs/RFA2526pt/lib/python3.12/site-packages (from ipykernel) (6.5.2)
Requirement already satisfied: webencodings in /home/alumno.upv.es/scheng1/.conda/envs/RFA2526pt/lib/python3.12/site-packages (from bleach!=5.0.0->bleach[css]!=5.0.0->nbconvert) (0.5.1)
Requirement already satisfied: tinycss2<1.5,>=1.1.0 in /home/alumno.upv.es/scheng1/.conda/envs/RFA2526pt/lib/python3.12/site-packages (from bleach[css]!=5.0.0->nbconvert) (1.4.0)
Requirement already satisfied: decorator>=4.3.2 in /home/alumno.upv.es/scheng1/.conda/envs/RFA2526pt/lib/python3.12/site-packages (from ipython>=7.23.1->ipykernel) (5.2.1)
Requirement already satisfied: ipython-pygments-lexers>=1.0.0 in /home/alumno.upv.es/scheng1/.conda/envs/RFA2526pt/lib/python3.12/site-packages (from ipython>=7.23.1->ipykernel) (1.1.1)
Requirement already satisfied: jedi>=0.18.1 in /home/alumno.upv.es/scheng1/.conda/envs/RFA2526pt/lib/python3.12/site-packages (from ipython>=7.23.1->ipykernel) (0.19.2)
Requirement already satisfied: pexpect>4.3 in /home/alumno.upv.es/scheng1/.conda/envs/RFA2526pt/lib/python3.12/site-packages (from ipython>=7.23.1->ipykernel) (4.9.0)
Requirement already satisfied: prompt_toolkit<3.1.0,>=3.0.41 in /home/alumno.upv.es/scheng1/.conda/envs/RFA2526pt/lib/python3.12/site-packages (from ipython>=7.23.1->ipykernel) (3.0.52)
Requirement already satisfied: stack_data>=0.6.0 in /home/alumno.upv.es/scheng1/.conda/envs/RFA2526pt/lib/python3.12/site-packages (from ipython>=7.23.1->ipykernel) (0.6.3)
Requirement already satisfied: wcwidth in /home/alumno.upv.es/scheng1/.conda/envs/RFA2526pt/lib/python3.12/site-packages (from prompt_toolkit<3.1.0,>=3.0.41->ipython>=7.23.1->ipykernel) (0.2.14)
Requirement already satisfied: parso<0.9.0,>=0.8.4 in /home/alumno.upv.es/scheng1/.conda/envs/RFA2526pt/lib/python3.12/site-packages (from jedi>=0.18.1->ipython>=7.23.1->ipykernel) (0.8.5)
Requirement already satisfied: attrs>=22.2.0 in /home/alumno.upv.es/scheng1/.conda/envs/RFA2526pt/lib/python3.12/site-packages (from jsonschema>=2.6->nbformat) (25.4.0)
Requirement already satisfied: jsonschema-specifications>=2023.03.6 in /home/alumno.upv.es/scheng1/.conda/envs/RFA2526pt/lib/python3.12/site-packages (from jsonschema>=2.6->nbformat) (2025.9.1)
Requirement already satisfied: referencing>=0.28.4 in /home/alumno.upv.es/scheng1/.conda/envs/RFA2526pt/lib/python3.12/site-packages (from jsonschema>=2.6->nbformat) (0.37.0)
Requirement already satisfied: rpds-py>=0.7.1 in /home/alumno.upv.es/scheng1/.conda/envs/RFA2526pt/lib/python3.12/site-packages (from jsonschema>=2.6->nbformat) (0.30.0)
Requirement already satisfied: python-dateutil>=2.8.2 in /home/alumno.upv.es/scheng1/.conda/envs/RFA2526pt/lib/python3.12/site-packages (from jupyter-client>=8.0.0->ipykernel) (2.9.0.post0)
Requirement already satisfied: platformdirs>=2.5 in /home/alumno.upv.es/scheng1/.conda/envs/RFA2526pt/lib/python3.12/site-packages (from jupyter-core!=5.0.*,>=4.12->nbformat) (4.5.0)
Requirement already satisfied: ptyprocess>=0.5 in /home/alumno.upv.es/scheng1/.conda/envs/RFA2526pt/lib/python3.12/site-packages (from pexpect>4.3->ipython>=7.23.1->ipykernel) (0.7.0)
Requirement already satisfied: six>=1.5 in /home/alumno.upv.es/scheng1/.conda/envs/RFA2526pt/lib/python3.12/site-packages (from python-dateutil>=2.8.2->jupyter-client>=8.0.0->ipykernel) (1.17.0)
Requirement already satisfied: typing-extensions>=4.4.0 in /home/alumno.upv.es/scheng1/.conda/envs/RFA2526pt/lib/python3.12/site-packages (from referencing>=0.28.4->jsonschema>=2.6->nbformat) (4.15.0)
Requirement already satisfied: executing>=1.2.0 in /home/alumno.upv.es/scheng1/.conda/envs/RFA2526pt/lib/python3.12/site-packages (from stack_data>=0.6.0->ipython>=7.23.1->ipykernel) (2.2.1)
Requirement already satisfied: asttokens>=2.1.0 in /home/alumno.upv.es/scheng1/.conda/envs/RFA2526pt/lib/python3.12/site-packages (from stack_data>=0.6.0->ipython>=7.23.1->ipykernel) (3.0.1)
Requirement already satisfied: pure-eval in /home/alumno.upv.es/scheng1/.conda/envs/RFA2526pt/lib/python3.12/site-packages (from stack_data>=0.6.0->ipython>=7.23.1->ipykernel) (0.2.3)
Requirement already satisfied: soupsieve>=1.6.1 in /home/alumno.upv.es/scheng1/.conda/envs/RFA2526pt/lib/python3.12/site-packages (from beautifulsoup4->nbconvert) (2.8)
Ejecutando notebook: mnist_high_accuracy.ipynb
Hora de inicio: 2025-12-01 19:20:13.002691
Comenzando ejecución...

✓ Ejecución completada exitosamente
✓ Outputs guardados en: mnist_high_accuracy_output_20251201_192734.ipynb
Hora de finalización: 2025-12-01 19:27:34.466111
