Requirement already satisfied: nbformat in /home/alumno.upv.es/scheng1/.conda/envs/RFA2526pt/lib/python3.12/site-packages (5.10.4)
Requirement already satisfied: nbconvert in /home/alumno.upv.es/scheng1/.conda/envs/RFA2526pt/lib/python3.12/site-packages (7.16.6)
Collecting ipykernel
  Using cached ipykernel-7.1.0-py3-none-any.whl.metadata (4.5 kB)
Requirement already satisfied: fastjsonschema>=2.15 in /home/alumno.upv.es/scheng1/.conda/envs/RFA2526pt/lib/python3.12/site-packages (from nbformat) (2.21.2)
Requirement already satisfied: jsonschema>=2.6 in /home/alumno.upv.es/scheng1/.conda/envs/RFA2526pt/lib/python3.12/site-packages (from nbformat) (4.25.1)
Requirement already satisfied: jupyter-core!=5.0.*,>=4.12 in /home/alumno.upv.es/scheng1/.conda/envs/RFA2526pt/lib/python3.12/site-packages (from nbformat) (5.9.1)
Requirement already satisfied: traitlets>=5.1 in /home/alumno.upv.es/scheng1/.conda/envs/RFA2526pt/lib/python3.12/site-packages (from nbformat) (5.14.3)
Requirement already satisfied: beautifulsoup4 in /home/alumno.upv.es/scheng1/.conda/envs/RFA2526pt/lib/python3.12/site-packages (from nbconvert) (4.14.3)
Requirement already satisfied: bleach!=5.0.0 in /home/alumno.upv.es/scheng1/.conda/envs/RFA2526pt/lib/python3.12/site-packages (from bleach[css]!=5.0.0->nbconvert) (6.3.0)
Requirement already satisfied: defusedxml in /home/alumno.upv.es/scheng1/.conda/envs/RFA2526pt/lib/python3.12/site-packages (from nbconvert) (0.7.1)
Requirement already satisfied: jinja2>=3.0 in /home/alumno.upv.es/scheng1/.conda/envs/RFA2526pt/lib/python3.12/site-packages (from nbconvert) (3.1.6)
Requirement already satisfied: jupyterlab-pygments in /home/alumno.upv.es/scheng1/.conda/envs/RFA2526pt/lib/python3.12/site-packages (from nbconvert) (0.3.0)
Requirement already satisfied: markupsafe>=2.0 in /home/alumno.upv.es/scheng1/.conda/envs/RFA2526pt/lib/python3.12/site-packages (from nbconvert) (3.0.3)
Requirement already satisfied: mistune<4,>=2.0.3 in /home/alumno.upv.es/scheng1/.conda/envs/RFA2526pt/lib/python3.12/site-packages (from nbconvert) (3.1.4)
Requirement already satisfied: nbclient>=0.5.0 in /home/alumno.upv.es/scheng1/.conda/envs/RFA2526pt/lib/python3.12/site-packages (from nbconvert) (0.10.2)
Requirement already satisfied: packaging in /home/alumno.upv.es/scheng1/.conda/envs/RFA2526pt/lib/python3.12/site-packages (from nbconvert) (25.0)
Requirement already satisfied: pandocfilters>=1.4.1 in /home/alumno.upv.es/scheng1/.conda/envs/RFA2526pt/lib/python3.12/site-packages (from nbconvert) (1.5.1)
Requirement already satisfied: pygments>=2.4.1 in /home/alumno.upv.es/scheng1/.conda/envs/RFA2526pt/lib/python3.12/site-packages (from nbconvert) (2.19.2)
Collecting comm>=0.1.1 (from ipykernel)
  Using cached comm-0.2.3-py3-none-any.whl.metadata (3.7 kB)
Collecting debugpy>=1.6.5 (from ipykernel)
  Downloading debugpy-1.8.17-cp312-cp312-manylinux_2_34_x86_64.whl.metadata (1.4 kB)
Collecting ipython>=7.23.1 (from ipykernel)
  Using cached ipython-9.7.0-py3-none-any.whl.metadata (4.5 kB)
Requirement already satisfied: jupyter-client>=8.0.0 in /home/alumno.upv.es/scheng1/.conda/envs/RFA2526pt/lib/python3.12/site-packages (from ipykernel) (8.6.3)
Collecting matplotlib-inline>=0.1 (from ipykernel)
  Using cached matplotlib_inline-0.2.1-py3-none-any.whl.metadata (2.3 kB)
Collecting nest-asyncio>=1.4 (from ipykernel)
  Using cached nest_asyncio-1.6.0-py3-none-any.whl.metadata (2.8 kB)
Collecting psutil>=5.7 (from ipykernel)
  Using cached psutil-7.1.3-cp36-abi3-manylinux2010_x86_64.manylinux_2_12_x86_64.manylinux_2_28_x86_64.whl.metadata (23 kB)
Requirement already satisfied: pyzmq>=25 in /home/alumno.upv.es/scheng1/.conda/envs/RFA2526pt/lib/python3.12/site-packages (from ipykernel) (27.1.0)
Requirement already satisfied: tornado>=6.2 in /home/alumno.upv.es/scheng1/.conda/envs/RFA2526pt/lib/python3.12/site-packages (from ipykernel) (6.5.2)
Requirement already satisfied: webencodings in /home/alumno.upv.es/scheng1/.conda/envs/RFA2526pt/lib/python3.12/site-packages (from bleach!=5.0.0->bleach[css]!=5.0.0->nbconvert) (0.5.1)
Requirement already satisfied: tinycss2<1.5,>=1.1.0 in /home/alumno.upv.es/scheng1/.conda/envs/RFA2526pt/lib/python3.12/site-packages (from bleach[css]!=5.0.0->nbconvert) (1.4.0)
Collecting decorator>=4.3.2 (from ipython>=7.23.1->ipykernel)
  Using cached decorator-5.2.1-py3-none-any.whl.metadata (3.9 kB)
Collecting ipython-pygments-lexers>=1.0.0 (from ipython>=7.23.1->ipykernel)
  Using cached ipython_pygments_lexers-1.1.1-py3-none-any.whl.metadata (1.1 kB)
Collecting jedi>=0.18.1 (from ipython>=7.23.1->ipykernel)
  Using cached jedi-0.19.2-py2.py3-none-any.whl.metadata (22 kB)
Collecting pexpect>4.3 (from ipython>=7.23.1->ipykernel)
  Using cached pexpect-4.9.0-py2.py3-none-any.whl.metadata (2.5 kB)
Collecting prompt_toolkit<3.1.0,>=3.0.41 (from ipython>=7.23.1->ipykernel)
  Using cached prompt_toolkit-3.0.52-py3-none-any.whl.metadata (6.4 kB)
Collecting stack_data>=0.6.0 (from ipython>=7.23.1->ipykernel)
  Using cached stack_data-0.6.3-py3-none-any.whl.metadata (18 kB)
Collecting wcwidth (from prompt_toolkit<3.1.0,>=3.0.41->ipython>=7.23.1->ipykernel)
  Using cached wcwidth-0.2.14-py2.py3-none-any.whl.metadata (15 kB)
Collecting parso<0.9.0,>=0.8.4 (from jedi>=0.18.1->ipython>=7.23.1->ipykernel)
  Using cached parso-0.8.5-py2.py3-none-any.whl.metadata (8.3 kB)
Requirement already satisfied: attrs>=22.2.0 in /home/alumno.upv.es/scheng1/.conda/envs/RFA2526pt/lib/python3.12/site-packages (from jsonschema>=2.6->nbformat) (25.4.0)
Requirement already satisfied: jsonschema-specifications>=2023.03.6 in /home/alumno.upv.es/scheng1/.conda/envs/RFA2526pt/lib/python3.12/site-packages (from jsonschema>=2.6->nbformat) (2025.9.1)
Requirement already satisfied: referencing>=0.28.4 in /home/alumno.upv.es/scheng1/.conda/envs/RFA2526pt/lib/python3.12/site-packages (from jsonschema>=2.6->nbformat) (0.37.0)
Requirement already satisfied: rpds-py>=0.7.1 in /home/alumno.upv.es/scheng1/.conda/envs/RFA2526pt/lib/python3.12/site-packages (from jsonschema>=2.6->nbformat) (0.30.0)
Requirement already satisfied: python-dateutil>=2.8.2 in /home/alumno.upv.es/scheng1/.conda/envs/RFA2526pt/lib/python3.12/site-packages (from jupyter-client>=8.0.0->ipykernel) (2.9.0.post0)
Requirement already satisfied: platformdirs>=2.5 in /home/alumno.upv.es/scheng1/.conda/envs/RFA2526pt/lib/python3.12/site-packages (from jupyter-core!=5.0.*,>=4.12->nbformat) (4.5.0)
Collecting ptyprocess>=0.5 (from pexpect>4.3->ipython>=7.23.1->ipykernel)
  Using cached ptyprocess-0.7.0-py2.py3-none-any.whl.metadata (1.3 kB)
Requirement already satisfied: six>=1.5 in /home/alumno.upv.es/scheng1/.conda/envs/RFA2526pt/lib/python3.12/site-packages (from python-dateutil>=2.8.2->jupyter-client>=8.0.0->ipykernel) (1.17.0)
Requirement already satisfied: typing-extensions>=4.4.0 in /home/alumno.upv.es/scheng1/.conda/envs/RFA2526pt/lib/python3.12/site-packages (from referencing>=0.28.4->jsonschema>=2.6->nbformat) (4.15.0)
Collecting executing>=1.2.0 (from stack_data>=0.6.0->ipython>=7.23.1->ipykernel)
  Using cached executing-2.2.1-py2.py3-none-any.whl.metadata (8.9 kB)
Collecting asttokens>=2.1.0 (from stack_data>=0.6.0->ipython>=7.23.1->ipykernel)
  Using cached asttokens-3.0.1-py3-none-any.whl.metadata (4.9 kB)
Collecting pure-eval (from stack_data>=0.6.0->ipython>=7.23.1->ipykernel)
  Using cached pure_eval-0.2.3-py3-none-any.whl.metadata (6.3 kB)
Requirement already satisfied: soupsieve>=1.6.1 in /home/alumno.upv.es/scheng1/.conda/envs/RFA2526pt/lib/python3.12/site-packages (from beautifulsoup4->nbconvert) (2.8)
Using cached ipykernel-7.1.0-py3-none-any.whl (117 kB)
Using cached comm-0.2.3-py3-none-any.whl (7.3 kB)
Downloading debugpy-1.8.17-cp312-cp312-manylinux_2_34_x86_64.whl (4.3 MB)
   ━━━━━━━━━━━━━━━━━━━━━━━━━━━━━━━━━━━━━━━━ 4.3/4.3 MB 17.3 MB/s  0:00:00
Using cached ipython-9.7.0-py3-none-any.whl (618 kB)
Using cached prompt_toolkit-3.0.52-py3-none-any.whl (391 kB)
Using cached decorator-5.2.1-py3-none-any.whl (9.2 kB)
Using cached ipython_pygments_lexers-1.1.1-py3-none-any.whl (8.1 kB)
Using cached jedi-0.19.2-py2.py3-none-any.whl (1.6 MB)
Using cached parso-0.8.5-py2.py3-none-any.whl (106 kB)
Using cached matplotlib_inline-0.2.1-py3-none-any.whl (9.5 kB)
Using cached nest_asyncio-1.6.0-py3-none-any.whl (5.2 kB)
Using cached pexpect-4.9.0-py2.py3-none-any.whl (63 kB)
Using cached psutil-7.1.3-cp36-abi3-manylinux2010_x86_64.manylinux_2_12_x86_64.manylinux_2_28_x86_64.whl (263 kB)
Using cached ptyprocess-0.7.0-py2.py3-none-any.whl (13 kB)
Using cached stack_data-0.6.3-py3-none-any.whl (24 kB)
Using cached asttokens-3.0.1-py3-none-any.whl (27 kB)
Using cached executing-2.2.1-py2.py3-none-any.whl (28 kB)
Using cached pure_eval-0.2.3-py3-none-any.whl (11 kB)
Using cached wcwidth-0.2.14-py2.py3-none-any.whl (37 kB)
Installing collected packages: pure-eval, ptyprocess, wcwidth, psutil, pexpect, parso, nest-asyncio, matplotlib-inline, ipython-pygments-lexers, executing, decorator, debugpy, comm, asttokens, stack_data, prompt_toolkit, jedi, ipython, ipykernel

Successfully installed asttokens-3.0.1 comm-0.2.3 debugpy-1.8.17 decorator-5.2.1 executing-2.2.1 ipykernel-7.1.0 ipython-9.7.0 ipython-pygments-lexers-1.1.1 jedi-0.19.2 matplotlib-inline-0.2.1 nest-asyncio-1.6.0 parso-0.8.5 pexpect-4.9.0 prompt_toolkit-3.0.52 psutil-7.1.3 ptyprocess-0.7.0 pure-eval-0.2.3 stack_data-0.6.3 wcwidth-0.2.14
Ejecutando notebook: mnist_high_accuracy.ipynb
Hora de inicio: 2025-12-01 18:23:35.003841
Comenzando ejecución...

✓ Ejecución completada exitosamente
✓ Outputs guardados en: mnist_high_accuracy_output_20251201_182611.ipynb
Hora de finalización: 2025-12-01 18:26:11.494673
