/var/lib/slurm/slurmd/job02144/slurm_script: línea 10: /home/alumno.upv.es/scheng1/miniconda3/etc/profile.d/conda.sh: No existe el archivo o el directorio

CondaError: Run 'conda init' before 'conda activate'

Collecting nbformat
  Using cached nbformat-5.10.4-py3-none-any.whl.metadata (3.6 kB)
Collecting nbconvert
  Using cached nbconvert-7.16.6-py3-none-any.whl.metadata (8.5 kB)
Collecting fastjsonschema>=2.15 (from nbformat)
  Using cached fastjsonschema-2.21.2-py3-none-any.whl.metadata (2.3 kB)
Collecting jsonschema>=2.6 (from nbformat)
  Using cached jsonschema-4.25.1-py3-none-any.whl.metadata (7.6 kB)
Collecting jupyter-core!=5.0.*,>=4.12 (from nbformat)
  Using cached jupyter_core-5.9.1-py3-none-any.whl.metadata (1.5 kB)
Collecting traitlets>=5.1 (from nbformat)
  Using cached traitlets-5.14.3-py3-none-any.whl.metadata (10 kB)
Collecting beautifulsoup4 (from nbconvert)
  Using cached beautifulsoup4-4.14.3-py3-none-any.whl.metadata (3.8 kB)
Collecting bleach!=5.0.0 (from bleach[css]!=5.0.0->nbconvert)
  Using cached bleach-6.3.0-py3-none-any.whl.metadata (31 kB)
Collecting defusedxml (from nbconvert)
  Using cached defusedxml-0.7.1-py2.py3-none-any.whl.metadata (32 kB)
Requirement already satisfied: jinja2>=3.0 in /home/alumno.upv.es/scheng1/.conda/envs/RFA2526pt/lib/python3.12/site-packages (from nbconvert) (3.1.6)
Collecting jupyterlab-pygments (from nbconvert)
  Using cached jupyterlab_pygments-0.3.0-py3-none-any.whl.metadata (4.4 kB)
Requirement already satisfied: markupsafe>=2.0 in /home/alumno.upv.es/scheng1/.conda/envs/RFA2526pt/lib/python3.12/site-packages (from nbconvert) (3.0.3)
Collecting mistune<4,>=2.0.3 (from nbconvert)
  Using cached mistune-3.1.4-py3-none-any.whl.metadata (1.8 kB)
Collecting nbclient>=0.5.0 (from nbconvert)
  Using cached nbclient-0.10.2-py3-none-any.whl.metadata (8.3 kB)
Requirement already satisfied: packaging in /home/alumno.upv.es/scheng1/.conda/envs/RFA2526pt/lib/python3.12/site-packages (from nbconvert) (25.0)
Collecting pandocfilters>=1.4.1 (from nbconvert)
  Using cached pandocfilters-1.5.1-py2.py3-none-any.whl.metadata (9.0 kB)
Collecting pygments>=2.4.1 (from nbconvert)
  Using cached pygments-2.19.2-py3-none-any.whl.metadata (2.5 kB)
Collecting webencodings (from bleach!=5.0.0->bleach[css]!=5.0.0->nbconvert)
  Using cached webencodings-0.5.1-py2.py3-none-any.whl.metadata (2.1 kB)
Collecting tinycss2<1.5,>=1.1.0 (from bleach[css]!=5.0.0->nbconvert)
  Using cached tinycss2-1.4.0-py3-none-any.whl.metadata (3.0 kB)
Collecting attrs>=22.2.0 (from jsonschema>=2.6->nbformat)
  Using cached attrs-25.4.0-py3-none-any.whl.metadata (10 kB)
Collecting jsonschema-specifications>=2023.03.6 (from jsonschema>=2.6->nbformat)
  Using cached jsonschema_specifications-2025.9.1-py3-none-any.whl.metadata (2.9 kB)
Collecting referencing>=0.28.4 (from jsonschema>=2.6->nbformat)
  Using cached referencing-0.37.0-py3-none-any.whl.metadata (2.8 kB)
Collecting rpds-py>=0.7.1 (from jsonschema>=2.6->nbformat)
  Downloading rpds_py-0.30.0-cp312-cp312-manylinux_2_17_x86_64.manylinux2014_x86_64.whl.metadata (4.1 kB)
Collecting platformdirs>=2.5 (from jupyter-core!=5.0.*,>=4.12->nbformat)
  Downloading platformdirs-4.5.0-py3-none-any.whl.metadata (12 kB)
Collecting jupyter-client>=6.1.12 (from nbclient>=0.5.0->nbconvert)
  Using cached jupyter_client-8.6.3-py3-none-any.whl.metadata (8.3 kB)
Requirement already satisfied: python-dateutil>=2.8.2 in /home/alumno.upv.es/scheng1/.conda/envs/RFA2526pt/lib/python3.12/site-packages (from jupyter-client>=6.1.12->nbclient>=0.5.0->nbconvert) (2.9.0.post0)
Collecting pyzmq>=23.0 (from jupyter-client>=6.1.12->nbclient>=0.5.0->nbconvert)
  Using cached pyzmq-27.1.0-cp312-abi3-manylinux_2_26_x86_64.manylinux_2_28_x86_64.whl.metadata (6.0 kB)
Collecting tornado>=6.2 (from jupyter-client>=6.1.12->nbclient>=0.5.0->nbconvert)
  Using cached tornado-6.5.2-cp39-abi3-manylinux_2_5_x86_64.manylinux1_x86_64.manylinux_2_17_x86_64.manylinux2014_x86_64.whl.metadata (2.8 kB)
Requirement already satisfied: six>=1.5 in /home/alumno.upv.es/scheng1/.conda/envs/RFA2526pt/lib/python3.12/site-packages (from python-dateutil>=2.8.2->jupyter-client>=6.1.12->nbclient>=0.5.0->nbconvert) (1.17.0)
Requirement already satisfied: typing-extensions>=4.4.0 in /home/alumno.upv.es/scheng1/.conda/envs/RFA2526pt/lib/python3.12/site-packages (from referencing>=0.28.4->jsonschema>=2.6->nbformat) (4.15.0)
Collecting soupsieve>=1.6.1 (from beautifulsoup4->nbconvert)
  Using cached soupsieve-2.8-py3-none-any.whl.metadata (4.6 kB)
Using cached nbformat-5.10.4-py3-none-any.whl (78 kB)
Using cached nbconvert-7.16.6-py3-none-any.whl (258 kB)
Using cached mistune-3.1.4-py3-none-any.whl (53 kB)
Using cached bleach-6.3.0-py3-none-any.whl (164 kB)
Using cached tinycss2-1.4.0-py3-none-any.whl (26 kB)
Using cached fastjsonschema-2.21.2-py3-none-any.whl (24 kB)
Using cached jsonschema-4.25.1-py3-none-any.whl (90 kB)
Using cached attrs-25.4.0-py3-none-any.whl (67 kB)
Using cached jsonschema_specifications-2025.9.1-py3-none-any.whl (18 kB)
Using cached jupyter_core-5.9.1-py3-none-any.whl (29 kB)
Using cached nbclient-0.10.2-py3-none-any.whl (25 kB)
Using cached jupyter_client-8.6.3-py3-none-any.whl (106 kB)
Using cached pandocfilters-1.5.1-py2.py3-none-any.whl (8.7 kB)
Downloading platformdirs-4.5.0-py3-none-any.whl (18 kB)
Using cached pygments-2.19.2-py3-none-any.whl (1.2 MB)
Using cached pyzmq-27.1.0-cp312-abi3-manylinux_2_26_x86_64.manylinux_2_28_x86_64.whl (840 kB)
Using cached referencing-0.37.0-py3-none-any.whl (26 kB)
Downloading rpds_py-0.30.0-cp312-cp312-manylinux_2_17_x86_64.manylinux2014_x86_64.whl (394 kB)
Using cached tornado-6.5.2-cp39-abi3-manylinux_2_5_x86_64.manylinux1_x86_64.manylinux_2_17_x86_64.manylinux2014_x86_64.whl (443 kB)
Using cached traitlets-5.14.3-py3-none-any.whl (85 kB)
Using cached webencodings-0.5.1-py2.py3-none-any.whl (11 kB)
Using cached beautifulsoup4-4.14.3-py3-none-any.whl (107 kB)
Using cached soupsieve-2.8-py3-none-any.whl (36 kB)
Using cached defusedxml-0.7.1-py2.py3-none-any.whl (25 kB)
Using cached jupyterlab_pygments-0.3.0-py3-none-any.whl (15 kB)
Installing collected packages: webencodings, fastjsonschema, traitlets, tornado, tinycss2, soupsieve, rpds-py, pyzmq, pygments, platformdirs, pandocfilters, mistune, jupyterlab-pygments, defusedxml, bleach, attrs, referencing, jupyter-core, beautifulsoup4, jupyter-client, jsonschema-specifications, jsonschema, nbformat, nbclient, nbconvert

Successfully installed attrs-25.4.0 beautifulsoup4-4.14.3 bleach-6.3.0 defusedxml-0.7.1 fastjsonschema-2.21.2 jsonschema-4.25.1 jsonschema-specifications-2025.9.1 jupyter-client-8.6.3 jupyter-core-5.9.1 jupyterlab-pygments-0.3.0 mistune-3.1.4 nbclient-0.10.2 nbconvert-7.16.6 nbformat-5.10.4 pandocfilters-1.5.1 platformdirs-4.5.0 pygments-2.19.2 pyzmq-27.1.0 referencing-0.37.0 rpds-py-0.30.0 soupsieve-2.8 tinycss2-1.4.0 tornado-6.5.2 traitlets-5.14.3 webencodings-0.5.1
/home/alumno.upv.es/scheng1/.conda/envs/RFA2526pt/bin/python: No module named ipykernel_launcher
Ejecutando notebook: mnist_high_accuracy.ipynb
Hora de inicio: 2025-12-01 18:22:04.961064
Comenzando ejecución...

✗ Error durante la ejecución:
  RuntimeError: Kernel died before replying to kernel_info
✓ Notebook parcial guardado en: mnist_high_accuracy_error_20251201_182206.ipynb
